minimal starter - windows-latest - pnpm	Run smoke test	﻿2025-09-17T04:32:51.0948560Z ##[group]Run ./sdk/scripts/ci-smoke-test.sh --starter "minimal" --package-manager "pnpm"
minimal starter - windows-latest - pnpm	Run smoke test	2025-09-17T04:32:51.0949223Z [36;1m./sdk/scripts/ci-smoke-test.sh --starter "minimal" --package-manager "pnpm"[0m
minimal starter - windows-latest - pnpm	Run smoke test	2025-09-17T04:32:51.0960922Z shell: C:\Program Files\Git\bin\bash.EXE --noprofile --norc -e -o pipefail {0}
minimal starter - windows-latest - pnpm	Run smoke test	2025-09-17T04:32:51.0961275Z env:
minimal starter - windows-latest - pnpm	Run smoke test	2025-09-17T04:32:51.0961726Z   CLOUDFLARE_ACCOUNT_ID: ***
minimal starter - windows-latest - pnpm	Run smoke test	2025-09-17T04:32:51.0962127Z   CLOUDFLARE_API_TOKEN: ***
minimal starter - windows-latest - pnpm	Run smoke test	2025-09-17T04:32:51.0962347Z   CHROME_BIN: 
minimal starter - windows-latest - pnpm	Run smoke test	2025-09-17T04:32:51.0962513Z ##[endgroup]
minimal starter - windows-latest - pnpm	Run smoke test	2025-09-17T04:32:51.1891461Z 🚀 Starting smoke test for 'minimal' starter with 'pnpm'
minimal starter - windows-latest - pnpm	Run smoke test	2025-09-17T04:32:51.2132388Z 
minimal starter - windows-latest - pnpm	Run smoke test	2025-09-17T04:32:51.2133963Z 📦 Building and packing SDK...
minimal starter - windows-latest - pnpm	Run smoke test	2025-09-17T04:32:51.7793610Z 
minimal starter - windows-latest - pnpm	Run smoke test	2025-09-17T04:32:51.7794288Z > rwsdk@1.0.0-alpha.3 build D:\a\sdk\sdk\sdk
minimal starter - windows-latest - pnpm	Run smoke test	2025-09-17T04:32:51.7794712Z > tsc --build --clean && tsc
minimal starter - windows-latest - pnpm	Run smoke test	2025-09-17T04:32:51.7794911Z 
minimal starter - windows-latest - pnpm	Run smoke test	2025-09-17T04:32:59.7046581Z   - Created temp directory: /tmp/tmp.Vulrz6MboJ
minimal starter - windows-latest - pnpm	Run smoke test	2025-09-17T04:33:07.7635521Z npm notice
minimal starter - windows-latest - pnpm	Run smoke test	2025-09-17T04:33:07.7638145Z npm notice package: rwsdk@1.0.0-alpha.3
minimal starter - windows-latest - pnpm	Run smoke test	2025-09-17T04:33:07.7638627Z npm notice Tarball Contents
minimal starter - windows-latest - pnpm	Run smoke test	2025-09-17T04:33:07.7646897Z npm notice 4.7kB README.md
minimal starter - windows-latest - pnpm	Run smoke test	2025-09-17T04:33:07.7647350Z npm notice 741B bin/rw-scripts.mjs
minimal starter - windows-latest - pnpm	Run smoke test	2025-09-17T04:33:07.7647824Z npm notice 336B bin/rwsync
minimal starter - windows-latest - pnpm	Run smoke test	2025-09-17T04:33:07.7648247Z npm notice 215B dist/lib/$.d.mts
minimal starter - windows-latest - pnpm	Run smoke test	2025-09-17T04:33:07.7648658Z npm notice 173B dist/lib/$.mjs
minimal starter - windows-latest - pnpm	Run smoke test	2025-09-17T04:33:07.7649118Z npm notice 617B dist/lib/constants.d.mts
minimal starter - windows-latest - pnpm	Run smoke test	2025-09-17T04:33:07.7649619Z npm notice 1.1kB dist/lib/constants.mjs
minimal starter - windows-latest - pnpm	Run smoke test	2025-09-17T04:33:07.7650193Z npm notice 86B dist/lib/findWranglerConfig.d.mts
minimal starter - windows-latest - pnpm	Run smoke test	2025-09-17T04:33:07.7650771Z npm notice 457B dist/lib/findWranglerConfig.mjs
minimal starter - windows-latest - pnpm	Run smoke test	2025-09-17T04:33:07.7651529Z npm notice 75B dist/lib/getShortName.d.mts
minimal starter - windows-latest - pnpm	Run smoke test	2025-09-17T04:33:07.7652285Z npm notice 221B dist/lib/getShortName.mjs
minimal starter - windows-latest - pnpm	Run smoke test	2025-09-17T04:33:07.7652810Z npm notice 11B dist/lib/getShortName.test.d.mts
minimal starter - windows-latest - pnpm	Run smoke test	2025-09-17T04:33:07.7653355Z npm notice 1.3kB dist/lib/getShortName.test.mjs
minimal starter - windows-latest - pnpm	Run smoke test	2025-09-17T04:33:07.7653866Z npm notice 647B dist/lib/getSrcPaths.d.ts
minimal starter - windows-latest - pnpm	Run smoke test	2025-09-17T04:33:07.7654321Z npm notice 3.0kB dist/lib/getSrcPaths.js
minimal starter - windows-latest - pnpm	Run smoke test	2025-09-17T04:33:07.7654782Z npm notice 289B dist/lib/hasPkgScript.d.mts
minimal starter - windows-latest - pnpm	Run smoke test	2025-09-17T04:33:07.7655249Z npm notice 437B dist/lib/hasPkgScript.mjs
minimal starter - windows-latest - pnpm	Run smoke test	2025-09-17T04:33:07.7655665Z npm notice 11B dist/lib/hasPkgScript.test.d.mts
minimal starter - windows-latest - pnpm	Run smoke test	2025-09-17T04:33:07.7656187Z npm notice 1.5kB dist/lib/hasPkgScript.test.mjs
minimal starter - windows-latest - pnpm	Run smoke test	2025-09-17T04:33:07.7656658Z npm notice 1.1kB dist/lib/jsonUtils.d.mts
minimal starter - windows-latest - pnpm	Run smoke test	2025-09-17T04:33:07.7657078Z npm notice 6.0kB dist/lib/jsonUtils.mjs
minimal starter - windows-latest - pnpm	Run smoke test	2025-09-17T04:33:07.7657723Z npm notice 11B dist/lib/jsonUtils.test.d.mts
minimal starter - windows-latest - pnpm	Run smoke test	2025-09-17T04:33:07.7658354Z npm notice 4.1kB dist/lib/jsonUtils.test.mjs
minimal starter - windows-latest - pnpm	Run smoke test	2025-09-17T04:33:07.7658794Z npm notice 1.7kB dist/lib/normalizeModulePath.d.mts
minimal starter - windows-latest - pnpm	Run smoke test	2025-09-17T04:33:07.7659154Z npm notice 6.7kB dist/lib/normalizeModulePath.mjs
minimal starter - windows-latest - pnpm	Run smoke test	2025-09-17T04:33:07.7659526Z npm notice 11B dist/lib/normalizeModulePath.test.d.mts
minimal starter - windows-latest - pnpm	Run smoke test	2025-09-17T04:33:07.7659936Z npm notice 16.9kB dist/lib/normalizeModulePath.test.mjs
minimal starter - windows-latest - pnpm	Run smoke test	2025-09-17T04:33:07.7660279Z npm notice 141B dist/lib/setupEnvFiles.d.mts
minimal starter - windows-latest - pnpm	Run smoke test	2025-09-17T04:33:07.7660589Z npm notice 1.3kB dist/lib/setupEnvFiles.mjs
minimal starter - windows-latest - pnpm	Run smoke test	2025-09-17T04:33:07.7660944Z npm notice 487B dist/lib/smokeTests/artifacts.d.mts
minimal starter - windows-latest - pnpm	Run smoke test	2025-09-17T04:33:07.7661440Z npm notice 7.6kB dist/lib/smokeTests/artifacts.mjs
minimal starter - windows-latest - pnpm	Run smoke test	2025-09-17T04:33:07.7662002Z npm notice 2.7kB dist/lib/smokeTests/browser.d.mts
minimal starter - windows-latest - pnpm	Run smoke test	2025-09-17T04:33:07.7662451Z npm notice 56.7kB dist/lib/smokeTests/browser.mjs
minimal starter - windows-latest - pnpm	Run smoke test	2025-09-17T04:33:07.7662795Z npm notice 228B dist/lib/smokeTests/cleanup.d.mts
minimal starter - windows-latest - pnpm	Run smoke test	2025-09-17T04:33:07.7663413Z npm notice 10.5kB dist/lib/smokeTests/cleanup.mjs
minimal starter - windows-latest - pnpm	Run smoke test	2025-09-17T04:33:07.7664060Z npm notice 456B dist/lib/smokeTests/codeUpdates.d.mts
minimal starter - windows-latest - pnpm	Run smoke test	2025-09-17T04:33:07.7664747Z npm notice 16.6kB dist/lib/smokeTests/codeUpdates.mjs
minimal starter - windows-latest - pnpm	Run smoke test	2025-09-17T04:33:07.7665213Z npm notice 221B dist/lib/smokeTests/constants.d.mts
minimal starter - windows-latest - pnpm	Run smoke test	2025-09-17T04:33:07.7665808Z npm notice 382B dist/lib/smokeTests/constants.mjs
minimal starter - windows-latest - pnpm	Run smoke test	2025-09-17T04:33:07.7668344Z npm notice 463B dist/lib/smokeTests/development.d.mts
minimal starter - windows-latest - pnpm	Run smoke test	2025-09-17T04:33:07.7668736Z npm notice 13.0kB dist/lib/smokeTests/development.mjs
minimal starter - windows-latest - pnpm	Run smoke test	2025-09-17T04:33:07.7669119Z npm notice 608B dist/lib/smokeTests/environment.d.mts
minimal starter - windows-latest - pnpm	Run smoke test	2025-09-17T04:33:07.7669515Z npm notice 6.9kB dist/lib/smokeTests/environment.mjs
minimal starter - windows-latest - pnpm	Run smoke test	2025-09-17T04:33:07.7670170Z npm notice 2.4kB dist/lib/smokeTests/release.d.mts
minimal starter - windows-latest - pnpm	Run smoke test	2025-09-17T04:33:07.7670822Z npm notice 26.3kB dist/lib/smokeTests/release.mjs
minimal starter - windows-latest - pnpm	Run smoke test	2025-09-17T04:33:07.7671459Z npm notice 509B dist/lib/smokeTests/reporting.d.mts
minimal starter - windows-latest - pnpm	Run smoke test	2025-09-17T04:33:07.7672092Z npm notice 22.6kB dist/lib/smokeTests/reporting.mjs
minimal starter - windows-latest - pnpm	Run smoke test	2025-09-17T04:33:07.7673114Z npm notice 193B dist/lib/smokeTests/runSmokeTests.d.mts
minimal starter - windows-latest - pnpm	Run smoke test	2025-09-17T04:33:07.7673780Z npm notice 7.1kB dist/lib/smokeTests/runSmokeTests.mjs
minimal starter - windows-latest - pnpm	Run smoke test	2025-09-17T04:33:07.7674389Z npm notice 2.2kB dist/lib/smokeTests/state.d.mts
minimal starter - windows-latest - pnpm	Run smoke test	2025-09-17T04:33:07.7674972Z npm notice 2.5kB dist/lib/smokeTests/state.mjs
minimal starter - windows-latest - pnpm	Run smoke test	2025-09-17T04:33:07.7675655Z npm notice 76B dist/lib/smokeTests/templates/SmokeTest.template.d.ts
minimal starter - windows-latest - pnpm	Run smoke test	2025-09-17T04:33:07.7676470Z npm notice 2.2kB dist/lib/smokeTests/templates/SmokeTest.template.js
minimal starter - windows-latest - pnpm	Run smoke test	2025-09-17T04:33:07.7677418Z npm notice 62B dist/lib/smokeTests/templates/SmokeTestClient.template.d.ts
minimal starter - windows-latest - pnpm	Run smoke test	2025-09-17T04:33:07.7678408Z npm notice 5.2kB dist/lib/smokeTests/templates/SmokeTestClient.template.js
minimal starter - windows-latest - pnpm	Run smoke test	2025-09-17T04:33:07.7679420Z npm notice 178B dist/lib/smokeTests/templates/smokeTestClientStyles.module.css.template.d.ts
minimal starter - windows-latest - pnpm	Run smoke test	2025-09-17T04:33:07.7680741Z npm notice 198B dist/lib/smokeTests/templates/smokeTestClientStyles.module.css.template.js
minimal starter - windows-latest - pnpm	Run smoke test	2025-09-17T04:33:07.7681848Z npm notice 65B dist/lib/smokeTests/templates/smokeTestFunctions.template.d.ts
minimal starter - windows-latest - pnpm	Run smoke test	2025-09-17T04:33:07.7682749Z npm notice 673B dist/lib/smokeTests/templates/smokeTestFunctions.template.js
minimal starter - windows-latest - pnpm	Run smoke test	2025-09-17T04:33:07.7683798Z npm notice 178B dist/lib/smokeTests/templates/smokeTestUrlStyles.css.template.d.ts
minimal starter - windows-latest - pnpm	Run smoke test	2025-09-17T04:33:07.7684879Z npm notice 198B dist/lib/smokeTests/templates/smokeTestUrlStyles.css.template.js
minimal starter - windows-latest - pnpm	Run smoke test	2025-09-17T04:33:07.7685628Z npm notice 2.5kB dist/lib/smokeTests/types.d.mts
minimal starter - windows-latest - pnpm	Run smoke test	2025-09-17T04:33:07.7686233Z npm notice 11B dist/lib/smokeTests/types.mjs
minimal starter - windows-latest - pnpm	Run smoke test	2025-09-17T04:33:07.7686577Z npm notice 1.1kB dist/lib/smokeTests/utils.d.mts
minimal starter - windows-latest - pnpm	Run smoke test	2025-09-17T04:33:07.7686889Z npm notice 7.1kB dist/lib/smokeTests/utils.mjs
minimal starter - windows-latest - pnpm	Run smoke test	2025-09-17T04:33:07.7687210Z npm notice 67B dist/lib/testUtils/stubEnvVars.d.mts
minimal starter - windows-latest - pnpm	Run smoke test	2025-09-17T04:33:07.7687546Z npm notice 272B dist/lib/testUtils/stubEnvVars.mjs
minimal starter - windows-latest - pnpm	Run smoke test	2025-09-17T04:33:07.7687847Z npm notice 113B dist/llms/index.d.ts
minimal starter - windows-latest - pnpm	Run smoke test	2025-09-17T04:33:07.7688112Z npm notice 1.2kB dist/llms/index.js
minimal starter - windows-latest - pnpm	Run smoke test	2025-09-17T04:33:07.7688406Z npm notice 6.3kB dist/llms/rules/interruptors.d.ts
minimal starter - windows-latest - pnpm	Run smoke test	2025-09-17T04:33:07.7688894Z npm notice 6.3kB dist/llms/rules/interruptors.js
minimal starter - windows-latest - pnpm	Run smoke test	2025-09-17T04:33:07.7689219Z npm notice 1.9kB dist/llms/rules/middleware.d.ts
minimal starter - windows-latest - pnpm	Run smoke test	2025-09-17T04:33:07.7689541Z npm notice 1.9kB dist/llms/rules/middleware.js
minimal starter - windows-latest - pnpm	Run smoke test	2025-09-17T04:33:07.7689843Z npm notice 3.4kB dist/llms/rules/react.d.ts
minimal starter - windows-latest - pnpm	Run smoke test	2025-09-17T04:33:07.7690147Z npm notice 3.4kB dist/llms/rules/react.js
minimal starter - windows-latest - pnpm	Run smoke test	2025-09-17T04:33:07.7690489Z npm notice 5.4kB dist/llms/rules/request-response.d.ts
minimal starter - windows-latest - pnpm	Run smoke test	2025-09-17T04:33:07.7690976Z npm notice 5.4kB dist/llms/rules/request-response.js
minimal starter - windows-latest - pnpm	Run smoke test	2025-09-17T04:33:07.7691693Z npm notice 460B dist/runtime/client/client.d.ts
minimal starter - windows-latest - pnpm	Run smoke test	2025-09-17T04:33:07.7692367Z npm notice 4.2kB dist/runtime/client/client.js
minimal starter - windows-latest - pnpm	Run smoke test	2025-09-17T04:33:07.7692727Z npm notice 114B dist/runtime/client/ClientOnly.d.ts
minimal starter - windows-latest - pnpm	Run smoke test	2025-09-17T04:33:07.7693069Z npm notice 251B dist/runtime/client/ClientOnly.js
minimal starter - windows-latest - pnpm	Run smoke test	2025-09-17T04:33:07.7693405Z npm notice 382B dist/runtime/client/navigation.d.ts
minimal starter - windows-latest - pnpm	Run smoke test	2025-09-17T04:33:07.7693745Z npm notice 2.8kB dist/runtime/client/navigation.js
minimal starter - windows-latest - pnpm	Run smoke test	2025-09-17T04:33:07.7694109Z npm notice 11B dist/runtime/client/navigation.test.d.ts
minimal starter - windows-latest - pnpm	Run smoke test	2025-09-17T04:33:07.7694478Z npm notice 1.8kB dist/runtime/client/navigation.test.js
minimal starter - windows-latest - pnpm	Run smoke test	2025-09-17T04:33:07.7694855Z npm notice 11B dist/runtime/client/setWebpackRequire.d.ts
minimal starter - windows-latest - pnpm	Run smoke test	2025-09-17T04:33:07.7695913Z npm notice 113B dist/runtime/client/setWebpackRequire.js
minimal starter - windows-latest - pnpm	Run smoke test	2025-09-17T04:33:07.7696266Z npm notice 691B dist/runtime/client/types.d.ts
minimal starter - windows-latest - pnpm	Run smoke test	2025-09-17T04:33:07.7696584Z npm notice 11B dist/runtime/client/types.js
minimal starter - windows-latest - pnpm	Run smoke test	2025-09-17T04:33:07.7696875Z npm notice 38B dist/runtime/constants.d.ts
minimal starter - windows-latest - pnpm	Run smoke test	2025-09-17T04:33:07.7697194Z npm notice 85B dist/runtime/constants.js
minimal starter - windows-latest - pnpm	Run smoke test	2025-09-17T04:33:07.7697817Z npm notice 54B dist/runtime/entries/auth.d.ts
minimal starter - windows-latest - pnpm	Run smoke test	2025-09-17T04:33:07.7698383Z npm notice 54B dist/runtime/entries/auth.js
minimal starter - windows-latest - pnpm	Run smoke test	2025-09-17T04:33:07.7698691Z npm notice 184B dist/runtime/entries/client.d.ts
minimal starter - windows-latest - pnpm	Run smoke test	2025-09-17T04:33:07.7699003Z npm notice 184B dist/runtime/entries/client.js
minimal starter - windows-latest - pnpm	Run smoke test	2025-09-17T04:33:07.7699487Z npm notice 73B dist/runtime/entries/clientSSR.d.ts
minimal starter - windows-latest - pnpm	Run smoke test	2025-09-17T04:33:07.7699821Z npm notice 73B dist/runtime/entries/clientSSR.js
minimal starter - windows-latest - pnpm	Run smoke test	2025-09-17T04:33:07.7700168Z npm notice 0B dist/runtime/entries/no-react-server.d.ts
minimal starter - windows-latest - pnpm	Run smoke test	2025-09-17T04:33:07.7700536Z npm notice 93B dist/runtime/entries/no-react-server.js
minimal starter - windows-latest - pnpm	Run smoke test	2025-09-17T04:33:07.7700905Z npm notice 0B dist/runtime/entries/react-server-only.d.ts
minimal starter - windows-latest - pnpm	Run smoke test	2025-09-17T04:33:07.7701283Z npm notice 110B dist/runtime/entries/react-server-only.js
minimal starter - windows-latest - pnpm	Run smoke test	2025-09-17T04:33:07.7701620Z npm notice 86B dist/runtime/entries/router.d.ts
minimal starter - windows-latest - pnpm	Run smoke test	2025-09-17T04:33:07.7701930Z npm notice 86B dist/runtime/entries/router.js
minimal starter - windows-latest - pnpm	Run smoke test	2025-09-17T04:33:07.7702241Z npm notice 55B dist/runtime/entries/ssr.d.ts
minimal starter - windows-latest - pnpm	Run smoke test	2025-09-17T04:33:07.7702551Z npm notice 55B dist/runtime/entries/ssr.js
minimal starter - windows-latest - pnpm	Run smoke test	2025-09-17T04:33:07.7702882Z npm notice 172B dist/runtime/entries/types/client.d.ts
minimal starter - windows-latest - pnpm	Run smoke test	2025-09-17T04:33:07.7703454Z npm notice 19B dist/runtime/entries/types/client.js
minimal starter - windows-latest - pnpm	Run smoke test	2025-09-17T04:33:07.7704204Z npm notice 154B dist/runtime/entries/types/shared.d.ts
minimal starter - windows-latest - pnpm	Run smoke test	2025-09-17T04:33:07.7704562Z npm notice 14B dist/runtime/entries/types/shared.js
minimal starter - windows-latest - pnpm	Run smoke test	2025-09-17T04:33:07.7704899Z npm notice 19B dist/runtime/entries/types/ssr.d.ts
minimal starter - windows-latest - pnpm	Run smoke test	2025-09-17T04:33:07.7705229Z npm notice 19B dist/runtime/entries/types/ssr.js
minimal starter - windows-latest - pnpm	Run smoke test	2025-09-17T04:33:07.7705571Z npm notice 19B dist/runtime/entries/types/worker.d.ts
minimal starter - windows-latest - pnpm	Run smoke test	2025-09-17T04:33:07.7705917Z npm notice 19B dist/runtime/entries/types/worker.js
minimal starter - windows-latest - pnpm	Run smoke test	2025-09-17T04:33:07.7706236Z npm notice 376B dist/runtime/entries/worker.d.ts
minimal starter - windows-latest - pnpm	Run smoke test	2025-09-17T04:33:07.7706546Z npm notice 376B dist/runtime/entries/worker.js
minimal starter - windows-latest - pnpm	Run smoke test	2025-09-17T04:33:07.7706830Z npm notice 158B dist/runtime/error.d.ts
minimal starter - windows-latest - pnpm	Run smoke test	2025-09-17T04:33:07.7707115Z npm notice 203B dist/runtime/error.js
minimal starter - windows-latest - pnpm	Run smoke test	2025-09-17T04:33:07.7707404Z npm notice 158B dist/runtime/imports/client.d.ts
minimal starter - windows-latest - pnpm	Run smoke test	2025-09-17T04:33:07.7707721Z npm notice 1.3kB dist/runtime/imports/client.js
minimal starter - windows-latest - pnpm	Run smoke test	2025-09-17T04:33:07.7708071Z npm notice 89B dist/runtime/imports/resolveSSRValue.d.ts
minimal starter - windows-latest - pnpm	Run smoke test	2025-09-17T04:33:07.7708446Z npm notice 306B dist/runtime/imports/resolveSSRValue.js
minimal starter - windows-latest - pnpm	Run smoke test	2025-09-17T04:33:07.7708779Z npm notice 229B dist/runtime/imports/ssr.d.ts
minimal starter - windows-latest - pnpm	Run smoke test	2025-09-17T04:33:07.7709425Z npm notice 865B dist/runtime/imports/ssr.js
minimal starter - windows-latest - pnpm	Run smoke test	2025-09-17T04:33:07.7709818Z npm notice 235B dist/runtime/imports/worker.d.ts
minimal starter - windows-latest - pnpm	Run smoke test	2025-09-17T04:33:07.7710138Z npm notice 880B dist/runtime/imports/worker.js
minimal starter - windows-latest - pnpm	Run smoke test	2025-09-17T04:33:07.7710454Z npm notice 27B dist/runtime/lib/auth/index.d.ts
minimal starter - windows-latest - pnpm	Run smoke test	2025-09-17T04:33:07.7710765Z npm notice 27B dist/runtime/lib/auth/index.js
minimal starter - windows-latest - pnpm	Run smoke test	2025-09-17T04:33:07.7711086Z npm notice 2.3kB dist/runtime/lib/auth/session.d.ts
minimal starter - windows-latest - pnpm	Run smoke test	2025-09-17T04:33:07.7711415Z npm notice 6.0kB dist/runtime/lib/auth/session.js
minimal starter - windows-latest - pnpm	Run smoke test	2025-09-17T04:33:07.7711736Z npm notice 218B dist/runtime/lib/db/createDb.d.ts
minimal starter - windows-latest - pnpm	Run smoke test	2025-09-17T04:33:07.7712053Z npm notice 543B dist/runtime/lib/db/createDb.js
minimal starter - windows-latest - pnpm	Run smoke test	2025-09-17T04:33:07.7712400Z npm notice 1.0kB dist/runtime/lib/db/DOWorkerDialect.d.ts
minimal starter - windows-latest - pnpm	Run smoke test	2025-09-17T04:33:07.7712769Z npm notice 2.0kB dist/runtime/lib/db/DOWorkerDialect.js
minimal starter - windows-latest - pnpm	Run smoke test	2025-09-17T04:33:07.7713096Z npm notice 186B dist/runtime/lib/db/index.d.ts
minimal starter - windows-latest - pnpm	Run smoke test	2025-09-17T04:33:07.7713416Z npm notice 136B dist/runtime/lib/db/index.js
minimal starter - windows-latest - pnpm	Run smoke test	2025-09-17T04:33:07.7713737Z npm notice 866B dist/runtime/lib/db/migrations.d.ts
minimal starter - windows-latest - pnpm	Run smoke test	2025-09-17T04:33:07.7714069Z npm notice 1.0kB dist/runtime/lib/db/migrations.js
minimal starter - windows-latest - pnpm	Run smoke test	2025-09-17T04:33:07.7714433Z npm notice 575B dist/runtime/lib/db/SqliteDurableObject.d.ts
minimal starter - windows-latest - pnpm	Run smoke test	2025-09-17T04:33:07.7714961Z npm notice 2.0kB dist/runtime/lib/db/SqliteDurableObject.js
minimal starter - windows-latest - pnpm	Run smoke test	2025-09-17T04:33:07.7715362Z npm notice 164B dist/runtime/lib/db/typeInference/assert.d.ts
minimal starter - windows-latest - pnpm	Run smoke test	2025-09-17T04:33:07.7715756Z npm notice 11B dist/runtime/lib/db/typeInference/assert.js
minimal starter - windows-latest - pnpm	Run smoke test	2025-09-17T04:33:07.7716200Z npm notice 886B dist/runtime/lib/db/typeInference/builders/alterColumn.d.ts
minimal starter - windows-latest - pnpm	Run smoke test	2025-09-17T04:33:07.7716703Z npm notice 11B dist/runtime/lib/db/typeInference/builders/alterColumn.js
minimal starter - windows-latest - pnpm	Run smoke test	2025-09-17T04:33:07.7717204Z npm notice 3.8kB dist/runtime/lib/db/typeInference/builders/alterTable.d.ts
minimal starter - windows-latest - pnpm	Run smoke test	2025-09-17T04:33:07.7717708Z npm notice 11B dist/runtime/lib/db/typeInference/builders/alterTable.js
minimal starter - windows-latest - pnpm	Run smoke test	2025-09-17T04:33:07.7718314Z npm notice 1.6kB dist/runtime/lib/db/typeInference/builders/columnDefinition.d.ts
minimal starter - windows-latest - pnpm	Run smoke test	2025-09-17T04:33:07.7718850Z npm notice 11B dist/runtime/lib/db/typeInference/builders/columnDefinition.js
minimal starter - windows-latest - pnpm	Run smoke test	2025-09-17T04:33:07.7719367Z npm notice 3.3kB dist/runtime/lib/db/typeInference/builders/createTable.d.ts
minimal starter - windows-latest - pnpm	Run smoke test	2025-09-17T04:33:07.7720413Z npm notice 11B dist/runtime/lib/db/typeInference/builders/createTable.js
minimal starter - windows-latest - pnpm	Run smoke test	2025-09-17T04:33:07.7720935Z npm notice 970B dist/runtime/lib/db/typeInference/builders/createView.d.ts
minimal starter - windows-latest - pnpm	Run smoke test	2025-09-17T04:33:07.7721475Z npm notice 11B dist/runtime/lib/db/typeInference/builders/createView.js
minimal starter - windows-latest - pnpm	Run smoke test	2025-09-17T04:33:07.7721966Z npm notice 428B dist/runtime/lib/db/typeInference/builders/dropTable.d.ts
minimal starter - windows-latest - pnpm	Run smoke test	2025-09-17T04:33:07.7722441Z npm notice 11B dist/runtime/lib/db/typeInference/builders/dropTable.js
minimal starter - windows-latest - pnpm	Run smoke test	2025-09-17T04:33:07.7722914Z npm notice 466B dist/runtime/lib/db/typeInference/builders/dropView.d.ts
minimal starter - windows-latest - pnpm	Run smoke test	2025-09-17T04:33:07.7723388Z npm notice 11B dist/runtime/lib/db/typeInference/builders/dropView.js
minimal starter - windows-latest - pnpm	Run smoke test	2025-09-17T04:33:07.7723856Z npm notice 1.4kB dist/runtime/lib/db/typeInference/builders/schema.d.ts
minimal starter - windows-latest - pnpm	Run smoke test	2025-09-17T04:33:07.7724309Z npm notice 11B dist/runtime/lib/db/typeInference/builders/schema.js
minimal starter - windows-latest - pnpm	Run smoke test	2025-09-17T04:33:07.7724733Z npm notice 2.2kB dist/runtime/lib/db/typeInference/database.d.ts
minimal starter - windows-latest - pnpm	Run smoke test	2025-09-17T04:33:07.7725156Z npm notice 11B dist/runtime/lib/db/typeInference/database.js
minimal starter - windows-latest - pnpm	Run smoke test	2025-09-17T04:33:07.7725660Z npm notice 11B dist/runtime/lib/db/typeInference/typetests/alterTable.typetest.d.ts
minimal starter - windows-latest - pnpm	Run smoke test	2025-09-17T04:33:07.7726248Z npm notice 10.3kB dist/runtime/lib/db/typeInference/typetests/alterTable.typetest.js
minimal starter - windows-latest - pnpm	Run smoke test	2025-09-17T04:33:07.7726832Z npm notice 11B dist/runtime/lib/db/typeInference/typetests/createTable.typetest.d.ts
minimal starter - windows-latest - pnpm	Run smoke test	2025-09-17T04:33:07.7727418Z npm notice 1.0kB dist/runtime/lib/db/typeInference/typetests/createTable.typetest.js
minimal starter - windows-latest - pnpm	Run smoke test	2025-09-17T04:33:07.7727992Z npm notice 11B dist/runtime/lib/db/typeInference/typetests/dropTable.typetest.d.ts
minimal starter - windows-latest - pnpm	Run smoke test	2025-09-17T04:33:07.7728568Z npm notice 4.0kB dist/runtime/lib/db/typeInference/typetests/dropTable.typetest.js
minimal starter - windows-latest - pnpm	Run smoke test	2025-09-17T04:33:07.7729073Z npm notice 86B dist/runtime/lib/db/typeInference/typetests/print.d.ts
minimal starter - windows-latest - pnpm	Run smoke test	2025-09-17T04:33:07.7729533Z npm notice 11B dist/runtime/lib/db/typeInference/typetests/print.js
minimal starter - windows-latest - pnpm	Run smoke test	2025-09-17T04:33:07.7730014Z npm notice 150B dist/runtime/lib/db/typeInference/typetests/testUtils.d.ts
minimal starter - windows-latest - pnpm	Run smoke test	2025-09-17T04:33:07.7730509Z npm notice 11B dist/runtime/lib/db/typeInference/typetests/testUtils.js
minimal starter - windows-latest - pnpm	Run smoke test	2025-09-17T04:33:07.7731057Z npm notice 11B dist/runtime/lib/db/typeInference/typetests/typeInference.typetest.d.ts
minimal starter - windows-latest - pnpm	Run smoke test	2025-09-17T04:33:07.7731657Z npm notice 520B dist/runtime/lib/db/typeInference/typetests/typeInference.typetest.js
minimal starter - windows-latest - pnpm	Run smoke test	2025-09-17T04:33:07.7732153Z npm notice 3.2kB dist/runtime/lib/db/typeInference/utils.d.ts
minimal starter - windows-latest - pnpm	Run smoke test	2025-09-17T04:33:07.7732545Z npm notice 49B dist/runtime/lib/db/typeInference/utils.js
minimal starter - windows-latest - pnpm	Run smoke test	2025-09-17T04:33:07.7732878Z npm notice 92B dist/runtime/lib/debug.d.ts
minimal starter - windows-latest - pnpm	Run smoke test	2025-09-17T04:33:07.7733169Z npm notice 1.2kB dist/runtime/lib/debug.js
minimal starter - windows-latest - pnpm	Run smoke test	2025-09-17T04:33:07.7733462Z npm notice 664B dist/runtime/lib/links.d.ts
minimal starter - windows-latest - pnpm	Run smoke test	2025-09-17T04:33:07.7733752Z npm notice 1.4kB dist/runtime/lib/links.js
minimal starter - windows-latest - pnpm	Run smoke test	2025-09-17T04:33:07.7734051Z npm notice 304B dist/runtime/lib/manifest.d.ts
minimal starter - windows-latest - pnpm	Run smoke test	2025-09-17T04:33:07.7734350Z npm notice 340B dist/runtime/lib/manifest.js
minimal starter - windows-latest - pnpm	Run smoke test	2025-09-17T04:33:07.7734790Z npm notice 98B dist/runtime/lib/memoizeOnId.d.ts
minimal starter - windows-latest - pnpm	Run smoke test	2025-09-17T04:33:07.7735113Z npm notice 316B dist/runtime/lib/memoizeOnId.js
minimal starter - windows-latest - pnpm	Run smoke test	2025-09-17T04:33:07.7735745Z npm notice 11B dist/runtime/lib/memoizeOnId.test.d.ts
minimal starter - windows-latest - pnpm	Run smoke test	2025-09-17T04:33:07.7736372Z npm notice 2.2kB dist/runtime/lib/memoizeOnId.test.js
minimal starter - windows-latest - pnpm	Run smoke test	2025-09-17T04:33:07.7736733Z npm notice 375B dist/runtime/lib/realtime/client.d.ts
minimal starter - windows-latest - pnpm	Run smoke test	2025-09-17T04:33:07.7737082Z npm notice 7.9kB dist/runtime/lib/realtime/client.js
minimal starter - windows-latest - pnpm	Run smoke test	2025-09-17T04:33:07.7737462Z npm notice 55B dist/runtime/lib/realtime/constants.d.ts
minimal starter - windows-latest - pnpm	Run smoke test	2025-09-17T04:33:07.7737810Z npm notice 47B dist/runtime/lib/realtime/constants.js
minimal starter - windows-latest - pnpm	Run smoke test	2025-09-17T04:33:07.7738190Z npm notice 954B dist/runtime/lib/realtime/durableObject.d.ts
minimal starter - windows-latest - pnpm	Run smoke test	2025-09-17T04:33:07.7739264Z npm notice 7.8kB dist/runtime/lib/realtime/durableObject.js
minimal starter - windows-latest - pnpm	Run smoke test	2025-09-17T04:33:07.7739659Z npm notice 1.4kB dist/runtime/lib/realtime/protocol.d.ts
minimal starter - windows-latest - pnpm	Run smoke test	2025-09-17T04:33:07.7740053Z npm notice 5.7kB dist/runtime/lib/realtime/protocol.js
minimal starter - windows-latest - pnpm	Run smoke test	2025-09-17T04:33:07.7740435Z npm notice 11B dist/runtime/lib/realtime/protocol.test.d.ts
minimal starter - windows-latest - pnpm	Run smoke test	2025-09-17T04:33:07.7740821Z npm notice 4.5kB dist/runtime/lib/realtime/protocol.test.js
minimal starter - windows-latest - pnpm	Run smoke test	2025-09-17T04:33:07.7741240Z npm notice 318B dist/runtime/lib/realtime/renderRealtimeClients.d.ts
minimal starter - windows-latest - pnpm	Run smoke test	2025-09-17T04:33:07.7741692Z npm notice 346B dist/runtime/lib/realtime/renderRealtimeClients.js
minimal starter - windows-latest - pnpm	Run smoke test	2025-09-17T04:33:07.7742081Z npm notice 237B dist/runtime/lib/realtime/shared.d.ts
minimal starter - windows-latest - pnpm	Run smoke test	2025-09-17T04:33:07.7742418Z npm notice 190B dist/runtime/lib/realtime/shared.js
minimal starter - windows-latest - pnpm	Run smoke test	2025-09-17T04:33:07.7742770Z npm notice 11B dist/runtime/lib/realtime/shared.test.d.ts
minimal starter - windows-latest - pnpm	Run smoke test	2025-09-17T04:33:07.7743148Z npm notice 492B dist/runtime/lib/realtime/shared.test.js
minimal starter - windows-latest - pnpm	Run smoke test	2025-09-17T04:33:07.7743583Z npm notice 137B dist/runtime/lib/realtime/validateUpgradeRequest.d.ts
minimal starter - windows-latest - pnpm	Run smoke test	2025-09-17T04:33:07.7744046Z npm notice 961B dist/runtime/lib/realtime/validateUpgradeRequest.js
minimal starter - windows-latest - pnpm	Run smoke test	2025-09-17T04:33:07.7744522Z npm notice 11B dist/runtime/lib/realtime/validateUpgradeRequest.test.d.ts
minimal starter - windows-latest - pnpm	Run smoke test	2025-09-17T04:33:07.7745032Z npm notice 2.6kB dist/runtime/lib/realtime/validateUpgradeRequest.test.js
minimal starter - windows-latest - pnpm	Run smoke test	2025-09-17T04:33:07.7745447Z npm notice 408B dist/runtime/lib/realtime/worker.d.ts
minimal starter - windows-latest - pnpm	Run smoke test	2025-09-17T04:33:07.7745789Z npm notice 792B dist/runtime/lib/realtime/worker.js
minimal starter - windows-latest - pnpm	Run smoke test	2025-09-17T04:33:07.7746109Z npm notice 3.6kB dist/runtime/lib/router.d.ts
minimal starter - windows-latest - pnpm	Run smoke test	2025-09-17T04:33:07.7746419Z npm notice 11.7kB dist/runtime/lib/router.js
minimal starter - windows-latest - pnpm	Run smoke test	2025-09-17T04:33:07.7746730Z npm notice 11B dist/runtime/lib/router.test.d.ts
minimal starter - windows-latest - pnpm	Run smoke test	2025-09-17T04:33:07.7747052Z npm notice 3.0kB dist/runtime/lib/router.test.js
minimal starter - windows-latest - pnpm	Run smoke test	2025-09-17T04:33:07.7747424Z npm notice 210B dist/runtime/lib/streams/consumeEventStream.d.ts
minimal starter - windows-latest - pnpm	Run smoke test	2025-09-17T04:33:07.7747848Z npm notice 419B dist/runtime/lib/streams/consumeEventStream.js
minimal starter - windows-latest - pnpm	Run smoke test	2025-09-17T04:33:07.7748249Z npm notice 107B dist/runtime/lib/turnstile/turnstile.d.ts
minimal starter - windows-latest - pnpm	Run smoke test	2025-09-17T04:33:07.7748613Z npm notice 107B dist/runtime/lib/turnstile/turnstile.js
minimal starter - windows-latest - pnpm	Run smoke test	2025-09-17T04:33:07.7748993Z npm notice 85B dist/runtime/lib/turnstile/TurnstileScript.d.ts
minimal starter - windows-latest - pnpm	Run smoke test	2025-09-17T04:33:07.7749405Z npm notice 196B dist/runtime/lib/turnstile/TurnstileScript.js
minimal starter - windows-latest - pnpm	Run smoke test	2025-09-17T04:33:07.7749845Z npm notice 157B dist/runtime/lib/turnstile/useTurnstile.d.ts
minimal starter - windows-latest - pnpm	Run smoke test	2025-09-17T04:33:07.7750230Z npm notice 837B dist/runtime/lib/turnstile/useTurnstile.js
minimal starter - windows-latest - pnpm	Run smoke test	2025-09-17T04:33:07.7750646Z npm notice 172B dist/runtime/lib/turnstile/verifyTurnstileToken.d.ts
minimal starter - windows-latest - pnpm	Run smoke test	2025-09-17T04:33:07.7751100Z npm notice 604B dist/runtime/lib/turnstile/verifyTurnstileToken.js
minimal starter - windows-latest - pnpm	Run smoke test	2025-09-17T04:33:07.7751579Z npm notice 11B dist/runtime/lib/turnstile/verifyTurnstileToken.test.d.ts
minimal starter - windows-latest - pnpm	Run smoke test	2025-09-17T04:33:07.7752071Z npm notice 2.0kB dist/runtime/lib/turnstile/verifyTurnstileToken.test.js
minimal starter - windows-latest - pnpm	Run smoke test	2025-09-17T04:33:07.7752459Z npm notice 50B dist/runtime/lib/utils.d.ts
minimal starter - windows-latest - pnpm	Run smoke test	2025-09-17T04:33:07.7752743Z npm notice 94B dist/runtime/lib/utils.js
minimal starter - windows-latest - pnpm	Run smoke test	2025-09-17T04:33:07.7753048Z npm notice 84B dist/runtime/register/client.d.ts
minimal starter - windows-latest - pnpm	Run smoke test	2025-09-17T04:33:07.7753371Z npm notice 263B dist/runtime/register/client.js
minimal starter - windows-latest - pnpm	Run smoke test	2025-09-17T04:33:07.7753687Z npm notice 222B dist/runtime/register/ssr.d.ts
minimal starter - windows-latest - pnpm	Run smoke test	2025-09-17T04:33:07.7754479Z npm notice 1.1kB dist/runtime/register/ssr.js
minimal starter - windows-latest - pnpm	Run smoke test	2025-09-17T04:33:07.7754802Z npm notice 399B dist/runtime/register/worker.d.ts
minimal starter - windows-latest - pnpm	Run smoke test	2025-09-17T04:33:07.7755129Z npm notice 2.4kB dist/runtime/register/worker.js
minimal starter - windows-latest - pnpm	Run smoke test	2025-09-17T04:33:07.7755498Z npm notice 65B dist/runtime/render/createClientManifest.d.ts
minimal starter - windows-latest - pnpm	Run smoke test	2025-09-17T04:33:07.7755887Z npm notice 170B dist/runtime/render/createClientManifest.js
minimal starter - windows-latest - pnpm	Run smoke test	2025-09-17T04:33:07.7756266Z npm notice 48B dist/runtime/render/createModuleMap.d.ts
minimal starter - windows-latest - pnpm	Run smoke test	2025-09-17T04:33:07.7756626Z npm notice 292B dist/runtime/render/createModuleMap.js
minimal starter - windows-latest - pnpm	Run smoke test	2025-09-17T04:33:07.7756972Z npm notice 362B dist/runtime/render/preloads.d.ts
minimal starter - windows-latest - pnpm	Run smoke test	2025-09-17T04:33:07.7757687Z npm notice 1.3kB dist/runtime/render/preloads.js
minimal starter - windows-latest - pnpm	Run smoke test	2025-09-17T04:33:07.7758101Z npm notice 454B dist/runtime/render/renderRscThenableToHtmlStream.d.ts
minimal starter - windows-latest - pnpm	Run smoke test	2025-09-17T04:33:07.7758580Z npm notice 2.5kB dist/runtime/render/renderRscThenableToHtmlStream.js
minimal starter - windows-latest - pnpm	Run smoke test	2025-09-17T04:33:07.7759007Z npm notice 163B dist/runtime/render/renderToRscStream.d.ts
minimal starter - windows-latest - pnpm	Run smoke test	2025-09-17T04:33:07.7759386Z npm notice 1.8kB dist/runtime/render/renderToRscStream.js
minimal starter - windows-latest - pnpm	Run smoke test	2025-09-17T04:33:07.7759753Z npm notice 475B dist/runtime/render/renderToStream.d.ts
minimal starter - windows-latest - pnpm	Run smoke test	2025-09-17T04:33:07.7760105Z npm notice 1.1kB dist/runtime/render/renderToStream.js
minimal starter - windows-latest - pnpm	Run smoke test	2025-09-17T04:33:07.7760453Z npm notice 312B dist/runtime/render/renderToString.d.ts
minimal starter - windows-latest - pnpm	Run smoke test	2025-09-17T04:33:07.7760800Z npm notice 757B dist/runtime/render/renderToString.js
minimal starter - windows-latest - pnpm	Run smoke test	2025-09-17T04:33:07.7761146Z npm notice 194B dist/runtime/render/stylesheets.d.ts
minimal starter - windows-latest - pnpm	Run smoke test	2025-09-17T04:33:07.7761486Z npm notice 1.2kB dist/runtime/render/stylesheets.js
minimal starter - windows-latest - pnpm	Run smoke test	2025-09-17T04:33:07.7761883Z npm notice 405B dist/runtime/render/transformRscToHtmlStream.d.ts
minimal starter - windows-latest - pnpm	Run smoke test	2025-09-17T04:33:07.7762314Z npm notice 686B dist/runtime/render/transformRscToHtmlStream.js
minimal starter - windows-latest - pnpm	Run smoke test	2025-09-17T04:33:07.7762689Z npm notice 433B dist/runtime/requestInfo/types.d.ts
minimal starter - windows-latest - pnpm	Run smoke test	2025-09-17T04:33:07.7763020Z npm notice 11B dist/runtime/requestInfo/types.js
minimal starter - windows-latest - pnpm	Run smoke test	2025-09-17T04:33:07.7763350Z npm notice 553B dist/runtime/requestInfo/worker.d.ts
minimal starter - windows-latest - pnpm	Run smoke test	2025-09-17T04:33:07.7763682Z npm notice 1.4kB dist/runtime/requestInfo/worker.js
minimal starter - windows-latest - pnpm	Run smoke test	2025-09-17T04:33:07.7763994Z npm notice 182B dist/runtime/script.d.ts
minimal starter - windows-latest - pnpm	Run smoke test	2025-09-17T04:33:07.7764275Z npm notice 284B dist/runtime/script.js
minimal starter - windows-latest - pnpm	Run smoke test	2025-09-17T04:33:07.7764561Z npm notice 175B dist/runtime/ssrBridge.d.ts
minimal starter - windows-latest - pnpm	Run smoke test	2025-09-17T04:33:07.7764846Z npm notice 699B dist/runtime/ssrBridge.js
minimal starter - windows-latest - pnpm	Run smoke test	2025-09-17T04:33:07.7765133Z npm notice 517B dist/runtime/worker.d.ts
minimal starter - windows-latest - pnpm	Run smoke test	2025-09-17T04:33:07.7765411Z npm notice 9.2kB dist/runtime/worker.js
minimal starter - windows-latest - pnpm	Run smoke test	2025-09-17T04:33:07.7765688Z npm notice 66B dist/scripts/__sdk.d.mts
minimal starter - windows-latest - pnpm	Run smoke test	2025-09-17T04:33:07.7765950Z npm notice 575B dist/scripts/__sdk.mjs
minimal starter - windows-latest - pnpm	Run smoke test	2025-09-17T04:33:07.7766505Z npm notice 187B dist/scripts/debug-sync.d.mts
minimal starter - windows-latest - pnpm	Run smoke test	2025-09-17T04:33:07.7767122Z npm notice 14.3kB dist/scripts/debug-sync.mjs
minimal starter - windows-latest - pnpm	Run smoke test	2025-09-17T04:33:07.7767509Z npm notice 52B dist/scripts/dev-init.d.mts
minimal starter - windows-latest - pnpm	Run smoke test	2025-09-17T04:33:07.7767800Z npm notice 896B dist/scripts/dev-init.mjs
minimal starter - windows-latest - pnpm	Run smoke test	2025-09-17T04:33:07.7768126Z npm notice 60B dist/scripts/ensure-deploy-env.d.mts
minimal starter - windows-latest - pnpm	Run smoke test	2025-09-17T04:33:07.7768489Z npm notice 12.4kB dist/scripts/ensure-deploy-env.mjs
minimal starter - windows-latest - pnpm	Run smoke test	2025-09-17T04:33:07.7768818Z npm notice 53B dist/scripts/ensure-env.d.mts
minimal starter - windows-latest - pnpm	Run smoke test	2025-09-17T04:33:07.7769111Z npm notice 259B dist/scripts/ensure-env.mjs
minimal starter - windows-latest - pnpm	Run smoke test	2025-09-17T04:33:07.7769416Z npm notice 87B dist/scripts/migrate-new.d.mts
minimal starter - windows-latest - pnpm	Run smoke test	2025-09-17T04:33:07.7769720Z npm notice 2.2kB dist/scripts/migrate-new.mjs
minimal starter - windows-latest - pnpm	Run smoke test	2025-09-17T04:33:07.7770022Z npm notice 11B dist/scripts/smoke-test.d.mts
minimal starter - windows-latest - pnpm	Run smoke test	2025-09-17T04:33:07.7770321Z npm notice 7.0kB dist/scripts/smoke-test.mjs
minimal starter - windows-latest - pnpm	Run smoke test	2025-09-17T04:33:07.7770626Z npm notice 86B dist/scripts/worker-run.d.mts
minimal starter - windows-latest - pnpm	Run smoke test	2025-09-17T04:33:07.7770927Z npm notice 5.7kB dist/scripts/worker-run.mjs
minimal starter - windows-latest - pnpm	Run smoke test	2025-09-17T04:33:07.7771224Z npm notice 580B dist/vite/buildApp.d.mts
minimal starter - windows-latest - pnpm	Run smoke test	2025-09-17T04:33:07.7771505Z npm notice 2.3kB dist/vite/buildApp.mjs
minimal starter - windows-latest - pnpm	Run smoke test	2025-09-17T04:33:07.7771818Z npm notice 361B dist/vite/checkIsUsingPrisma.d.mts
minimal starter - windows-latest - pnpm	Run smoke test	2025-09-17T04:33:07.7772154Z npm notice 504B dist/vite/checkIsUsingPrisma.mjs
minimal starter - windows-latest - pnpm	Run smoke test	2025-09-17T04:33:07.7772630Z npm notice 11B dist/vite/checkIsUsingPrisma.test.d.mts
minimal starter - windows-latest - pnpm	Run smoke test	2025-09-17T04:33:07.7772993Z npm notice 1.0kB dist/vite/checkIsUsingPrisma.test.mjs
minimal starter - windows-latest - pnpm	Run smoke test	2025-09-17T04:33:07.7773332Z npm notice 356B dist/vite/configPlugin.d.mts
minimal starter - windows-latest - pnpm	Run smoke test	2025-09-17T04:33:07.7773637Z npm notice 8.3kB dist/vite/configPlugin.mjs
minimal starter - windows-latest - pnpm	Run smoke test	2025-09-17T04:33:07.7773928Z npm notice 105B dist/vite/constants.d.mts
minimal starter - windows-latest - pnpm	Run smoke test	2025-09-17T04:33:07.7774206Z npm notice 334B dist/vite/constants.mjs
minimal starter - windows-latest - pnpm	Run smoke test	2025-09-17T04:33:07.7774554Z npm notice 721B dist/vite/createDirectiveLookupPlugin.d.mts
minimal starter - windows-latest - pnpm	Run smoke test	2025-09-17T04:33:07.7774956Z npm notice 7.5kB dist/vite/createDirectiveLookupPlugin.mjs
minimal starter - windows-latest - pnpm	Run smoke test	2025-09-17T04:33:07.7775388Z npm notice 11B dist/vite/createDirectiveLookupPlugin.test.d.mts
minimal starter - windows-latest - pnpm	Run smoke test	2025-09-17T04:33:07.7776430Z npm notice 1.8kB dist/vite/createDirectiveLookupPlugin.test.mjs
minimal starter - windows-latest - pnpm	Run smoke test	2025-09-17T04:33:07.7776832Z npm notice 395B dist/vite/createViteAwareResolver.d.mts
minimal starter - windows-latest - pnpm	Run smoke test	2025-09-17T04:33:07.7777205Z npm notice 12.5kB dist/vite/createViteAwareResolver.mjs
minimal starter - windows-latest - pnpm	Run smoke test	2025-09-17T04:33:07.7777556Z npm notice 220B dist/vite/devServerConstant.d.mts
minimal starter - windows-latest - pnpm	Run smoke test	2025-09-17T04:33:07.7777896Z npm notice 399B dist/vite/devServerConstant.mjs
minimal starter - windows-latest - pnpm	Run smoke test	2025-09-17T04:33:07.7778239Z npm notice 89B dist/vite/devServerTimingPlugin.d.mts
minimal starter - windows-latest - pnpm	Run smoke test	2025-09-17T04:33:07.7778588Z npm notice 901B dist/vite/devServerTimingPlugin.mjs
minimal starter - windows-latest - pnpm	Run smoke test	2025-09-17T04:33:07.7778969Z npm notice 440B dist/vite/directiveModulesDevPlugin.d.mts
minimal starter - windows-latest - pnpm	Run smoke test	2025-09-17T04:33:07.7779357Z npm notice 7.7kB dist/vite/directiveModulesDevPlugin.mjs
minimal starter - windows-latest - pnpm	Run smoke test	2025-09-17T04:33:07.7779751Z npm notice 11B dist/vite/directiveModulesDevPlugin.test.d.mts
minimal starter - windows-latest - pnpm	Run smoke test	2025-09-17T04:33:07.7780180Z npm notice 2.7kB dist/vite/directiveModulesDevPlugin.test.mjs
minimal starter - windows-latest - pnpm	Run smoke test	2025-09-17T04:33:07.7780578Z npm notice 231B dist/vite/directivesFilteringPlugin.d.mts
minimal starter - windows-latest - pnpm	Run smoke test	2025-09-17T04:33:07.7780964Z npm notice 1.4kB dist/vite/directivesFilteringPlugin.mjs
minimal starter - windows-latest - pnpm	Run smoke test	2025-09-17T04:33:07.7781310Z npm notice 305B dist/vite/directivesPlugin.d.mts
minimal starter - windows-latest - pnpm	Run smoke test	2025-09-17T04:33:07.7781638Z npm notice 9.7kB dist/vite/directivesPlugin.mjs
minimal starter - windows-latest - pnpm	Run smoke test	2025-09-17T04:33:07.7781979Z npm notice 11B dist/vite/directivesPlugin.test.d.mts
minimal starter - windows-latest - pnpm	Run smoke test	2025-09-17T04:33:07.7782336Z npm notice 1.0kB dist/vite/directivesPlugin.test.mjs
minimal starter - windows-latest - pnpm	Run smoke test	2025-09-17T04:33:07.7782666Z npm notice 119B dist/vite/ensureAliasArray.d.mts
minimal starter - windows-latest - pnpm	Run smoke test	2025-09-17T04:33:07.7782997Z npm notice 706B dist/vite/ensureAliasArray.mjs
minimal starter - windows-latest - pnpm	Run smoke test	2025-09-17T04:33:07.7783349Z npm notice 11B dist/vite/ensureAliasArray.test.d.mts
minimal starter - windows-latest - pnpm	Run smoke test	2025-09-17T04:33:07.7783708Z npm notice 2.6kB dist/vite/ensureAliasArray.test.mjs
minimal starter - windows-latest - pnpm	Run smoke test	2025-09-17T04:33:07.7784042Z npm notice 1.3kB dist/vite/findSpecifiers.d.mts
minimal starter - windows-latest - pnpm	Run smoke test	2025-09-17T04:33:07.7784363Z npm notice 11.3kB dist/vite/findSpecifiers.mjs
minimal starter - windows-latest - pnpm	Run smoke test	2025-09-17T04:33:07.7784696Z npm notice 11B dist/vite/findSpecifiers.test.d.mts
minimal starter - windows-latest - pnpm	Run smoke test	2025-09-17T04:33:07.7785042Z npm notice 7.2kB dist/vite/findSpecifiers.test.mjs
minimal starter - windows-latest - pnpm	Run smoke test	2025-09-17T04:33:07.7785371Z npm notice 411B dist/vite/findSsrSpecifiers.d.mts
minimal starter - windows-latest - pnpm	Run smoke test	2025-09-17T04:33:07.7785706Z npm notice 2.6kB dist/vite/findSsrSpecifiers.mjs
minimal starter - windows-latest - pnpm	Run smoke test	2025-09-17T04:33:07.7786052Z npm notice 11B dist/vite/findSsrSpecifiers.test.d.mts
minimal starter - windows-latest - pnpm	Run smoke test	2025-09-17T04:33:07.7786435Z npm notice 3.8kB dist/vite/findSsrSpecifiers.test.mjs
minimal starter - windows-latest - pnpm	Run smoke test	2025-09-17T04:33:07.7786762Z npm notice 78B dist/vite/getViteEsbuild.d.mts
minimal starter - windows-latest - pnpm	Run smoke test	2025-09-17T04:33:07.7787078Z npm notice 503B dist/vite/getViteEsbuild.mjs
minimal starter - windows-latest - pnpm	Run smoke test	2025-09-17T04:33:07.7787385Z npm notice 371B dist/vite/hasDirective.d.mts
minimal starter - windows-latest - pnpm	Run smoke test	2025-09-17T04:33:07.7787683Z npm notice 2.0kB dist/vite/hasDirective.mjs
minimal starter - windows-latest - pnpm	Run smoke test	2025-09-17T04:33:07.7787994Z npm notice 11B dist/vite/hasDirective.test.d.mts
minimal starter - windows-latest - pnpm	Run smoke test	2025-09-17T04:33:07.7788316Z npm notice 3.9kB dist/vite/hasDirective.test.mjs
minimal starter - windows-latest - pnpm	Run smoke test	2025-09-17T04:33:07.7788683Z npm notice 124B dist/vite/hasOwnCloudflareVitePlugin.d.mts
minimal starter - windows-latest - pnpm	Run smoke test	2025-09-17T04:33:07.7789102Z npm notice 563B dist/vite/hasOwnCloudflareVitePlugin.mjs
minimal starter - windows-latest - pnpm	Run smoke test	2025-09-17T04:33:07.7789468Z npm notice 119B dist/vite/hasOwnReactVitePlugin.d.mts
minimal starter - windows-latest - pnpm	Run smoke test	2025-09-17T04:33:07.7789823Z npm notice 552B dist/vite/hasOwnReactVitePlugin.mjs
minimal starter - windows-latest - pnpm	Run smoke test	2025-09-17T04:33:07.7790135Z npm notice 92B dist/vite/index.d.mts
minimal starter - windows-latest - pnpm	Run smoke test	2025-09-17T04:33:07.7790401Z npm notice 65B dist/vite/index.mjs
minimal starter - windows-latest - pnpm	Run smoke test	2025-09-17T04:33:07.7790804Z npm notice 198B dist/vite/injectVitePreamblePlugin.d.mts
minimal starter - windows-latest - pnpm	Run smoke test	2025-09-17T04:33:07.7791189Z npm notice 1.0kB dist/vite/injectVitePreamblePlugin.mjs
minimal starter - windows-latest - pnpm	Run smoke test	2025-09-17T04:33:07.7791627Z npm notice 132B dist/vite/invalidateCacheIfPrismaClientChanged.d.mts
minimal starter - windows-latest - pnpm	Run smoke test	2025-09-17T04:33:07.7792103Z npm notice 1.2kB dist/vite/invalidateCacheIfPrismaClientChanged.mjs
minimal starter - windows-latest - pnpm	Run smoke test	2025-09-17T04:33:07.7792490Z npm notice 373B dist/vite/invalidateModule.d.mts
minimal starter - windows-latest - pnpm	Run smoke test	2025-09-17T04:33:07.7792829Z npm notice 1.1kB dist/vite/invalidateModule.mjs
minimal starter - windows-latest - pnpm	Run smoke test	2025-09-17T04:33:07.7793128Z npm notice 61B dist/vite/isJsFile.d.mts
minimal starter - windows-latest - pnpm	Run smoke test	2025-09-17T04:33:07.7793408Z npm notice 88B dist/vite/isJsFile.mjs
minimal starter - windows-latest - pnpm	Run smoke test	2025-09-17T04:33:07.7793691Z npm notice 11B dist/vite/isJsFile.test.d.mts
minimal starter - windows-latest - pnpm	Run smoke test	2025-09-17T04:33:07.7794066Z npm notice 996B dist/vite/isJsFile.test.mjs
minimal starter - windows-latest - pnpm	Run smoke test	2025-09-17T04:33:07.7794371Z npm notice 341B dist/vite/linkerPlugin.d.mts
minimal starter - windows-latest - pnpm	Run smoke test	2025-09-17T04:33:07.7794670Z npm notice 2.1kB dist/vite/linkerPlugin.mjs
minimal starter - windows-latest - pnpm	Run smoke test	2025-09-17T04:33:07.7794971Z npm notice 11B dist/vite/linkerPlugin.test.d.mts
minimal starter - windows-latest - pnpm	Run smoke test	2025-09-17T04:33:07.7795303Z npm notice 1.6kB dist/vite/linkerPlugin.test.mjs
minimal starter - windows-latest - pnpm	Run smoke test	2025-09-17T04:33:07.7795621Z npm notice 139B dist/vite/manifestPlugin.d.mts
minimal starter - windows-latest - pnpm	Run smoke test	2025-09-17T04:33:07.7795933Z npm notice 2.6kB dist/vite/manifestPlugin.mjs
minimal starter - windows-latest - pnpm	Run smoke test	2025-09-17T04:33:07.7796254Z npm notice 434B dist/vite/miniflareHMRPlugin.d.mts
minimal starter - windows-latest - pnpm	Run smoke test	2025-09-17T04:33:07.7796597Z npm notice 11.6kB dist/vite/miniflareHMRPlugin.mjs
minimal starter - windows-latest - pnpm	Run smoke test	2025-09-17T04:33:07.7796950Z npm notice 11B dist/vite/miniflareHMRPlugin.test.d.mts
minimal starter - windows-latest - pnpm	Run smoke test	2025-09-17T04:33:07.7797314Z npm notice 1.9kB dist/vite/miniflareHMRPlugin.test.mjs
minimal starter - windows-latest - pnpm	Run smoke test	2025-09-17T04:33:07.7797667Z npm notice 128B dist/vite/moveStaticAssetsPlugin.d.mts
minimal starter - windows-latest - pnpm	Run smoke test	2025-09-17T04:33:07.7798022Z npm notice 435B dist/vite/moveStaticAssetsPlugin.mjs
minimal starter - windows-latest - pnpm	Run smoke test	2025-09-17T04:33:07.7798359Z npm notice 153B dist/vite/prismaPlugin.d.mts
minimal starter - windows-latest - pnpm	Run smoke test	2025-09-17T04:33:07.7798660Z npm notice 2.0kB dist/vite/prismaPlugin.mjs
minimal starter - windows-latest - pnpm	Run smoke test	2025-09-17T04:33:07.7799023Z npm notice 480B dist/vite/reactConditionsResolverPlugin.d.mts
minimal starter - windows-latest - pnpm	Run smoke test	2025-09-17T04:33:07.7799440Z npm notice 8.6kB dist/vite/reactConditionsResolverPlugin.mjs
minimal starter - windows-latest - pnpm	Run smoke test	2025-09-17T04:33:07.7799809Z npm notice 694B dist/vite/redwoodPlugin.d.mts
minimal starter - windows-latest - pnpm	Run smoke test	2025-09-17T04:33:07.7800115Z npm notice 5.8kB dist/vite/redwoodPlugin.mjs
minimal starter - windows-latest - pnpm	Run smoke test	2025-09-17T04:33:07.7800429Z npm notice 11B dist/vite/redwoodPlugin.test.d.mts
minimal starter - windows-latest - pnpm	Run smoke test	2025-09-17T04:33:07.7800765Z npm notice 1.6kB dist/vite/redwoodPlugin.test.mjs
minimal starter - windows-latest - pnpm	Run smoke test	2025-09-17T04:33:07.7801106Z npm notice 1.0kB dist/vite/runDirectivesScan.d.mts
minimal starter - windows-latest - pnpm	Run smoke test	2025-09-17T04:33:07.7801438Z npm notice 12.1kB dist/vite/runDirectivesScan.mjs
minimal starter - windows-latest - pnpm	Run smoke test	2025-09-17T04:33:07.7801775Z npm notice 11B dist/vite/runDirectivesScan.test.d.mts
minimal starter - windows-latest - pnpm	Run smoke test	2025-09-17T04:33:07.7802138Z npm notice 3.6kB dist/vite/runDirectivesScan.test.mjs
minimal starter - windows-latest - pnpm	Run smoke test	2025-09-17T04:33:07.7802480Z npm notice 274B dist/vite/ssrBridgePlugin.d.mts
minimal starter - windows-latest - pnpm	Run smoke test	2025-09-17T04:33:07.7802802Z npm notice 7.9kB dist/vite/ssrBridgePlugin.mjs
minimal starter - windows-latest - pnpm	Run smoke test	2025-09-17T04:33:07.7803152Z npm notice 378B dist/vite/transformClientComponents.d.mts
minimal starter - windows-latest - pnpm	Run smoke test	2025-09-17T04:33:07.7803534Z npm notice 5.1kB dist/vite/transformClientComponents.mjs
minimal starter - windows-latest - pnpm	Run smoke test	2025-09-17T04:33:07.7803936Z npm notice 11B dist/vite/transformClientComponents.test.d.mts
minimal starter - windows-latest - pnpm	Run smoke test	2025-09-17T04:33:07.7804361Z npm notice 13.9kB dist/vite/transformClientComponents.test.mjs
minimal starter - windows-latest - pnpm	Run smoke test	2025-09-17T04:33:07.7804773Z npm notice 432B dist/vite/transformJsxScriptTagsPlugin.d.mts
minimal starter - windows-latest - pnpm	Run smoke test	2025-09-17T04:33:07.7805178Z npm notice 16.3kB dist/vite/transformJsxScriptTagsPlugin.mjs
minimal starter - windows-latest - pnpm	Run smoke test	2025-09-17T04:33:07.7805613Z npm notice 11B dist/vite/transformJsxScriptTagsPlugin.test.d.mts
minimal starter - windows-latest - pnpm	Run smoke test	2025-09-17T04:33:07.7806063Z npm notice 22.5kB dist/vite/transformJsxScriptTagsPlugin.test.mjs
minimal starter - windows-latest - pnpm	Run smoke test	2025-09-17T04:33:07.7806465Z npm notice 658B dist/vite/transformServerFunctions.d.mts
minimal starter - windows-latest - pnpm	Run smoke test	2025-09-17T04:33:07.7806841Z npm notice 14.5kB dist/vite/transformServerFunctions.mjs
minimal starter - windows-latest - pnpm	Run smoke test	2025-09-17T04:33:07.7807234Z npm notice 11B dist/vite/transformServerFunctions.test.d.mts
minimal starter - windows-latest - pnpm	Run smoke test	2025-09-17T04:33:07.7807638Z npm notice 2.7kB dist/vite/transformServerFunctions.test.mjs
minimal starter - windows-latest - pnpm	Run smoke test	2025-09-17T04:33:07.7808010Z npm notice 193B dist/vite/useClientLookupPlugin.d.mts
minimal starter - windows-latest - pnpm	Run smoke test	2025-09-17T04:33:07.7808368Z npm notice 566B dist/vite/useClientLookupPlugin.mjs
minimal starter - windows-latest - pnpm	Run smoke test	2025-09-17T04:33:07.7808805Z npm notice 193B dist/vite/useServerLookupPlugin.d.mts
minimal starter - windows-latest - pnpm	Run smoke test	2025-09-17T04:33:07.7809156Z npm notice 566B dist/vite/useServerLookupPlugin.mjs
minimal starter - windows-latest - pnpm	Run smoke test	2025-09-17T04:33:07.7809475Z npm notice 75B dist/vite/useServerPlugin.d.mts
minimal starter - windows-latest - pnpm	Run smoke test	2025-09-17T04:33:07.7809788Z npm notice 75B dist/vite/useServerPlugin.mjs
minimal starter - windows-latest - pnpm	Run smoke test	2025-09-17T04:33:07.7810096Z npm notice 115B dist/vite/virtualPlugin.d.mts
minimal starter - windows-latest - pnpm	Run smoke test	2025-09-17T04:33:07.7810402Z npm notice 1.1kB dist/vite/virtualPlugin.mjs
minimal starter - windows-latest - pnpm	Run smoke test	2025-09-17T04:33:07.7810714Z npm notice 75B dist/vite/vitePreamblePlugin.d.mts
minimal starter - windows-latest - pnpm	Run smoke test	2025-09-17T04:33:07.7811043Z npm notice 525B dist/vite/vitePreamblePlugin.mjs
minimal starter - windows-latest - pnpm	Run smoke test	2025-09-17T04:33:07.7811395Z npm notice 5.7kB package.json
minimal starter - windows-latest - pnpm	Run smoke test	2025-09-17T04:33:07.7811628Z npm notice Tarball Details
minimal starter - windows-latest - pnpm	Run smoke test	2025-09-17T04:33:07.7811836Z npm notice name: rwsdk
minimal starter - windows-latest - pnpm	Run smoke test	2025-09-17T04:33:07.7812070Z npm notice version: 1.0.0-alpha.3
minimal starter - windows-latest - pnpm	Run smoke test	2025-09-17T04:33:07.7812352Z npm notice filename: rwsdk-1.0.0-alpha.3.tgz
minimal starter - windows-latest - pnpm	Run smoke test	2025-09-17T04:33:07.7812639Z npm notice package size: 169.6 kB
minimal starter - windows-latest - pnpm	Run smoke test	2025-09-17T04:33:07.7812891Z npm notice unpacked size: 754.8 kB
minimal starter - windows-latest - pnpm	Run smoke test	2025-09-17T04:33:07.7813218Z npm notice shasum: 16c58751a2eb50113ec472c4a5e1226141fe893d
minimal starter - windows-latest - pnpm	Run smoke test	2025-09-17T04:33:07.7813627Z npm notice integrity: sha512-Y6LAnHmQ5wcjZ[...]oUaNxXDjiqmww==
minimal starter - windows-latest - pnpm	Run smoke test	2025-09-17T04:33:07.7813945Z npm notice total files: 386
minimal starter - windows-latest - pnpm	Run smoke test	2025-09-17T04:33:07.7814136Z npm notice
minimal starter - windows-latest - pnpm	Run smoke test	2025-09-17T04:33:10.9062435Z   ✅ Packed to /tmp/tmp.Vulrz6MboJ/rwsdk-1.0.0-alpha.3.tgz
minimal starter - windows-latest - pnpm	Run smoke test	2025-09-17T04:33:10.9062795Z 
minimal starter - windows-latest - pnpm	Run smoke test	2025-09-17T04:33:10.9062992Z 🔧 Preparing test project...
minimal starter - windows-latest - pnpm	Run smoke test	2025-09-17T04:33:10.9503848Z   - Created test project directory: /tmp/tmp.Vulrz6MboJ/test-project
minimal starter - windows-latest - pnpm	Run smoke test	2025-09-17T04:33:10.9504498Z   - Copying starter files...
minimal starter - windows-latest - pnpm	Run smoke test	2025-09-17T04:33:14.8242923Z   - Configuring project to not use a frozen lockfile...
minimal starter - windows-latest - pnpm	Run smoke test	2025-09-17T04:33:14.8251490Z   - Installing SDK from tarball...
minimal starter - windows-latest - pnpm	Run smoke test	2025-09-17T04:33:15.2311659Z ! Corepack is about to download https://registry.npmjs.org/pnpm/-/pnpm-10.16.1.tgz
minimal starter - windows-latest - pnpm	Run smoke test	2025-09-17T04:33:34.1271689Z  WARN  Moving @cloudflare/vite-plugin that was installed by a different package manager to "node_modules/.ignored"
minimal starter - windows-latest - pnpm	Run smoke test	2025-09-17T04:33:34.1280139Z  WARN  Moving @cloudflare/workers-types that was installed by a different package manager to "node_modules/.ignored"
minimal starter - windows-latest - pnpm	Run smoke test	2025-09-17T04:33:34.1285777Z  WARN  Moving @types/node that was installed by a different package manager to "node_modules/.ignored"
minimal starter - windows-latest - pnpm	Run smoke test	2025-09-17T04:33:34.1290120Z  WARN  Moving @types/react that was installed by a different package manager to "node_modules/.ignored"
minimal starter - windows-latest - pnpm	Run smoke test	2025-09-17T04:33:34.1316393Z  WARN  Moving @types/react-dom that was installed by a different package manager to "node_modules/.ignored"
minimal starter - windows-latest - pnpm	Run smoke test	2025-09-17T04:33:34.1334558Z  WARN  Moving typescript that was installed by a different package manager to "node_modules/.ignored"
minimal starter - windows-latest - pnpm	Run smoke test	2025-09-17T04:33:34.1336447Z  WARN  Moving vite that was installed by a different package manager to "node_modules/.ignored"
minimal starter - windows-latest - pnpm	Run smoke test	2025-09-17T04:33:34.1339224Z  WARN  Moving wrangler that was installed by a different package manager to "node_modules/.ignored"
minimal starter - windows-latest - pnpm	Run smoke test	2025-09-17T04:33:34.1340662Z  WARN  Moving react that was installed by a different package manager to "node_modules/.ignored"
minimal starter - windows-latest - pnpm	Run smoke test	2025-09-17T04:33:34.1341536Z  WARN  Moving react-dom that was installed by a different package manager to "node_modules/.ignored"
minimal starter - windows-latest - pnpm	Run smoke test	2025-09-17T04:33:34.1342364Z  WARN  Moving react-server-dom-webpack that was installed by a different package manager to "node_modules/.ignored"
minimal starter - windows-latest - pnpm	Run smoke test	2025-09-17T04:33:34.1343156Z  WARN  Moving rwsdk that was installed by a different package manager to "node_modules/.ignored"
minimal starter - windows-latest - pnpm	Run smoke test	2025-09-17T04:33:34.3680842Z Progress: resolved 1, reused 0, downloaded 0, added 0
minimal starter - windows-latest - pnpm	Run smoke test	2025-09-17T04:33:35.3821277Z Progress: resolved 12, reused 0, downloaded 4, added 0
minimal starter - windows-latest - pnpm	Run smoke test	2025-09-17T04:33:36.3828023Z Progress: resolved 12, reused 0, downloaded 6, added 0
minimal starter - windows-latest - pnpm	Run smoke test	2025-09-17T04:33:37.3825609Z Progress: resolved 13, reused 0, downloaded 11, added 0
minimal starter - windows-latest - pnpm	Run smoke test	2025-09-17T04:33:38.3831756Z Progress: resolved 112, reused 0, downloaded 14, added 0
minimal starter - windows-latest - pnpm	Run smoke test	2025-09-17T04:33:39.3966174Z Progress: resolved 125, reused 0, downloaded 30, added 0
minimal starter - windows-latest - pnpm	Run smoke test	2025-09-17T04:33:44.3402191Z Progress: resolved 125, reused 0, downloaded 31, added 0
minimal starter - windows-latest - pnpm	Run smoke test	2025-09-17T04:33:45.3430413Z Progress: resolved 125, reused 0, downloaded 37, added 0
minimal starter - windows-latest - pnpm	Run smoke test	2025-09-17T04:33:46.3455983Z Progress: resolved 125, reused 0, downloaded 47, added 0
minimal starter - windows-latest - pnpm	Run smoke test	2025-09-17T04:33:47.3612514Z Progress: resolved 125, reused 0, downloaded 57, added 0
minimal starter - windows-latest - pnpm	Run smoke test	2025-09-17T04:33:48.3653379Z Progress: resolved 125, reused 0, downloaded 82, added 0
minimal starter - windows-latest - pnpm	Run smoke test	2025-09-17T04:33:49.3835405Z Progress: resolved 180, reused 0, downloaded 107, added 0
minimal starter - windows-latest - pnpm	Run smoke test	2025-09-17T04:33:50.3714371Z Progress: resolved 194, reused 0, downloaded 123, added 0
minimal starter - windows-latest - pnpm	Run smoke test	2025-09-17T04:33:51.3703751Z Progress: resolved 323, reused 0, downloaded 128, added 0
minimal starter - windows-latest - pnpm	Run smoke test	2025-09-17T04:33:52.3730831Z Progress: resolved 346, reused 0, downloaded 131, added 0
minimal starter - windows-latest - pnpm	Run smoke test	2025-09-17T04:33:53.3815635Z Progress: resolved 346, reused 0, downloaded 167, added 0
minimal starter - windows-latest - pnpm	Run smoke test	2025-09-17T04:33:54.3840679Z Progress: resolved 346, reused 0, downloaded 186, added 0
minimal starter - windows-latest - pnpm	Run smoke test	2025-09-17T04:33:55.3949740Z Progress: resolved 346, reused 0, downloaded 201, added 0
minimal starter - windows-latest - pnpm	Run smoke test	2025-09-17T04:33:56.6715277Z Progress: resolved 346, reused 0, downloaded 202, added 0
minimal starter - windows-latest - pnpm	Run smoke test	2025-09-17T04:33:57.6729608Z Progress: resolved 373, reused 0, downloaded 217, added 0
minimal starter - windows-latest - pnpm	Run smoke test	2025-09-17T04:33:58.6762708Z Progress: resolved 423, reused 0, downloaded 265, added 0
minimal starter - windows-latest - pnpm	Run smoke test	2025-09-17T04:33:59.6769306Z Progress: resolved 453, reused 0, downloaded 311, added 0
minimal starter - windows-latest - pnpm	Run smoke test	2025-09-17T04:34:00.6791943Z Progress: resolved 461, reused 0, downloaded 325, added 0
minimal starter - windows-latest - pnpm	Run smoke test	2025-09-17T04:34:01.3922203Z Packages: +369
minimal starter - windows-latest - pnpm	Run smoke test	2025-09-17T04:34:01.3922763Z ++++++++++++++++++++++++++++++++++++++++++++++++++++++++++++++++++++++++++++++++
minimal starter - windows-latest - pnpm	Run smoke test	2025-09-17T04:34:01.6814964Z Progress: resolved 475, reused 0, downloaded 345, added 0
minimal starter - windows-latest - pnpm	Run smoke test	2025-09-17T04:34:02.6828207Z Progress: resolved 475, reused 0, downloaded 347, added 0
minimal starter - windows-latest - pnpm	Run smoke test	2025-09-17T04:34:03.6877530Z Progress: resolved 475, reused 0, downloaded 348, added 0
minimal starter - windows-latest - pnpm	Run smoke test	2025-09-17T04:34:04.6907045Z Progress: resolved 475, reused 0, downloaded 356, added 4
minimal starter - windows-latest - pnpm	Run smoke test	2025-09-17T04:34:05.7017298Z Progress: resolved 475, reused 0, downloaded 371, added 24
minimal starter - windows-latest - pnpm	Run smoke test	2025-09-17T04:34:06.7061939Z Progress: resolved 475, reused 0, downloaded 371, added 46
minimal starter - windows-latest - pnpm	Run smoke test	2025-09-17T04:34:07.9988038Z Progress: resolved 475, reused 0, downloaded 371, added 47
minimal starter - windows-latest - pnpm	Run smoke test	2025-09-17T04:34:09.0077320Z Progress: resolved 475, reused 0, downloaded 371, added 55
minimal starter - windows-latest - pnpm	Run smoke test	2025-09-17T04:34:10.0124547Z Progress: resolved 475, reused 0, downloaded 371, added 58
minimal starter - windows-latest - pnpm	Run smoke test	2025-09-17T04:34:11.0128869Z Progress: resolved 475, reused 0, downloaded 371, added 111
minimal starter - windows-latest - pnpm	Run smoke test	2025-09-17T04:34:12.0157078Z Progress: resolved 475, reused 0, downloaded 371, added 201
minimal starter - windows-latest - pnpm	Run smoke test	2025-09-17T04:34:13.0303094Z Progress: resolved 475, reused 0, downloaded 371, added 300
minimal starter - windows-latest - pnpm	Run smoke test	2025-09-17T04:34:15.9336616Z Progress: resolved 475, reused 0, downloaded 371, added 301
minimal starter - windows-latest - pnpm	Run smoke test	2025-09-17T04:34:16.9363367Z Progress: resolved 475, reused 0, downloaded 371, added 341
minimal starter - windows-latest - pnpm	Run smoke test	2025-09-17T04:34:17.8496106Z Progress: resolved 475, reused 0, downloaded 371, added 369, done
minimal starter - windows-latest - pnpm	Run smoke test	2025-09-17T04:34:19.2882252Z .../sharp@0.33.5/node_modules/sharp install$ node install/check
minimal starter - windows-latest - pnpm	Run smoke test	2025-09-17T04:34:19.2990640Z .../esbuild@0.25.4/node_modules/esbuild postinstall$ node install.js
minimal starter - windows-latest - pnpm	Run smoke test	2025-09-17T04:34:19.3000585Z .../node_modules/workerd postinstall$ node install.js
minimal starter - windows-latest - pnpm	Run smoke test	2025-09-17T04:34:19.3046692Z .../esbuild@0.25.9/node_modules/esbuild postinstall$ node install.js
minimal starter - windows-latest - pnpm	Run smoke test	2025-09-17T04:34:19.3113980Z .../node_modules/workerd postinstall$ node install.js
minimal starter - windows-latest - pnpm	Run smoke test	2025-09-17T04:34:19.4724947Z .../sharp@0.33.5/node_modules/sharp install: Done
minimal starter - windows-latest - pnpm	Run smoke test	2025-09-17T04:34:19.5208441Z .../node_modules/workerd postinstall: Done
minimal starter - windows-latest - pnpm	Run smoke test	2025-09-17T04:34:19.5243462Z .../esbuild@0.25.4/node_modules/esbuild postinstall: Done
minimal starter - windows-latest - pnpm	Run smoke test	2025-09-17T04:34:19.5586742Z .../esbuild@0.25.9/node_modules/esbuild postinstall: Done
minimal starter - windows-latest - pnpm	Run smoke test	2025-09-17T04:34:19.5700640Z .../node_modules/workerd postinstall: Done
minimal starter - windows-latest - pnpm	Run smoke test	2025-09-17T04:34:20.3687701Z 
minimal starter - windows-latest - pnpm	Run smoke test	2025-09-17T04:34:20.3688220Z dependencies:
minimal starter - windows-latest - pnpm	Run smoke test	2025-09-17T04:34:20.3688753Z + react 19.2.0-canary-3fb190f7-20250908
minimal starter - windows-latest - pnpm	Run smoke test	2025-09-17T04:34:20.3689173Z + react-dom 19.2.0-canary-3fb190f7-20250908
minimal starter - windows-latest - pnpm	Run smoke test	2025-09-17T04:34:20.3689926Z + react-server-dom-webpack 19.2.0-canary-3fb190f7-20250908
minimal starter - windows-latest - pnpm	Run smoke test	2025-09-17T04:34:20.3690305Z + rwsdk 1.0.0-alpha.3
minimal starter - windows-latest - pnpm	Run smoke test	2025-09-17T04:34:20.3690460Z 
minimal starter - windows-latest - pnpm	Run smoke test	2025-09-17T04:34:20.3690552Z devDependencies:
minimal starter - windows-latest - pnpm	Run smoke test	2025-09-17T04:34:20.3691181Z + @cloudflare/vite-plugin 1.12.4 (1.13.2 is available) already in devDependencies, was not moved to dependencies.
minimal starter - windows-latest - pnpm	Run smoke test	2025-09-17T04:34:20.3692174Z + @cloudflare/workers-types 4.20250913.0 (4.20250917.0 is available) already in devDependencies, was not moved to dependencies.
minimal starter - windows-latest - pnpm	Run smoke test	2025-09-17T04:34:20.3693062Z + @types/node 22.14.0 (24.5.1 is available) already in devDependencies, was not moved to dependencies.
minimal starter - windows-latest - pnpm	Run smoke test	2025-09-17T04:34:20.3693832Z + @types/react 19.1.2 (19.1.13 is available) already in devDependencies, was not moved to dependencies.
minimal starter - windows-latest - pnpm	Run smoke test	2025-09-17T04:34:20.3694782Z + @types/react-dom 19.1.2 (19.1.9 is available) already in devDependencies, was not moved to dependencies.
minimal starter - windows-latest - pnpm	Run smoke test	2025-09-17T04:34:20.3695613Z + typescript 5.8.3 (5.9.2 is available) already in devDependencies, was not moved to dependencies.
minimal starter - windows-latest - pnpm	Run smoke test	2025-09-17T04:34:20.3696349Z + vite 7.1.5 already in devDependencies, was not moved to dependencies.
minimal starter - windows-latest - pnpm	Run smoke test	2025-09-17T04:34:20.3697117Z + wrangler 4.35.0 (4.37.1 is available) already in devDependencies, was not moved to dependencies.
minimal starter - windows-latest - pnpm	Run smoke test	2025-09-17T04:34:20.3697492Z 
minimal starter - windows-latest - pnpm	Run smoke test	2025-09-17T04:34:20.3881802Z Done in 46.7s using pnpm v10.16.1
minimal starter - windows-latest - pnpm	Run smoke test	2025-09-17T04:34:20.4055815Z 
minimal starter - windows-latest - pnpm	Run smoke test	2025-09-17T04:34:20.4056902Z 🔬 Running smoke tests...
minimal starter - windows-latest - pnpm	Run smoke test	2025-09-17T04:34:20.9320555Z 
minimal starter - windows-latest - pnpm	Run smoke test	2025-09-17T04:34:20.9321262Z > rwsdk@1.0.0-alpha.3 smoke-test D:\a\sdk\sdk\sdk
minimal starter - windows-latest - pnpm	Run smoke test	2025-09-17T04:34:20.9322859Z > tsx ./src/scripts/smoke-test.mts "--path=C:/Users/RUNNER~1/AppData/Local/Temp/tmp.Vulrz6MboJ/test-project" "--no-sync" "--artifact-dir=D:/a/sdk/sdk/sdk/scripts/../../smoke-test-artifacts/minimal" "--skip-style-tests" "--package-manager=pnpm"
minimal starter - windows-latest - pnpm	Run smoke test	2025-09-17T04:34:20.9325429Z 
minimal starter - windows-latest - pnpm	Run smoke test	2025-09-17T04:34:22.2290524Z 2025-09-17T04:34:22.217Z rwsdk:smoke Command line arguments: [
minimal starter - windows-latest - pnpm	Run smoke test	2025-09-17T04:34:22.2291438Z   '--path=C:/Users/RUNNER~1/AppData/Local/Temp/tmp.Vulrz6MboJ/test-project',
minimal starter - windows-latest - pnpm	Run smoke test	2025-09-17T04:34:22.2292096Z   '--no-sync',
minimal starter - windows-latest - pnpm	Run smoke test	2025-09-17T04:34:22.2292696Z   '--artifact-dir=D:/a/sdk/sdk/sdk/scripts/../../smoke-test-artifacts/minimal',
minimal starter - windows-latest - pnpm	Run smoke test	2025-09-17T04:34:22.2293358Z   '--skip-style-tests',
minimal starter - windows-latest - pnpm	Run smoke test	2025-09-17T04:34:22.2293731Z   '--package-manager=pnpm'
minimal starter - windows-latest - pnpm	Run smoke test	2025-09-17T04:34:22.2294071Z ]
minimal starter - windows-latest - pnpm	Run smoke test	2025-09-17T04:34:22.2294785Z 2025-09-17T04:34:22.218Z rwsdk:smoke Running in CI environment, keeping test directory by default
minimal starter - windows-latest - pnpm	Run smoke test	2025-09-17T04:34:22.2297451Z 2025-09-17T04:34:22.218Z rwsdk:smoke Parsed options: {
minimal starter - windows-latest - pnpm	Run smoke test	2025-09-17T04:34:22.2297941Z   skipDev: false,
minimal starter - windows-latest - pnpm	Run smoke test	2025-09-17T04:34:22.2298200Z   skipRelease: false,
minimal starter - windows-latest - pnpm	Run smoke test	2025-09-17T04:34:22.2298447Z   skipClient: false,
minimal starter - windows-latest - pnpm	Run smoke test	2025-09-17T04:34:22.2298952Z   projectDir: 'C:/Users/RUNNER~1/AppData/Local/Temp/tmp.Vulrz6MboJ/test-project',
minimal starter - windows-latest - pnpm	Run smoke test	2025-09-17T04:34:22.2299646Z   artifactDir: 'D:/a/sdk/sdk/sdk/scripts/../../smoke-test-artifacts/minimal',
minimal starter - windows-latest - pnpm	Run smoke test	2025-09-17T04:34:22.2300109Z   keep: true,
minimal starter - windows-latest - pnpm	Run smoke test	2025-09-17T04:34:22.2300327Z   headless: true,
minimal starter - windows-latest - pnpm	Run smoke test	2025-09-17T04:34:22.2300559Z   ci: false,
minimal starter - windows-latest - pnpm	Run smoke test	2025-09-17T04:34:22.2300764Z   bail: false,
minimal starter - windows-latest - pnpm	Run smoke test	2025-09-17T04:34:22.2301107Z   copyProject: false,
minimal starter - windows-latest - pnpm	Run smoke test	2025-09-17T04:34:22.2301488Z   realtime: false,
minimal starter - windows-latest - pnpm	Run smoke test	2025-09-17T04:34:22.2301865Z   skipHmr: false,
minimal starter - windows-latest - pnpm	Run smoke test	2025-09-17T04:34:22.2302150Z   skipStyleTests: true,
minimal starter - windows-latest - pnpm	Run smoke test	2025-09-17T04:34:22.2302405Z   packageManager: 'pnpm',
minimal starter - windows-latest - pnpm	Run smoke test	2025-09-17T04:34:22.2302660Z   sync: false
minimal starter - windows-latest - pnpm	Run smoke test	2025-09-17T04:34:22.2302864Z }
minimal starter - windows-latest - pnpm	Run smoke test	2025-09-17T04:34:22.2303289Z 2025-09-17T04:34:22.219Z rwsdk:smoke Starting smoke test with options: {
minimal starter - windows-latest - pnpm	Run smoke test	2025-09-17T04:34:22.2303697Z   skipDev: false,
minimal starter - windows-latest - pnpm	Run smoke test	2025-09-17T04:34:22.2303931Z   skipRelease: false,
minimal starter - windows-latest - pnpm	Run smoke test	2025-09-17T04:34:22.2304176Z   skipClient: false,
minimal starter - windows-latest - pnpm	Run smoke test	2025-09-17T04:34:22.2304644Z   projectDir: 'C:/Users/RUNNER~1/AppData/Local/Temp/tmp.Vulrz6MboJ/test-project',
minimal starter - windows-latest - pnpm	Run smoke test	2025-09-17T04:34:22.2305315Z   artifactDir: 'D:/a/sdk/sdk/sdk/scripts/../../smoke-test-artifacts/minimal',
minimal starter - windows-latest - pnpm	Run smoke test	2025-09-17T04:34:22.2305760Z   keep: true,
minimal starter - windows-latest - pnpm	Run smoke test	2025-09-17T04:34:22.2305977Z   headless: true,
minimal starter - windows-latest - pnpm	Run smoke test	2025-09-17T04:34:22.2306192Z   ci: false,
minimal starter - windows-latest - pnpm	Run smoke test	2025-09-17T04:34:22.2306812Z   bail: false,
minimal starter - windows-latest - pnpm	Run smoke test	2025-09-17T04:34:22.2307151Z   copyProject: false,
minimal starter - windows-latest - pnpm	Run smoke test	2025-09-17T04:34:22.2307510Z   realtime: false,
minimal starter - windows-latest - pnpm	Run smoke test	2025-09-17T04:34:22.2307737Z   skipHmr: false,
minimal starter - windows-latest - pnpm	Run smoke test	2025-09-17T04:34:22.2307967Z   skipStyleTests: true,
minimal starter - windows-latest - pnpm	Run smoke test	2025-09-17T04:34:22.2308229Z   packageManager: 'pnpm',
minimal starter - windows-latest - pnpm	Run smoke test	2025-09-17T04:34:22.2308480Z   sync: false
minimal starter - windows-latest - pnpm	Run smoke test	2025-09-17T04:34:22.2308674Z }
minimal starter - windows-latest - pnpm	Run smoke test	2025-09-17T04:34:22.2309365Z 2025-09-17T04:34:22.219Z rwsdk:smoke Setting up artifacts directory: D:/a/sdk/sdk/sdk/scripts/../../smoke-test-artifacts/minimal
minimal starter - windows-latest - pnpm	Run smoke test	2025-09-17T04:34:22.2310640Z 📁 Setting up artifacts directory: D:/a/sdk/sdk/sdk/scripts/../../smoke-test-artifacts/minimal
minimal starter - windows-latest - pnpm	Run smoke test	2025-09-17T04:34:22.2318905Z 2025-09-17T04:34:22.220Z rwsdk:smoke Artifacts directory already exists, removing it
minimal starter - windows-latest - pnpm	Run smoke test	2025-09-17T04:34:22.2320068Z 🧹 Cleaning existing artifacts directory
minimal starter - windows-latest - pnpm	Run smoke test	2025-09-17T04:34:22.2334326Z 2025-09-17T04:34:22.222Z rwsdk:smoke Created artifacts directory: D:/a/sdk/sdk/sdk/scripts/../../smoke-test-artifacts/minimal
minimal starter - windows-latest - pnpm	Run smoke test	2025-09-17T04:34:22.2337727Z 2025-09-17T04:34:22.222Z rwsdk:smoke Created artifacts subdirectory: D:\a\sdk\sdk\smoke-test-artifacts\minimal\screenshots
minimal starter - windows-latest - pnpm	Run smoke test	2025-09-17T04:34:22.2340858Z 2025-09-17T04:34:22.223Z rwsdk:smoke Created artifacts subdirectory: D:\a\sdk\sdk\smoke-test-artifacts\minimal\reports
minimal starter - windows-latest - pnpm	Run smoke test	2025-09-17T04:34:22.2344966Z 2025-09-17T04:34:22.223Z rwsdk:smoke Created artifacts subdirectory: D:\a\sdk\sdk\smoke-test-artifacts\minimal\logs
minimal starter - windows-latest - pnpm	Run smoke test	2025-09-17T04:34:22.2346013Z ✅ Artifacts directory structure created
minimal starter - windows-latest - pnpm	Run smoke test	2025-09-17T04:34:22.2357219Z 2025-09-17T04:34:22.224Z rwsdk:smoke Log directory permissions verified
minimal starter - windows-latest - pnpm	Run smoke test	2025-09-17T04:34:22.2366741Z 📝 Log files created in D:\a\sdk\sdk\smoke-test-artifacts\minimal\logs
minimal starter - windows-latest - pnpm	Run smoke test	2025-09-17T04:34:22.2368402Z 2025-09-17T04:34:22.225Z rwsdk:smoke Initialized log capturing to artifact files
minimal starter - windows-latest - pnpm	Run smoke test	2025-09-17T04:34:22.2369246Z 🔍 Preparing browser for testing...
minimal starter - windows-latest - pnpm	Run smoke test	2025-09-17T04:34:22.2371723Z Finding Chrome executable...
minimal starter - windows-latest - pnpm	Run smoke test	2025-09-17T04:34:22.2372274Z 2025-09-17T04:34:22.226Z rwsdk:smoke Detecting platform
minimal starter - windows-latest - pnpm	Run smoke test	2025-09-17T04:34:22.2373721Z 2025-09-17T04:34:22.226Z rwsdk:smoke Detected platform: win64
minimal starter - windows-latest - pnpm	Run smoke test	2025-09-17T04:34:22.2379894Z 2025-09-17T04:34:22.226Z rwsdk:smoke Using cache directory: C:\Users\RUNNER~1\AppData\Local\Temp\redwoodjs-smoke-test-cache
minimal starter - windows-latest - pnpm	Run smoke test	2025-09-17T04:34:22.2380586Z 2025-09-17T04:34:22.227Z rwsdk:smoke Using browser type: chrome-headless-shell
minimal starter - windows-latest - pnpm	Run smoke test	2025-09-17T04:34:22.2381094Z 2025-09-17T04:34:22.227Z rwsdk:smoke Resolving Chrome buildId for stable channel
minimal starter - windows-latest - pnpm	Run smoke test	2025-09-17T04:34:22.3039954Z 2025-09-17T04:34:22.292Z rwsdk:smoke Resolved buildId: 140.0.7339.82
minimal starter - windows-latest - pnpm	Run smoke test	2025-09-17T04:34:22.3040931Z 2025-09-17T04:34:22.293Z rwsdk:smoke Attempting to find existing Chrome installation
minimal starter - windows-latest - pnpm	Run smoke test	2025-09-17T04:34:22.3056725Z No Chrome installation found. Installing Chrome...
minimal starter - windows-latest - pnpm	Run smoke test	2025-09-17T04:34:22.3058120Z Downloading Chrome (this may take a few minutes)...
minimal starter - windows-latest - pnpm	Run smoke test	2025-09-17T04:34:26.5958598Z ✅ Chrome installation completed successfully
minimal starter - windows-latest - pnpm	Run smoke test	2025-09-17T04:34:26.5961150Z Installed and using Chrome at: C:\Users\RUNNER~1\AppData\Local\Temp\redwoodjs-smoke-test-cache\chrome-headless-shell\win64-140.0.7339.82\chrome-headless-shell-win64\chrome-headless-shell.exe
minimal starter - windows-latest - pnpm	Run smoke test	2025-09-17T04:34:26.5963201Z 2025-09-17T04:34:26.585Z rwsdk:smoke Setting up test environment
minimal starter - windows-latest - pnpm	Run smoke test	2025-09-17T04:34:26.5965235Z ✅ Browser ready at: C:\Users\RUNNER~1\AppData\Local\Temp\redwoodjs-smoke-test-cache\chrome-headless-shell\win64-140.0.7339.82\chrome-headless-shell-win64\chrome-headless-shell.exe
minimal starter - windows-latest - pnpm	Run smoke test	2025-09-17T04:34:26.5966971Z 2025-09-17T04:34:26.585Z rwsdk:smoke Setting up test environment with options: {
minimal starter - windows-latest - pnpm	Run smoke test	2025-09-17T04:34:26.5967746Z   skipDev: false,
minimal starter - windows-latest - pnpm	Run smoke test	2025-09-17T04:34:26.5968126Z   skipRelease: false,
minimal starter - windows-latest - pnpm	Run smoke test	2025-09-17T04:34:26.5968493Z   skipClient: false,
minimal starter - windows-latest - pnpm	Run smoke test	2025-09-17T04:34:26.5969315Z   projectDir: 'C:/Users/RUNNER~1/AppData/Local/Temp/tmp.Vulrz6MboJ/test-project',
minimal starter - windows-latest - pnpm	Run smoke test	2025-09-17T04:34:26.5970428Z   artifactDir: 'D:/a/sdk/sdk/sdk/scripts/../../smoke-test-artifacts/minimal',
minimal starter - windows-latest - pnpm	Run smoke test	2025-09-17T04:34:26.5971150Z   keep: true,
minimal starter - windows-latest - pnpm	Run smoke test	2025-09-17T04:34:26.5971458Z   headless: true,
minimal starter - windows-latest - pnpm	Run smoke test	2025-09-17T04:34:26.5971751Z   ci: false,
minimal starter - windows-latest - pnpm	Run smoke test	2025-09-17T04:34:26.5972305Z   bail: false,
minimal starter - windows-latest - pnpm	Run smoke test	2025-09-17T04:34:26.5972635Z   copyProject: false,
minimal starter - windows-latest - pnpm	Run smoke test	2025-09-17T04:34:26.5972994Z   realtime: false,
minimal starter - windows-latest - pnpm	Run smoke test	2025-09-17T04:34:26.5973367Z   skipHmr: false,
minimal starter - windows-latest - pnpm	Run smoke test	2025-09-17T04:34:26.5973686Z   skipStyleTests: true,
minimal starter - windows-latest - pnpm	Run smoke test	2025-09-17T04:34:26.5974037Z   packageManager: 'pnpm',
minimal starter - windows-latest - pnpm	Run smoke test	2025-09-17T04:34:26.5974390Z   sync: false
minimal starter - windows-latest - pnpm	Run smoke test	2025-09-17T04:34:26.5974675Z }
minimal starter - windows-latest - pnpm	Run smoke test	2025-09-17T04:34:26.5975889Z 2025-09-17T04:34:26.586Z rwsdk:smoke Current working directory: D:\a\sdk\sdk\sdk
minimal starter - windows-latest - pnpm	Run smoke test	2025-09-17T04:34:26.5976678Z 2025-09-17T04:34:26.586Z rwsdk:smoke Project directory specified: C:/Users/RUNNER~1/AppData/Local/Temp/tmp.Vulrz6MboJ/test-project
minimal starter - windows-latest - pnpm	Run smoke test	2025-09-17T04:34:26.5978429Z 2025-09-17T04:34:26.586Z rwsdk:smoke Creating temporary directory for project
minimal starter - windows-latest - pnpm	Run smoke test	2025-09-17T04:34:26.5992827Z Copying project from C:/Users/RUNNER~1/AppData/Local/Temp/tmp.Vulrz6MboJ/test-project to C:\Users\RUNNER~1\AppData\Local\Temp\tmp-2964-i4VM67eMVsRv\test-project-smoke-test-obedient-macaw-3278dec6
minimal starter - windows-latest - pnpm	Run smoke test	2025-09-17T04:34:26.5996728Z 2025-09-17T04:34:26.588Z rwsdk:smoke Found .gitignore file at C:\Users\RUNNER~1\AppData\Local\Temp\tmp.Vulrz6MboJ\test-project\.gitignore
minimal starter - windows-latest - pnpm	Run smoke test	2025-09-17T04:34:26.6019584Z 2025-09-17T04:34:26.590Z rwsdk:smoke Starting copy process with ignored patterns
minimal starter - windows-latest - pnpm	Run smoke test	2025-09-17T04:34:26.6519392Z 2025-09-17T04:34:26.640Z rwsdk:smoke Project copy completed successfully
minimal starter - windows-latest - pnpm	Run smoke test	2025-09-17T04:34:26.6521601Z 2025-09-17T04:34:26.641Z rwsdk:smoke Running pnpm install
minimal starter - windows-latest - pnpm	Run smoke test	2025-09-17T04:34:26.6523424Z 📦 Installing project dependencies in C:\Users\RUNNER~1\AppData\Local\Temp\tmp-2964-i4VM67eMVsRv\test-project-smoke-test-obedient-macaw-3278dec6 using pnpm...
minimal starter - windows-latest - pnpm	Run smoke test	2025-09-17T04:34:43.4873992Z ✅ Dependencies installed successfully
minimal starter - windows-latest - pnpm	Run smoke test	2025-09-17T04:34:43.4875029Z 2025-09-17T04:34:43.476Z rwsdk:smoke pnpm install output: Lockfile is up to date, resolution step is skipped
minimal starter - windows-latest - pnpm	Run smoke test	2025-09-17T04:34:43.4875704Z Progress: resolved 1, reused 0, downloaded 0, added 0
minimal starter - windows-latest - pnpm	Run smoke test	2025-09-17T04:34:43.4876067Z Packages: +369
minimal starter - windows-latest - pnpm	Run smoke test	2025-09-17T04:34:43.4876368Z ++++++++++++++++++++++++++++++++++++++++++++++++++++++++++++++++++++++++++++++++
minimal starter - windows-latest - pnpm	Run smoke test	2025-09-17T04:34:43.4876775Z Progress: resolved 369, reused 369, downloaded 0, added 0
minimal starter - windows-latest - pnpm	Run smoke test	2025-09-17T04:34:43.4877171Z Progress: resolved 369, reused 369, downloaded 0, added 28
minimal starter - windows-latest - pnpm	Run smoke test	2025-09-17T04:34:43.4877580Z Progress: resolved 369, reused 369, downloaded 0, added 39
minimal starter - windows-latest - pnpm	Run smoke test	2025-09-17T04:34:43.4878141Z Progress: resolved 369, reused 369, downloaded 0, added 90
minimal starter - windows-latest - pnpm	Run smoke test	2025-09-17T04:34:43.4878674Z Progress: resolved 369, reused 369, downloaded 0, added 91
minimal starter - windows-latest - pnpm	Run smoke test	2025-09-17T04:34:43.4879109Z Progress: resolved 369, reused 369, downloaded 0, added 93
minimal starter - windows-latest - pnpm	Run smoke test	2025-09-17T04:34:43.4879531Z Progress: resolved 369, reused 369, downloaded 0, added 143
minimal starter - windows-latest - pnpm	Run smoke test	2025-09-17T04:34:43.4880092Z Progress: resolved 369, reused 369, downloaded 0, added 236
minimal starter - windows-latest - pnpm	Run smoke test	2025-09-17T04:34:43.4881141Z Progress: resolved 369, reused 369, downloaded 0, added 241
minimal starter - windows-latest - pnpm	Run smoke test	2025-09-17T04:34:43.4881780Z Progress: resolved 369, reused 369, downloaded 0, added 293
minimal starter - windows-latest - pnpm	Run smoke test	2025-09-17T04:34:43.4882204Z Progress: resolved 369, reused 369, downloaded 0, added 322
minimal starter - windows-latest - pnpm	Run smoke test	2025-09-17T04:34:43.4882634Z Progress: resolved 369, reused 369, downloaded 0, added 329
minimal starter - windows-latest - pnpm	Run smoke test	2025-09-17T04:34:43.4883047Z Progress: resolved 369, reused 369, downloaded 0, added 330
minimal starter - windows-latest - pnpm	Run smoke test	2025-09-17T04:34:43.4883438Z Progress: resolved 369, reused 369, downloaded 0, added 368
minimal starter - windows-latest - pnpm	Run smoke test	2025-09-17T04:34:43.4883853Z Progress: resolved 369, reused 369, downloaded 0, added 369, done
minimal starter - windows-latest - pnpm	Run smoke test	2025-09-17T04:34:43.4884292Z .../sharp@0.33.5/node_modules/sharp install$ node install/check
minimal starter - windows-latest - pnpm	Run smoke test	2025-09-17T04:34:43.4884727Z .../esbuild@0.25.9/node_modules/esbuild postinstall$ node install.js
minimal starter - windows-latest - pnpm	Run smoke test	2025-09-17T04:34:43.4885120Z .../node_modules/workerd postinstall$ node install.js
minimal starter - windows-latest - pnpm	Run smoke test	2025-09-17T04:34:43.4885484Z .../node_modules/workerd postinstall$ node install.js
minimal starter - windows-latest - pnpm	Run smoke test	2025-09-17T04:34:43.4885885Z .../esbuild@0.25.4/node_modules/esbuild postinstall$ node install.js
minimal starter - windows-latest - pnpm	Run smoke test	2025-09-17T04:34:43.4886271Z .../sharp@0.33.5/node_modules/sharp install: Done
minimal starter - windows-latest - pnpm	Run smoke test	2025-09-17T04:34:43.4886634Z .../esbuild@0.25.9/node_modules/esbuild postinstall: Done
minimal starter - windows-latest - pnpm	Run smoke test	2025-09-17T04:34:43.4887229Z .../node_modules/workerd postinstall: Done
minimal starter - windows-latest - pnpm	Run smoke test	2025-09-17T04:34:43.4887548Z .../node_modules/workerd postinstall: Done
minimal starter - windows-latest - pnpm	Run smoke test	2025-09-17T04:34:43.4887884Z .../esbuild@0.25.4/node_modules/esbuild postinstall: Done
minimal starter - windows-latest - pnpm	Run smoke test	2025-09-17T04:34:43.4888097Z 
minimal starter - windows-latest - pnpm	Run smoke test	2025-09-17T04:34:43.4888172Z dependencies:
minimal starter - windows-latest - pnpm	Run smoke test	2025-09-17T04:34:43.4888412Z + react 19.2.0-canary-3fb190f7-20250908
minimal starter - windows-latest - pnpm	Run smoke test	2025-09-17T04:34:43.4888709Z + react-dom 19.2.0-canary-3fb190f7-20250908
minimal starter - windows-latest - pnpm	Run smoke test	2025-09-17T04:34:43.4889071Z + react-server-dom-webpack 19.2.0-canary-3fb190f7-20250908
minimal starter - windows-latest - pnpm	Run smoke test	2025-09-17T04:34:43.4889362Z + rwsdk 1.0.0-alpha.3
minimal starter - windows-latest - pnpm	Run smoke test	2025-09-17T04:34:43.4889489Z 
minimal starter - windows-latest - pnpm	Run smoke test	2025-09-17T04:34:43.4889563Z devDependencies:
minimal starter - windows-latest - pnpm	Run smoke test	2025-09-17T04:34:43.4889798Z + @cloudflare/vite-plugin 1.12.4
minimal starter - windows-latest - pnpm	Run smoke test	2025-09-17T04:34:43.4890204Z + @cloudflare/workers-types 4.20250913.0
minimal starter - windows-latest - pnpm	Run smoke test	2025-09-17T04:34:43.4890444Z + @types/node 22.14.0
minimal starter - windows-latest - pnpm	Run smoke test	2025-09-17T04:34:43.4890644Z + @types/react 19.1.2
minimal starter - windows-latest - pnpm	Run smoke test	2025-09-17T04:34:43.4890844Z + @types/react-dom 19.1.2
minimal starter - windows-latest - pnpm	Run smoke test	2025-09-17T04:34:43.4891064Z + typescript 5.8.3
minimal starter - windows-latest - pnpm	Run smoke test	2025-09-17T04:34:43.4891256Z + vite 7.1.5
minimal starter - windows-latest - pnpm	Run smoke test	2025-09-17T04:34:43.4891431Z + wrangler 4.35.0
minimal starter - windows-latest - pnpm	Run smoke test	2025-09-17T04:34:43.4891546Z 
minimal starter - windows-latest - pnpm	Run smoke test	2025-09-17T04:34:43.4891660Z Done in 16.7s using pnpm v10.16.1
minimal starter - windows-latest - pnpm	Run smoke test	2025-09-17T04:34:43.4892398Z 2025-09-17T04:34:43.476Z rwsdk:smoke Target directory: C:\Users\RUNNER~1\AppData\Local\Temp\tmp-2964-i4VM67eMVsRv\test-project-smoke-test-obedient-macaw-3278dec6
minimal starter - windows-latest - pnpm	Run smoke test	2025-09-17T04:34:43.4893121Z 2025-09-17T04:34:43.476Z rwsdk:smoke Creating smoke test components
minimal starter - windows-latest - pnpm	Run smoke test	2025-09-17T04:34:43.4894278Z 2025-09-17T04:34:43.476Z rwsdk:smoke Creating components directory: C:\Users\RUNNER~1\AppData\Local\Temp\tmp-2964-i4VM67eMVsRv\test-project-smoke-test-obedient-macaw-3278dec6\src\app\components
minimal starter - windows-latest - pnpm	Run smoke test	2025-09-17T04:34:43.4895059Z Creating smoke test components in project...
minimal starter - windows-latest - pnpm	Run smoke test	2025-09-17T04:34:43.4898343Z 2025-09-17T04:34:43.478Z rwsdk:smoke Creating __smokeTestFunctions.ts at: C:\Users\RUNNER~1\AppData\Local\Temp\tmp-2964-i4VM67eMVsRv\test-project-smoke-test-obedient-macaw-3278dec6\src\app\components\__smokeTestFunctions.ts
minimal starter - windows-latest - pnpm	Run smoke test	2025-09-17T04:34:43.4900692Z 2025-09-17T04:34:43.478Z rwsdk:smoke Creating __SmokeTest.tsx at: C:\Users\RUNNER~1\AppData\Local\Temp\tmp-2964-i4VM67eMVsRv\test-project-smoke-test-obedient-macaw-3278dec6\src\app\components\__SmokeTest.tsx
minimal starter - windows-latest - pnpm	Run smoke test	2025-09-17T04:34:43.4901796Z 2025-09-17T04:34:43.478Z rwsdk:smoke Writing SmokeTestFunctions file
minimal starter - windows-latest - pnpm	Run smoke test	2025-09-17T04:34:43.4931316Z 2025-09-17T04:34:43.481Z rwsdk:smoke Writing SmokeTest component file
minimal starter - windows-latest - pnpm	Run smoke test	2025-09-17T04:34:43.4939777Z 2025-09-17T04:34:43.482Z rwsdk:smoke Creating smoke test stylesheets in project...
minimal starter - windows-latest - pnpm	Run smoke test	2025-09-17T04:34:43.4946547Z 2025-09-17T04:34:43.483Z rwsdk:smoke Creating smokeTestClientStyles.module.css at: C:\Users\RUNNER~1\AppData\Local\Temp\tmp-2964-i4VM67eMVsRv\test-project-smoke-test-obedient-macaw-3278dec6\src\app\components\smokeTestClientStyles.module.css
minimal starter - windows-latest - pnpm	Run smoke test	2025-09-17T04:34:43.4970455Z 2025-09-17T04:34:43.485Z rwsdk:smoke Creating smokeTestUrlStyles.css at: C:\Users\RUNNER~1\AppData\Local\Temp\tmp-2964-i4VM67eMVsRv\test-project-smoke-test-obedient-macaw-3278dec6\src\app\smokeTestUrlStyles.css
minimal starter - windows-latest - pnpm	Run smoke test	2025-09-17T04:34:43.4976912Z 2025-09-17T04:34:43.486Z rwsdk:smoke Modifying Document.tsx to include URL stylesheet at: C:\Users\RUNNER~1\AppData\Local\Temp\tmp-2964-i4VM67eMVsRv\test-project-smoke-test-obedient-macaw-3278dec6\src\app\Document.tsx
minimal starter - windows-latest - pnpm	Run smoke test	2025-09-17T04:34:43.4991671Z 2025-09-17T04:34:43.488Z rwsdk:smoke Successfully modified Document.tsx with CSS URL import pattern
minimal starter - windows-latest - pnpm	Run smoke test	2025-09-17T04:34:43.4992306Z 2025-09-17T04:34:43.488Z rwsdk:smoke Smoke test stylesheets created successfully
minimal starter - windows-latest - pnpm	Run smoke test	2025-09-17T04:34:43.4993560Z 2025-09-17T04:34:43.488Z rwsdk:smoke Creating __SmokeTestClient.tsx at: C:\Users\RUNNER~1\AppData\Local\Temp\tmp-2964-i4VM67eMVsRv\test-project-smoke-test-obedient-macaw-3278dec6\src\app\components\__SmokeTestClient.tsx
minimal starter - windows-latest - pnpm	Run smoke test	2025-09-17T04:34:43.4995157Z 2025-09-17T04:34:43.488Z rwsdk:smoke Writing SmokeTestClient component file
minimal starter - windows-latest - pnpm	Run smoke test	2025-09-17T04:34:43.5026456Z 2025-09-17T04:34:43.491Z rwsdk:smoke Created client-side smoke test component
minimal starter - windows-latest - pnpm	Run smoke test	2025-09-17T04:34:43.5031460Z 2025-09-17T04:34:43.492Z rwsdk:smoke Modifying worker.tsx and wrangler.jsonc for realtime support
minimal starter - windows-latest - pnpm	Run smoke test	2025-09-17T04:34:43.5033752Z 2025-09-17T04:34:43.492Z rwsdk:smoke Found worker.tsx, checking for realtime code
minimal starter - windows-latest - pnpm	Run smoke test	2025-09-17T04:34:43.5038079Z 2025-09-17T04:34:43.492Z rwsdk:smoke Need to modify worker.tsx for realtime and smoke test support
minimal starter - windows-latest - pnpm	Run smoke test	2025-09-17T04:34:43.5040470Z 2025-09-17T04:34:43.493Z rwsdk:smoke Added SmokeTest import to the beginning of the file
minimal starter - windows-latest - pnpm	Run smoke test	2025-09-17T04:34:43.5041918Z 2025-09-17T04:34:43.493Z rwsdk:smoke Added realtimeRoute to defineApp
minimal starter - windows-latest - pnpm	Run smoke test	2025-09-17T04:34:43.5043108Z 2025-09-17T04:34:43.493Z rwsdk:smoke Added smoke test route to defineApp
minimal starter - windows-latest - pnpm	Run smoke test	2025-09-17T04:34:43.5050225Z 2025-09-17T04:34:43.493Z rwsdk:smoke Successfully modified worker.tsx
minimal starter - windows-latest - pnpm	Run smoke test	2025-09-17T04:34:43.5052881Z 2025-09-17T04:34:43.494Z rwsdk:smoke Found wrangler.jsonc, checking for realtime durable objects
minimal starter - windows-latest - pnpm	Run smoke test	2025-09-17T04:34:43.5073048Z 2025-09-17T04:34:43.496Z rwsdk:smoke Need to modify wrangler.jsonc for realtime support
minimal starter - windows-latest - pnpm	Run smoke test	2025-09-17T04:34:43.5073854Z 2025-09-17T04:34:43.496Z rwsdk:smoke Added REALTIME_DURABLE_OBJECT to durable_objects bindings
minimal starter - windows-latest - pnpm	Run smoke test	2025-09-17T04:34:43.5074639Z 2025-09-17T04:34:43.496Z rwsdk:smoke Added new migrations with RealtimeDurableObject
minimal starter - windows-latest - pnpm	Run smoke test	2025-09-17T04:34:43.5083351Z 2025-09-17T04:34:43.497Z rwsdk:smoke Successfully modified wrangler.jsonc
minimal starter - windows-latest - pnpm	Run smoke test	2025-09-17T04:34:43.5084383Z 2025-09-17T04:34:43.497Z rwsdk:smoke Smoke test components created successfully
minimal starter - windows-latest - pnpm	Run smoke test	2025-09-17T04:34:43.5085094Z Created smoke test components:
minimal starter - windows-latest - pnpm	Run smoke test	2025-09-17T04:34:43.5086421Z - C:\Users\RUNNER~1\AppData\Local\Temp\tmp-2964-i4VM67eMVsRv\test-project-smoke-test-obedient-macaw-3278dec6\src\app\components\__smokeTestFunctions.ts
minimal starter - windows-latest - pnpm	Run smoke test	2025-09-17T04:34:43.5088443Z - C:\Users\RUNNER~1\AppData\Local\Temp\tmp-2964-i4VM67eMVsRv\test-project-smoke-test-obedient-macaw-3278dec6\src\app\components\__SmokeTest.tsx
minimal starter - windows-latest - pnpm	Run smoke test	2025-09-17T04:34:43.5089808Z 2025-09-17T04:34:43.497Z rwsdk:smoke Starting development server
minimal starter - windows-latest - pnpm	Run smoke test	2025-09-17T04:34:43.5091252Z - C:\Users\RUNNER~1\AppData\Local\Temp\tmp-2964-i4VM67eMVsRv\test-project-smoke-test-obedient-macaw-3278dec6\src\app\components\__SmokeTestClient.tsx
minimal starter - windows-latest - pnpm	Run smoke test	2025-09-17T04:34:43.5093249Z - C:\Users\RUNNER~1\AppData\Local\Temp\tmp-2964-i4VM67eMVsRv\test-project-smoke-test-obedient-macaw-3278dec6\src\app\components\smokeTestClientStyles.module.css
minimal starter - windows-latest - pnpm	Run smoke test	2025-09-17T04:34:43.5095090Z - C:\Users\RUNNER~1\AppData\Local\Temp\tmp-2964-i4VM67eMVsRv\test-project-smoke-test-obedient-macaw-3278dec6\src\app\smokeTestUrlStyles.css
minimal starter - windows-latest - pnpm	Run smoke test	2025-09-17T04:34:43.5096340Z 🚀 Starting development server...
minimal starter - windows-latest - pnpm	Run smoke test	2025-09-17T04:34:43.5107056Z 2025-09-17T04:34:43.499Z rwsdk:smoke Running in CI mode, disabling colors for dev server output
minimal starter - windows-latest - pnpm	Run smoke test	2025-09-17T04:34:43.5231559Z 2025-09-17T04:34:43.511Z rwsdk:smoke Development server process spawned in directory: C:\Users\RUNNER~1\AppData\Local\Temp\tmp-2964-i4VM67eMVsRv\test-project-smoke-test-obedient-macaw-3278dec6
minimal starter - windows-latest - pnpm	Run smoke test	2025-09-17T04:34:43.5232674Z 2025-09-17T04:34:43.512Z rwsdk:smoke Setting up stream listeners. Available streams: all=true, stdout=true, stderr=true
minimal starter - windows-latest - pnpm	Run smoke test	2025-09-17T04:34:43.9242156Z 
minimal starter - windows-latest - pnpm	Run smoke test	2025-09-17T04:34:43.9244024Z > @redwoodjs/starter-minimal@1.0.0 dev C:\Users\RUNNER~1\AppData\Local\Temp\tmp-2964-i4VM67eMVsRv\test-project-smoke-test-obedient-macaw-3278dec6
minimal starter - windows-latest - pnpm	Run smoke test	2025-09-17T04:34:43.9247056Z 2025-09-17T04:34:43.913Z rwsdk:smoke Received output from all: \n> @redwoodjs/starter-minimal@1.0.0 dev C:\Users\RUNNER~1\AppData\Local\Temp\tmp-2964-i4VM67eMVsRv\test-project-smoke-test-obedient-macaw-3278dec6\n> vite dev\n\n
minimal starter - windows-latest - pnpm	Run smoke test	2025-09-17T04:34:43.9248907Z > vite dev
minimal starter - windows-latest - pnpm	Run smoke test	2025-09-17T04:34:43.9249130Z 
minimal starter - windows-latest - pnpm	Run smoke test	2025-09-17T04:34:43.9249160Z 
minimal starter - windows-latest - pnpm	Run smoke test	2025-09-17T04:34:43.9251154Z 2025-09-17T04:34:43.913Z rwsdk:smoke Testing pattern Local:\s*(?:\u001b\[\d+m)?(https?:\/\/localhost:\d+) against output: \n> @redwoodjs/starter-minimal@1.0.0 dev C:\Users\RUNNER~1\AppData\Local\Temp\tmp-2964-i4VM67eMVsRv\test-project-smoke-test-obedient-macaw-3278dec6\n> vite dev\n\n
minimal starter - windows-latest - pnpm	Run smoke test	2025-09-17T04:34:43.9255171Z 2025-09-17T04:34:43.913Z rwsdk:smoke Testing pattern [➜→]\s*Local:\s*(?:\u001b\[\d+m)?(https?:\/\/localhost:\d+) against output: \n> @redwoodjs/starter-minimal@1.0.0 dev C:\Users\RUNNER~1\AppData\Local\Temp\tmp-2964-i4VM67eMVsRv\test-project-smoke-test-obedient-macaw-3278dec6\n> vite dev\n\n
minimal starter - windows-latest - pnpm	Run smoke test	2025-09-17T04:34:43.9258990Z 2025-09-17T04:34:43.913Z rwsdk:smoke Testing pattern [\u27A1\u2192\u279C]\s*Local:\s*(?:\u001b\[\d+m)?(https?:\/\/localhost:\d+) against output: \n> @redwoodjs/starter-minimal@1.0.0 dev C:\Users\RUNNER~1\AppData\Local\Temp\tmp-2964-i4VM67eMVsRv\test-project-smoke-test-obedient-macaw-3278dec6\n> vite dev\n\n
minimal starter - windows-latest - pnpm	Run smoke test	2025-09-17T04:34:43.9262341Z 2025-09-17T04:34:43.913Z rwsdk:smoke Testing pattern (https?:\/\/localhost:\d+) against output: \n> @redwoodjs/starter-minimal@1.0.0 dev C:\Users\RUNNER~1\AppData\Local\Temp\tmp-2964-i4VM67eMVsRv\test-project-smoke-test-obedient-macaw-3278dec6\n> vite dev\n\n
minimal starter - windows-latest - pnpm	Run smoke test	2025-09-17T04:34:43.9265604Z 2025-09-17T04:34:43.914Z rwsdk:smoke Testing pattern localhost:(\d+) against output: \n> @redwoodjs/starter-minimal@1.0.0 dev C:\Users\RUNNER~1\AppData\Local\Temp\tmp-2964-i4VM67eMVsRv\test-project-smoke-test-obedient-macaw-3278dec6\n> vite dev\n\n
minimal starter - windows-latest - pnpm	Run smoke test	2025-09-17T04:34:43.9269162Z 2025-09-17T04:34:43.914Z rwsdk:smoke Testing pattern server.*ready.*localhost:(\d+) against output: \n> @redwoodjs/starter-minimal@1.0.0 dev C:\Users\RUNNER~1\AppData\Local\Temp\tmp-2964-i4VM67eMVsRv\test-project-smoke-test-obedient-macaw-3278dec6\n> vite dev\n\n
minimal starter - windows-latest - pnpm	Run smoke test	2025-09-17T04:34:43.9272077Z 2025-09-17T04:34:43.914Z rwsdk:smoke Testing pattern dev server.*localhost:(\d+) against output: \n> @redwoodjs/starter-minimal@1.0.0 dev C:\Users\RUNNER~1\AppData\Local\Temp\tmp-2964-i4VM67eMVsRv\test-project-smoke-test-obedient-macaw-3278dec6\n> vite dev\n\n
minimal starter - windows-latest - pnpm	Run smoke test	2025-09-17T04:34:43.9274816Z 2025-09-17T04:34:43.914Z rwsdk:smoke Potential URL pattern found but not matched: > @redwoodjs/starter-minimal@1.0.0 dev C:\Users\RUNNER~1\AppData\Local\Temp\tmp-2964-i4VM67eMVsRv\test-project-smoke-test-obedient-macaw-3278dec6
minimal starter - windows-latest - pnpm	Run smoke test	2025-09-17T04:34:43.9276166Z > vite dev
minimal starter - windows-latest - pnpm	Run smoke test	2025-09-17T04:34:43.9277671Z 2025-09-17T04:34:43.914Z rwsdk:smoke Received output from stdout: \n> @redwoodjs/starter-minimal@1.0.0 dev C:\Users\RUNNER~1\AppData\Local\Temp\tmp-2964-i4VM67eMVsRv\test-project-smoke-test-obedient-macaw-3278dec6\n> vite dev\n\n
minimal starter - windows-latest - pnpm	Run smoke test	2025-09-17T04:34:43.9280721Z 2025-09-17T04:34:43.914Z rwsdk:smoke Testing pattern Local:\s*(?:\u001b\[\d+m)?(https?:\/\/localhost:\d+) against output: \n> @redwoodjs/starter-minimal@1.0.0 dev C:\Users\RUNNER~1\AppData\Local\Temp\tmp-2964-i4VM67eMVsRv\test-project-smoke-test-obedient-macaw-3278dec6\n> vite dev\n\n
minimal starter - windows-latest - pnpm	Run smoke test	2025-09-17T04:34:43.9284381Z 2025-09-17T04:34:43.914Z rwsdk:smoke Testing pattern [➜→]\s*Local:\s*(?:\u001b\[\d+m)?(https?:\/\/localhost:\d+) against output: \n> @redwoodjs/starter-minimal@1.0.0 dev C:\Users\RUNNER~1\AppData\Local\Temp\tmp-2964-i4VM67eMVsRv\test-project-smoke-test-obedient-macaw-3278dec6\n> vite dev\n\n
minimal starter - windows-latest - pnpm	Run smoke test	2025-09-17T04:34:43.9287868Z 2025-09-17T04:34:43.914Z rwsdk:smoke Testing pattern [\u27A1\u2192\u279C]\s*Local:\s*(?:\u001b\[\d+m)?(https?:\/\/localhost:\d+) against output: \n> @redwoodjs/starter-minimal@1.0.0 dev C:\Users\RUNNER~1\AppData\Local\Temp\tmp-2964-i4VM67eMVsRv\test-project-smoke-test-obedient-macaw-3278dec6\n> vite dev\n\n
minimal starter - windows-latest - pnpm	Run smoke test	2025-09-17T04:34:43.9291147Z 2025-09-17T04:34:43.915Z rwsdk:smoke Testing pattern (https?:\/\/localhost:\d+) against output: \n> @redwoodjs/starter-minimal@1.0.0 dev C:\Users\RUNNER~1\AppData\Local\Temp\tmp-2964-i4VM67eMVsRv\test-project-smoke-test-obedient-macaw-3278dec6\n> vite dev\n\n
minimal starter - windows-latest - pnpm	Run smoke test	2025-09-17T04:34:43.9294013Z 2025-09-17T04:34:43.915Z rwsdk:smoke Testing pattern localhost:(\d+) against output: \n> @redwoodjs/starter-minimal@1.0.0 dev C:\Users\RUNNER~1\AppData\Local\Temp\tmp-2964-i4VM67eMVsRv\test-project-smoke-test-obedient-macaw-3278dec6\n> vite dev\n\n
minimal starter - windows-latest - pnpm	Run smoke test	2025-09-17T04:34:43.9295315Z 
minimal starter - windows-latest - pnpm	Run smoke test	2025-09-17T04:34:43.9296182Z > @redwoodjs/starter-minimal@1.0.0 dev C:\Users\RUNNER~1\AppData\Local\Temp\tmp-2964-i4VM67eMVsRv\test-project-smoke-test-obedient-macaw-3278dec6
minimal starter - windows-latest - pnpm	Run smoke test	2025-09-17T04:34:43.9297417Z > vite dev
minimal starter - windows-latest - pnpm	Run smoke test	2025-09-17T04:34:43.9297605Z 
minimal starter - windows-latest - pnpm	Run smoke test	2025-09-17T04:34:43.9297615Z 
minimal starter - windows-latest - pnpm	Run smoke test	2025-09-17T04:34:43.9299592Z 2025-09-17T04:34:43.915Z rwsdk:smoke Testing pattern server.*ready.*localhost:(\d+) against output: \n> @redwoodjs/starter-minimal@1.0.0 dev C:\Users\RUNNER~1\AppData\Local\Temp\tmp-2964-i4VM67eMVsRv\test-project-smoke-test-obedient-macaw-3278dec6\n> vite dev\n\n
minimal starter - windows-latest - pnpm	Run smoke test	2025-09-17T04:34:43.9302843Z 2025-09-17T04:34:43.915Z rwsdk:smoke Testing pattern dev server.*localhost:(\d+) against output: \n> @redwoodjs/starter-minimal@1.0.0 dev C:\Users\RUNNER~1\AppData\Local\Temp\tmp-2964-i4VM67eMVsRv\test-project-smoke-test-obedient-macaw-3278dec6\n> vite dev\n\n
minimal starter - windows-latest - pnpm	Run smoke test	2025-09-17T04:34:43.9305632Z 2025-09-17T04:34:43.915Z rwsdk:smoke Potential URL pattern found but not matched: > @redwoodjs/starter-minimal@1.0.0 dev C:\Users\RUNNER~1\AppData\Local\Temp\tmp-2964-i4VM67eMVsRv\test-project-smoke-test-obedient-macaw-3278dec6
minimal starter - windows-latest - pnpm	Run smoke test	2025-09-17T04:34:43.9307156Z > vite dev
minimal starter - windows-latest - pnpm	Run smoke test	2025-09-17T04:34:44.0262433Z 2025-09-17T04:34:44.014Z rwsdk:smoke Checking accumulated output for URL patterns: \n> @redwoodjs/starter-minimal@1.0.0 dev C:\Users\RUNNER~1\AppData\Local\Temp\tmp-2964-i4VM67eMVsRv\test-project-smoke-test-obedient-macaw-3278dec6\n> vite dev\n\n\n> @redwoodjs/starter-minimal@1.0.0 dev C:\Users\RUNNER~1\AppData\Local\Temp\tmp-2964-i4VM67eMVsRv\test-project-smoke-test-obedient-macaw-3278dec6\n> vite dev\n\n
minimal starter - windows-latest - pnpm	Run smoke test	2025-09-17T04:34:44.5273359Z 2025-09-17T04:34:44.515Z rwsdk:smoke Checking accumulated output for URL patterns: \n> @redwoodjs/starter-minimal@1.0.0 dev C:\Users\RUNNER~1\AppData\Local\Temp\tmp-2964-i4VM67eMVsRv\test-project-smoke-test-obedient-macaw-3278dec6\n> vite dev\n\n\n> @redwoodjs/starter-minimal@1.0.0 dev C:\Users\RUNNER~1\AppData\Local\Temp\tmp-2964-i4VM67eMVsRv\test-project-smoke-test-obedient-macaw-3278dec6\n> vite dev\n\n
minimal starter - windows-latest - pnpm	Run smoke test	2025-09-17T04:34:45.0432392Z 2025-09-17T04:34:45.031Z rwsdk:smoke Checking accumulated output for URL patterns: \n> @redwoodjs/starter-minimal@1.0.0 dev C:\Users\RUNNER~1\AppData\Local\Temp\tmp-2964-i4VM67eMVsRv\test-project-smoke-test-obedient-macaw-3278dec6\n> vite dev\n\n\n> @redwoodjs/starter-minimal@1.0.0 dev C:\Users\RUNNER~1\AppData\Local\Temp\tmp-2964-i4VM67eMVsRv\test-project-smoke-test-obedient-macaw-3278dec6\n> vite dev\n\n
minimal starter - windows-latest - pnpm	Run smoke test	2025-09-17T04:34:45.5439288Z 2025-09-17T04:34:45.532Z rwsdk:smoke Checking accumulated output for URL patterns: \n> @redwoodjs/starter-minimal@1.0.0 dev C:\Users\RUNNER~1\AppData\Local\Temp\tmp-2964-i4VM67eMVsRv\test-project-smoke-test-obedient-macaw-3278dec6\n> vite dev\n\n\n> @redwoodjs/starter-minimal@1.0.0 dev C:\Users\RUNNER~1\AppData\Local\Temp\tmp-2964-i4VM67eMVsRv\test-project-smoke-test-obedient-macaw-3278dec6\n> vite dev\n\n
minimal starter - windows-latest - pnpm	Run smoke test	2025-09-17T04:34:45.7909388Z 🚀 Project has no .wrangler directory yet, assuming fresh install: running `npm run dev:init`...
minimal starter - windows-latest - pnpm	Run smoke test	2025-09-17T04:34:45.7911485Z 2025-09-17T04:34:45.779Z rwsdk:smoke Received output from all: 🚀 Project has no .wrangler directory yet, assuming fresh install: running `npm run dev:init`...\n
minimal starter - windows-latest - pnpm	Run smoke test	2025-09-17T04:34:45.7912391Z 
minimal starter - windows-latest - pnpm	Run smoke test	2025-09-17T04:34:45.7914332Z 2025-09-17T04:34:45.780Z rwsdk:smoke Testing pattern Local:\s*(?:\u001b\[\d+m)?(https?:\/\/localhost:\d+) against output: 🚀 Project has no .wrangler directory yet, assuming fresh install: running `npm run dev:init`...\n
minimal starter - windows-latest - pnpm	Run smoke test	2025-09-17T04:34:45.7917041Z 2025-09-17T04:34:45.780Z rwsdk:smoke Testing pattern [➜→]\s*Local:\s*(?:\u001b\[\d+m)?(https?:\/\/localhost:\d+) against output: 🚀 Project has no .wrangler directory yet, assuming fresh install: running `npm run dev:init`...\n
minimal starter - windows-latest - pnpm	Run smoke test	2025-09-17T04:34:45.7919484Z 2025-09-17T04:34:45.780Z rwsdk:smoke Testing pattern [\u27A1\u2192\u279C]\s*Local:\s*(?:\u001b\[\d+m)?(https?:\/\/localhost:\d+) against output: 🚀 Project has no .wrangler directory yet, assuming fresh install: running `npm run dev:init`...\n
minimal starter - windows-latest - pnpm	Run smoke test	2025-09-17T04:34:45.7922528Z 2025-09-17T04:34:45.780Z rwsdk:smoke Testing pattern (https?:\/\/localhost:\d+) against output: 🚀 Project has no .wrangler directory yet, assuming fresh install: running `npm run dev:init`...\n
minimal starter - windows-latest - pnpm	Run smoke test	2025-09-17T04:34:45.7925654Z 2025-09-17T04:34:45.780Z rwsdk:smoke Testing pattern localhost:(\d+) against output: 🚀 Project has no .wrangler directory yet, assuming fresh install: running `npm run dev:init`...\n
minimal starter - windows-latest - pnpm	Run smoke test	2025-09-17T04:34:45.7930844Z 2025-09-17T04:34:45.780Z rwsdk:smoke Testing pattern server.*ready.*localhost:(\d+) against output: 🚀 Project has no .wrangler directory yet, assuming fresh install: running `npm run dev:init`...\n
minimal starter - windows-latest - pnpm	Run smoke test	2025-09-17T04:34:45.7934061Z 2025-09-17T04:34:45.781Z rwsdk:smoke Testing pattern dev server.*localhost:(\d+) against output: 🚀 Project has no .wrangler directory yet, assuming fresh install: running `npm run dev:init`...\n
minimal starter - windows-latest - pnpm	Run smoke test	2025-09-17T04:34:45.7936376Z 2025-09-17T04:34:45.781Z rwsdk:smoke Received output from stdout: 🚀 Project has no .wrangler directory yet, assuming fresh install: running `npm run dev:init`...\n
minimal starter - windows-latest - pnpm	Run smoke test	2025-09-17T04:34:45.7939809Z 2025-09-17T04:34:45.781Z rwsdk:smoke Testing pattern Local:\s*(?:\u001b\[\d+m)?(https?:\/\/localhost:\d+) against output: 🚀 Project has no .wrangler directory yet, assuming fresh install: running `npm run dev:init`...\n
minimal starter - windows-latest - pnpm	Run smoke test	2025-09-17T04:34:45.7942483Z 2025-09-17T04:34:45.781Z rwsdk:smoke Testing pattern [➜→]\s*Local:\s*(?:\u001b\[\d+m)?(https?:\/\/localhost:\d+) against output: 🚀 Project has no .wrangler directory yet, assuming fresh install: running `npm run dev:init`...\n
minimal starter - windows-latest - pnpm	Run smoke test	2025-09-17T04:34:45.7945237Z 2025-09-17T04:34:45.781Z rwsdk:smoke Testing pattern [\u27A1\u2192\u279C]\s*Local:\s*(?:\u001b\[\d+m)?(https?:\/\/localhost:\d+) against output: 🚀 Project has no .wrangler directory yet, assuming fresh install: running `npm run dev:init`...\n
minimal starter - windows-latest - pnpm	Run smoke test	2025-09-17T04:34:45.7947738Z 2025-09-17T04:34:45.781Z rwsdk:smoke Testing pattern (https?:\/\/localhost:\d+) against output: 🚀 Project has no .wrangler directory yet, assuming fresh install: running `npm run dev:init`...\n
minimal starter - windows-latest - pnpm	Run smoke test	2025-09-17T04:34:45.7950015Z 2025-09-17T04:34:45.781Z rwsdk:smoke Testing pattern localhost:(\d+) against output: 🚀 Project has no .wrangler directory yet, assuming fresh install: running `npm run dev:init`...\n
minimal starter - windows-latest - pnpm	Run smoke test	2025-09-17T04:34:45.7952329Z 2025-09-17T04:34:45.781Z rwsdk:smoke Testing pattern server.*ready.*localhost:(\d+) against output: 🚀 Project has no .wrangler directory yet, assuming fresh install: running `npm run dev:init`...\n
minimal starter - windows-latest - pnpm	Run smoke test	2025-09-17T04:34:45.7954793Z 2025-09-17T04:34:45.781Z rwsdk:smoke Testing pattern dev server.*localhost:(\d+) against output: 🚀 Project has no .wrangler directory yet, assuming fresh install: running `npm run dev:init`...\n
minimal starter - windows-latest - pnpm	Run smoke test	2025-09-17T04:34:45.7956618Z 🚀 Project has no .wrangler directory yet, assuming fresh install: running `npm run dev:init`...
minimal starter - windows-latest - pnpm	Run smoke test	2025-09-17T04:34:45.7957228Z 
minimal starter - windows-latest - pnpm	Run smoke test	2025-09-17T04:34:46.0447295Z 2025-09-17T04:34:46.033Z rwsdk:smoke Checking accumulated output for URL patterns: \n> @redwoodjs/starter-minimal@1.0.0 dev C:\Users\RUNNER~1\AppData\Local\Temp\tmp-2964-i4VM67eMVsRv\test-project-smoke-test-obedient-macaw-3278dec6\n> vite dev\n\n\n> @redwoodjs/starter-minimal@1.0.0 dev C:\Users\RUNNER~1\AppData\Local\Temp\tmp-2964-i4VM67eMVsRv\test-project-smoke-test-obedient-macaw-3278dec6\n> vite dev\n\n🚀 Project has no .wrangler directory yet, assuming fresh install: running `npm run dev:init`...\n🚀 Project has no .wrangler directory yet, assuming fresh install: running `npm run dev:init`...\n
minimal starter - windows-latest - pnpm	Run smoke test	2025-09-17T04:34:46.0811355Z 
minimal starter - windows-latest - pnpm	Run smoke test	2025-09-17T04:34:46.0811957Z > @redwoodjs/starter-minimal@1.0.0 dev:init
minimal starter - windows-latest - pnpm	Run smoke test	2025-09-17T04:34:46.0812933Z > rw-scripts dev-init
minimal starter - windows-latest - pnpm	Run smoke test	2025-09-17T04:34:46.0813220Z 
minimal starter - windows-latest - pnpm	Run smoke test	2025-09-17T04:34:46.0813247Z 
minimal starter - windows-latest - pnpm	Run smoke test	2025-09-17T04:34:46.0814152Z 2025-09-17T04:34:46.070Z rwsdk:smoke Received output from all: \n> @redwoodjs/starter-minimal@1.0.0 dev:init\n> rw-scripts dev-init\n\n
minimal starter - windows-latest - pnpm	Run smoke test	2025-09-17T04:34:46.0816082Z 2025-09-17T04:34:46.070Z rwsdk:smoke Testing pattern Local:\s*(?:\u001b\[\d+m)?(https?:\/\/localhost:\d+) against output: \n> @redwoodjs/starter-minimal@1.0.0 dev:init\n> rw-scripts dev-init\n\n
minimal starter - windows-latest - pnpm	Run smoke test	2025-09-17T04:34:46.0818601Z 2025-09-17T04:34:46.070Z rwsdk:smoke Testing pattern [➜→]\s*Local:\s*(?:\u001b\[\d+m)?(https?:\/\/localhost:\d+) against output: \n> @redwoodjs/starter-minimal@1.0.0 dev:init\n> rw-scripts dev-init\n\n
minimal starter - windows-latest - pnpm	Run smoke test	2025-09-17T04:34:46.0820567Z 2025-09-17T04:34:46.070Z rwsdk:smoke Testing pattern [\u27A1\u2192\u279C]\s*Local:\s*(?:\u001b\[\d+m)?(https?:\/\/localhost:\d+) against output: \n> @redwoodjs/starter-minimal@1.0.0 dev:init\n> rw-scripts dev-init\n\n
minimal starter - windows-latest - pnpm	Run smoke test	2025-09-17T04:34:46.0822123Z 2025-09-17T04:34:46.070Z rwsdk:smoke Testing pattern (https?:\/\/localhost:\d+) against output: \n> @redwoodjs/starter-minimal@1.0.0 dev:init\n> rw-scripts dev-init\n\n
minimal starter - windows-latest - pnpm	Run smoke test	2025-09-17T04:34:46.0823370Z 2025-09-17T04:34:46.070Z rwsdk:smoke Testing pattern localhost:(\d+) against output: \n> @redwoodjs/starter-minimal@1.0.0 dev:init\n> rw-scripts dev-init\n\n
minimal starter - windows-latest - pnpm	Run smoke test	2025-09-17T04:34:46.0824416Z 2025-09-17T04:34:46.070Z rwsdk:smoke Testing pattern server.*ready.*localhost:(\d+) against output: \n> @redwoodjs/starter-minimal@1.0.0 dev:init\n> rw-scripts dev-init\n\n
minimal starter - windows-latest - pnpm	Run smoke test	2025-09-17T04:34:46.0825620Z 2025-09-17T04:34:46.070Z rwsdk:smoke Testing pattern dev server.*localhost:(\d+) against output: \n> @redwoodjs/starter-minimal@1.0.0 dev:init\n> rw-scripts dev-init\n\n
minimal starter - windows-latest - pnpm	Run smoke test	2025-09-17T04:34:46.0826570Z 2025-09-17T04:34:46.070Z rwsdk:smoke Received output from stdout: \n> @redwoodjs/starter-minimal@1.0.0 dev:init\n> rw-scripts dev-init\n\n
minimal starter - windows-latest - pnpm	Run smoke test	2025-09-17T04:34:46.0827609Z 2025-09-17T04:34:46.070Z rwsdk:smoke Testing pattern Local:\s*(?:\u001b\[\d+m)?(https?:\/\/localhost:\d+) against output: \n> @redwoodjs/starter-minimal@1.0.0 dev:init\n> rw-scripts dev-init\n\n
minimal starter - windows-latest - pnpm	Run smoke test	2025-09-17T04:34:46.0828146Z 
minimal starter - windows-latest - pnpm	Run smoke test	2025-09-17T04:34:46.0828294Z > @redwoodjs/starter-minimal@1.0.0 dev:init
minimal starter - windows-latest - pnpm	Run smoke test	2025-09-17T04:34:46.0828549Z > rw-scripts dev-init
minimal starter - windows-latest - pnpm	Run smoke test	2025-09-17T04:34:46.0828681Z 
minimal starter - windows-latest - pnpm	Run smoke test	2025-09-17T04:34:46.0828688Z 
minimal starter - windows-latest - pnpm	Run smoke test	2025-09-17T04:34:46.0829522Z 2025-09-17T04:34:46.070Z rwsdk:smoke Testing pattern [➜→]\s*Local:\s*(?:\u001b\[\d+m)?(https?:\/\/localhost:\d+) against output: \n> @redwoodjs/starter-minimal@1.0.0 dev:init\n> rw-scripts dev-init\n\n
minimal starter - windows-latest - pnpm	Run smoke test	2025-09-17T04:34:46.0830750Z 2025-09-17T04:34:46.070Z rwsdk:smoke Testing pattern [\u27A1\u2192\u279C]\s*Local:\s*(?:\u001b\[\d+m)?(https?:\/\/localhost:\d+) against output: \n> @redwoodjs/starter-minimal@1.0.0 dev:init\n> rw-scripts dev-init\n\n
minimal starter - windows-latest - pnpm	Run smoke test	2025-09-17T04:34:46.0831932Z 2025-09-17T04:34:46.070Z rwsdk:smoke Testing pattern (https?:\/\/localhost:\d+) against output: \n> @redwoodjs/starter-minimal@1.0.0 dev:init\n> rw-scripts dev-init\n\n
minimal starter - windows-latest - pnpm	Run smoke test	2025-09-17T04:34:46.0832941Z 2025-09-17T04:34:46.070Z rwsdk:smoke Testing pattern localhost:(\d+) against output: \n> @redwoodjs/starter-minimal@1.0.0 dev:init\n> rw-scripts dev-init\n\n
minimal starter - windows-latest - pnpm	Run smoke test	2025-09-17T04:34:46.0833972Z 2025-09-17T04:34:46.070Z rwsdk:smoke Testing pattern server.*ready.*localhost:(\d+) against output: \n> @redwoodjs/starter-minimal@1.0.0 dev:init\n> rw-scripts dev-init\n\n
minimal starter - windows-latest - pnpm	Run smoke test	2025-09-17T04:34:46.0835015Z 2025-09-17T04:34:46.071Z rwsdk:smoke Testing pattern dev server.*localhost:(\d+) against output: \n> @redwoodjs/starter-minimal@1.0.0 dev:init\n> rw-scripts dev-init\n\n
minimal starter - windows-latest - pnpm	Run smoke test	2025-09-17T04:34:46.5451885Z 2025-09-17T04:34:46.533Z rwsdk:smoke Checking accumulated output for URL patterns: \n> @redwoodjs/starter-minimal@1.0.0 dev C:\Users\RUNNER~1\AppData\Local\Temp\tmp-2964-i4VM67eMVsRv\test-project-smoke-test-obedient-macaw-3278dec6\n> vite dev\n\n\n> @redwoodjs/starter-minimal@1.0.0 dev C:\Users\RUNNER~1\AppData\Local\Temp\tmp-2964-i4VM67eMVsRv\test-project-smoke-test-obedient-macaw-3278dec6\n> vite dev\n\n🚀 Project has no .wrangler directory yet, assuming fresh install: running `npm run dev:init`...\n🚀 Project has no .wrangler directory yet, assuming fresh install: running `npm run dev:init`...\n\n> @redwoodjs/starter-minimal@1.0.0 dev:init\n> rw-scripts dev-init\n\n\n> @redwoodjs/starter-minimal@1.0.0 dev:init\n> rw-scripts dev-init\n\n
minimal starter - windows-latest - pnpm	Run smoke test	2025-09-17T04:34:47.0462938Z 2025-09-17T04:34:47.034Z rwsdk:smoke Checking accumulated output for URL patterns: \n> @redwoodjs/starter-minimal@1.0.0 dev C:\Users\RUNNER~1\AppData\Local\Temp\tmp-2964-i4VM67eMVsRv\test-project-smoke-test-obedient-macaw-3278dec6\n> vite dev\n\n\n> @redwoodjs/starter-minimal@1.0.0 dev C:\Users\RUNNER~1\AppData\Local\Temp\tmp-2964-i4VM67eMVsRv\test-project-smoke-test-obedient-macaw-3278dec6\n> vite dev\n\n🚀 Project has no .wrangler directory yet, assuming fresh install: running `npm run dev:init`...\n🚀 Project has no .wrangler directory yet, assuming fresh install: running `npm run dev:init`...\n\n> @redwoodjs/starter-minimal@1.0.0 dev:init\n> rw-scripts dev-init\n\n\n> @redwoodjs/starter-minimal@1.0.0 dev:init\n> rw-scripts dev-init\n\n
minimal starter - windows-latest - pnpm	Run smoke test	2025-09-17T04:34:47.5479234Z 2025-09-17T04:34:47.536Z rwsdk:smoke Checking accumulated output for URL patterns: \n> @redwoodjs/starter-minimal@1.0.0 dev C:\Users\RUNNER~1\AppData\Local\Temp\tmp-2964-i4VM67eMVsRv\test-project-smoke-test-obedient-macaw-3278dec6\n> vite dev\n\n\n> @redwoodjs/starter-minimal@1.0.0 dev C:\Users\RUNNER~1\AppData\Local\Temp\tmp-2964-i4VM67eMVsRv\test-project-smoke-test-obedient-macaw-3278dec6\n> vite dev\n\n🚀 Project has no .wrangler directory yet, assuming fresh install: running `npm run dev:init`...\n🚀 Project has no .wrangler directory yet, assuming fresh install: running `npm run dev:init`...\n\n> @redwoodjs/starter-minimal@1.0.0 dev:init\n> rw-scripts dev-init\n\n\n> @redwoodjs/starter-minimal@1.0.0 dev:init\n> rw-scripts dev-init\n\n
minimal starter - windows-latest - pnpm	Run smoke test	2025-09-17T04:34:48.0480811Z 2025-09-17T04:34:48.036Z rwsdk:smoke Checking accumulated output for URL patterns: \n> @redwoodjs/starter-minimal@1.0.0 dev C:\Users\RUNNER~1\AppData\Local\Temp\tmp-2964-i4VM67eMVsRv\test-project-smoke-test-obedient-macaw-3278dec6\n> vite dev\n\n\n> @redwoodjs/starter-minimal@1.0.0 dev C:\Users\RUNNER~1\AppData\Local\Temp\tmp-2964-i4VM67eMVsRv\test-project-smoke-test-obedient-macaw-3278dec6\n> vite dev\n\n🚀 Project has no .wrangler directory yet, assuming fresh install: running `npm run dev:init`...\n🚀 Project has no .wrangler directory yet, assuming fresh install: running `npm run dev:init`...\n\n> @redwoodjs/starter-minimal@1.0.0 dev:init\n> rw-scripts dev-init\n\n\n> @redwoodjs/starter-minimal@1.0.0 dev:init\n> rw-scripts dev-init\n\n
minimal starter - windows-latest - pnpm	Run smoke test	2025-09-17T04:34:48.1233494Z 
minimal starter - windows-latest - pnpm	Run smoke test	2025-09-17T04:34:48.1234887Z 🔍 Scanning for 'use client' and 'use server' directives...
minimal starter - windows-latest - pnpm	Run smoke test	2025-09-17T04:34:48.1235611Z 
minimal starter - windows-latest - pnpm	Run smoke test	2025-09-17T04:34:48.1236782Z 2025-09-17T04:34:48.112Z rwsdk:smoke Received output from all: \n🔍 Scanning for 'use client' and 'use server' directives...\n
minimal starter - windows-latest - pnpm	Run smoke test	2025-09-17T04:34:48.1239054Z 2025-09-17T04:34:48.112Z rwsdk:smoke Testing pattern Local:\s*(?:\u001b\[\d+m)?(https?:\/\/localhost:\d+) against output: \n🔍 Scanning for 'use client' and 'use server' directives...\n
minimal starter - windows-latest - pnpm	Run smoke test	2025-09-17T04:34:48.1241081Z 2025-09-17T04:34:48.112Z rwsdk:smoke Testing pattern [➜→]\s*Local:\s*(?:\u001b\[\d+m)?(https?:\/\/localhost:\d+) against output: \n🔍 Scanning for 'use client' and 'use server' directives...\n
minimal starter - windows-latest - pnpm	Run smoke test	2025-09-17T04:34:48.1243202Z 2025-09-17T04:34:48.112Z rwsdk:smoke Testing pattern [\u27A1\u2192\u279C]\s*Local:\s*(?:\u001b\[\d+m)?(https?:\/\/localhost:\d+) against output: \n🔍 Scanning for 'use client' and 'use server' directives...\n
minimal starter - windows-latest - pnpm	Run smoke test	2025-09-17T04:34:48.1245160Z 2025-09-17T04:34:48.112Z rwsdk:smoke Testing pattern (https?:\/\/localhost:\d+) against output: \n🔍 Scanning for 'use client' and 'use server' directives...\n
minimal starter - windows-latest - pnpm	Run smoke test	2025-09-17T04:34:48.1246528Z 2025-09-17T04:34:48.112Z rwsdk:smoke Testing pattern localhost:(\d+) against output: \n🔍 Scanning for 'use client' and 'use server' directives...\n
minimal starter - windows-latest - pnpm	Run smoke test	2025-09-17T04:34:48.1248539Z 2025-09-17T04:34:48.112Z rwsdk:smoke Testing pattern server.*ready.*localhost:(\d+) against output: \n🔍 Scanning for 'use client' and 'use server' directives...\n
minimal starter - windows-latest - pnpm	Run smoke test	2025-09-17T04:34:48.1249828Z 2025-09-17T04:34:48.112Z rwsdk:smoke Testing pattern dev server.*localhost:(\d+) against output: \n🔍 Scanning for 'use client' and 'use server' directives...\n
minimal starter - windows-latest - pnpm	Run smoke test	2025-09-17T04:34:48.1251512Z 2025-09-17T04:34:48.112Z rwsdk:smoke Potential URL pattern found but not matched: 🔍 Scanning for 'use client' and 'use server' directives...
minimal starter - windows-latest - pnpm	Run smoke test	2025-09-17T04:34:48.1253112Z 2025-09-17T04:34:48.113Z rwsdk:smoke Received output from stdout: \n🔍 Scanning for 'use client' and 'use server' directives...\n
minimal starter - windows-latest - pnpm	Run smoke test	2025-09-17T04:34:48.1255461Z 2025-09-17T04:34:48.113Z rwsdk:smoke Testing pattern Local:\s*(?:\u001b\[\d+m)?(https?:\/\/localhost:\d+) against output: \n🔍 Scanning for 'use client' and 'use server' directives...\n
minimal starter - windows-latest - pnpm	Run smoke test	2025-09-17T04:34:48.1258396Z 2025-09-17T04:34:48.113Z rwsdk:smoke Testing pattern [➜→]\s*Local:\s*(?:\u001b\[\d+m)?(https?:\/\/localhost:\d+) against output: \n🔍 Scanning for 'use client' and 'use server' directives...\n
minimal starter - windows-latest - pnpm	Run smoke test	2025-09-17T04:34:48.1259337Z 
minimal starter - windows-latest - pnpm	Run smoke test	2025-09-17T04:34:48.1259837Z 🔍 Scanning for 'use client' and 'use server' directives...
minimal starter - windows-latest - pnpm	Run smoke test	2025-09-17T04:34:48.1260221Z 
minimal starter - windows-latest - pnpm	Run smoke test	2025-09-17T04:34:48.1261591Z 2025-09-17T04:34:48.113Z rwsdk:smoke Testing pattern [\u27A1\u2192\u279C]\s*Local:\s*(?:\u001b\[\d+m)?(https?:\/\/localhost:\d+) against output: \n🔍 Scanning for 'use client' and 'use server' directives...\n
minimal starter - windows-latest - pnpm	Run smoke test	2025-09-17T04:34:48.1263812Z 2025-09-17T04:34:48.113Z rwsdk:smoke Testing pattern (https?:\/\/localhost:\d+) against output: \n🔍 Scanning for 'use client' and 'use server' directives...\n
minimal starter - windows-latest - pnpm	Run smoke test	2025-09-17T04:34:48.1265585Z 2025-09-17T04:34:48.113Z rwsdk:smoke Testing pattern localhost:(\d+) against output: \n🔍 Scanning for 'use client' and 'use server' directives...\n
minimal starter - windows-latest - pnpm	Run smoke test	2025-09-17T04:34:48.1267459Z 2025-09-17T04:34:48.113Z rwsdk:smoke Testing pattern server.*ready.*localhost:(\d+) against output: \n🔍 Scanning for 'use client' and 'use server' directives...\n
minimal starter - windows-latest - pnpm	Run smoke test	2025-09-17T04:34:48.1269411Z 2025-09-17T04:34:48.113Z rwsdk:smoke Testing pattern dev server.*localhost:(\d+) against output: \n🔍 Scanning for 'use client' and 'use server' directives...\n
minimal starter - windows-latest - pnpm	Run smoke test	2025-09-17T04:34:48.1271247Z 2025-09-17T04:34:48.113Z rwsdk:smoke Potential URL pattern found but not matched: 🔍 Scanning for 'use client' and 'use server' directives...
minimal starter - windows-latest - pnpm	Run smoke test	2025-09-17T04:34:48.1297162Z 2025-09-17T04:34:48.118Z rwsdk:smoke Received output from all: ✅ Scan complete.\n
minimal starter - windows-latest - pnpm	Run smoke test	2025-09-17T04:34:48.1298066Z ✅ Scan complete.
minimal starter - windows-latest - pnpm	Run smoke test	2025-09-17T04:34:48.1303181Z 2025-09-17T04:34:48.118Z rwsdk:smoke Testing pattern Local:\s*(?:\u001b\[\d+m)?(https?:\/\/localhost:\d+) against output: ✅ Scan complete.\n
minimal starter - windows-latest - pnpm	Run smoke test	2025-09-17T04:34:48.1311309Z 2025-09-17T04:34:48.118Z rwsdk:smoke Testing pattern [➜→]\s*Local:\s*(?:\u001b\[\d+m)?(https?:\/\/localhost:\d+) against output: ✅ Scan complete.\n
minimal starter - windows-latest - pnpm	Run smoke test	2025-09-17T04:34:48.1313301Z 2025-09-17T04:34:48.118Z rwsdk:smoke Testing pattern [\u27A1\u2192\u279C]\s*Local:\s*(?:\u001b\[\d+m)?(https?:\/\/localhost:\d+) against output: ✅ Scan complete.\n
minimal starter - windows-latest - pnpm	Run smoke test	2025-09-17T04:34:48.1317016Z 2025-09-17T04:34:48.118Z rwsdk:smoke Testing pattern (https?:\/\/localhost:\d+) against output: ✅ Scan complete.\n
minimal starter - windows-latest - pnpm	Run smoke test	2025-09-17T04:34:48.1318867Z 2025-09-17T04:34:48.118Z rwsdk:smoke Testing pattern localhost:(\d+) against output: ✅ Scan complete.\n
minimal starter - windows-latest - pnpm	Run smoke test	2025-09-17T04:34:48.1321052Z 2025-09-17T04:34:48.118Z rwsdk:smoke Testing pattern server.*ready.*localhost:(\d+) against output: ✅ Scan complete.\n
minimal starter - windows-latest - pnpm	Run smoke test	2025-09-17T04:34:48.1323118Z 2025-09-17T04:34:48.118Z rwsdk:smoke Testing pattern dev server.*localhost:(\d+) against output: ✅ Scan complete.\n
minimal starter - windows-latest - pnpm	Run smoke test	2025-09-17T04:34:48.1324467Z 2025-09-17T04:34:48.118Z rwsdk:smoke Received output from stdout: ✅ Scan complete.\n
minimal starter - windows-latest - pnpm	Run smoke test	2025-09-17T04:34:48.1326075Z 2025-09-17T04:34:48.118Z rwsdk:smoke Testing pattern Local:\s*(?:\u001b\[\d+m)?(https?:\/\/localhost:\d+) against output: ✅ Scan complete.\n
minimal starter - windows-latest - pnpm	Run smoke test	2025-09-17T04:34:48.1327710Z 2025-09-17T04:34:48.118Z rwsdk:smoke Testing pattern [➜→]\s*Local:\s*(?:\u001b\[\d+m)?(https?:\/\/localhost:\d+) against output: ✅ Scan complete.\n
minimal starter - windows-latest - pnpm	Run smoke test	2025-09-17T04:34:48.1332877Z 2025-09-17T04:34:48.118Z rwsdk:smoke Testing pattern [\u27A1\u2192\u279C]\s*Local:\s*(?:\u001b\[\d+m)?(https?:\/\/localhost:\d+) against output: ✅ Scan complete.\n
minimal starter - windows-latest - pnpm	Run smoke test	2025-09-17T04:34:48.1335119Z 
minimal starter - windows-latest - pnpm	Run smoke test	2025-09-17T04:34:48.1336309Z 2025-09-17T04:34:48.118Z rwsdk:smoke Testing pattern (https?:\/\/localhost:\d+) against output: ✅ Scan complete.\n
minimal starter - windows-latest - pnpm	Run smoke test	2025-09-17T04:34:48.1337544Z 2025-09-17T04:34:48.118Z rwsdk:smoke Testing pattern localhost:(\d+) against output: ✅ Scan complete.\n
minimal starter - windows-latest - pnpm	Run smoke test	2025-09-17T04:34:48.1338778Z 2025-09-17T04:34:48.118Z rwsdk:smoke Testing pattern server.*ready.*localhost:(\d+) against output: ✅ Scan complete.\n
minimal starter - windows-latest - pnpm	Run smoke test	2025-09-17T04:34:48.1340576Z 2025-09-17T04:34:48.118Z rwsdk:smoke Testing pattern dev server.*localhost:(\d+) against output: ✅ Scan complete.\n
minimal starter - windows-latest - pnpm	Run smoke test	2025-09-17T04:34:48.1343486Z 2025-09-17T04:34:48.120Z rwsdk:smoke Received output from all: file:///C:/Users/RUNNER%7E1/AppData/Local/Temp/tmp-2964-i4VM67eMVsRv/test-project-smoke-test-obedient-macaw-3278dec6/node_modules/.pnpm/rwsdk@file+..+..+..+..+..+._5ecf1a75f5c106542552d5b17e2da317/node_modules/rwsdk/dist/vite/runDirectivesScan.mjs:236
minimal starter - windows-latest - pnpm	Run smoke test	2025-09-17T04:34:48.1345588Z \n        throw new Error(`RWSDK directive scan failed:\n${e.stack}`);
minimal starter - windows-latest - pnpm	Run smoke test	2025-09-17T04:34:48.1346050Z \n              ^
minimal starter - windows-latest - pnpm	Run smoke test	2025-09-17T04:34:48.1346290Z \n
minimal starter - windows-latest - pnpm	Run smoke test	2025-09-17T04:34:48.1346599Z \nError: RWSDK directive scan failed:
minimal starter - windows-latest - pnpm	Run smoke test	2025-09-17T04:34:48.1349243Z \nError [ERR_UNSUPPORTED_ESM_URL_SCHEME]: Only URLs with a scheme in: file, data, and node are supported by the default ESM loader. On Windows, absolute paths must be valid file:// URLs. Received protocol 'c:'
minimal starter - windows-latest - pnpm	Run smoke test	2025-09-17T04:34:48.1350798Z \n    at throwIfUnsupportedURLScheme (node:internal/modules/esm/load:184:11)
minimal starter - windows-latest - pnpm	Run smoke test	2025-09-17T04:34:48.1351603Z \n    at defaultLoad (node:internal/modules/esm/load:82:3)
minimal starter - windows-latest - pnpm	Run smoke test	2025-09-17T04:34:48.1352314Z \n    at ModuleLoader.load (node:internal/modules/esm/loader:801:12)
minimal starter - windows-latest - pnpm	Run smoke test	2025-09-17T04:34:48.1353172Z \n    at ModuleLoader.loadAndTranslate (node:internal/modules/esm/loader:586:43)
minimal starter - windows-latest - pnpm	Run smoke test	2025-09-17T04:34:48.1353984Z \n    at #createModuleJob (node:internal/modules/esm/loader:610:36)
minimal starter - windows-latest - pnpm	Run smoke test	2025-09-17T04:34:48.1354764Z \n    at #getJobFromResolveResult (node:internal/modules/esm/loader:341:34)
minimal starter - windows-latest - pnpm	Run smoke test	2025-09-17T04:34:48.1355701Z \n    at ModuleLoader.getModuleJobForImport (node:internal/modules/esm/loader:309:41)
minimal starter - windows-latest - pnpm	Run smoke test	2025-09-17T04:34:48.1356686Z \n    at process.processTicksAndRejections (node:internal/process/task_queues:105:5)
minimal starter - windows-latest - pnpm	Run smoke test	2025-09-17T04:34:48.1357658Z \n    at async onImport.tracePromise.__proto__ (node:internal/modules/esm/loader:650:25)
minimal starter - windows-latest - pnpm	Run smoke test	2025-09-17T04:34:48.1360019Z \n    at runDirectivesScan (file:///C:/Users/RUNNER%7E1/AppData/Local/Temp/tmp-2964-i4VM67eMVsRv/test-project-smoke-test-obedient-macaw-3278dec6/node_modules/.pnpm/rwsdk@file+..+..+..+..+..+._5ecf1a75f5c106542552d5b17e2da317/node_modules/rwsdk/dist/vite/runDirectivesScan.mjs:236:15)
minimal starter - windows-latest - pnpm	Run smoke test	2025-09-17T04:34:48.1362157Z \n    at process.processTicksAndRejections (node:internal/process/task_queues:105:5)
minimal starter - windows-latest - pnpm	Run smoke test	2025-09-17T04:34:48.1362759Z \n
minimal starter - windows-latest - pnpm	Run smoke test	2025-09-17T04:34:48.1363023Z \nNode.js v22.19.0
minimal starter - windows-latest - pnpm	Run smoke test	2025-09-17T04:34:48.1363295Z \n
minimal starter - windows-latest - pnpm	Run smoke test	2025-09-17T04:34:48.1365766Z 2025-09-17T04:34:48.120Z rwsdk:smoke Testing pattern Local:\s*(?:\u001b\[\d+m)?(https?:\/\/localhost:\d+) against output: file:///C:/Users/RUNNER%7E1/AppData/Local/Temp/tmp-2964-i4VM67eMVsRv/test-project-smoke-test-obedient-macaw-3278dec6/node_modules/.pnpm/rwsdk@file+..+..+..+..+..+._5ecf1a75f5c106542552d5b17e2da317/node_modules/rwsdk/dist/vite/runDirectivesScan.mjs:236
minimal starter - windows-latest - pnpm	Run smoke test	2025-09-17T04:34:48.1368014Z \n        throw new Error(`RWSDK directive scan failed:\n${e.stack}`);
minimal starter - windows-latest - pnpm	Run smoke test	2025-09-17T04:34:48.1368517Z \n              ^
minimal starter - windows-latest - pnpm	Run smoke test	2025-09-17T04:34:48.1368780Z \n
minimal starter - windows-latest - pnpm	Run smoke test	2025-09-17T04:34:48.1369105Z \nError: RWSDK directive scan failed:
minimal starter - windows-latest - pnpm	Run smoke test	2025-09-17T04:34:48.1370561Z \nError [ERR_UNSUPPORTED_ESM_URL_SCHEME]: Only URLs with a scheme in: file, data, and node are supported by the default ESM loader. On Windows, absolute paths must be valid file:// URLs. Received protocol 'c:'
minimal starter - windows-latest - pnpm	Run smoke test	2025-09-17T04:34:48.1372000Z \n    at throwIfUnsupportedURLScheme (node:internal/modules/esm/load:184:11)
minimal starter - windows-latest - pnpm	Run smoke test	2025-09-17T04:34:48.1372752Z \n    at defaultLoad (node:internal/modules/esm/load:82:3)
minimal starter - windows-latest - pnpm	Run smoke test	2025-09-17T04:34:48.1373440Z \n    at ModuleLoader.load (node:internal/modules/esm/loader:801:12)
minimal starter - windows-latest - pnpm	Run smoke test	2025-09-17T04:34:48.1374269Z \n    at ModuleLoader.loadAndTranslate (node:internal/modules/esm/loader:586:43)
minimal starter - windows-latest - pnpm	Run smoke test	2025-09-17T04:34:48.1375085Z \n    at #createModuleJob (node:internal/modules/esm/loader:610:36)
minimal starter - windows-latest - pnpm	Run smoke test	2025-09-17T04:34:48.1375869Z \n    at #getJobFromResolveResult (node:internal/modules/esm/loader:341:34)
minimal starter - windows-latest - pnpm	Run smoke test	2025-09-17T04:34:48.1376789Z \n    at ModuleLoader.getModuleJobForImport (node:internal/modules/esm/loader:309:41)
minimal starter - windows-latest - pnpm	Run smoke test	2025-09-17T04:34:48.1377782Z \n    at process.processTicksAndRejections (node:internal/process/task_queues:105:5)
minimal starter - windows-latest - pnpm	Run smoke test	2025-09-17T04:34:48.1379021Z \n    at async onImport.tracePromise.__proto__ (node:internal/modules/esm/loader:650:25)
minimal starter - windows-latest - pnpm	Run smoke test	2025-09-17T04:34:48.1381401Z \n    at runDirectivesScan (file:///C:/Users/RUNNER%7E1/AppData/Local/Temp/tmp-2964-i4VM67eMVsRv/test-project-smoke-test-obedient-macaw-3278dec6/node_modules/.pnpm/rwsdk@file+..+..+..+..+..+._5ecf1a75f5c106542552d5b17e2da317/node_modules/rwsdk/dist/vite/runDirectivesScan.mjs:236:15)
minimal starter - windows-latest - pnpm	Run smoke test	2025-09-17T04:34:48.1383488Z \n    at process.processTicksAndRejections (node:internal/process/task_queues:105:5)
minimal starter - windows-latest - pnpm	Run smoke test	2025-09-17T04:34:48.1384099Z \n
minimal starter - windows-latest - pnpm	Run smoke test	2025-09-17T04:34:48.1384353Z \nNode.js v22.19.0
minimal starter - windows-latest - pnpm	Run smoke test	2025-09-17T04:34:48.1384782Z \n
minimal starter - windows-latest - pnpm	Run smoke test	2025-09-17T04:34:48.1387789Z 2025-09-17T04:34:48.120Z rwsdk:smoke Testing pattern [➜→]\s*Local:\s*(?:\u001b\[\d+m)?(https?:\/\/localhost:\d+) against output: file:///C:/Users/RUNNER%7E1/AppData/Local/Temp/tmp-2964-i4VM67eMVsRv/test-project-smoke-test-obedient-macaw-3278dec6/node_modules/.pnpm/rwsdk@file+..+..+..+..+..+._5ecf1a75f5c106542552d5b17e2da317/node_modules/rwsdk/dist/vite/runDirectivesScan.mjs:236
minimal starter - windows-latest - pnpm	Run smoke test	2025-09-17T04:34:48.1390007Z \n        throw new Error(`RWSDK directive scan failed:\n${e.stack}`);
minimal starter - windows-latest - pnpm	Run smoke test	2025-09-17T04:34:48.1390326Z \n              ^
minimal starter - windows-latest - pnpm	Run smoke test	2025-09-17T04:34:48.1390541Z \n
minimal starter - windows-latest - pnpm	Run smoke test	2025-09-17T04:34:48.1390902Z \nError: RWSDK directive scan failed:
minimal starter - windows-latest - pnpm	Run smoke test	2025-09-17T04:34:48.1391934Z \nError [ERR_UNSUPPORTED_ESM_URL_SCHEME]: Only URLs with a scheme in: file, data, and node are supported by the default ESM loader. On Windows, absolute paths must be valid file:// URLs. Received protocol 'c:'
minimal starter - windows-latest - pnpm	Run smoke test	2025-09-17T04:34:48.1392839Z \n    at throwIfUnsupportedURLScheme (node:internal/modules/esm/load:184:11)
minimal starter - windows-latest - pnpm	Run smoke test	2025-09-17T04:34:48.1393317Z \n    at defaultLoad (node:internal/modules/esm/load:82:3)
minimal starter - windows-latest - pnpm	Run smoke test	2025-09-17T04:34:48.1393746Z \n    at ModuleLoader.load (node:internal/modules/esm/loader:801:12)
minimal starter - windows-latest - pnpm	Run smoke test	2025-09-17T04:34:48.1394254Z \n    at ModuleLoader.loadAndTranslate (node:internal/modules/esm/loader:586:43)
minimal starter - windows-latest - pnpm	Run smoke test	2025-09-17T04:34:48.1394753Z \n    at #createModuleJob (node:internal/modules/esm/loader:610:36)
minimal starter - windows-latest - pnpm	Run smoke test	2025-09-17T04:34:48.1395233Z \n    at #getJobFromResolveResult (node:internal/modules/esm/loader:341:34)
minimal starter - windows-latest - pnpm	Run smoke test	2025-09-17T04:34:48.1395774Z \n    at ModuleLoader.getModuleJobForImport (node:internal/modules/esm/loader:309:41)
minimal starter - windows-latest - pnpm	Run smoke test	2025-09-17T04:34:48.1396359Z \n    at process.processTicksAndRejections (node:internal/process/task_queues:105:5)
minimal starter - windows-latest - pnpm	Run smoke test	2025-09-17T04:34:48.1396939Z \n    at async onImport.tracePromise.__proto__ (node:internal/modules/esm/loader:650:25)
minimal starter - windows-latest - pnpm	Run smoke test	2025-09-17T04:34:48.1398284Z \n    at runDirectivesScan (file:///C:/Users/RUNNER%7E1/AppData/Local/Temp/tmp-2964-i4VM67eMVsRv/test-project-smoke-test-obedient-macaw-3278dec6/node_modules/.pnpm/rwsdk@file+..+..+..+..+..+._5ecf1a75f5c106542552d5b17e2da317/node_modules/rwsdk/dist/vite/runDirectivesScan.mjs:236:15)
minimal starter - windows-latest - pnpm	Run smoke test	2025-09-17T04:34:48.1399480Z \n    at process.processTicksAndRejections (node:internal/process/task_queues:105:5)
minimal starter - windows-latest - pnpm	Run smoke test	2025-09-17T04:34:48.1399828Z \n
minimal starter - windows-latest - pnpm	Run smoke test	2025-09-17T04:34:48.1399999Z \nNode.js v22.19.0
minimal starter - windows-latest - pnpm	Run smoke test	2025-09-17T04:34:48.1400178Z \n
minimal starter - windows-latest - pnpm	Run smoke test	2025-09-17T04:34:48.1401673Z 2025-09-17T04:34:48.121Z rwsdk:smoke Testing pattern [\u27A1\u2192\u279C]\s*Local:\s*(?:\u001b\[\d+m)?(https?:\/\/localhost:\d+) against output: file:///C:/Users/RUNNER%7E1/AppData/Local/Temp/tmp-2964-i4VM67eMVsRv/test-project-smoke-test-obedient-macaw-3278dec6/node_modules/.pnpm/rwsdk@file+..+..+..+..+..+._5ecf1a75f5c106542552d5b17e2da317/node_modules/rwsdk/dist/vite/runDirectivesScan.mjs:236
minimal starter - windows-latest - pnpm	Run smoke test	2025-09-17T04:34:48.1403192Z \n        throw new Error(`RWSDK directive scan failed:\n${e.stack}`);
minimal starter - windows-latest - pnpm	Run smoke test	2025-09-17T04:34:48.1403489Z \n              ^
minimal starter - windows-latest - pnpm	Run smoke test	2025-09-17T04:34:48.1403657Z \n
minimal starter - windows-latest - pnpm	Run smoke test	2025-09-17T04:34:48.1403860Z \nError: RWSDK directive scan failed:
minimal starter - windows-latest - pnpm	Run smoke test	2025-09-17T04:34:48.1404719Z \nError [ERR_UNSUPPORTED_ESM_URL_SCHEME]: Only URLs with a scheme in: file, data, and node are supported by the default ESM loader. On Windows, absolute paths must be valid file:// URLs. Received protocol 'c:'
minimal starter - windows-latest - pnpm	Run smoke test	2025-09-17T04:34:48.1405566Z \n    at throwIfUnsupportedURLScheme (node:internal/modules/esm/load:184:11)
minimal starter - windows-latest - pnpm	Run smoke test	2025-09-17T04:34:48.1406323Z \n    at defaultLoad (node:internal/modules/esm/load:82:3)
minimal starter - windows-latest - pnpm	Run smoke test	2025-09-17T04:34:48.1406953Z \n    at ModuleLoader.load (node:internal/modules/esm/loader:801:12)
minimal starter - windows-latest - pnpm	Run smoke test	2025-09-17T04:34:48.1407463Z \n    at ModuleLoader.loadAndTranslate (node:internal/modules/esm/loader:586:43)
minimal starter - windows-latest - pnpm	Run smoke test	2025-09-17T04:34:48.1407953Z \n    at #createModuleJob (node:internal/modules/esm/loader:610:36)
minimal starter - windows-latest - pnpm	Run smoke test	2025-09-17T04:34:48.1408571Z \n    at #getJobFromResolveResult (node:internal/modules/esm/loader:341:34)
minimal starter - windows-latest - pnpm	Run smoke test	2025-09-17T04:34:48.1409258Z \n    at ModuleLoader.getModuleJobForImport (node:internal/modules/esm/loader:309:41)
minimal starter - windows-latest - pnpm	Run smoke test	2025-09-17T04:34:48.1410008Z \n    at process.processTicksAndRejections (node:internal/process/task_queues:105:5)
minimal starter - windows-latest - pnpm	Run smoke test	2025-09-17T04:34:48.1411097Z \n    at async onImport.tracePromise.__proto__ (node:internal/modules/esm/loader:650:25)
minimal starter - windows-latest - pnpm	Run smoke test	2025-09-17T04:34:48.1412470Z \n    at runDirectivesScan (file:///C:/Users/RUNNER%7E1/AppData/Local/Temp/tmp-2964-i4VM67eMVsRv/test-project-smoke-test-obedient-macaw-3278dec6/node_modules/.pnpm/rwsdk@file+..+..+..+..+..+._5ecf1a75f5c106542552d5b17e2da317/node_modules/rwsdk/dist/vite/runDirectivesScan.mjs:236:15)
minimal starter - windows-latest - pnpm	Run smoke test	2025-09-17T04:34:48.1413694Z \n    at process.processTicksAndRejections (node:internal/process/task_queues:105:5)
minimal starter - windows-latest - pnpm	Run smoke test	2025-09-17T04:34:48.1414060Z \n
minimal starter - windows-latest - pnpm	Run smoke test	2025-09-17T04:34:48.1414225Z \nNode.js v22.19.0
minimal starter - windows-latest - pnpm	Run smoke test	2025-09-17T04:34:48.1414409Z \n
minimal starter - windows-latest - pnpm	Run smoke test	2025-09-17T04:34:48.1415789Z 2025-09-17T04:34:48.121Z rwsdk:smoke Testing pattern (https?:\/\/localhost:\d+) against output: file:///C:/Users/RUNNER%7E1/AppData/Local/Temp/tmp-2964-i4VM67eMVsRv/test-project-smoke-test-obedient-macaw-3278dec6/node_modules/.pnpm/rwsdk@file+..+..+..+..+..+._5ecf1a75f5c106542552d5b17e2da317/node_modules/rwsdk/dist/vite/runDirectivesScan.mjs:236
minimal starter - windows-latest - pnpm	Run smoke test	2025-09-17T04:34:48.1417100Z \n        throw new Error(`RWSDK directive scan failed:\n${e.stack}`);
minimal starter - windows-latest - pnpm	Run smoke test	2025-09-17T04:34:48.1417409Z \n              ^
minimal starter - windows-latest - pnpm	Run smoke test	2025-09-17T04:34:48.1417579Z \n
minimal starter - windows-latest - pnpm	Run smoke test	2025-09-17T04:34:48.1417779Z \nError: RWSDK directive scan failed:
minimal starter - windows-latest - pnpm	Run smoke test	2025-09-17T04:34:48.1418662Z \nError [ERR_UNSUPPORTED_ESM_URL_SCHEME]: Only URLs with a scheme in: file, data, and node are supported by the default ESM loader. On Windows, absolute paths must be valid file:// URLs. Received protocol 'c:'
minimal starter - windows-latest - pnpm	Run smoke test	2025-09-17T04:34:48.1419542Z \n    at throwIfUnsupportedURLScheme (node:internal/modules/esm/load:184:11)
minimal starter - windows-latest - pnpm	Run smoke test	2025-09-17T04:34:48.1420006Z \n    at defaultLoad (node:internal/modules/esm/load:82:3)
minimal starter - windows-latest - pnpm	Run smoke test	2025-09-17T04:34:48.1420431Z \n    at ModuleLoader.load (node:internal/modules/esm/loader:801:12)
minimal starter - windows-latest - pnpm	Run smoke test	2025-09-17T04:34:48.1420929Z \n    at ModuleLoader.loadAndTranslate (node:internal/modules/esm/loader:586:43)
minimal starter - windows-latest - pnpm	Run smoke test	2025-09-17T04:34:48.1421431Z \n    at #createModuleJob (node:internal/modules/esm/loader:610:36)
minimal starter - windows-latest - pnpm	Run smoke test	2025-09-17T04:34:48.1421904Z \n    at #getJobFromResolveResult (node:internal/modules/esm/loader:341:34)
minimal starter - windows-latest - pnpm	Run smoke test	2025-09-17T04:34:48.1422462Z \n    at ModuleLoader.getModuleJobForImport (node:internal/modules/esm/loader:309:41)
minimal starter - windows-latest - pnpm	Run smoke test	2025-09-17T04:34:48.1423048Z \n    at process.processTicksAndRejections (node:internal/process/task_queues:105:5)
minimal starter - windows-latest - pnpm	Run smoke test	2025-09-17T04:34:48.1423841Z \n    at async onImport.tracePromise.__proto__ (node:internal/modules/esm/loader:650:25)
minimal starter - windows-latest - pnpm	Run smoke test	2025-09-17T04:34:48.1425235Z \n    at runDirectivesScan (file:///C:/Users/RUNNER%7E1/AppData/Local/Temp/tmp-2964-i4VM67eMVsRv/test-project-smoke-test-obedient-macaw-3278dec6/node_modules/.pnpm/rwsdk@file+..+..+..+..+..+._5ecf1a75f5c106542552d5b17e2da317/node_modules/rwsdk/dist/vite/runDirectivesScan.mjs:236:15)
minimal starter - windows-latest - pnpm	Run smoke test	2025-09-17T04:34:48.1426460Z \n    at process.processTicksAndRejections (node:internal/process/task_queues:105:5)
minimal starter - windows-latest - pnpm	Run smoke test	2025-09-17T04:34:48.1426831Z \n
minimal starter - windows-latest - pnpm	Run smoke test	2025-09-17T04:34:48.1427051Z \nNode.js v22.19.0
minimal starter - windows-latest - pnpm	Run smoke test	2025-09-17T04:34:48.1427305Z \n
minimal starter - windows-latest - pnpm	Run smoke test	2025-09-17T04:34:48.1428776Z 2025-09-17T04:34:48.121Z rwsdk:smoke Testing pattern localhost:(\d+) against output: file:///C:/Users/RUNNER%7E1/AppData/Local/Temp/tmp-2964-i4VM67eMVsRv/test-project-smoke-test-obedient-macaw-3278dec6/node_modules/.pnpm/rwsdk@file+..+..+..+..+..+._5ecf1a75f5c106542552d5b17e2da317/node_modules/rwsdk/dist/vite/runDirectivesScan.mjs:236
minimal starter - windows-latest - pnpm	Run smoke test	2025-09-17T04:34:48.1430523Z \n        throw new Error(`RWSDK directive scan failed:\n${e.stack}`);
minimal starter - windows-latest - pnpm	Run smoke test	2025-09-17T04:34:48.1430837Z \n              ^
minimal starter - windows-latest - pnpm	Run smoke test	2025-09-17T04:34:48.1431009Z \n
minimal starter - windows-latest - pnpm	Run smoke test	2025-09-17T04:34:48.1431211Z \nError: RWSDK directive scan failed:
minimal starter - windows-latest - pnpm	Run smoke test	2025-09-17T04:34:48.1432080Z \nError [ERR_UNSUPPORTED_ESM_URL_SCHEME]: Only URLs with a scheme in: file, data, and node are supported by the default ESM loader. On Windows, absolute paths must be valid file:// URLs. Received protocol 'c:'
minimal starter - windows-latest - pnpm	Run smoke test	2025-09-17T04:34:48.1432958Z \n    at throwIfUnsupportedURLScheme (node:internal/modules/esm/load:184:11)
minimal starter - windows-latest - pnpm	Run smoke test	2025-09-17T04:34:48.1433542Z \n    at defaultLoad (node:internal/modules/esm/load:82:3)
minimal starter - windows-latest - pnpm	Run smoke test	2025-09-17T04:34:48.1433956Z \n    at ModuleLoader.load (node:internal/modules/esm/loader:801:12)
minimal starter - windows-latest - pnpm	Run smoke test	2025-09-17T04:34:48.1434463Z \n    at ModuleLoader.loadAndTranslate (node:internal/modules/esm/loader:586:43)
minimal starter - windows-latest - pnpm	Run smoke test	2025-09-17T04:34:48.1434949Z \n    at #createModuleJob (node:internal/modules/esm/loader:610:36)
minimal starter - windows-latest - pnpm	Run smoke test	2025-09-17T04:34:48.1435422Z \n    at #getJobFromResolveResult (node:internal/modules/esm/loader:341:34)
minimal starter - windows-latest - pnpm	Run smoke test	2025-09-17T04:34:48.1435965Z \n    at ModuleLoader.getModuleJobForImport (node:internal/modules/esm/loader:309:41)
minimal starter - windows-latest - pnpm	Run smoke test	2025-09-17T04:34:48.1436553Z \n    at process.processTicksAndRejections (node:internal/process/task_queues:105:5)
minimal starter - windows-latest - pnpm	Run smoke test	2025-09-17T04:34:48.1437137Z \n    at async onImport.tracePromise.__proto__ (node:internal/modules/esm/loader:650:25)
minimal starter - windows-latest - pnpm	Run smoke test	2025-09-17T04:34:48.1438509Z \n    at runDirectivesScan (file:///C:/Users/RUNNER%7E1/AppData/Local/Temp/tmp-2964-i4VM67eMVsRv/test-project-smoke-test-obedient-macaw-3278dec6/node_modules/.pnpm/rwsdk@file+..+..+..+..+..+._5ecf1a75f5c106542552d5b17e2da317/node_modules/rwsdk/dist/vite/runDirectivesScan.mjs:236:15)
minimal starter - windows-latest - pnpm	Run smoke test	2025-09-17T04:34:48.1439729Z \n    at process.processTicksAndRejections (node:internal/process/task_queues:105:5)
minimal starter - windows-latest - pnpm	Run smoke test	2025-09-17T04:34:48.1440088Z \n
minimal starter - windows-latest - pnpm	Run smoke test	2025-09-17T04:34:48.1440256Z \nNode.js v22.19.0
minimal starter - windows-latest - pnpm	Run smoke test	2025-09-17T04:34:48.1440437Z \n
minimal starter - windows-latest - pnpm	Run smoke test	2025-09-17T04:34:48.1441996Z 2025-09-17T04:34:48.121Z rwsdk:smoke Testing pattern server.*ready.*localhost:(\d+) against output: file:///C:/Users/RUNNER%7E1/AppData/Local/Temp/tmp-2964-i4VM67eMVsRv/test-project-smoke-test-obedient-macaw-3278dec6/node_modules/.pnpm/rwsdk@file+..+..+..+..+..+._5ecf1a75f5c106542552d5b17e2da317/node_modules/rwsdk/dist/vite/runDirectivesScan.mjs:236
minimal starter - windows-latest - pnpm	Run smoke test	2025-09-17T04:34:48.1443328Z \n        throw new Error(`RWSDK directive scan failed:\n${e.stack}`);
minimal starter - windows-latest - pnpm	Run smoke test	2025-09-17T04:34:48.1443626Z \n              ^
minimal starter - windows-latest - pnpm	Run smoke test	2025-09-17T04:34:48.1443798Z \n
minimal starter - windows-latest - pnpm	Run smoke test	2025-09-17T04:34:48.1444005Z \nError: RWSDK directive scan failed:
minimal starter - windows-latest - pnpm	Run smoke test	2025-09-17T04:34:48.1444947Z \nError [ERR_UNSUPPORTED_ESM_URL_SCHEME]: Only URLs with a scheme in: file, data, and node are supported by the default ESM loader. On Windows, absolute paths must be valid file:// URLs. Received protocol 'c:'
minimal starter - windows-latest - pnpm	Run smoke test	2025-09-17T04:34:48.1446069Z \n    at throwIfUnsupportedURLScheme (node:internal/modules/esm/load:184:11)
minimal starter - windows-latest - pnpm	Run smoke test	2025-09-17T04:34:48.1446545Z \n    at defaultLoad (node:internal/modules/esm/load:82:3)
minimal starter - windows-latest - pnpm	Run smoke test	2025-09-17T04:34:48.1446973Z \n    at ModuleLoader.load (node:internal/modules/esm/loader:801:12)
minimal starter - windows-latest - pnpm	Run smoke test	2025-09-17T04:34:48.1447669Z \n    at ModuleLoader.loadAndTranslate (node:internal/modules/esm/loader:586:43)
minimal starter - windows-latest - pnpm	Run smoke test	2025-09-17T04:34:48.1448292Z \n    at #createModuleJob (node:internal/modules/esm/loader:610:36)
minimal starter - windows-latest - pnpm	Run smoke test	2025-09-17T04:34:48.1448767Z \n    at #getJobFromResolveResult (node:internal/modules/esm/loader:341:34)
minimal starter - windows-latest - pnpm	Run smoke test	2025-09-17T04:34:48.1449320Z \n    at ModuleLoader.getModuleJobForImport (node:internal/modules/esm/loader:309:41)
minimal starter - windows-latest - pnpm	Run smoke test	2025-09-17T04:34:48.1449908Z \n    at process.processTicksAndRejections (node:internal/process/task_queues:105:5)
minimal starter - windows-latest - pnpm	Run smoke test	2025-09-17T04:34:48.1450497Z \n    at async onImport.tracePromise.__proto__ (node:internal/modules/esm/loader:650:25)
minimal starter - windows-latest - pnpm	Run smoke test	2025-09-17T04:34:48.1451842Z \n    at runDirectivesScan (file:///C:/Users/RUNNER%7E1/AppData/Local/Temp/tmp-2964-i4VM67eMVsRv/test-project-smoke-test-obedient-macaw-3278dec6/node_modules/.pnpm/rwsdk@file+..+..+..+..+..+._5ecf1a75f5c106542552d5b17e2da317/node_modules/rwsdk/dist/vite/runDirectivesScan.mjs:236:15)
minimal starter - windows-latest - pnpm	Run smoke test	2025-09-17T04:34:48.1453171Z \n    at process.processTicksAndRejections (node:internal/process/task_queues:105:5)
minimal starter - windows-latest - pnpm	Run smoke test	2025-09-17T04:34:48.1453533Z \n
minimal starter - windows-latest - pnpm	Run smoke test	2025-09-17T04:34:48.1453702Z \nNode.js v22.19.0
minimal starter - windows-latest - pnpm	Run smoke test	2025-09-17T04:34:48.1453878Z \n
minimal starter - windows-latest - pnpm	Run smoke test	2025-09-17T04:34:48.1455224Z 2025-09-17T04:34:48.121Z rwsdk:smoke Testing pattern dev server.*localhost:(\d+) against output: file:///C:/Users/RUNNER%7E1/AppData/Local/Temp/tmp-2964-i4VM67eMVsRv/test-project-smoke-test-obedient-macaw-3278dec6/node_modules/.pnpm/rwsdk@file+..+..+..+..+..+._5ecf1a75f5c106542552d5b17e2da317/node_modules/rwsdk/dist/vite/runDirectivesScan.mjs:236
minimal starter - windows-latest - pnpm	Run smoke test	2025-09-17T04:34:48.1456595Z \n        throw new Error(`RWSDK directive scan failed:\n${e.stack}`);
minimal starter - windows-latest - pnpm	Run smoke test	2025-09-17T04:34:48.1456894Z \n              ^
minimal starter - windows-latest - pnpm	Run smoke test	2025-09-17T04:34:48.1457062Z \n
minimal starter - windows-latest - pnpm	Run smoke test	2025-09-17T04:34:48.1457259Z \nError: RWSDK directive scan failed:
minimal starter - windows-latest - pnpm	Run smoke test	2025-09-17T04:34:48.1458112Z \nError [ERR_UNSUPPORTED_ESM_URL_SCHEME]: Only URLs with a scheme in: file, data, and node are supported by the default ESM loader. On Windows, absolute paths must be valid file:// URLs. Received protocol 'c:'
minimal starter - windows-latest - pnpm	Run smoke test	2025-09-17T04:34:48.1458981Z \n    at throwIfUnsupportedURLScheme (node:internal/modules/esm/load:184:11)
minimal starter - windows-latest - pnpm	Run smoke test	2025-09-17T04:34:48.1459592Z \n    at defaultLoad (node:internal/modules/esm/load:82:3)
minimal starter - windows-latest - pnpm	Run smoke test	2025-09-17T04:34:48.1460020Z \n    at ModuleLoader.load (node:internal/modules/esm/loader:801:12)
minimal starter - windows-latest - pnpm	Run smoke test	2025-09-17T04:34:48.1460514Z \n    at ModuleLoader.loadAndTranslate (node:internal/modules/esm/loader:586:43)
minimal starter - windows-latest - pnpm	Run smoke test	2025-09-17T04:34:48.1461005Z \n    at #createModuleJob (node:internal/modules/esm/loader:610:36)
minimal starter - windows-latest - pnpm	Run smoke test	2025-09-17T04:34:48.1461498Z \n    at #getJobFromResolveResult (node:internal/modules/esm/loader:341:34)
minimal starter - windows-latest - pnpm	Run smoke test	2025-09-17T04:34:48.1462053Z \n    at ModuleLoader.getModuleJobForImport (node:internal/modules/esm/loader:309:41)
minimal starter - windows-latest - pnpm	Run smoke test	2025-09-17T04:34:48.1462637Z \n    at process.processTicksAndRejections (node:internal/process/task_queues:105:5)
minimal starter - windows-latest - pnpm	Run smoke test	2025-09-17T04:34:48.1463513Z \n    at async onImport.tracePromise.__proto__ (node:internal/modules/esm/loader:650:25)
minimal starter - windows-latest - pnpm	Run smoke test	2025-09-17T04:34:48.1464895Z \n    at runDirectivesScan (file:///C:/Users/RUNNER%7E1/AppData/Local/Temp/tmp-2964-i4VM67eMVsRv/test-project-smoke-test-obedient-macaw-3278dec6/node_modules/.pnpm/rwsdk@file+..+..+..+..+..+._5ecf1a75f5c106542552d5b17e2da317/node_modules/rwsdk/dist/vite/runDirectivesScan.mjs:236:15)
minimal starter - windows-latest - pnpm	Run smoke test	2025-09-17T04:34:48.1466100Z \n    at process.processTicksAndRejections (node:internal/process/task_queues:105:5)
minimal starter - windows-latest - pnpm	Run smoke test	2025-09-17T04:34:48.1466465Z \n
minimal starter - windows-latest - pnpm	Run smoke test	2025-09-17T04:34:48.1466624Z \nNode.js v22.19.0
minimal starter - windows-latest - pnpm	Run smoke test	2025-09-17T04:34:48.1466797Z \n
minimal starter - windows-latest - pnpm	Run smoke test	2025-09-17T04:34:48.1468123Z 2025-09-17T04:34:48.121Z rwsdk:smoke Potential URL pattern found but not matched: file:///C:/Users/RUNNER%7E1/AppData/Local/Temp/tmp-2964-i4VM67eMVsRv/test-project-smoke-test-obedient-macaw-3278dec6/node_modules/.pnpm/rwsdk@file+..+..+..+..+..+._5ecf1a75f5c106542552d5b17e2da317/node_modules/rwsdk/dist/vite/runDirectivesScan.mjs:236
minimal starter - windows-latest - pnpm	Run smoke test	2025-09-17T04:34:48.1469346Z         throw new Error(`RWSDK directive scan failed:\n${e.stack}`);
minimal starter - windows-latest - pnpm	Run smoke test	2025-09-17T04:34:48.1469660Z               ^
minimal starter - windows-latest - pnpm	Run smoke test	2025-09-17T04:34:48.1469766Z 
minimal starter - windows-latest - pnpm	Run smoke test	2025-09-17T04:34:48.1469888Z Error: RWSDK directive scan failed:
minimal starter - windows-latest - pnpm	Run smoke test	2025-09-17T04:34:48.1470742Z Error [ERR_UNSUPPORTED_ESM_URL_SCHEME]: Only URLs with a scheme in: file, data, and node are supported by the default ESM loader. On Windows, absolute paths must be valid file:// URLs. Received protocol 'c:'
minimal starter - windows-latest - pnpm	Run smoke test	2025-09-17T04:34:48.1471581Z     at throwIfUnsupportedURLScheme (node:internal/modules/esm/load:184:11)
minimal starter - windows-latest - pnpm	Run smoke test	2025-09-17T04:34:48.1472003Z     at defaultLoad (node:internal/modules/esm/load:82:3)
minimal starter - windows-latest - pnpm	Run smoke test	2025-09-17T04:34:48.1472391Z     at ModuleLoader.load (node:internal/modules/esm/loader:801:12)
minimal starter - windows-latest - pnpm	Run smoke test	2025-09-17T04:34:48.1472844Z     at ModuleLoader.loadAndTranslate (node:internal/modules/esm/loader:586:43)
minimal starter - windows-latest - pnpm	Run smoke test	2025-09-17T04:34:48.1473295Z     at #createModuleJob (node:internal/modules/esm/loader:610:36)
minimal starter - windows-latest - pnpm	Run smoke test	2025-09-17T04:34:48.1473831Z     at #getJobFromResolveResult (node:internal/modules/esm/loader:341:34)
minimal starter - windows-latest - pnpm	Run smoke test	2025-09-17T04:34:48.1474341Z     at ModuleLoader.getModuleJobForImport (node:internal/modules/esm/loader:309:41)
minimal starter - windows-latest - pnpm	Run smoke test	2025-09-17T04:34:48.1474892Z     at process.processTicksAndRejections (node:internal/process/task_queues:105:5)
minimal starter - windows-latest - pnpm	Run smoke test	2025-09-17T04:34:48.1475419Z     at async onImport.tracePromise.__proto__ (node:internal/modules/esm/loader:650:25)
minimal starter - windows-latest - pnpm	Run smoke test	2025-09-17T04:34:48.1476657Z     at runDirectivesScan (file:///C:/Users/RUNNER%7E1/AppData/Local/Temp/tmp-2964-i4VM67eMVsRv/test-project-smoke-test-obedient-macaw-3278dec6/node_modules/.pnpm/rwsdk@file+..+..+..+..+..+._5ecf1a75f5c106542552d5b17e2da317/node_modules/rwsdk/dist/vite/runDirectivesScan.mjs:236:15)
minimal starter - windows-latest - pnpm	Run smoke test	2025-09-17T04:34:48.1477900Z     at process.processTicksAndRejections (node:internal/process/task_queues:105:5)
minimal starter - windows-latest - pnpm	Run smoke test	2025-09-17T04:34:48.1478212Z 
minimal starter - windows-latest - pnpm	Run smoke test	2025-09-17T04:34:48.1478285Z Node.js v22.19.0
minimal starter - windows-latest - pnpm	Run smoke test	2025-09-17T04:34:48.1479561Z 2025-09-17T04:34:48.121Z rwsdk:smoke Received output from stderr: file:///C:/Users/RUNNER%7E1/AppData/Local/Temp/tmp-2964-i4VM67eMVsRv/test-project-smoke-test-obedient-macaw-3278dec6/node_modules/.pnpm/rwsdk@file+..+..+..+..+..+._5ecf1a75f5c106542552d5b17e2da317/node_modules/rwsdk/dist/vite/runDirectivesScan.mjs:236
minimal starter - windows-latest - pnpm	Run smoke test	2025-09-17T04:34:48.1480765Z \n        throw new Error(`RWSDK directive scan failed:\n${e.stack}`);
minimal starter - windows-latest - pnpm	Run smoke test	2025-09-17T04:34:48.1481063Z \n              ^
minimal starter - windows-latest - pnpm	Run smoke test	2025-09-17T04:34:48.1481234Z \n
minimal starter - windows-latest - pnpm	Run smoke test	2025-09-17T04:34:48.1481438Z \nError: RWSDK directive scan failed:
minimal starter - windows-latest - pnpm	Run smoke test	2025-09-17T04:34:48.1482294Z \nError [ERR_UNSUPPORTED_ESM_URL_SCHEME]: Only URLs with a scheme in: file, data, and node are supported by the default ESM loader. On Windows, absolute paths must be valid file:// URLs. Received protocol 'c:'
minimal starter - windows-latest - pnpm	Run smoke test	2025-09-17T04:34:48.1483152Z \n    at throwIfUnsupportedURLScheme (node:internal/modules/esm/load:184:11)
minimal starter - windows-latest - pnpm	Run smoke test	2025-09-17T04:34:48.1483601Z \n    at defaultLoad (node:internal/modules/esm/load:82:3)
minimal starter - windows-latest - pnpm	Run smoke test	2025-09-17T04:34:48.1484015Z \n    at ModuleLoader.load (node:internal/modules/esm/loader:801:12)
minimal starter - windows-latest - pnpm	Run smoke test	2025-09-17T04:34:48.1484519Z \n    at ModuleLoader.loadAndTranslate (node:internal/modules/esm/loader:586:43)
minimal starter - windows-latest - pnpm	Run smoke test	2025-09-17T04:34:48.1485000Z \n    at #createModuleJob (node:internal/modules/esm/loader:610:36)
minimal starter - windows-latest - pnpm	Run smoke test	2025-09-17T04:34:48.1485462Z \n    at #getJobFromResolveResult (node:internal/modules/esm/loader:341:34)
minimal starter - windows-latest - pnpm	Run smoke test	2025-09-17T04:34:48.1486566Z \n    at ModuleLoader.getModuleJobForImport (node:internal/modules/esm/loader:309:41)
minimal starter - windows-latest - pnpm	Run smoke test	2025-09-17T04:34:48.1487353Z \n    at process.processTicksAndRejections (node:internal/process/task_queues:105:5)
minimal starter - windows-latest - pnpm	Run smoke test	2025-09-17T04:34:48.1487948Z \n    at async onImport.tracePromise.__proto__ (node:internal/modules/esm/loader:650:25)
minimal starter - windows-latest - pnpm	Run smoke test	2025-09-17T04:34:48.1489312Z \n    at runDirectivesScan (file:///C:/Users/RUNNER%7E1/AppData/Local/Temp/tmp-2964-i4VM67eMVsRv/test-project-smoke-test-obedient-macaw-3278dec6/node_modules/.pnpm/rwsdk@file+..+..+..+..+..+._5ecf1a75f5c106542552d5b17e2da317/node_modules/rwsdk/dist/vite/runDirectivesScan.mjs:236:15)
minimal starter - windows-latest - pnpm	Run smoke test	2025-09-17T04:34:48.1490518Z \n    at process.processTicksAndRejections (node:internal/process/task_queues:105:5)
minimal starter - windows-latest - pnpm	Run smoke test	2025-09-17T04:34:48.1490888Z \n
minimal starter - windows-latest - pnpm	Run smoke test	2025-09-17T04:34:48.1491056Z \nNode.js v22.19.0
minimal starter - windows-latest - pnpm	Run smoke test	2025-09-17T04:34:48.1491232Z \n
minimal starter - windows-latest - pnpm	Run smoke test	2025-09-17T04:34:48.1492779Z 2025-09-17T04:34:48.121Z rwsdk:smoke Testing pattern Local:\s*(?:\u001b\[\d+m)?(https?:\/\/localhost:\d+) against output: file:///C:/Users/RUNNER%7E1/AppData/Local/Temp/tmp-2964-i4VM67eMVsRv/test-project-smoke-test-obedient-macaw-3278dec6/node_modules/.pnpm/rwsdk@file+..+..+..+..+..+._5ecf1a75f5c106542552d5b17e2da317/node_modules/rwsdk/dist/vite/runDirectivesScan.mjs:236
minimal starter - windows-latest - pnpm	Run smoke test	2025-09-17T04:34:48.1494466Z \n        throw new Error(`RWSDK directive scan failed:\n${e.stack}`);
minimal starter - windows-latest - pnpm	Run smoke test	2025-09-17T04:34:48.1494785Z \n              ^
minimal starter - windows-latest - pnpm	Run smoke test	2025-09-17T04:34:48.1494955Z \n
minimal starter - windows-latest - pnpm	Run smoke test	2025-09-17T04:34:48.1495157Z \nError: RWSDK directive scan failed:
minimal starter - windows-latest - pnpm	Run smoke test	2025-09-17T04:34:48.1496023Z \nError [ERR_UNSUPPORTED_ESM_URL_SCHEME]: Only URLs with a scheme in: file, data, and node are supported by the default ESM loader. On Windows, absolute paths must be valid file:// URLs. Received protocol 'c:'
minimal starter - windows-latest - pnpm	Run smoke test	2025-09-17T04:34:48.1497017Z \n    at throwIfUnsupportedURLScheme (node:internal/modules/esm/load:184:11)
minimal starter - windows-latest - pnpm	Run smoke test	2025-09-17T04:34:48.1497477Z \n    at defaultLoad (node:internal/modules/esm/load:82:3)
minimal starter - windows-latest - pnpm	Run smoke test	2025-09-17T04:34:48.1497895Z \n    at ModuleLoader.load (node:internal/modules/esm/loader:801:12)
minimal starter - windows-latest - pnpm	Run smoke test	2025-09-17T04:34:48.1498383Z \n    at ModuleLoader.loadAndTranslate (node:internal/modules/esm/loader:586:43)
minimal starter - windows-latest - pnpm	Run smoke test	2025-09-17T04:34:48.1498875Z \n    at #createModuleJob (node:internal/modules/esm/loader:610:36)
minimal starter - windows-latest - pnpm	Run smoke test	2025-09-17T04:34:48.1499349Z \n    at #getJobFromResolveResult (node:internal/modules/esm/loader:341:34)
minimal starter - windows-latest - pnpm	Run smoke test	2025-09-17T04:34:48.1499981Z \n    at ModuleLoader.getModuleJobForImport (node:internal/modules/esm/loader:309:41)
minimal starter - windows-latest - pnpm	Run smoke test	2025-09-17T04:34:48.1500563Z \n    at process.processTicksAndRejections (node:internal/process/task_queues:105:5)
minimal starter - windows-latest - pnpm	Run smoke test	2025-09-17T04:34:48.1501142Z \n    at async onImport.tracePromise.__proto__ (node:internal/modules/esm/loader:650:25)
minimal starter - windows-latest - pnpm	Run smoke test	2025-09-17T04:34:48.1502495Z \n    at runDirectivesScan (file:///C:/Users/RUNNER%7E1/AppData/Local/Temp/tmp-2964-i4VM67eMVsRv/test-project-smoke-test-obedient-macaw-3278dec6/node_modules/.pnpm/rwsdk@file+..+..+..+..+..+._5ecf1a75f5c106542552d5b17e2da317/node_modules/rwsdk/dist/vite/runDirectivesScan.mjs:236:15)
minimal starter - windows-latest - pnpm	Run smoke test	2025-09-17T04:34:48.1503692Z \n    at process.processTicksAndRejections (node:internal/process/task_queues:105:5)
minimal starter - windows-latest - pnpm	Run smoke test	2025-09-17T04:34:48.1504053Z \n
minimal starter - windows-latest - pnpm	Run smoke test	2025-09-17T04:34:48.1504214Z \nNode.js v22.19.0
minimal starter - windows-latest - pnpm	Run smoke test	2025-09-17T04:34:48.1504390Z \n
minimal starter - windows-latest - pnpm	Run smoke test	2025-09-17T04:34:48.1506239Z 2025-09-17T04:34:48.121Z rwsdk:smoke Testing pattern [➜→]\s*Local:\s*(?:\u001b\[\d+m)?(https?:\/\/localhost:\d+) against output: file:///C:/Users/RUNNER%7E1/AppData/Local/Temp/tmp-2964-i4VM67eMVsRv/test-project-smoke-test-obedient-macaw-3278dec6/node_modules/.pnpm/rwsdk@file+..+..+..+..+..+._5ecf1a75f5c106542552d5b17e2da317/node_modules/rwsdk/dist/vite/runDirectivesScan.mjs:236
minimal starter - windows-latest - pnpm	Run smoke test	2025-09-17T04:34:48.1507807Z \n        throw new Error(`RWSDK directive scan failed:\n${e.stack}`);
minimal starter - windows-latest - pnpm	Run smoke test	2025-09-17T04:34:48.1508220Z \n              ^
minimal starter - windows-latest - pnpm	Run smoke test	2025-09-17T04:34:48.1508388Z \n
minimal starter - windows-latest - pnpm	Run smoke test	2025-09-17T04:34:48.1508592Z \nError: RWSDK directive scan failed:
minimal starter - windows-latest - pnpm	Run smoke test	2025-09-17T04:34:48.1509456Z \nError [ERR_UNSUPPORTED_ESM_URL_SCHEME]: Only URLs with a scheme in: file, data, and node are supported by the default ESM loader. On Windows, absolute paths must be valid file:// URLs. Received protocol 'c:'
minimal starter - windows-latest - pnpm	Run smoke test	2025-09-17T04:34:48.1510328Z \n    at throwIfUnsupportedURLScheme (node:internal/modules/esm/load:184:11)
minimal starter - windows-latest - pnpm	Run smoke test	2025-09-17T04:34:48.1510768Z \n    at defaultLoad (node:internal/modules/esm/load:82:3)
minimal starter - windows-latest - pnpm	Run smoke test	2025-09-17T04:34:48.1511257Z \n    at ModuleLoader.load (node:internal/modules/esm/loader:801:12)
minimal starter - windows-latest - pnpm	Run smoke test	2025-09-17T04:34:48.1511855Z \n    at ModuleLoader.loadAndTranslate (node:internal/modules/esm/loader:586:43)
minimal starter - windows-latest - pnpm	Run smoke test	2025-09-17T04:34:48.1512345Z \n    at #createModuleJob (node:internal/modules/esm/loader:610:36)
minimal starter - windows-latest - pnpm	Run smoke test	2025-09-17T04:34:48.1512820Z \n    at #getJobFromResolveResult (node:internal/modules/esm/loader:341:34)
minimal starter - windows-latest - pnpm	Run smoke test	2025-09-17T04:34:48.1513363Z \n    at ModuleLoader.getModuleJobForImport (node:internal/modules/esm/loader:309:41)
minimal starter - windows-latest - pnpm	Run smoke test	2025-09-17T04:34:48.1513949Z \n    at process.processTicksAndRejections (node:internal/process/task_queues:105:5)
minimal starter - windows-latest - pnpm	Run smoke test	2025-09-17T04:34:48.1514527Z \n    at async onImport.tracePromise.__proto__ (node:internal/modules/esm/loader:650:25)
minimal starter - windows-latest - pnpm	Run smoke test	2025-09-17T04:34:48.1515877Z \n    at runDirectivesScan (file:///C:/Users/RUNNER%7E1/AppData/Local/Temp/tmp-2964-i4VM67eMVsRv/test-project-smoke-test-obedient-macaw-3278dec6/node_modules/.pnpm/rwsdk@file+..+..+..+..+..+._5ecf1a75f5c106542552d5b17e2da317/node_modules/rwsdk/dist/vite/runDirectivesScan.mjs:236:15)
minimal starter - windows-latest - pnpm	Run smoke test	2025-09-17T04:34:48.1517088Z \n    at process.processTicksAndRejections (node:internal/process/task_queues:105:5)
minimal starter - windows-latest - pnpm	Run smoke test	2025-09-17T04:34:48.1517442Z \n
minimal starter - windows-latest - pnpm	Run smoke test	2025-09-17T04:34:48.1517609Z \nNode.js v22.19.0
minimal starter - windows-latest - pnpm	Run smoke test	2025-09-17T04:34:48.1517783Z \n
minimal starter - windows-latest - pnpm	Run smoke test	2025-09-17T04:34:48.1519276Z 2025-09-17T04:34:48.121Z rwsdk:smoke Testing pattern [\u27A1\u2192\u279C]\s*Local:\s*(?:\u001b\[\d+m)?(https?:\/\/localhost:\d+) against output: file:///C:/Users/RUNNER%7E1/AppData/Local/Temp/tmp-2964-i4VM67eMVsRv/test-project-smoke-test-obedient-macaw-3278dec6/node_modules/.pnpm/rwsdk@file+..+..+..+..+..+._5ecf1a75f5c106542552d5b17e2da317/node_modules/rwsdk/dist/vite/runDirectivesScan.mjs:236
minimal starter - windows-latest - pnpm	Run smoke test	2025-09-17T04:34:48.1520766Z \n        throw new Error(`RWSDK directive scan failed:\n${e.stack}`);
minimal starter - windows-latest - pnpm	Run smoke test	2025-09-17T04:34:48.1521059Z \n              ^
minimal starter - windows-latest - pnpm	Run smoke test	2025-09-17T04:34:48.1521227Z \n
minimal starter - windows-latest - pnpm	Run smoke test	2025-09-17T04:34:48.1521434Z \nError: RWSDK directive scan failed:
minimal starter - windows-latest - pnpm	Run smoke test	2025-09-17T04:34:48.1522286Z \nError [ERR_UNSUPPORTED_ESM_URL_SCHEME]: Only URLs with a scheme in: file, data, and node are supported by the default ESM loader. On Windows, absolute paths must be valid file:// URLs. Received protocol 'c:'
minimal starter - windows-latest - pnpm	Run smoke test	2025-09-17T04:34:48.1523936Z \n    at throwIfUnsupportedURLScheme (node:internal/modules/esm/load:184:11)
minimal starter - windows-latest - pnpm	Run smoke test	2025-09-17T04:34:48.1524401Z \n    at defaultLoad (node:internal/modules/esm/load:82:3)
minimal starter - windows-latest - pnpm	Run smoke test	2025-09-17T04:34:48.1524823Z \n    at ModuleLoader.load (node:internal/modules/esm/loader:801:12)
minimal starter - windows-latest - pnpm	Run smoke test	2025-09-17T04:34:48.1525328Z \n    at ModuleLoader.loadAndTranslate (node:internal/modules/esm/loader:586:43)
minimal starter - windows-latest - pnpm	Run smoke test	2025-09-17T04:34:48.1525815Z \n    at #createModuleJob (node:internal/modules/esm/loader:610:36)
minimal starter - windows-latest - pnpm	Run smoke test	2025-09-17T04:34:48.1526294Z \n    at #getJobFromResolveResult (node:internal/modules/esm/loader:341:34)
minimal starter - windows-latest - pnpm	Run smoke test	2025-09-17T04:34:48.1526846Z \n    at ModuleLoader.getModuleJobForImport (node:internal/modules/esm/loader:309:41)
minimal starter - windows-latest - pnpm	Run smoke test	2025-09-17T04:34:48.1527439Z \n    at process.processTicksAndRejections (node:internal/process/task_queues:105:5)
minimal starter - windows-latest - pnpm	Run smoke test	2025-09-17T04:34:48.1528013Z \n    at async onImport.tracePromise.__proto__ (node:internal/modules/esm/loader:650:25)
minimal starter - windows-latest - pnpm	Run smoke test	2025-09-17T04:34:48.1529377Z \n    at runDirectivesScan (file:///C:/Users/RUNNER%7E1/AppData/Local/Temp/tmp-2964-i4VM67eMVsRv/test-project-smoke-test-obedient-macaw-3278dec6/node_modules/.pnpm/rwsdk@file+..+..+..+..+..+._5ecf1a75f5c106542552d5b17e2da317/node_modules/rwsdk/dist/vite/runDirectivesScan.mjs:236:15)
minimal starter - windows-latest - pnpm	Run smoke test	2025-09-17T04:34:48.1530605Z \n    at process.processTicksAndRejections (node:internal/process/task_queues:105:5)
minimal starter - windows-latest - pnpm	Run smoke test	2025-09-17T04:34:48.1530972Z \n
minimal starter - windows-latest - pnpm	Run smoke test	2025-09-17T04:34:48.1531145Z \nNode.js v22.19.0
minimal starter - windows-latest - pnpm	Run smoke test	2025-09-17T04:34:48.1531311Z \n
minimal starter - windows-latest - pnpm	Run smoke test	2025-09-17T04:34:48.1532663Z 2025-09-17T04:34:48.121Z rwsdk:smoke Testing pattern (https?:\/\/localhost:\d+) against output: file:///C:/Users/RUNNER%7E1/AppData/Local/Temp/tmp-2964-i4VM67eMVsRv/test-project-smoke-test-obedient-macaw-3278dec6/node_modules/.pnpm/rwsdk@file+..+..+..+..+..+._5ecf1a75f5c106542552d5b17e2da317/node_modules/rwsdk/dist/vite/runDirectivesScan.mjs:236
minimal starter - windows-latest - pnpm	Run smoke test	2025-09-17T04:34:48.1533941Z \n        throw new Error(`RWSDK directive scan failed:\n${e.stack}`);
minimal starter - windows-latest - pnpm	Run smoke test	2025-09-17T04:34:48.1534249Z \n              ^
minimal starter - windows-latest - pnpm	Run smoke test	2025-09-17T04:34:48.1534419Z \n
minimal starter - windows-latest - pnpm	Run smoke test	2025-09-17T04:34:48.1534617Z \nError: RWSDK directive scan failed:
minimal starter - windows-latest - pnpm	Run smoke test	2025-09-17T04:34:48.1535473Z \nError [ERR_UNSUPPORTED_ESM_URL_SCHEME]: Only URLs with a scheme in: file, data, and node are supported by the default ESM loader. On Windows, absolute paths must be valid file:// URLs. Received protocol 'c:'
minimal starter - windows-latest - pnpm	Run smoke test	2025-09-17T04:34:48.1536344Z \n    at throwIfUnsupportedURLScheme (node:internal/modules/esm/load:184:11)
minimal starter - windows-latest - pnpm	Run smoke test	2025-09-17T04:34:48.1536791Z \n    at defaultLoad (node:internal/modules/esm/load:82:3)
minimal starter - windows-latest - pnpm	Run smoke test	2025-09-17T04:34:48.1537195Z \n    at ModuleLoader.load (node:internal/modules/esm/loader:801:12)
minimal starter - windows-latest - pnpm	Run smoke test	2025-09-17T04:34:48.1537696Z \n    at ModuleLoader.loadAndTranslate (node:internal/modules/esm/loader:586:43)
minimal starter - windows-latest - pnpm	Run smoke test	2025-09-17T04:34:48.1538185Z \n    at #createModuleJob (node:internal/modules/esm/loader:610:36)
minimal starter - windows-latest - pnpm	Run smoke test	2025-09-17T04:34:48.1538655Z \n    at #getJobFromResolveResult (node:internal/modules/esm/loader:341:34)
minimal starter - windows-latest - pnpm	Run smoke test	2025-09-17T04:34:48.1539208Z \n    at ModuleLoader.getModuleJobForImport (node:internal/modules/esm/loader:309:41)
minimal starter - windows-latest - pnpm	Run smoke test	2025-09-17T04:34:48.1539792Z \n    at process.processTicksAndRejections (node:internal/process/task_queues:105:5)
minimal starter - windows-latest - pnpm	Run smoke test	2025-09-17T04:34:48.1540368Z \n    at async onImport.tracePromise.__proto__ (node:internal/modules/esm/loader:650:25)
minimal starter - windows-latest - pnpm	Run smoke test	2025-09-17T04:34:48.1541840Z \n    at runDirectivesScan (file:///C:/Users/RUNNER%7E1/AppData/Local/Temp/tmp-2964-i4VM67eMVsRv/test-project-smoke-test-obedient-macaw-3278dec6/node_modules/.pnpm/rwsdk@file+..+..+..+..+..+._5ecf1a75f5c106542552d5b17e2da317/node_modules/rwsdk/dist/vite/runDirectivesScan.mjs:236:15)
minimal starter - windows-latest - pnpm	Run smoke test	2025-09-17T04:34:48.1543046Z \n    at process.processTicksAndRejections (node:internal/process/task_queues:105:5)
minimal starter - windows-latest - pnpm	Run smoke test	2025-09-17T04:34:48.1543400Z \n
minimal starter - windows-latest - pnpm	Run smoke test	2025-09-17T04:34:48.1543554Z \nNode.js v22.19.0
minimal starter - windows-latest - pnpm	Run smoke test	2025-09-17T04:34:48.1543723Z \n
minimal starter - windows-latest - pnpm	Run smoke test	2025-09-17T04:34:48.1545032Z 2025-09-17T04:34:48.121Z rwsdk:smoke Testing pattern localhost:(\d+) against output: file:///C:/Users/RUNNER%7E1/AppData/Local/Temp/tmp-2964-i4VM67eMVsRv/test-project-smoke-test-obedient-macaw-3278dec6/node_modules/.pnpm/rwsdk@file+..+..+..+..+..+._5ecf1a75f5c106542552d5b17e2da317/node_modules/rwsdk/dist/vite/runDirectivesScan.mjs:236
minimal starter - windows-latest - pnpm	Run smoke test	2025-09-17T04:34:48.1546364Z \n        throw new Error(`RWSDK directive scan failed:\n${e.stack}`);
minimal starter - windows-latest - pnpm	Run smoke test	2025-09-17T04:34:48.1546664Z \n              ^
minimal starter - windows-latest - pnpm	Run smoke test	2025-09-17T04:34:48.1546832Z \n
minimal starter - windows-latest - pnpm	Run smoke test	2025-09-17T04:34:48.1547038Z \nError: RWSDK directive scan failed:
minimal starter - windows-latest - pnpm	Run smoke test	2025-09-17T04:34:48.1547884Z \nError [ERR_UNSUPPORTED_ESM_URL_SCHEME]: Only URLs with a scheme in: file, data, and node are supported by the default ESM loader. On Windows, absolute paths must be valid file:// URLs. Received protocol 'c:'
minimal starter - windows-latest - pnpm	Run smoke test	2025-09-17T04:34:48.1548730Z \n    at throwIfUnsupportedURLScheme (node:internal/modules/esm/load:184:11)
minimal starter - windows-latest - pnpm	Run smoke test	2025-09-17T04:34:48.1549177Z \n    at defaultLoad (node:internal/modules/esm/load:82:3)
minimal starter - windows-latest - pnpm	Run smoke test	2025-09-17T04:34:48.1549585Z \n    at ModuleLoader.load (node:internal/modules/esm/loader:801:12)
minimal starter - windows-latest - pnpm	Run smoke test	2025-09-17T04:34:48.1550071Z \n    at ModuleLoader.loadAndTranslate (node:internal/modules/esm/loader:586:43)
minimal starter - windows-latest - pnpm	Run smoke test	2025-09-17T04:34:48.1550557Z \n    at #createModuleJob (node:internal/modules/esm/loader:610:36)
minimal starter - windows-latest - pnpm	Run smoke test	2025-09-17T04:34:48.1551016Z \n    at #getJobFromResolveResult (node:internal/modules/esm/loader:341:34)
minimal starter - windows-latest - pnpm	Run smoke test	2025-09-17T04:34:48.1551560Z \n    at ModuleLoader.getModuleJobForImport (node:internal/modules/esm/loader:309:41)
minimal starter - windows-latest - pnpm	Run smoke test	2025-09-17T04:34:48.1552138Z \n    at process.processTicksAndRejections (node:internal/process/task_queues:105:5)
minimal starter - windows-latest - pnpm	Run smoke test	2025-09-17T04:34:48.1552713Z \n    at async onImport.tracePromise.__proto__ (node:internal/modules/esm/loader:650:25)
minimal starter - windows-latest - pnpm	Run smoke test	2025-09-17T04:34:48.1554069Z \n    at runDirectivesScan (file:///C:/Users/RUNNER%7E1/AppData/Local/Temp/tmp-2964-i4VM67eMVsRv/test-project-smoke-test-obedient-macaw-3278dec6/node_modules/.pnpm/rwsdk@file+..+..+..+..+..+._5ecf1a75f5c106542552d5b17e2da317/node_modules/rwsdk/dist/vite/runDirectivesScan.mjs:236:15)
minimal starter - windows-latest - pnpm	Run smoke test	2025-09-17T04:34:48.1555300Z \n    at process.processTicksAndRejections (node:internal/process/task_queues:105:5)
minimal starter - windows-latest - pnpm	Run smoke test	2025-09-17T04:34:48.1555666Z \n
minimal starter - windows-latest - pnpm	Run smoke test	2025-09-17T04:34:48.1555835Z \nNode.js v22.19.0
minimal starter - windows-latest - pnpm	Run smoke test	2025-09-17T04:34:48.1556006Z \n
minimal starter - windows-latest - pnpm	Run smoke test	2025-09-17T04:34:48.1557386Z 2025-09-17T04:34:48.121Z rwsdk:smoke Testing pattern server.*ready.*localhost:(\d+) against output: file:///C:/Users/RUNNER%7E1/AppData/Local/Temp/tmp-2964-i4VM67eMVsRv/test-project-smoke-test-obedient-macaw-3278dec6/node_modules/.pnpm/rwsdk@file+..+..+..+..+..+._5ecf1a75f5c106542552d5b17e2da317/node_modules/rwsdk/dist/vite/runDirectivesScan.mjs:236
minimal starter - windows-latest - pnpm	Run smoke test	2025-09-17T04:34:48.1558964Z \n        throw new Error(`RWSDK directive scan failed:\n${e.stack}`);
minimal starter - windows-latest - pnpm	Run smoke test	2025-09-17T04:34:48.1559284Z \n              ^
minimal starter - windows-latest - pnpm	Run smoke test	2025-09-17T04:34:48.1559453Z \n
minimal starter - windows-latest - pnpm	Run smoke test	2025-09-17T04:34:48.1559651Z \nError: RWSDK directive scan failed:
minimal starter - windows-latest - pnpm	Run smoke test	2025-09-17T04:34:48.1560521Z \nError [ERR_UNSUPPORTED_ESM_URL_SCHEME]: Only URLs with a scheme in: file, data, and node are supported by the default ESM loader. On Windows, absolute paths must be valid file:// URLs. Received protocol 'c:'
minimal starter - windows-latest - pnpm	Run smoke test	2025-09-17T04:34:48.1561396Z \n    at throwIfUnsupportedURLScheme (node:internal/modules/esm/load:184:11)
minimal starter - windows-latest - pnpm	Run smoke test	2025-09-17T04:34:48.1561855Z \n    at defaultLoad (node:internal/modules/esm/load:82:3)
minimal starter - windows-latest - pnpm	Run smoke test	2025-09-17T04:34:48.1562271Z \n    at ModuleLoader.load (node:internal/modules/esm/loader:801:12)
minimal starter - windows-latest - pnpm	Run smoke test	2025-09-17T04:34:48.1562911Z \n    at ModuleLoader.loadAndTranslate (node:internal/modules/esm/loader:586:43)
minimal starter - windows-latest - pnpm	Run smoke test	2025-09-17T04:34:48.1563579Z \n    at #createModuleJob (node:internal/modules/esm/loader:610:36)
minimal starter - windows-latest - pnpm	Run smoke test	2025-09-17T04:34:48.1564055Z \n    at #getJobFromResolveResult (node:internal/modules/esm/loader:341:34)
minimal starter - windows-latest - pnpm	Run smoke test	2025-09-17T04:34:48.1564618Z \n    at ModuleLoader.getModuleJobForImport (node:internal/modules/esm/loader:309:41)
minimal starter - windows-latest - pnpm	Run smoke test	2025-09-17T04:34:48.1565196Z \n    at process.processTicksAndRejections (node:internal/process/task_queues:105:5)
minimal starter - windows-latest - pnpm	Run smoke test	2025-09-17T04:34:48.1565778Z \n    at async onImport.tracePromise.__proto__ (node:internal/modules/esm/loader:650:25)
minimal starter - windows-latest - pnpm	Run smoke test	2025-09-17T04:34:48.1567257Z \n    at runDirectivesScan (file:///C:/Users/RUNNER%7E1/AppData/Local/Temp/tmp-2964-i4VM67eMVsRv/test-project-smoke-test-obedient-macaw-3278dec6/node_modules/.pnpm/rwsdk@file+..+..+..+..+..+._5ecf1a75f5c106542552d5b17e2da317/node_modules/rwsdk/dist/vite/runDirectivesScan.mjs:236:15)
minimal starter - windows-latest - pnpm	Run smoke test	2025-09-17T04:34:48.1569445Z \n    at process.processTicksAndRejections (node:internal/process/task_queues:105:5)
minimal starter - windows-latest - pnpm	Run smoke test	2025-09-17T04:34:48.1569886Z \n
minimal starter - windows-latest - pnpm	Run smoke test	2025-09-17T04:34:48.1570053Z \nNode.js v22.19.0
minimal starter - windows-latest - pnpm	Run smoke test	2025-09-17T04:34:48.1570226Z \n
minimal starter - windows-latest - pnpm	Run smoke test	2025-09-17T04:34:48.1571604Z 2025-09-17T04:34:48.121Z rwsdk:smoke Testing pattern dev server.*localhost:(\d+) against output: file:///C:/Users/RUNNER%7E1/AppData/Local/Temp/tmp-2964-i4VM67eMVsRv/test-project-smoke-test-obedient-macaw-3278dec6/node_modules/.pnpm/rwsdk@file+..+..+..+..+..+._5ecf1a75f5c106542552d5b17e2da317/node_modules/rwsdk/dist/vite/runDirectivesScan.mjs:236
minimal starter - windows-latest - pnpm	Run smoke test	2025-09-17T04:34:48.1572911Z \n        throw new Error(`RWSDK directive scan failed:\n${e.stack}`);
minimal starter - windows-latest - pnpm	Run smoke test	2025-09-17T04:34:48.1573218Z \n              ^
minimal starter - windows-latest - pnpm	Run smoke test	2025-09-17T04:34:48.1573381Z \n
minimal starter - windows-latest - pnpm	Run smoke test	2025-09-17T04:34:48.1573584Z \nError: RWSDK directive scan failed:
minimal starter - windows-latest - pnpm	Run smoke test	2025-09-17T04:34:48.1574438Z \nError [ERR_UNSUPPORTED_ESM_URL_SCHEME]: Only URLs with a scheme in: file, data, and node are supported by the default ESM loader. On Windows, absolute paths must be valid file:// URLs. Received protocol 'c:'
minimal starter - windows-latest - pnpm	Run smoke test	2025-09-17T04:34:48.1575303Z \n    at throwIfUnsupportedURLScheme (node:internal/modules/esm/load:184:11)
minimal starter - windows-latest - pnpm	Run smoke test	2025-09-17T04:34:48.1575744Z \n    at defaultLoad (node:internal/modules/esm/load:82:3)
minimal starter - windows-latest - pnpm	Run smoke test	2025-09-17T04:34:48.1576155Z \n    at ModuleLoader.load (node:internal/modules/esm/loader:801:12)
minimal starter - windows-latest - pnpm	Run smoke test	2025-09-17T04:34:48.1576644Z \n    at ModuleLoader.loadAndTranslate (node:internal/modules/esm/loader:586:43)
minimal starter - windows-latest - pnpm	Run smoke test	2025-09-17T04:34:48.1577125Z \n    at #createModuleJob (node:internal/modules/esm/loader:610:36)
minimal starter - windows-latest - pnpm	Run smoke test	2025-09-17T04:34:48.1577582Z \n    at #getJobFromResolveResult (node:internal/modules/esm/loader:341:34)
minimal starter - windows-latest - pnpm	Run smoke test	2025-09-17T04:34:48.1578126Z \n    at ModuleLoader.getModuleJobForImport (node:internal/modules/esm/loader:309:41)
minimal starter - windows-latest - pnpm	Run smoke test	2025-09-17T04:34:48.1578714Z \n    at process.processTicksAndRejections (node:internal/process/task_queues:105:5)
minimal starter - windows-latest - pnpm	Run smoke test	2025-09-17T04:34:48.1579289Z \n    at async onImport.tracePromise.__proto__ (node:internal/modules/esm/loader:650:25)
minimal starter - windows-latest - pnpm	Run smoke test	2025-09-17T04:34:48.1580644Z \n    at runDirectivesScan (file:///C:/Users/RUNNER%7E1/AppData/Local/Temp/tmp-2964-i4VM67eMVsRv/test-project-smoke-test-obedient-macaw-3278dec6/node_modules/.pnpm/rwsdk@file+..+..+..+..+..+._5ecf1a75f5c106542552d5b17e2da317/node_modules/rwsdk/dist/vite/runDirectivesScan.mjs:236:15)
minimal starter - windows-latest - pnpm	Run smoke test	2025-09-17T04:34:48.1581854Z \n    at process.processTicksAndRejections (node:internal/process/task_queues:105:5)
minimal starter - windows-latest - pnpm	Run smoke test	2025-09-17T04:34:48.1582208Z \n
minimal starter - windows-latest - pnpm	Run smoke test	2025-09-17T04:34:48.1582380Z \nNode.js v22.19.0
minimal starter - windows-latest - pnpm	Run smoke test	2025-09-17T04:34:48.1582556Z \n
minimal starter - windows-latest - pnpm	Run smoke test	2025-09-17T04:34:48.1583855Z 2025-09-17T04:34:48.122Z rwsdk:smoke Potential URL pattern found but not matched: file:///C:/Users/RUNNER%7E1/AppData/Local/Temp/tmp-2964-i4VM67eMVsRv/test-project-smoke-test-obedient-macaw-3278dec6/node_modules/.pnpm/rwsdk@file+..+..+..+..+..+._5ecf1a75f5c106542552d5b17e2da317/node_modules/rwsdk/dist/vite/runDirectivesScan.mjs:236
minimal starter - windows-latest - pnpm	Run smoke test	2025-09-17T04:34:48.1585067Z         throw new Error(`RWSDK directive scan failed:\n${e.stack}`);
minimal starter - windows-latest - pnpm	Run smoke test	2025-09-17T04:34:48.1585354Z               ^
minimal starter - windows-latest - pnpm	Run smoke test	2025-09-17T04:34:48.1585632Z 
minimal starter - windows-latest - pnpm	Run smoke test	2025-09-17T04:34:48.1585755Z Error: RWSDK directive scan failed:
minimal starter - windows-latest - pnpm	Run smoke test	2025-09-17T04:34:48.1586649Z Error [ERR_UNSUPPORTED_ESM_URL_SCHEME]: Only URLs with a scheme in: file, data, and node are supported by the default ESM loader. On Windows, absolute paths must be valid file:// URLs. Received protocol 'c:'
minimal starter - windows-latest - pnpm	Run smoke test	2025-09-17T04:34:48.1587475Z     at throwIfUnsupportedURLScheme (node:internal/modules/esm/load:184:11)
minimal starter - windows-latest - pnpm	Run smoke test	2025-09-17T04:34:48.1587883Z     at defaultLoad (node:internal/modules/esm/load:82:3)
minimal starter - windows-latest - pnpm	Run smoke test	2025-09-17T04:34:48.1588263Z     at ModuleLoader.load (node:internal/modules/esm/loader:801:12)
minimal starter - windows-latest - pnpm	Run smoke test	2025-09-17T04:34:48.1588740Z     at ModuleLoader.loadAndTranslate (node:internal/modules/esm/loader:586:43)
minimal starter - windows-latest - pnpm	Run smoke test	2025-09-17T04:34:48.1589395Z     at #createModuleJob (node:internal/modules/esm/loader:610:36)
minimal starter - windows-latest - pnpm	Run smoke test	2025-09-17T04:34:48.1589879Z     at #getJobFromResolveResult (node:internal/modules/esm/loader:341:34)
minimal starter - windows-latest - pnpm	Run smoke test	2025-09-17T04:34:48.1590464Z     at ModuleLoader.getModuleJobForImport (node:internal/modules/esm/loader:309:41)
minimal starter - windows-latest - pnpm	Run smoke test	2025-09-17T04:34:48.1591079Z     at process.processTicksAndRejections (node:internal/process/task_queues:105:5)
minimal starter - windows-latest - pnpm	Run smoke test	2025-09-17T04:34:48.1591644Z     at async onImport.tracePromise.__proto__ (node:internal/modules/esm/loader:650:25)
minimal starter - windows-latest - pnpm	Run smoke test	2025-09-17T04:34:48.1592938Z     at runDirectivesScan (file:///C:/Users/RUNNER%7E1/AppData/Local/Temp/tmp-2964-i4VM67eMVsRv/test-project-smoke-test-obedient-macaw-3278dec6/node_modules/.pnpm/rwsdk@file+..+..+..+..+..+._5ecf1a75f5c106542552d5b17e2da317/node_modules/rwsdk/dist/vite/runDirectivesScan.mjs:236:15)
minimal starter - windows-latest - pnpm	Run smoke test	2025-09-17T04:34:48.1594171Z     at process.processTicksAndRejections (node:internal/process/task_queues:105:5)
minimal starter - windows-latest - pnpm	Run smoke test	2025-09-17T04:34:48.1594518Z 
minimal starter - windows-latest - pnpm	Run smoke test	2025-09-17T04:34:48.1594610Z Node.js v22.19.0
minimal starter - windows-latest - pnpm	Run smoke test	2025-09-17T04:34:48.1604811Z ✅ Scan complete.
minimal starter - windows-latest - pnpm	Run smoke test	2025-09-17T04:34:48.1605060Z 
minimal starter - windows-latest - pnpm	Run smoke test	2025-09-17T04:34:48.1606182Z file:///C:/Users/RUNNER%7E1/AppData/Local/Temp/tmp-2964-i4VM67eMVsRv/test-project-smoke-test-obedient-macaw-3278dec6/node_modules/.pnpm/rwsdk@file+..+..+..+..+..+._5ecf1a75f5c106542552d5b17e2da317/node_modules/rwsdk/dist/vite/runDirectivesScan.mjs:236
minimal starter - windows-latest - pnpm	Run smoke test	2025-09-17T04:34:48.1607231Z         throw new Error(`RWSDK directive scan failed:\n${e.stack}`);
minimal starter - windows-latest - pnpm	Run smoke test	2025-09-17T04:34:48.1607536Z               ^
minimal starter - windows-latest - pnpm	Run smoke test	2025-09-17T04:34:48.1607647Z 
minimal starter - windows-latest - pnpm	Run smoke test	2025-09-17T04:34:48.1607776Z Error: RWSDK directive scan failed:
minimal starter - windows-latest - pnpm	Run smoke test	2025-09-17T04:34:48.1608651Z Error [ERR_UNSUPPORTED_ESM_URL_SCHEME]: Only URLs with a scheme in: file, data, and node are supported by the default ESM loader. On Windows, absolute paths must be valid file:// URLs. Received protocol 'c:'
minimal starter - windows-latest - pnpm	Run smoke test	2025-09-17T04:34:48.1609477Z     at throwIfUnsupportedURLScheme (node:internal/modules/esm/load:184:11)
minimal starter - windows-latest - pnpm	Run smoke test	2025-09-17T04:34:48.1609907Z     at defaultLoad (node:internal/modules/esm/load:82:3)
minimal starter - windows-latest - pnpm	Run smoke test	2025-09-17T04:34:48.1610291Z     at ModuleLoader.load (node:internal/modules/esm/loader:801:12)
minimal starter - windows-latest - pnpm	Run smoke test	2025-09-17T04:34:48.1610734Z     at ModuleLoader.loadAndTranslate (node:internal/modules/esm/loader:586:43)
minimal starter - windows-latest - pnpm	Run smoke test	2025-09-17T04:34:48.1611186Z     at #createModuleJob (node:internal/modules/esm/loader:610:36)
minimal starter - windows-latest - pnpm	Run smoke test	2025-09-17T04:34:48.1611620Z     at #getJobFromResolveResult (node:internal/modules/esm/loader:341:34)
minimal starter - windows-latest - pnpm	Run smoke test	2025-09-17T04:34:48.1612123Z     at ModuleLoader.getModuleJobForImport (node:internal/modules/esm/loader:309:41)
minimal starter - windows-latest - pnpm	Run smoke test	2025-09-17T04:34:48.1612666Z     at process.processTicksAndRejections (node:internal/process/task_queues:105:5)
minimal starter - windows-latest - pnpm	Run smoke test	2025-09-17T04:34:48.1613193Z     at async onImport.tracePromise.__proto__ (node:internal/modules/esm/loader:650:25)
minimal starter - windows-latest - pnpm	Run smoke test	2025-09-17T04:34:48.1614424Z     at runDirectivesScan (file:///C:/Users/RUNNER%7E1/AppData/Local/Temp/tmp-2964-i4VM67eMVsRv/test-project-smoke-test-obedient-macaw-3278dec6/node_modules/.pnpm/rwsdk@file+..+..+..+..+..+._5ecf1a75f5c106542552d5b17e2da317/node_modules/rwsdk/dist/vite/runDirectivesScan.mjs:236:15)
minimal starter - windows-latest - pnpm	Run smoke test	2025-09-17T04:34:48.1615583Z     at process.processTicksAndRejections (node:internal/process/task_queues:105:5)
minimal starter - windows-latest - pnpm	Run smoke test	2025-09-17T04:34:48.1615882Z 
minimal starter - windows-latest - pnpm	Run smoke test	2025-09-17T04:34:48.1615955Z Node.js v22.19.0
minimal starter - windows-latest - pnpm	Run smoke test	2025-09-17T04:34:48.1616240Z 
minimal starter - windows-latest - pnpm	Run smoke test	2025-09-17T04:34:48.1617188Z file:///C:/Users/RUNNER%7E1/AppData/Local/Temp/tmp-2964-i4VM67eMVsRv/test-project-smoke-test-obedient-macaw-3278dec6/node_modules/.pnpm/rwsdk@file+..+..+..+..+..+._5ecf1a75f5c106542552d5b17e2da317/node_modules/rwsdk/dist/vite/runDirectivesScan.mjs:236
minimal starter - windows-latest - pnpm	Run smoke test	2025-09-17T04:34:48.1618182Z         throw new Error(`RWSDK directive scan failed:\n${e.stack}`);
minimal starter - windows-latest - pnpm	Run smoke test	2025-09-17T04:34:48.1618466Z               ^
minimal starter - windows-latest - pnpm	Run smoke test	2025-09-17T04:34:48.1618578Z 
minimal starter - windows-latest - pnpm	Run smoke test	2025-09-17T04:34:48.1618702Z Error: RWSDK directive scan failed:
minimal starter - windows-latest - pnpm	Run smoke test	2025-09-17T04:34:48.1619550Z Error [ERR_UNSUPPORTED_ESM_URL_SCHEME]: Only URLs with a scheme in: file, data, and node are supported by the default ESM loader. On Windows, absolute paths must be valid file:// URLs. Received protocol 'c:'
minimal starter - windows-latest - pnpm	Run smoke test	2025-09-17T04:34:48.1620461Z     at throwIfUnsupportedURLScheme (node:internal/modules/esm/load:184:11)
minimal starter - windows-latest - pnpm	Run smoke test	2025-09-17T04:34:48.1620880Z     at defaultLoad (node:internal/modules/esm/load:82:3)
minimal starter - windows-latest - pnpm	Run smoke test	2025-09-17T04:34:48.1621246Z     at ModuleLoader.load (node:internal/modules/esm/loader:801:12)
minimal starter - windows-latest - pnpm	Run smoke test	2025-09-17T04:34:48.1621698Z     at ModuleLoader.loadAndTranslate (node:internal/modules/esm/loader:586:43)
minimal starter - windows-latest - pnpm	Run smoke test	2025-09-17T04:34:48.1622142Z     at #createModuleJob (node:internal/modules/esm/loader:610:36)
minimal starter - windows-latest - pnpm	Run smoke test	2025-09-17T04:34:48.1622569Z     at #getJobFromResolveResult (node:internal/modules/esm/loader:341:34)
minimal starter - windows-latest - pnpm	Run smoke test	2025-09-17T04:34:48.1623069Z     at ModuleLoader.getModuleJobForImport (node:internal/modules/esm/loader:309:41)
minimal starter - windows-latest - pnpm	Run smoke test	2025-09-17T04:34:48.1623612Z     at process.processTicksAndRejections (node:internal/process/task_queues:105:5)
minimal starter - windows-latest - pnpm	Run smoke test	2025-09-17T04:34:48.1624146Z     at async onImport.tracePromise.__proto__ (node:internal/modules/esm/loader:650:25)
minimal starter - windows-latest - pnpm	Run smoke test	2025-09-17T04:34:48.1625376Z     at runDirectivesScan (file:///C:/Users/RUNNER%7E1/AppData/Local/Temp/tmp-2964-i4VM67eMVsRv/test-project-smoke-test-obedient-macaw-3278dec6/node_modules/.pnpm/rwsdk@file+..+..+..+..+..+._5ecf1a75f5c106542552d5b17e2da317/node_modules/rwsdk/dist/vite/runDirectivesScan.mjs:236:15)
minimal starter - windows-latest - pnpm	Run smoke test	2025-09-17T04:34:48.1626529Z     at process.processTicksAndRejections (node:internal/process/task_queues:105:5)
minimal starter - windows-latest - pnpm	Run smoke test	2025-09-17T04:34:48.1626819Z 
minimal starter - windows-latest - pnpm	Run smoke test	2025-09-17T04:34:48.1626902Z Node.js v22.19.0
minimal starter - windows-latest - pnpm	Run smoke test	2025-09-17T04:34:48.1627008Z 
minimal starter - windows-latest - pnpm	Run smoke test	2025-09-17T04:34:48.5487747Z 2025-09-17T04:34:48.536Z rwsdk:smoke Checking accumulated output for URL patterns: \n> @redwoodjs/starter-minimal@1.0.0 dev C:\Users\RUNNER~1\AppData\Local\Temp\tmp-2964-i4VM67eMVsRv\test-project-smoke-test-obedient-macaw-3278dec6\n> vite dev\n\n\n> @redwoodjs/starter-minimal@1.0.0 dev C:\Users\RUNNER~1\AppData\Local\Temp\tmp-2964-i4VM67eMVsRv\test-project-smoke-test-obedient-macaw-3278dec6\n> vite dev\n\n🚀 Project has no .wrangler directory yet, assuming fresh install: running `npm run dev:init`...\n🚀 Project has no .wrangler directory yet, assuming fresh install: running `npm run dev:init`...\n\n> @redwoodjs/starter-minimal@1.0.0 dev:init\n> rw-scripts dev-init\n\n\n> @redwoodjs/starter-minimal@1.0.0 dev:init\n> rw-scripts dev-init\n\n\n🔍 Scanning for 'use client' and 'use server' directives...\n\n🔍 Scanning for 'use client' and 'use server' directives...\n✅ Scan complete.\n✅ Scan complete.\nfile:///C:/Users/RUNNER%7E1/AppData/Local/Temp/tmp-2964-i4VM67eMVsRv/test-project-smoke-test-obedient-macaw-3278dec6/node_modules/.pnpm/rwsdk@file+..+..+..+..+..+._5ecf1a75f5c106542552d5b17e2da317/node_modules/rwsdk/dist/vite/runDirectivesScan.mjs:236
minimal starter - windows-latest - pnpm	Run smoke test	2025-09-17T04:34:48.5492170Z \n        throw new Error(`RWSDK directive scan failed:\n${e.stack}`);
minimal starter - windows-latest - pnpm	Run smoke test	2025-09-17T04:34:48.5492518Z \n              ^
minimal starter - windows-latest - pnpm	Run smoke test	2025-09-17T04:34:48.5492708Z \n
minimal starter - windows-latest - pnpm	Run smoke test	2025-09-17T04:34:48.5492932Z \nError: RWSDK directive scan failed:
minimal starter - windows-latest - pnpm	Run smoke test	2025-09-17T04:34:48.5493928Z \nError [ERR_UNSUPPORTED_ESM_URL_SCHEME]: Only URLs with a scheme in: file, data, and node are supported by the default ESM loader. On Windows, absolute paths must be valid file:// URLs. Received protocol 'c:'
minimal starter - windows-latest - pnpm	Run smoke test	2025-09-17T04:34:48.5494935Z \n    at throwIfUnsupportedURLScheme (node:internal/modules/esm/load:184:11)
minimal starter - windows-latest - pnpm	Run smoke test	2025-09-17T04:34:48.5495458Z \n    at defaultLoad (node:internal/modules/esm/load:82:3)
minimal starter - windows-latest - pnpm	Run smoke test	2025-09-17T04:34:48.5496688Z \n    at ModuleLoader.load (node:internal/modules/esm/loader:801:12)
minimal starter - windows-latest - pnpm	Run smoke test	2025-09-17T04:34:48.5497205Z \n    at ModuleLoader.loadAndTranslate (node:internal/modules/esm/loader:586:43)
minimal starter - windows-latest - pnpm	Run smoke test	2025-09-17T04:34:48.5497706Z \n    at #createModuleJob (node:internal/modules/esm/loader:610:36)
minimal starter - windows-latest - pnpm	Run smoke test	2025-09-17T04:34:48.5498181Z \n    at #getJobFromResolveResult (node:internal/modules/esm/loader:341:34)
minimal starter - windows-latest - pnpm	Run smoke test	2025-09-17T04:34:48.5498723Z \n    at ModuleLoader.getModuleJobForImport (node:internal/modules/esm/loader:309:41)
minimal starter - windows-latest - pnpm	Run smoke test	2025-09-17T04:34:48.5499317Z \n    at process.processTicksAndRejections (node:internal/process/task_queues:105:5)
minimal starter - windows-latest - pnpm	Run smoke test	2025-09-17T04:34:48.5500022Z \n    at async onImport.tracePromise.__proto__ (node:internal/modules/esm/loader:650:25)
minimal starter - windows-latest - pnpm	Run smoke test	2025-09-17T04:34:48.5501369Z \n    at runDirectivesScan (file:///C:/Users/RUNNER%7E1/AppData/Local/Temp/tmp-2964-i4VM67eMVsRv/test-project-smoke-test-obedient-macaw-3278dec6/node_modules/.pnpm/rwsdk@file+..+..+..+..+..+._5ecf1a75f5c106542552d5b17e2da317/node_modules/rwsdk/dist/vite/runDirectivesScan.mjs:236:15)
minimal starter - windows-latest - pnpm	Run smoke test	2025-09-17T04:34:48.5502581Z \n    at process.processTicksAndRejections (node:internal/process/task_queues:105:5)
minimal starter - windows-latest - pnpm	Run smoke test	2025-09-17T04:34:48.5502931Z \n
minimal starter - windows-latest - pnpm	Run smoke test	2025-09-17T04:34:48.5503100Z \nNode.js v22.19.0
minimal starter - windows-latest - pnpm	Run smoke test	2025-09-17T04:34:48.5504151Z \nfile:///C:/Users/RUNNER%7E1/AppData/Local/Temp/tmp-2964-i4VM67eMVsRv/test-project-smoke-test-obedient-macaw-3278dec6/node_modules/.pnpm/rwsdk@file+..+..+..+..+..+._5ecf1a75f5c106542552d5b17e2da317/node_modules/rwsdk/dist/vite/runDirectivesScan.mjs:236
minimal starter - windows-latest - pnpm	Run smoke test	2025-09-17T04:34:48.5505177Z \n        throw new Error(`RWSDK directive scan failed:\n${e.stack}`);
minimal starter - windows-latest - pnpm	Run smoke test	2025-09-17T04:34:48.5505479Z \n              ^
minimal starter - windows-latest - pnpm	Run smoke test	2025-09-17T04:34:48.5505645Z \n
minimal starter - windows-latest - pnpm	Run smoke test	2025-09-17T04:34:48.5505855Z \nError: RWSDK directive scan failed:
minimal starter - windows-latest - pnpm	Run smoke test	2025-09-17T04:34:48.5506916Z \nError [ERR_UNSUPPORTED_ESM_URL_SCHEME]: Only URLs with a scheme in: file, data, and node are supported by the default ESM loader. On Windows, absolute paths must be valid file:// URLs. Received protocol 'c:'
minimal starter - windows-latest - pnpm	Run smoke test	2025-09-17T04:34:48.5507806Z \n    at throwIfUnsupportedURLScheme (node:internal/modules/esm/load:184:11)
minimal starter - windows-latest - pnpm	Run smoke test	2025-09-17T04:34:48.5508252Z \n    at defaultLoad (node:internal/modules/esm/load:82:3)
minimal starter - windows-latest - pnpm	Run smoke test	2025-09-17T04:34:48.5508661Z \n    at ModuleLoader.load (node:internal/modules/esm/loader:801:12)
minimal starter - windows-latest - pnpm	Run smoke test	2025-09-17T04:34:48.5509148Z \n    at ModuleLoader.loadAndTranslate (node:internal/modules/esm/loader:586:43)
minimal starter - windows-latest - pnpm	Run smoke test	2025-09-17T04:34:48.5509632Z \n    at #createModuleJob (node:internal/modules/esm/loader:610:36)
minimal starter - windows-latest - pnpm	Run smoke test	2025-09-17T04:34:48.5510098Z \n    at #getJobFromResolveResult (node:internal/modules/esm/loader:341:34)
minimal starter - windows-latest - pnpm	Run smoke test	2025-09-17T04:34:48.5510636Z \n    at ModuleLoader.getModuleJobForImport (node:internal/modules/esm/loader:309:41)
minimal starter - windows-latest - pnpm	Run smoke test	2025-09-17T04:34:48.5511219Z \n    at process.processTicksAndRejections (node:internal/process/task_queues:105:5)
minimal starter - windows-latest - pnpm	Run smoke test	2025-09-17T04:34:48.5511780Z \n    at async onImport.tracePromise.__proto__ (node:internal/modules/esm/loader:650:25)
minimal starter - windows-latest - pnpm	Run smoke test	2025-09-17T04:34:48.5513119Z \n    at runDirectivesScan (file:///C:/Users/RUNNER%7E1/AppData/Local/Temp/tmp-2964-i4VM67eMVsRv/test-project-smoke-test-obedient-macaw-3278dec6/node_modules/.pnpm/rwsdk@file+..+..+..+..+..+._5ecf1a75f5c106542552d5b17e2da317/node_modules/rwsdk/dist/vite/runDirectivesScan.mjs:236:15)
minimal starter - windows-latest - pnpm	Run smoke test	2025-09-17T04:34:48.5514314Z \n    at process.processTicksAndRejections (node:internal/process/task_queues:105:5)
minimal starter - windows-latest - pnpm	Run smoke test	2025-09-17T04:34:48.5514670Z \n
minimal starter - windows-latest - pnpm	Run smoke test	2025-09-17T04:34:48.5514837Z \nNode.js v22.19.0
minimal starter - windows-latest - pnpm	Run smoke test	2025-09-17T04:34:48.5515006Z \n
minimal starter - windows-latest - pnpm	Run smoke test	2025-09-17T04:34:49.0493358Z 2025-09-17T04:34:49.037Z rwsdk:smoke Checking accumulated output for URL patterns: \n> @redwoodjs/starter-minimal@1.0.0 dev C:\Users\RUNNER~1\AppData\Local\Temp\tmp-2964-i4VM67eMVsRv\test-project-smoke-test-obedient-macaw-3278dec6\n> vite dev\n\n\n> @redwoodjs/starter-minimal@1.0.0 dev C:\Users\RUNNER~1\AppData\Local\Temp\tmp-2964-i4VM67eMVsRv\test-project-smoke-test-obedient-macaw-3278dec6\n> vite dev\n\n🚀 Project has no .wrangler directory yet, assuming fresh install: running `npm run dev:init`...\n🚀 Project has no .wrangler directory yet, assuming fresh install: running `npm run dev:init`...\n\n> @redwoodjs/starter-minimal@1.0.0 dev:init\n> rw-scripts dev-init\n\n\n> @redwoodjs/starter-minimal@1.0.0 dev:init\n> rw-scripts dev-init\n\n\n🔍 Scanning for 'use client' and 'use server' directives...\n\n🔍 Scanning for 'use client' and 'use server' directives...\n✅ Scan complete.\n✅ Scan complete.\nfile:///C:/Users/RUNNER%7E1/AppData/Local/Temp/tmp-2964-i4VM67eMVsRv/test-project-smoke-test-obedient-macaw-3278dec6/node_modules/.pnpm/rwsdk@file+..+..+..+..+..+._5ecf1a75f5c106542552d5b17e2da317/node_modules/rwsdk/dist/vite/runDirectivesScan.mjs:236
minimal starter - windows-latest - pnpm	Run smoke test	2025-09-17T04:34:49.0497779Z \n        throw new Error(`RWSDK directive scan failed:\n${e.stack}`);
minimal starter - windows-latest - pnpm	Run smoke test	2025-09-17T04:34:49.0498095Z \n              ^
minimal starter - windows-latest - pnpm	Run smoke test	2025-09-17T04:34:49.0498283Z \n
minimal starter - windows-latest - pnpm	Run smoke test	2025-09-17T04:34:49.0498491Z \nError: RWSDK directive scan failed:
minimal starter - windows-latest - pnpm	Run smoke test	2025-09-17T04:34:49.0499364Z \nError [ERR_UNSUPPORTED_ESM_URL_SCHEME]: Only URLs with a scheme in: file, data, and node are supported by the default ESM loader. On Windows, absolute paths must be valid file:// URLs. Received protocol 'c:'
minimal starter - windows-latest - pnpm	Run smoke test	2025-09-17T04:34:49.0500416Z \n    at throwIfUnsupportedURLScheme (node:internal/modules/esm/load:184:11)
minimal starter - windows-latest - pnpm	Run smoke test	2025-09-17T04:34:49.0500911Z \n    at defaultLoad (node:internal/modules/esm/load:82:3)
minimal starter - windows-latest - pnpm	Run smoke test	2025-09-17T04:34:49.0501325Z \n    at ModuleLoader.load (node:internal/modules/esm/loader:801:12)
minimal starter - windows-latest - pnpm	Run smoke test	2025-09-17T04:34:49.0501821Z \n    at ModuleLoader.loadAndTranslate (node:internal/modules/esm/loader:586:43)
minimal starter - windows-latest - pnpm	Run smoke test	2025-09-17T04:34:49.0502309Z \n    at #createModuleJob (node:internal/modules/esm/loader:610:36)
minimal starter - windows-latest - pnpm	Run smoke test	2025-09-17T04:34:49.0502782Z \n    at #getJobFromResolveResult (node:internal/modules/esm/loader:341:34)
minimal starter - windows-latest - pnpm	Run smoke test	2025-09-17T04:34:49.0503348Z \n    at ModuleLoader.getModuleJobForImport (node:internal/modules/esm/loader:309:41)
minimal starter - windows-latest - pnpm	Run smoke test	2025-09-17T04:34:49.0503942Z \n    at process.processTicksAndRejections (node:internal/process/task_queues:105:5)
minimal starter - windows-latest - pnpm	Run smoke test	2025-09-17T04:34:49.0504523Z \n    at async onImport.tracePromise.__proto__ (node:internal/modules/esm/loader:650:25)
minimal starter - windows-latest - pnpm	Run smoke test	2025-09-17T04:34:49.0505891Z \n    at runDirectivesScan (file:///C:/Users/RUNNER%7E1/AppData/Local/Temp/tmp-2964-i4VM67eMVsRv/test-project-smoke-test-obedient-macaw-3278dec6/node_modules/.pnpm/rwsdk@file+..+..+..+..+..+._5ecf1a75f5c106542552d5b17e2da317/node_modules/rwsdk/dist/vite/runDirectivesScan.mjs:236:15)
minimal starter - windows-latest - pnpm	Run smoke test	2025-09-17T04:34:49.0507092Z \n    at process.processTicksAndRejections (node:internal/process/task_queues:105:5)
minimal starter - windows-latest - pnpm	Run smoke test	2025-09-17T04:34:49.0507457Z \n
minimal starter - windows-latest - pnpm	Run smoke test	2025-09-17T04:34:49.0507617Z \nNode.js v22.19.0
minimal starter - windows-latest - pnpm	Run smoke test	2025-09-17T04:34:49.0508673Z \nfile:///C:/Users/RUNNER%7E1/AppData/Local/Temp/tmp-2964-i4VM67eMVsRv/test-project-smoke-test-obedient-macaw-3278dec6/node_modules/.pnpm/rwsdk@file+..+..+..+..+..+._5ecf1a75f5c106542552d5b17e2da317/node_modules/rwsdk/dist/vite/runDirectivesScan.mjs:236
minimal starter - windows-latest - pnpm	Run smoke test	2025-09-17T04:34:49.0509704Z \n        throw new Error(`RWSDK directive scan failed:\n${e.stack}`);
minimal starter - windows-latest - pnpm	Run smoke test	2025-09-17T04:34:49.0510005Z \n              ^
minimal starter - windows-latest - pnpm	Run smoke test	2025-09-17T04:34:49.0510165Z \n
minimal starter - windows-latest - pnpm	Run smoke test	2025-09-17T04:34:49.0510372Z \nError: RWSDK directive scan failed:
minimal starter - windows-latest - pnpm	Run smoke test	2025-09-17T04:34:49.0511228Z \nError [ERR_UNSUPPORTED_ESM_URL_SCHEME]: Only URLs with a scheme in: file, data, and node are supported by the default ESM loader. On Windows, absolute paths must be valid file:// URLs. Received protocol 'c:'
minimal starter - windows-latest - pnpm	Run smoke test	2025-09-17T04:34:49.0512081Z \n    at throwIfUnsupportedURLScheme (node:internal/modules/esm/load:184:11)
minimal starter - windows-latest - pnpm	Run smoke test	2025-09-17T04:34:49.0512520Z \n    at defaultLoad (node:internal/modules/esm/load:82:3)
minimal starter - windows-latest - pnpm	Run smoke test	2025-09-17T04:34:49.0512921Z \n    at ModuleLoader.load (node:internal/modules/esm/loader:801:12)
minimal starter - windows-latest - pnpm	Run smoke test	2025-09-17T04:34:49.0513411Z \n    at ModuleLoader.loadAndTranslate (node:internal/modules/esm/loader:586:43)
minimal starter - windows-latest - pnpm	Run smoke test	2025-09-17T04:34:49.0513893Z \n    at #createModuleJob (node:internal/modules/esm/loader:610:36)
minimal starter - windows-latest - pnpm	Run smoke test	2025-09-17T04:34:49.0514349Z \n    at #getJobFromResolveResult (node:internal/modules/esm/loader:341:34)
minimal starter - windows-latest - pnpm	Run smoke test	2025-09-17T04:34:49.0514878Z \n    at ModuleLoader.getModuleJobForImport (node:internal/modules/esm/loader:309:41)
minimal starter - windows-latest - pnpm	Run smoke test	2025-09-17T04:34:49.0515567Z \n    at process.processTicksAndRejections (node:internal/process/task_queues:105:5)
minimal starter - windows-latest - pnpm	Run smoke test	2025-09-17T04:34:49.0516136Z \n    at async onImport.tracePromise.__proto__ (node:internal/modules/esm/loader:650:25)
minimal starter - windows-latest - pnpm	Run smoke test	2025-09-17T04:34:49.0517475Z \n    at runDirectivesScan (file:///C:/Users/RUNNER%7E1/AppData/Local/Temp/tmp-2964-i4VM67eMVsRv/test-project-smoke-test-obedient-macaw-3278dec6/node_modules/.pnpm/rwsdk@file+..+..+..+..+..+._5ecf1a75f5c106542552d5b17e2da317/node_modules/rwsdk/dist/vite/runDirectivesScan.mjs:236:15)
minimal starter - windows-latest - pnpm	Run smoke test	2025-09-17T04:34:49.0518669Z \n    at process.processTicksAndRejections (node:internal/process/task_queues:105:5)
minimal starter - windows-latest - pnpm	Run smoke test	2025-09-17T04:34:49.0519091Z \n
minimal starter - windows-latest - pnpm	Run smoke test	2025-09-17T04:34:49.0519252Z \nNode.js v22.19.0
minimal starter - windows-latest - pnpm	Run smoke test	2025-09-17T04:34:49.0519425Z \n
minimal starter - windows-latest - pnpm	Run smoke test	2025-09-17T04:34:49.5512331Z 2025-09-17T04:34:49.539Z rwsdk:smoke Checking accumulated output for URL patterns: \n> @redwoodjs/starter-minimal@1.0.0 dev C:\Users\RUNNER~1\AppData\Local\Temp\tmp-2964-i4VM67eMVsRv\test-project-smoke-test-obedient-macaw-3278dec6\n> vite dev\n\n\n> @redwoodjs/starter-minimal@1.0.0 dev C:\Users\RUNNER~1\AppData\Local\Temp\tmp-2964-i4VM67eMVsRv\test-project-smoke-test-obedient-macaw-3278dec6\n> vite dev\n\n🚀 Project has no .wrangler directory yet, assuming fresh install: running `npm run dev:init`...\n🚀 Project has no .wrangler directory yet, assuming fresh install: running `npm run dev:init`...\n\n> @redwoodjs/starter-minimal@1.0.0 dev:init\n> rw-scripts dev-init\n\n\n> @redwoodjs/starter-minimal@1.0.0 dev:init\n> rw-scripts dev-init\n\n\n🔍 Scanning for 'use client' and 'use server' directives...\n\n🔍 Scanning for 'use client' and 'use server' directives...\n✅ Scan complete.\n✅ Scan complete.\nfile:///C:/Users/RUNNER%7E1/AppData/Local/Temp/tmp-2964-i4VM67eMVsRv/test-project-smoke-test-obedient-macaw-3278dec6/node_modules/.pnpm/rwsdk@file+..+..+..+..+..+._5ecf1a75f5c106542552d5b17e2da317/node_modules/rwsdk/dist/vite/runDirectivesScan.mjs:236
minimal starter - windows-latest - pnpm	Run smoke test	2025-09-17T04:34:49.5516264Z \n        throw new Error(`RWSDK directive scan failed:\n${e.stack}`);
minimal starter - windows-latest - pnpm	Run smoke test	2025-09-17T04:34:49.5516591Z \n              ^
minimal starter - windows-latest - pnpm	Run smoke test	2025-09-17T04:34:49.5516765Z \n
minimal starter - windows-latest - pnpm	Run smoke test	2025-09-17T04:34:49.5516981Z \nError: RWSDK directive scan failed:
minimal starter - windows-latest - pnpm	Run smoke test	2025-09-17T04:34:49.5517841Z \nError [ERR_UNSUPPORTED_ESM_URL_SCHEME]: Only URLs with a scheme in: file, data, and node are supported by the default ESM loader. On Windows, absolute paths must be valid file:// URLs. Received protocol 'c:'
minimal starter - windows-latest - pnpm	Run smoke test	2025-09-17T04:34:49.5518709Z \n    at throwIfUnsupportedURLScheme (node:internal/modules/esm/load:184:11)
minimal starter - windows-latest - pnpm	Run smoke test	2025-09-17T04:34:49.5519170Z \n    at defaultLoad (node:internal/modules/esm/load:82:3)
minimal starter - windows-latest - pnpm	Run smoke test	2025-09-17T04:34:49.5519587Z \n    at ModuleLoader.load (node:internal/modules/esm/loader:801:12)
minimal starter - windows-latest - pnpm	Run smoke test	2025-09-17T04:34:49.5520091Z \n    at ModuleLoader.loadAndTranslate (node:internal/modules/esm/loader:586:43)
minimal starter - windows-latest - pnpm	Run smoke test	2025-09-17T04:34:49.5520559Z \n    at #createModuleJob (node:internal/modules/esm/loader:610:36)
minimal starter - windows-latest - pnpm	Run smoke test	2025-09-17T04:34:49.5521021Z \n    at #getJobFromResolveResult (node:internal/modules/esm/loader:341:34)
minimal starter - windows-latest - pnpm	Run smoke test	2025-09-17T04:34:49.5521560Z \n    at ModuleLoader.getModuleJobForImport (node:internal/modules/esm/loader:309:41)
minimal starter - windows-latest - pnpm	Run smoke test	2025-09-17T04:34:49.5522141Z \n    at process.processTicksAndRejections (node:internal/process/task_queues:105:5)
minimal starter - windows-latest - pnpm	Run smoke test	2025-09-17T04:34:49.5522708Z \n    at async onImport.tracePromise.__proto__ (node:internal/modules/esm/loader:650:25)
minimal starter - windows-latest - pnpm	Run smoke test	2025-09-17T04:34:49.5524046Z \n    at runDirectivesScan (file:///C:/Users/RUNNER%7E1/AppData/Local/Temp/tmp-2964-i4VM67eMVsRv/test-project-smoke-test-obedient-macaw-3278dec6/node_modules/.pnpm/rwsdk@file+..+..+..+..+..+._5ecf1a75f5c106542552d5b17e2da317/node_modules/rwsdk/dist/vite/runDirectivesScan.mjs:236:15)
minimal starter - windows-latest - pnpm	Run smoke test	2025-09-17T04:34:49.5525453Z \n    at process.processTicksAndRejections (node:internal/process/task_queues:105:5)
minimal starter - windows-latest - pnpm	Run smoke test	2025-09-17T04:34:49.5525816Z \n
minimal starter - windows-latest - pnpm	Run smoke test	2025-09-17T04:34:49.5525981Z \nNode.js v22.19.0
minimal starter - windows-latest - pnpm	Run smoke test	2025-09-17T04:34:49.5527032Z \nfile:///C:/Users/RUNNER%7E1/AppData/Local/Temp/tmp-2964-i4VM67eMVsRv/test-project-smoke-test-obedient-macaw-3278dec6/node_modules/.pnpm/rwsdk@file+..+..+..+..+..+._5ecf1a75f5c106542552d5b17e2da317/node_modules/rwsdk/dist/vite/runDirectivesScan.mjs:236
minimal starter - windows-latest - pnpm	Run smoke test	2025-09-17T04:34:49.5528267Z \n        throw new Error(`RWSDK directive scan failed:\n${e.stack}`);
minimal starter - windows-latest - pnpm	Run smoke test	2025-09-17T04:34:49.5528560Z \n              ^
minimal starter - windows-latest - pnpm	Run smoke test	2025-09-17T04:34:49.5528723Z \n
minimal starter - windows-latest - pnpm	Run smoke test	2025-09-17T04:34:49.5528916Z \nError: RWSDK directive scan failed:
minimal starter - windows-latest - pnpm	Run smoke test	2025-09-17T04:34:49.5529927Z \nError [ERR_UNSUPPORTED_ESM_URL_SCHEME]: Only URLs with a scheme in: file, data, and node are supported by the default ESM loader. On Windows, absolute paths must be valid file:// URLs. Received protocol 'c:'
minimal starter - windows-latest - pnpm	Run smoke test	2025-09-17T04:34:49.5530929Z \n    at throwIfUnsupportedURLScheme (node:internal/modules/esm/load:184:11)
minimal starter - windows-latest - pnpm	Run smoke test	2025-09-17T04:34:49.5531523Z \n    at defaultLoad (node:internal/modules/esm/load:82:3)
minimal starter - windows-latest - pnpm	Run smoke test	2025-09-17T04:34:49.5531932Z \n    at ModuleLoader.load (node:internal/modules/esm/loader:801:12)
minimal starter - windows-latest - pnpm	Run smoke test	2025-09-17T04:34:49.5532409Z \n    at ModuleLoader.loadAndTranslate (node:internal/modules/esm/loader:586:43)
minimal starter - windows-latest - pnpm	Run smoke test	2025-09-17T04:34:49.5532887Z \n    at #createModuleJob (node:internal/modules/esm/loader:610:36)
minimal starter - windows-latest - pnpm	Run smoke test	2025-09-17T04:34:49.5533341Z \n    at #getJobFromResolveResult (node:internal/modules/esm/loader:341:34)
minimal starter - windows-latest - pnpm	Run smoke test	2025-09-17T04:34:49.5533880Z \n    at ModuleLoader.getModuleJobForImport (node:internal/modules/esm/loader:309:41)
minimal starter - windows-latest - pnpm	Run smoke test	2025-09-17T04:34:49.5534496Z \n    at process.processTicksAndRejections (node:internal/process/task_queues:105:5)
minimal starter - windows-latest - pnpm	Run smoke test	2025-09-17T04:34:49.5535061Z \n    at async onImport.tracePromise.__proto__ (node:internal/modules/esm/loader:650:25)
minimal starter - windows-latest - pnpm	Run smoke test	2025-09-17T04:34:49.5536406Z \n    at runDirectivesScan (file:///C:/Users/RUNNER%7E1/AppData/Local/Temp/tmp-2964-i4VM67eMVsRv/test-project-smoke-test-obedient-macaw-3278dec6/node_modules/.pnpm/rwsdk@file+..+..+..+..+..+._5ecf1a75f5c106542552d5b17e2da317/node_modules/rwsdk/dist/vite/runDirectivesScan.mjs:236:15)
minimal starter - windows-latest - pnpm	Run smoke test	2025-09-17T04:34:49.5537605Z \n    at process.processTicksAndRejections (node:internal/process/task_queues:105:5)
minimal starter - windows-latest - pnpm	Run smoke test	2025-09-17T04:34:49.5537967Z \n
minimal starter - windows-latest - pnpm	Run smoke test	2025-09-17T04:34:49.5538119Z \nNode.js v22.19.0
minimal starter - windows-latest - pnpm	Run smoke test	2025-09-17T04:34:49.5538286Z \n
minimal starter - windows-latest - pnpm	Run smoke test	2025-09-17T04:34:49.7654117Z  ELIFECYCLE  Command failed with exit code 1.
minimal starter - windows-latest - pnpm	Run smoke test	2025-09-17T04:34:49.7654484Z 
minimal starter - windows-latest - pnpm	Run smoke test	2025-09-17T04:34:49.7655207Z 2025-09-17T04:34:49.754Z rwsdk:smoke Received output from all:  ELIFECYCLE  Command failed with exit code 1.\n
minimal starter - windows-latest - pnpm	Run smoke test	2025-09-17T04:34:49.7656718Z 2025-09-17T04:34:49.754Z rwsdk:smoke Testing pattern Local:\s*(?:\u001b\[\d+m)?(https?:\/\/localhost:\d+) against output:  ELIFECYCLE  Command failed with exit code 1.\n
minimal starter - windows-latest - pnpm	Run smoke test	2025-09-17T04:34:49.7658260Z 2025-09-17T04:34:49.754Z rwsdk:smoke Testing pattern [➜→]\s*Local:\s*(?:\u001b\[\d+m)?(https?:\/\/localhost:\d+) against output:  ELIFECYCLE  Command failed with exit code 1.\n
minimal starter - windows-latest - pnpm	Run smoke test	2025-09-17T04:34:49.7660062Z 2025-09-17T04:34:49.754Z rwsdk:smoke Testing pattern [\u27A1\u2192\u279C]\s*Local:\s*(?:\u001b\[\d+m)?(https?:\/\/localhost:\d+) against output:  ELIFECYCLE  Command failed with exit code 1.\n
minimal starter - windows-latest - pnpm	Run smoke test	2025-09-17T04:34:49.7661779Z 2025-09-17T04:34:49.754Z rwsdk:smoke Testing pattern (https?:\/\/localhost:\d+) against output:  ELIFECYCLE  Command failed with exit code 1.\n
minimal starter - windows-latest - pnpm	Run smoke test	2025-09-17T04:34:49.7663167Z 2025-09-17T04:34:49.754Z rwsdk:smoke Testing pattern localhost:(\d+) against output:  ELIFECYCLE  Command failed with exit code 1.\n
minimal starter - windows-latest - pnpm	Run smoke test	2025-09-17T04:34:49.7664165Z 2025-09-17T04:34:49.754Z rwsdk:smoke Testing pattern server.*ready.*localhost:(\d+) against output:  ELIFECYCLE  Command failed with exit code 1.\n
minimal starter - windows-latest - pnpm	Run smoke test	2025-09-17T04:34:49.7665462Z 2025-09-17T04:34:49.754Z rwsdk:smoke Testing pattern dev server.*localhost:(\d+) against output:  ELIFECYCLE  Command failed with exit code 1.\n
minimal starter - windows-latest - pnpm	Run smoke test	2025-09-17T04:34:49.7666343Z 2025-09-17T04:34:49.754Z rwsdk:smoke Received output from stdout:  ELIFECYCLE  Command failed with exit code 1.\n
minimal starter - windows-latest - pnpm	Run smoke test	2025-09-17T04:34:49.7667333Z 2025-09-17T04:34:49.754Z rwsdk:smoke Testing pattern Local:\s*(?:\u001b\[\d+m)?(https?:\/\/localhost:\d+) against output:  ELIFECYCLE  Command failed with exit code 1.\n
minimal starter - windows-latest - pnpm	Run smoke test	2025-09-17T04:34:49.7668642Z 2025-09-17T04:34:49.755Z rwsdk:smoke Testing pattern [➜→]\s*Local:\s*(?:\u001b\[\d+m)?(https?:\/\/localhost:\d+) against output:  ELIFECYCLE  Command failed with exit code 1.\n
minimal starter - windows-latest - pnpm	Run smoke test	2025-09-17T04:34:49.7669831Z 2025-09-17T04:34:49.755Z rwsdk:smoke Testing pattern [\u27A1\u2192\u279C]\s*Local:\s*(?:\u001b\[\d+m)?(https?:\/\/localhost:\d+) against output:  ELIFECYCLE  Command failed with exit code 1.\n
minimal starter - windows-latest - pnpm	Run smoke test	2025-09-17T04:34:49.7670533Z  ELIFECYCLE  Command failed with exit code 1.
minimal starter - windows-latest - pnpm	Run smoke test	2025-09-17T04:34:49.7670717Z 
minimal starter - windows-latest - pnpm	Run smoke test	2025-09-17T04:34:49.7671274Z 2025-09-17T04:34:49.755Z rwsdk:smoke Testing pattern (https?:\/\/localhost:\d+) against output:  ELIFECYCLE  Command failed with exit code 1.\n
minimal starter - windows-latest - pnpm	Run smoke test	2025-09-17T04:34:49.7672332Z 2025-09-17T04:34:49.755Z rwsdk:smoke Testing pattern localhost:(\d+) against output:  ELIFECYCLE  Command failed with exit code 1.\n
minimal starter - windows-latest - pnpm	Run smoke test	2025-09-17T04:34:49.7673296Z 2025-09-17T04:34:49.755Z rwsdk:smoke Testing pattern server.*ready.*localhost:(\d+) against output:  ELIFECYCLE  Command failed with exit code 1.\n
minimal starter - windows-latest - pnpm	Run smoke test	2025-09-17T04:34:49.7674283Z 2025-09-17T04:34:49.755Z rwsdk:smoke Testing pattern dev server.*localhost:(\d+) against output:  ELIFECYCLE  Command failed with exit code 1.\n
minimal starter - windows-latest - pnpm	Run smoke test	2025-09-17T04:34:50.0682893Z 2025-09-17T04:34:50.056Z rwsdk:smoke Checking accumulated output for URL patterns: \n> @redwoodjs/starter-minimal@1.0.0 dev C:\Users\RUNNER~1\AppData\Local\Temp\tmp-2964-i4VM67eMVsRv\test-project-smoke-test-obedient-macaw-3278dec6\n> vite dev\n\n\n> @redwoodjs/starter-minimal@1.0.0 dev C:\Users\RUNNER~1\AppData\Local\Temp\tmp-2964-i4VM67eMVsRv\test-project-smoke-test-obedient-macaw-3278dec6\n> vite dev\n\n🚀 Project has no .wrangler directory yet, assuming fresh install: running `npm run dev:init`...\n🚀 Project has no .wrangler directory yet, assuming fresh install: running `npm run dev:init`...\n\n> @redwoodjs/starter-minimal@1.0.0 dev:init\n> rw-scripts dev-init\n\n\n> @redwoodjs/starter-minimal@1.0.0 dev:init\n> rw-scripts dev-init\n\n\n🔍 Scanning for 'use client' and 'use server' directives...\n\n🔍 Scanning for 'use client' and 'use server' directives...\n✅ Scan complete.\n✅ Scan complete.\nfile:///C:/Users/RUNNER%7E1/AppData/Local/Temp/tmp-2964-i4VM67eMVsRv/test-project-smoke-test-obedient-macaw-3278dec6/node_modules/.pnpm/rwsdk@file+..+..+..+..+..+._5ecf1a75f5c106542552d5b17e2da317/node_modules/rwsdk/dist/vite/runDirectivesScan.mjs:236
minimal starter - windows-latest - pnpm	Run smoke test	2025-09-17T04:34:50.0686773Z \n        throw new Error(`RWSDK directive scan failed:\n${e.stack}`);
minimal starter - windows-latest - pnpm	Run smoke test	2025-09-17T04:34:50.0687101Z \n              ^
minimal starter - windows-latest - pnpm	Run smoke test	2025-09-17T04:34:50.0687267Z \n
minimal starter - windows-latest - pnpm	Run smoke test	2025-09-17T04:34:50.0687476Z \nError: RWSDK directive scan failed:
minimal starter - windows-latest - pnpm	Run smoke test	2025-09-17T04:34:50.0688339Z \nError [ERR_UNSUPPORTED_ESM_URL_SCHEME]: Only URLs with a scheme in: file, data, and node are supported by the default ESM loader. On Windows, absolute paths must be valid file:// URLs. Received protocol 'c:'
minimal starter - windows-latest - pnpm	Run smoke test	2025-09-17T04:34:50.0689227Z \n    at throwIfUnsupportedURLScheme (node:internal/modules/esm/load:184:11)
minimal starter - windows-latest - pnpm	Run smoke test	2025-09-17T04:34:50.0689670Z \n    at defaultLoad (node:internal/modules/esm/load:82:3)
minimal starter - windows-latest - pnpm	Run smoke test	2025-09-17T04:34:50.0690089Z \n    at ModuleLoader.load (node:internal/modules/esm/loader:801:12)
minimal starter - windows-latest - pnpm	Run smoke test	2025-09-17T04:34:50.0690570Z \n    at ModuleLoader.loadAndTranslate (node:internal/modules/esm/loader:586:43)
minimal starter - windows-latest - pnpm	Run smoke test	2025-09-17T04:34:50.0691044Z \n    at #createModuleJob (node:internal/modules/esm/loader:610:36)
minimal starter - windows-latest - pnpm	Run smoke test	2025-09-17T04:34:50.0691495Z \n    at #getJobFromResolveResult (node:internal/modules/esm/loader:341:34)
minimal starter - windows-latest - pnpm	Run smoke test	2025-09-17T04:34:50.0692028Z \n    at ModuleLoader.getModuleJobForImport (node:internal/modules/esm/loader:309:41)
minimal starter - windows-latest - pnpm	Run smoke test	2025-09-17T04:34:50.0692601Z \n    at process.processTicksAndRejections (node:internal/process/task_queues:105:5)
minimal starter - windows-latest - pnpm	Run smoke test	2025-09-17T04:34:50.0693166Z \n    at async onImport.tracePromise.__proto__ (node:internal/modules/esm/loader:650:25)
minimal starter - windows-latest - pnpm	Run smoke test	2025-09-17T04:34:50.0694511Z \n    at runDirectivesScan (file:///C:/Users/RUNNER%7E1/AppData/Local/Temp/tmp-2964-i4VM67eMVsRv/test-project-smoke-test-obedient-macaw-3278dec6/node_modules/.pnpm/rwsdk@file+..+..+..+..+..+._5ecf1a75f5c106542552d5b17e2da317/node_modules/rwsdk/dist/vite/runDirectivesScan.mjs:236:15)
minimal starter - windows-latest - pnpm	Run smoke test	2025-09-17T04:34:50.0695925Z \n    at process.processTicksAndRejections (node:internal/process/task_queues:105:5)
minimal starter - windows-latest - pnpm	Run smoke test	2025-09-17T04:34:50.0696279Z \n
minimal starter - windows-latest - pnpm	Run smoke test	2025-09-17T04:34:50.0696438Z \nNode.js v22.19.0
minimal starter - windows-latest - pnpm	Run smoke test	2025-09-17T04:34:50.0697483Z \nfile:///C:/Users/RUNNER%7E1/AppData/Local/Temp/tmp-2964-i4VM67eMVsRv/test-project-smoke-test-obedient-macaw-3278dec6/node_modules/.pnpm/rwsdk@file+..+..+..+..+..+._5ecf1a75f5c106542552d5b17e2da317/node_modules/rwsdk/dist/vite/runDirectivesScan.mjs:236
minimal starter - windows-latest - pnpm	Run smoke test	2025-09-17T04:34:50.0698497Z \n        throw new Error(`RWSDK directive scan failed:\n${e.stack}`);
minimal starter - windows-latest - pnpm	Run smoke test	2025-09-17T04:34:50.0698781Z \n              ^
minimal starter - windows-latest - pnpm	Run smoke test	2025-09-17T04:34:50.0699063Z \n
minimal starter - windows-latest - pnpm	Run smoke test	2025-09-17T04:34:50.0699259Z \nError: RWSDK directive scan failed:
minimal starter - windows-latest - pnpm	Run smoke test	2025-09-17T04:34:50.0700276Z \nError [ERR_UNSUPPORTED_ESM_URL_SCHEME]: Only URLs with a scheme in: file, data, and node are supported by the default ESM loader. On Windows, absolute paths must be valid file:// URLs. Received protocol 'c:'
minimal starter - windows-latest - pnpm	Run smoke test	2025-09-17T04:34:50.0701595Z \n    at throwIfUnsupportedURLScheme (node:internal/modules/esm/load:184:11)
minimal starter - windows-latest - pnpm	Run smoke test	2025-09-17T04:34:50.0702050Z \n    at defaultLoad (node:internal/modules/esm/load:82:3)
minimal starter - windows-latest - pnpm	Run smoke test	2025-09-17T04:34:50.0702454Z \n    at ModuleLoader.load (node:internal/modules/esm/loader:801:12)
minimal starter - windows-latest - pnpm	Run smoke test	2025-09-17T04:34:50.0702938Z \n    at ModuleLoader.loadAndTranslate (node:internal/modules/esm/loader:586:43)
minimal starter - windows-latest - pnpm	Run smoke test	2025-09-17T04:34:50.0703403Z \n    at #createModuleJob (node:internal/modules/esm/loader:610:36)
minimal starter - windows-latest - pnpm	Run smoke test	2025-09-17T04:34:50.0703860Z \n    at #getJobFromResolveResult (node:internal/modules/esm/loader:341:34)
minimal starter - windows-latest - pnpm	Run smoke test	2025-09-17T04:34:50.0704404Z \n    at ModuleLoader.getModuleJobForImport (node:internal/modules/esm/loader:309:41)
minimal starter - windows-latest - pnpm	Run smoke test	2025-09-17T04:34:50.0704986Z \n    at process.processTicksAndRejections (node:internal/process/task_queues:105:5)
minimal starter - windows-latest - pnpm	Run smoke test	2025-09-17T04:34:50.0705548Z \n    at async onImport.tracePromise.__proto__ (node:internal/modules/esm/loader:650:25)
minimal starter - windows-latest - pnpm	Run smoke test	2025-09-17T04:34:50.0706887Z \n    at runDirectivesScan (file:///C:/Users/RUNNER%7E1/AppData/Local/Temp/tmp-2964-i4VM67eMVsRv/test-project-smoke-test-obedient-macaw-3278dec6/node_modules/.pnpm/rwsdk@file+..+..+..+..+..+._5ecf1a75f5c106542552d5b17e2da317/node_modules/rwsdk/dist/vite/runDirectivesScan.mjs:236:15)
minimal starter - windows-latest - pnpm	Run smoke test	2025-09-17T04:34:50.0708098Z \n    at process.processTicksAndRejections (node:internal/process/task_queues:105:5)
minimal starter - windows-latest - pnpm	Run smoke test	2025-09-17T04:34:50.0708451Z \n
minimal starter - windows-latest - pnpm	Run smoke test	2025-09-17T04:34:50.0708616Z \nNode.js v22.19.0
minimal starter - windows-latest - pnpm	Run smoke test	2025-09-17T04:34:50.0709190Z \n ELIFECYCLE  Command failed with exit code 1.\n ELIFECYCLE  Command failed with exit code 1.\n
minimal starter - windows-latest - pnpm	Run smoke test	2025-09-17T04:34:50.0709809Z ❌ Smoke test failed: Command failed with exit code 1: pnpm run dev
minimal starter - windows-latest - pnpm	Run smoke test	2025-09-17T04:34:50.0710060Z 
minimal starter - windows-latest - pnpm	Run smoke test	2025-09-17T04:34:50.0710067Z 
minimal starter - windows-latest - pnpm	Run smoke test	2025-09-17T04:34:50.0710591Z > @redwoodjs/starter-minimal@1.0.0 dev C:\Users\RUNNER~1\AppData\Local\Temp\tmp-2964-i4VM67eMVsRv\test-project-smoke-test-obedient-macaw-3278dec6
minimal starter - windows-latest - pnpm	Run smoke test	2025-09-17T04:34:50.0711351Z > vite dev
minimal starter - windows-latest - pnpm	Run smoke test	2025-09-17T04:34:50.0711515Z 
minimal starter - windows-latest - pnpm	Run smoke test	2025-09-17T04:34:50.0712139Z 🚀 Project has no .wrangler directory yet, assuming fresh install: running `npm run dev:init`...
minimal starter - windows-latest - pnpm	Run smoke test	2025-09-17T04:34:50.0712726Z 
minimal starter - windows-latest - pnpm	Run smoke test	2025-09-17T04:34:50.0713010Z > @redwoodjs/starter-minimal@1.0.0 dev:init
minimal starter - windows-latest - pnpm	Run smoke test	2025-09-17T04:34:50.0713433Z > rw-scripts dev-init
minimal starter - windows-latest - pnpm	Run smoke test	2025-09-17T04:34:50.0713625Z 
minimal starter - windows-latest - pnpm	Run smoke test	2025-09-17T04:34:50.0713635Z 
minimal starter - windows-latest - pnpm	Run smoke test	2025-09-17T04:34:50.0714060Z 🔍 Scanning for 'use client' and 'use server' directives...
minimal starter - windows-latest - pnpm	Run smoke test	2025-09-17T04:34:50.0714678Z ✅ Scan complete.
minimal starter - windows-latest - pnpm	Run smoke test	2025-09-17T04:34:50.0716464Z file:///C:/Users/RUNNER%7E1/AppData/Local/Temp/tmp-2964-i4VM67eMVsRv/test-project-smoke-test-obedient-macaw-3278dec6/node_modules/.pnpm/rwsdk@file+..+..+..+..+..+._5ecf1a75f5c106542552d5b17e2da317/node_modules/rwsdk/dist/vite/runDirectivesScan.mjs:236\r
minimal starter - windows-latest - pnpm	Run smoke test	2025-09-17T04:34:50.0718321Z         throw new Error(`RWSDK directive scan failed:\n${e.stack}`);\r
minimal starter - windows-latest - pnpm	Run smoke test	2025-09-17T04:34:50.0718810Z               ^\r
minimal starter - windows-latest - pnpm	Run smoke test	2025-09-17T04:34:50.0719065Z \r
minimal starter - windows-latest - pnpm	Run smoke test	2025-09-17T04:34:50.0719385Z Error: RWSDK directive scan failed:\r
minimal starter - windows-latest - pnpm	Run smoke test	2025-09-17T04:34:50.0720442Z Error [ERR_UNSUPPORTED_ESM_URL_SCHEME]: Only URLs with a scheme in: file, data, and node are supported by the default ESM loader. On Windows, absolute paths must be valid file:// URLs. Received protocol 'c:'\r
minimal starter - windows-latest - pnpm	Run smoke test	2025-09-17T04:34:50.0721493Z     at throwIfUnsupportedURLScheme (node:internal/modules/esm/load:184:11)\r
minimal starter - windows-latest - pnpm	Run smoke test	2025-09-17T04:34:50.0722059Z     at defaultLoad (node:internal/modules/esm/load:82:3)\r
minimal starter - windows-latest - pnpm	Run smoke test	2025-09-17T04:34:50.0722669Z     at ModuleLoader.load (node:internal/modules/esm/loader:801:12)\r
minimal starter - windows-latest - pnpm	Run smoke test	2025-09-17T04:34:50.0723137Z     at ModuleLoader.loadAndTranslate (node:internal/modules/esm/loader:586:43)\r
minimal starter - windows-latest - pnpm	Run smoke test	2025-09-17T04:34:50.0723589Z     at #createModuleJob (node:internal/modules/esm/loader:610:36)\r
minimal starter - windows-latest - pnpm	Run smoke test	2025-09-17T04:34:50.0724783Z     at #getJobFromResolveResult (node:internal/modules/esm/loader:341:34)\r
minimal starter - windows-latest - pnpm	Run smoke test	2025-09-17T04:34:50.0725471Z     at ModuleLoader.getModuleJobForImport (node:internal/modules/esm/loader:309:41)\r
minimal starter - windows-latest - pnpm	Run smoke test	2025-09-17T04:34:50.0726024Z     at process.processTicksAndRejections (node:internal/process/task_queues:105:5)\r
minimal starter - windows-latest - pnpm	Run smoke test	2025-09-17T04:34:50.0726569Z     at async onImport.tracePromise.__proto__ (node:internal/modules/esm/loader:650:25)\r
minimal starter - windows-latest - pnpm	Run smoke test	2025-09-17T04:34:50.0727813Z     at runDirectivesScan (file:///C:/Users/RUNNER%7E1/AppData/Local/Temp/tmp-2964-i4VM67eMVsRv/test-project-smoke-test-obedient-macaw-3278dec6/node_modules/.pnpm/rwsdk@file+..+..+..+..+..+._5ecf1a75f5c106542552d5b17e2da317/node_modules/rwsdk/dist/vite/runDirectivesScan.mjs:236:15)\r
minimal starter - windows-latest - pnpm	Run smoke test	2025-09-17T04:34:50.0728990Z     at process.processTicksAndRejections (node:internal/process/task_queues:105:5)\r
minimal starter - windows-latest - pnpm	Run smoke test	2025-09-17T04:34:50.0729342Z \r
minimal starter - windows-latest - pnpm	Run smoke test	2025-09-17T04:34:50.0729507Z Node.js v22.19.0\r
minimal starter - windows-latest - pnpm	Run smoke test	2025-09-17T04:34:50.0729789Z \u2009ELIFECYCLE\u2009 Command failed with exit code 1.
minimal starter - windows-latest - pnpm	Run smoke test	2025-09-17T04:34:50.0730406Z 2025-09-17T04:34:50.059Z rwsdk:smoke Test failed with error: ExecaError: Command failed with exit code 1: pnpm run dev
minimal starter - windows-latest - pnpm	Run smoke test	2025-09-17T04:34:50.0730819Z 
minimal starter - windows-latest - pnpm	Run smoke test	2025-09-17T04:34:50.0730829Z 
minimal starter - windows-latest - pnpm	Run smoke test	2025-09-17T04:34:50.0731689Z > @redwoodjs/starter-minimal@1.0.0 dev C:\Users\RUNNER~1\AppData\Local\Temp\tmp-2964-i4VM67eMVsRv\test-project-smoke-test-obedient-macaw-3278dec6
minimal starter - windows-latest - pnpm	Run smoke test	2025-09-17T04:34:50.0732578Z > vite dev
minimal starter - windows-latest - pnpm	Run smoke test	2025-09-17T04:34:50.0732720Z 
minimal starter - windows-latest - pnpm	Run smoke test	2025-09-17T04:34:50.0733395Z 🚀 Project has no .wrangler directory yet, assuming fresh install: running `npm run dev:init`...
minimal starter - windows-latest - pnpm	Run smoke test	2025-09-17T04:34:50.0733898Z 
minimal starter - windows-latest - pnpm	Run smoke test	2025-09-17T04:34:50.0734099Z > @redwoodjs/starter-minimal@1.0.0 dev:init
minimal starter - windows-latest - pnpm	Run smoke test	2025-09-17T04:34:50.0734485Z > rw-scripts dev-init
minimal starter - windows-latest - pnpm	Run smoke test	2025-09-17T04:34:50.0734697Z 
minimal starter - windows-latest - pnpm	Run smoke test	2025-09-17T04:34:50.0734707Z 
minimal starter - windows-latest - pnpm	Run smoke test	2025-09-17T04:34:50.0735129Z 🔍 Scanning for 'use client' and 'use server' directives...
minimal starter - windows-latest - pnpm	Run smoke test	2025-09-17T04:34:50.0735664Z ✅ Scan complete.
minimal starter - windows-latest - pnpm	Run smoke test	2025-09-17T04:34:50.0737211Z file:///C:/Users/RUNNER%7E1/AppData/Local/Temp/tmp-2964-i4VM67eMVsRv/test-project-smoke-test-obedient-macaw-3278dec6/node_modules/.pnpm/rwsdk@file+..+..+..+..+..+._5ecf1a75f5c106542552d5b17e2da317/node_modules/rwsdk/dist/vite/runDirectivesScan.mjs:236\r
minimal starter - windows-latest - pnpm	Run smoke test	2025-09-17T04:34:50.0738247Z         throw new Error(`RWSDK directive scan failed:\n${e.stack}`);\r
minimal starter - windows-latest - pnpm	Run smoke test	2025-09-17T04:34:50.0738650Z               ^\r
minimal starter - windows-latest - pnpm	Run smoke test	2025-09-17T04:34:50.0738866Z \r
minimal starter - windows-latest - pnpm	Run smoke test	2025-09-17T04:34:50.0739143Z Error: RWSDK directive scan failed:\r
minimal starter - windows-latest - pnpm	Run smoke test	2025-09-17T04:34:50.0740273Z Error [ERR_UNSUPPORTED_ESM_URL_SCHEME]: Only URLs with a scheme in: file, data, and node are supported by the default ESM loader. On Windows, absolute paths must be valid file:// URLs. Received protocol 'c:'\r
minimal starter - windows-latest - pnpm	Run smoke test	2025-09-17T04:34:50.0741105Z     at throwIfUnsupportedURLScheme (node:internal/modules/esm/load:184:11)\r
minimal starter - windows-latest - pnpm	Run smoke test	2025-09-17T04:34:50.0741524Z     at defaultLoad (node:internal/modules/esm/load:82:3)\r
minimal starter - windows-latest - pnpm	Run smoke test	2025-09-17T04:34:50.0742469Z     at ModuleLoader.load (node:internal/modules/esm/loader:801:12)\r
minimal starter - windows-latest - pnpm	Run smoke test	2025-09-17T04:34:50.0742958Z     at ModuleLoader.loadAndTranslate (node:internal/modules/esm/loader:586:43)\r
minimal starter - windows-latest - pnpm	Run smoke test	2025-09-17T04:34:50.0743412Z     at #createModuleJob (node:internal/modules/esm/loader:610:36)\r
minimal starter - windows-latest - pnpm	Run smoke test	2025-09-17T04:34:50.0743837Z     at #getJobFromResolveResult (node:internal/modules/esm/loader:341:34)\r
minimal starter - windows-latest - pnpm	Run smoke test	2025-09-17T04:34:50.0744485Z     at ModuleLoader.getModuleJobForImport (node:internal/modules/esm/loader:309:41)\r
minimal starter - windows-latest - pnpm	Run smoke test	2025-09-17T04:34:50.0745032Z     at process.processTicksAndRejections (node:internal/process/task_queues:105:5)\r
minimal starter - windows-latest - pnpm	Run smoke test	2025-09-17T04:34:50.0745567Z     at async onImport.tracePromise.__proto__ (node:internal/modules/esm/loader:650:25)\r
minimal starter - windows-latest - pnpm	Run smoke test	2025-09-17T04:34:50.0747407Z     at runDirectivesScan (file:///C:/Users/RUNNER%7E1/AppData/Local/Temp/tmp-2964-i4VM67eMVsRv/test-project-smoke-test-obedient-macaw-3278dec6/node_modules/.pnpm/rwsdk@file+..+..+..+..+..+._5ecf1a75f5c106542552d5b17e2da317/node_modules/rwsdk/dist/vite/runDirectivesScan.mjs:236:15)\r
minimal starter - windows-latest - pnpm	Run smoke test	2025-09-17T04:34:50.0749147Z     at process.processTicksAndRejections (node:internal/process/task_queues:105:5)\r
minimal starter - windows-latest - pnpm	Run smoke test	2025-09-17T04:34:50.0749708Z \r
minimal starter - windows-latest - pnpm	Run smoke test	2025-09-17T04:34:50.0749882Z Node.js v22.19.0\r
minimal starter - windows-latest - pnpm	Run smoke test	2025-09-17T04:34:50.0750171Z \u2009ELIFECYCLE\u2009 Command failed with exit code 1.
minimal starter - windows-latest - pnpm	Run smoke test	2025-09-17T04:34:50.0750733Z     at getFinalError (file:///D:/a/sdk/sdk/node_modules/.pnpm/execa@9.5.2/node_modules/execa/lib/return/final-error.js:6:9)
minimal starter - windows-latest - pnpm	Run smoke test	2025-09-17T04:34:50.0751835Z     at makeError (file:///D:/a/sdk/sdk/node_modules/.pnpm/execa@9.5.2/node_modules/execa/lib/return/result.js:108:16)
minimal starter - windows-latest - pnpm	Run smoke test	2025-09-17T04:34:50.0753066Z     at getAsyncResult (file:///D:/a/sdk/sdk/node_modules/.pnpm/execa@9.5.2/node_modules/execa/lib/methods/main-async.js:167:4)
minimal starter - windows-latest - pnpm	Run smoke test	2025-09-17T04:34:50.0753942Z     at handlePromise (file:///D:/a/sdk/sdk/node_modules/.pnpm/execa@9.5.2/node_modules/execa/lib/methods/main-async.js:150:17) {
minimal starter - windows-latest - pnpm	Run smoke test	2025-09-17T04:34:50.0754867Z   shortMessage: 'Command failed with exit code 1: pnpm run dev',
minimal starter - windows-latest - pnpm	Run smoke test	2025-09-17T04:34:50.0755360Z   command: 'pnpm run dev',
minimal starter - windows-latest - pnpm	Run smoke test	2025-09-17T04:34:50.0755732Z   escapedCommand: 'pnpm run dev',
minimal starter - windows-latest - pnpm	Run smoke test	2025-09-17T04:34:50.0756555Z   cwd: 'C:\\Users\\RUNNER~1\\AppData\\Local\\Temp\\tmp-2964-i4VM67eMVsRv\\test-project-smoke-test-obedient-macaw-3278dec6',
minimal starter - windows-latest - pnpm	Run smoke test	2025-09-17T04:34:50.0757289Z   durationMs: 6558.4079,
minimal starter - windows-latest - pnpm	Run smoke test	2025-09-17T04:34:50.0757585Z   failed: true,
minimal starter - windows-latest - pnpm	Run smoke test	2025-09-17T04:34:50.0757870Z   timedOut: false,
minimal starter - windows-latest - pnpm	Run smoke test	2025-09-17T04:34:50.0758099Z   isCanceled: false,
minimal starter - windows-latest - pnpm	Run smoke test	2025-09-17T04:34:50.0758312Z   isGracefullyCanceled: false,
minimal starter - windows-latest - pnpm	Run smoke test	2025-09-17T04:34:50.0758522Z   isTerminated: false,
minimal starter - windows-latest - pnpm	Run smoke test	2025-09-17T04:34:50.0758804Z   isMaxBuffer: false,
minimal starter - windows-latest - pnpm	Run smoke test	2025-09-17T04:34:50.0759131Z   isForcefullyTerminated: false,
minimal starter - windows-latest - pnpm	Run smoke test	2025-09-17T04:34:50.0759473Z   exitCode: 1,
minimal starter - windows-latest - pnpm	Run smoke test	2025-09-17T04:34:50.0759726Z   stdout: '\n' +
minimal starter - windows-latest - pnpm	Run smoke test	2025-09-17T04:34:50.0760667Z     '> @redwoodjs/starter-minimal@1.0.0 dev C:\\Users\\RUNNER~1\\AppData\\Local\\Temp\\tmp-2964-i4VM67eMVsRv\\test-project-smoke-test-obedient-macaw-3278dec6\n' +
minimal starter - windows-latest - pnpm	Run smoke test	2025-09-17T04:34:50.0761603Z     '> vite dev\n' +
minimal starter - windows-latest - pnpm	Run smoke test	2025-09-17T04:34:50.0761896Z     '\n' +
minimal starter - windows-latest - pnpm	Run smoke test	2025-09-17T04:34:50.0762685Z     '🚀 Project has no .wrangler directory yet, assuming fresh install: running `npm run dev:init`...\n' +
minimal starter - windows-latest - pnpm	Run smoke test	2025-09-17T04:34:50.0763283Z     '\n' +
minimal starter - windows-latest - pnpm	Run smoke test	2025-09-17T04:34:50.0763632Z     '> @redwoodjs/starter-minimal@1.0.0 dev:init\n' +
minimal starter - windows-latest - pnpm	Run smoke test	2025-09-17T04:34:50.0764039Z     '> rw-scripts dev-init\n' +
minimal starter - windows-latest - pnpm	Run smoke test	2025-09-17T04:34:50.0764384Z     '\n' +
minimal starter - windows-latest - pnpm	Run smoke test	2025-09-17T04:34:50.0764592Z     '\n' +
minimal starter - windows-latest - pnpm	Run smoke test	2025-09-17T04:34:50.0765129Z     "🔍 Scanning for 'use client' and 'use server' directives...\n" +
minimal starter - windows-latest - pnpm	Run smoke test	2025-09-17T04:34:50.0765582Z     '✅ Scan complete.\n' +
minimal starter - windows-latest - pnpm	Run smoke test	2025-09-17T04:34:50.0766019Z     ' ELIFECYCLE  Command failed with exit code 1.',
minimal starter - windows-latest - pnpm	Run smoke test	2025-09-17T04:34:50.0767118Z   stderr: 'file:///C:/Users/RUNNER%7E1/AppData/Local/Temp/tmp-2964-i4VM67eMVsRv/test-project-smoke-test-obedient-macaw-3278dec6/node_modules/.pnpm/rwsdk@file+..+..+..+..+..+._5ecf1a75f5c106542552d5b17e2da317/node_modules/rwsdk/dist/vite/runDirectivesScan.mjs:236\r\n' +
minimal starter - windows-latest - pnpm	Run smoke test	2025-09-17T04:34:50.0768202Z     '        throw new Error(`RWSDK directive scan failed:\\n${e.stack}`);\r\n' +
minimal starter - windows-latest - pnpm	Run smoke test	2025-09-17T04:34:50.0768731Z     '              ^\r\n' +
minimal starter - windows-latest - pnpm	Run smoke test	2025-09-17T04:34:50.0768992Z     '\r\n' +
minimal starter - windows-latest - pnpm	Run smoke test	2025-09-17T04:34:50.0769213Z     'Error: RWSDK directive scan failed:\r\n' +
minimal starter - windows-latest - pnpm	Run smoke test	2025-09-17T04:34:50.0770175Z     "Error [ERR_UNSUPPORTED_ESM_URL_SCHEME]: Only URLs with a scheme in: file, data, and node are supported by the default ESM loader. On Windows, absolute paths must be valid file:// URLs. Received protocol 'c:'\r\n" +
minimal starter - windows-latest - pnpm	Run smoke test	2025-09-17T04:34:50.0771713Z     '    at throwIfUnsupportedURLScheme (node:internal/modules/esm/load:184:11)\r\n' +
minimal starter - windows-latest - pnpm	Run smoke test	2025-09-17T04:34:50.0772443Z     '    at defaultLoad (node:internal/modules/esm/load:82:3)\r\n' +
minimal starter - windows-latest - pnpm	Run smoke test	2025-09-17T04:34:50.0773005Z     '    at ModuleLoader.load (node:internal/modules/esm/loader:801:12)\r\n' +
minimal starter - windows-latest - pnpm	Run smoke test	2025-09-17T04:34:50.0773701Z     '    at ModuleLoader.loadAndTranslate (node:internal/modules/esm/loader:586:43)\r\n' +
minimal starter - windows-latest - pnpm	Run smoke test	2025-09-17T04:34:50.0774447Z     '    at #createModuleJob (node:internal/modules/esm/loader:610:36)\r\n' +
minimal starter - windows-latest - pnpm	Run smoke test	2025-09-17T04:34:50.0775140Z     '    at #getJobFromResolveResult (node:internal/modules/esm/loader:341:34)\r\n' +
minimal starter - windows-latest - pnpm	Run smoke test	2025-09-17T04:34:50.0776073Z     '    at ModuleLoader.getModuleJobForImport (node:internal/modules/esm/loader:309:41)\r\n' +
minimal starter - windows-latest - pnpm	Run smoke test	2025-09-17T04:34:50.0776905Z     '    at process.processTicksAndRejections (node:internal/process/task_queues:105:5)\r\n' +
minimal starter - windows-latest - pnpm	Run smoke test	2025-09-17T04:34:50.0777484Z     '    at async onImport.tracePromise.__proto__ (node:internal/modules/esm/loader:650:25)\r\n' +
minimal starter - windows-latest - pnpm	Run smoke test	2025-09-17T04:34:50.0779704Z     '    at runDirectivesScan (file:///C:/Users/RUNNER%7E1/AppData/Local/Temp/tmp-2964-i4VM67eMVsRv/test-project-smoke-test-obedient-macaw-3278dec6/node_modules/.pnpm/rwsdk@file+..+..+..+..+..+._5ecf1a75f5c106542552d5b17e2da317/node_modules/rwsdk/dist/vite/runDirectivesScan.mjs:236:15)\r\n' +
minimal starter - windows-latest - pnpm	Run smoke test	2025-09-17T04:34:50.0781438Z     '    at process.processTicksAndRejections (node:internal/process/task_queues:105:5)\r\n' +
minimal starter - windows-latest - pnpm	Run smoke test	2025-09-17T04:34:50.0781983Z     '\r\n' +
minimal starter - windows-latest - pnpm	Run smoke test	2025-09-17T04:34:50.0782164Z     'Node.js v22.19.0',
minimal starter - windows-latest - pnpm	Run smoke test	2025-09-17T04:34:50.0782359Z   all: '\n' +
minimal starter - windows-latest - pnpm	Run smoke test	2025-09-17T04:34:50.0783123Z     '> @redwoodjs/starter-minimal@1.0.0 dev C:\\Users\\RUNNER~1\\AppData\\Local\\Temp\\tmp-2964-i4VM67eMVsRv\\test-project-smoke-test-obedient-macaw-3278dec6\n' +
minimal starter - windows-latest - pnpm	Run smoke test	2025-09-17T04:34:50.0784061Z     '> vite dev\n' +
minimal starter - windows-latest - pnpm	Run smoke test	2025-09-17T04:34:50.0784240Z     '\n' +
minimal starter - windows-latest - pnpm	Run smoke test	2025-09-17T04:34:50.0784765Z     '🚀 Project has no .wrangler directory yet, assuming fresh install: running `npm run dev:init`...\n' +
minimal starter - windows-latest - pnpm	Run smoke test	2025-09-17T04:34:50.0785159Z     '\n' +
minimal starter - windows-latest - pnpm	Run smoke test	2025-09-17T04:34:50.0785370Z     '> @redwoodjs/starter-minimal@1.0.0 dev:init\n' +
minimal starter - windows-latest - pnpm	Run smoke test	2025-09-17T04:34:50.0785640Z     '> rw-scripts dev-init\n' +
minimal starter - windows-latest - pnpm	Run smoke test	2025-09-17T04:34:50.0785837Z     '\n' +
minimal starter - windows-latest - pnpm	Run smoke test	2025-09-17T04:34:50.0785986Z     '\n' +
minimal starter - windows-latest - pnpm	Run smoke test	2025-09-17T04:34:50.0786306Z     "🔍 Scanning for 'use client' and 'use server' directives...\n" +
minimal starter - windows-latest - pnpm	Run smoke test	2025-09-17T04:34:50.0786639Z     '✅ Scan complete.\n' +
minimal starter - windows-latest - pnpm	Run smoke test	2025-09-17T04:34:50.0788670Z     'file:///C:/Users/RUNNER%7E1/AppData/Local/Temp/tmp-2964-i4VM67eMVsRv/test-project-smoke-test-obedient-macaw-3278dec6/node_modules/.pnpm/rwsdk@file+..+..+..+..+..+._5ecf1a75f5c106542552d5b17e2da317/node_modules/rwsdk/dist/vite/runDirectivesScan.mjs:236\r\n' +
minimal starter - windows-latest - pnpm	Run smoke test	2025-09-17T04:34:50.0790358Z     '        throw new Error(`RWSDK directive scan failed:\\n${e.stack}`);\r\n' +
minimal starter - windows-latest - pnpm	Run smoke test	2025-09-17T04:34:50.0790869Z     '              ^\r\n' +
minimal starter - windows-latest - pnpm	Run smoke test	2025-09-17T04:34:50.0791166Z     '\r\n' +
minimal starter - windows-latest - pnpm	Run smoke test	2025-09-17T04:34:50.0791515Z     'Error: RWSDK directive scan failed:\r\n' +
minimal starter - windows-latest - pnpm	Run smoke test	2025-09-17T04:34:50.0792790Z     "Error [ERR_UNSUPPORTED_ESM_URL_SCHEME]: Only URLs with a scheme in: file, data, and node are supported by the default ESM loader. On Windows, absolute paths must be valid file:// URLs. Received protocol 'c:'\r\n" +
minimal starter - windows-latest - pnpm	Run smoke test	2025-09-17T04:34:50.0794196Z     '    at throwIfUnsupportedURLScheme (node:internal/modules/esm/load:184:11)\r\n' +
minimal starter - windows-latest - pnpm	Run smoke test	2025-09-17T04:34:50.0794924Z     '    at defaultLoad (node:internal/modules/esm/load:82:3)\r\n' +
minimal starter - windows-latest - pnpm	Run smoke test	2025-09-17T04:34:50.0795567Z     '    at ModuleLoader.load (node:internal/modules/esm/loader:801:12)\r\n' +
minimal starter - windows-latest - pnpm	Run smoke test	2025-09-17T04:34:50.0796347Z     '    at ModuleLoader.loadAndTranslate (node:internal/modules/esm/loader:586:43)\r\n' +
minimal starter - windows-latest - pnpm	Run smoke test	2025-09-17T04:34:50.0797128Z     '    at #createModuleJob (node:internal/modules/esm/loader:610:36)\r\n' +
minimal starter - windows-latest - pnpm	Run smoke test	2025-09-17T04:34:50.0797792Z     '    at #getJobFromResolveResult (node:internal/modules/esm/loader:341:34)\r\n' +
minimal starter - windows-latest - pnpm	Run smoke test	2025-09-17T04:34:50.0798764Z     '    at ModuleLoader.getModuleJobForImport (node:internal/modules/esm/loader:309:41)\r\n' +
minimal starter - windows-latest - pnpm	Run smoke test	2025-09-17T04:34:50.0799347Z     '    at process.processTicksAndRejections (node:internal/process/task_queues:105:5)\r\n' +
minimal starter - windows-latest - pnpm	Run smoke test	2025-09-17T04:34:50.0799920Z     '    at async onImport.tracePromise.__proto__ (node:internal/modules/esm/loader:650:25)\r\n' +
minimal starter - windows-latest - pnpm	Run smoke test	2025-09-17T04:34:50.0801201Z     '    at runDirectivesScan (file:///C:/Users/RUNNER%7E1/AppData/Local/Temp/tmp-2964-i4VM67eMVsRv/test-project-smoke-test-obedient-macaw-3278dec6/node_modules/.pnpm/rwsdk@file+..+..+..+..+..+._5ecf1a75f5c106542552d5b17e2da317/node_modules/rwsdk/dist/vite/runDirectivesScan.mjs:236:15)\r\n' +
minimal starter - windows-latest - pnpm	Run smoke test	2025-09-17T04:34:50.0802499Z     '    at process.processTicksAndRejections (node:internal/process/task_queues:105:5)\r\n' +
minimal starter - windows-latest - pnpm	Run smoke test	2025-09-17T04:34:50.0802913Z     '\r\n' +
minimal starter - windows-latest - pnpm	Run smoke test	2025-09-17T04:34:50.0803205Z     'Node.js v22.19.0\r\n' +
minimal starter - windows-latest - pnpm	Run smoke test	2025-09-17T04:34:50.0803774Z     ' ELIFECYCLE  Command failed with exit code 1.',
minimal starter - windows-latest - pnpm	Run smoke test	2025-09-17T04:34:50.0804227Z   stdio: [
minimal starter - windows-latest - pnpm	Run smoke test	2025-09-17T04:34:50.0804482Z     undefined,
minimal starter - windows-latest - pnpm	Run smoke test	2025-09-17T04:34:50.0804723Z     '\n' +
minimal starter - windows-latest - pnpm	Run smoke test	2025-09-17T04:34:50.0805525Z       '> @redwoodjs/starter-minimal@1.0.0 dev C:\\Users\\RUNNER~1\\AppData\\Local\\Temp\\tmp-2964-i4VM67eMVsRv\\test-project-smoke-test-obedient-macaw-3278dec6\n' +
minimal starter - windows-latest - pnpm	Run smoke test	2025-09-17T04:34:50.0806117Z       '> vite dev\n' +
minimal starter - windows-latest - pnpm	Run smoke test	2025-09-17T04:34:50.0806295Z       '\n' +
minimal starter - windows-latest - pnpm	Run smoke test	2025-09-17T04:34:50.0806902Z       '🚀 Project has no .wrangler directory yet, assuming fresh install: running `npm run dev:init`...\n' +
minimal starter - windows-latest - pnpm	Run smoke test	2025-09-17T04:34:50.0807444Z       '\n' +
minimal starter - windows-latest - pnpm	Run smoke test	2025-09-17T04:34:50.0807669Z       '> @redwoodjs/starter-minimal@1.0.0 dev:init\n' +
minimal starter - windows-latest - pnpm	Run smoke test	2025-09-17T04:34:50.0807959Z       '> rw-scripts dev-init\n' +
minimal starter - windows-latest - pnpm	Run smoke test	2025-09-17T04:34:50.0808164Z       '\n' +
minimal starter - windows-latest - pnpm	Run smoke test	2025-09-17T04:34:50.0808308Z       '\n' +
minimal starter - windows-latest - pnpm	Run smoke test	2025-09-17T04:34:50.0808826Z       "🔍 Scanning for 'use client' and 'use server' directives...\n" +
minimal starter - windows-latest - pnpm	Run smoke test	2025-09-17T04:34:50.0809383Z       '✅ Scan complete.\n' +
minimal starter - windows-latest - pnpm	Run smoke test	2025-09-17T04:34:50.0809944Z       ' ELIFECYCLE  Command failed with exit code 1.',
minimal starter - windows-latest - pnpm	Run smoke test	2025-09-17T04:34:50.0811796Z     'file:///C:/Users/RUNNER%7E1/AppData/Local/Temp/tmp-2964-i4VM67eMVsRv/test-project-smoke-test-obedient-macaw-3278dec6/node_modules/.pnpm/rwsdk@file+..+..+..+..+..+._5ecf1a75f5c106542552d5b17e2da317/node_modules/rwsdk/dist/vite/runDirectivesScan.mjs:236\r\n' +
minimal starter - windows-latest - pnpm	Run smoke test	2025-09-17T04:34:50.0814923Z       '        throw new Error(`RWSDK directive scan failed:\\n${e.stack}`);\r\n' +
minimal starter - windows-latest - pnpm	Run smoke test	2025-09-17T04:34:50.0815515Z       '              ^\r\n' +
minimal starter - windows-latest - pnpm	Run smoke test	2025-09-17T04:34:50.0815863Z       '\r\n' +
minimal starter - windows-latest - pnpm	Run smoke test	2025-09-17T04:34:50.0816240Z       'Error: RWSDK directive scan failed:\r\n' +
minimal starter - windows-latest - pnpm	Run smoke test	2025-09-17T04:34:50.0817692Z       "Error [ERR_UNSUPPORTED_ESM_URL_SCHEME]: Only URLs with a scheme in: file, data, and node are supported by the default ESM loader. On Windows, absolute paths must be valid file:// URLs. Received protocol 'c:'\r\n" +
minimal starter - windows-latest - pnpm	Run smoke test	2025-09-17T04:34:50.0819276Z       '    at throwIfUnsupportedURLScheme (node:internal/modules/esm/load:184:11)\r\n' +
minimal starter - windows-latest - pnpm	Run smoke test	2025-09-17T04:34:50.0820116Z       '    at defaultLoad (node:internal/modules/esm/load:82:3)\r\n' +
minimal starter - windows-latest - pnpm	Run smoke test	2025-09-17T04:34:50.0820874Z       '    at ModuleLoader.load (node:internal/modules/esm/loader:801:12)\r\n' +
minimal starter - windows-latest - pnpm	Run smoke test	2025-09-17T04:34:50.0821789Z       '    at ModuleLoader.loadAndTranslate (node:internal/modules/esm/loader:586:43)\r\n' +
minimal starter - windows-latest - pnpm	Run smoke test	2025-09-17T04:34:50.0822698Z       '    at #createModuleJob (node:internal/modules/esm/loader:610:36)\r\n' +
minimal starter - windows-latest - pnpm	Run smoke test	2025-09-17T04:34:50.0823556Z       '    at #getJobFromResolveResult (node:internal/modules/esm/loader:341:34)\r\n' +
minimal starter - windows-latest - pnpm	Run smoke test	2025-09-17T04:34:50.0824558Z       '    at ModuleLoader.getModuleJobForImport (node:internal/modules/esm/loader:309:41)\r\n' +
minimal starter - windows-latest - pnpm	Run smoke test	2025-09-17T04:34:50.0825630Z       '    at process.processTicksAndRejections (node:internal/process/task_queues:105:5)\r\n' +
minimal starter - windows-latest - pnpm	Run smoke test	2025-09-17T04:34:50.0826681Z       '    at async onImport.tracePromise.__proto__ (node:internal/modules/esm/loader:650:25)\r\n' +
minimal starter - windows-latest - pnpm	Run smoke test	2025-09-17T04:34:50.0828973Z       '    at runDirectivesScan (file:///C:/Users/RUNNER%7E1/AppData/Local/Temp/tmp-2964-i4VM67eMVsRv/test-project-smoke-test-obedient-macaw-3278dec6/node_modules/.pnpm/rwsdk@file+..+..+..+..+..+._5ecf1a75f5c106542552d5b17e2da317/node_modules/rwsdk/dist/vite/runDirectivesScan.mjs:236:15)\r\n' +
minimal starter - windows-latest - pnpm	Run smoke test	2025-09-17T04:34:50.0830976Z       '    at process.processTicksAndRejections (node:internal/process/task_queues:105:5)\r\n' +
minimal starter - windows-latest - pnpm	Run smoke test	2025-09-17T04:34:50.0831601Z       '\r\n' +
minimal starter - windows-latest - pnpm	Run smoke test	2025-09-17T04:34:50.0831849Z       'Node.js v22.19.0'
minimal starter - windows-latest - pnpm	Run smoke test	2025-09-17T04:34:50.0832143Z   ],
minimal starter - windows-latest - pnpm	Run smoke test	2025-09-17T04:34:50.0832657Z   ipcOutput: [],
minimal starter - windows-latest - pnpm	Run smoke test	2025-09-17T04:34:50.0832944Z   pipedFrom: []
minimal starter - windows-latest - pnpm	Run smoke test	2025-09-17T04:34:50.0833210Z }
minimal starter - windows-latest - pnpm	Run smoke test	2025-09-17T04:34:50.0833795Z 2025-09-17T04:34:50.061Z rwsdk:smoke Ensured artifact directories exist before teardown
minimal starter - windows-latest - pnpm	Run smoke test	2025-09-17T04:34:50.0834885Z 2025-09-17T04:34:50.065Z rwsdk:smoke Starting teardown process with exit code: 1
minimal starter - windows-latest - pnpm	Run smoke test	2025-09-17T04:34:50.0835559Z 2025-09-17T04:34:50.069Z rwsdk:smoke Cleaning up resources
minimal starter - windows-latest - pnpm	Run smoke test	2025-09-17T04:34:50.0836413Z 2025-09-17T04:34:50.069Z rwsdk:smoke Skipping worker and D1 database cleanup because release tests did not run
minimal starter - windows-latest - pnpm	Run smoke test	2025-09-17T04:34:50.0837281Z 2025-09-17T04:34:50.069Z rwsdk:smoke Resource cleanup completed
minimal starter - windows-latest - pnpm	Run smoke test	2025-09-17T04:34:50.0837922Z 2025-09-17T04:34:50.069Z rwsdk:smoke Log capturing stopped
minimal starter - windows-latest - pnpm	Run smoke test	2025-09-17T04:34:50.0840773Z 2025-09-17T04:34:50.069Z rwsdk:smoke Resource cleanup completed successfully
minimal starter - windows-latest - pnpm	Run smoke test	2025-09-17T04:34:50.0842660Z 2025-09-17T04:34:50.069Z rwsdk:smoke Log capturing stopped during teardown
minimal starter - windows-latest - pnpm	Run smoke test	2025-09-17T04:34:50.0843506Z 
minimal starter - windows-latest - pnpm	Run smoke test	2025-09-17T04:34:50.0843752Z ==================================================
minimal starter - windows-latest - pnpm	Run smoke test	2025-09-17T04:34:50.0844293Z                 📊 SMOKE TEST REPORT              
minimal starter - windows-latest - pnpm	Run smoke test	2025-09-17T04:34:50.0844633Z ==================================================
minimal starter - windows-latest - pnpm	Run smoke test	2025-09-17T04:34:50.0844924Z --------------------------------------------------
minimal starter - windows-latest - pnpm	Run smoke test	2025-09-17T04:34:50.0845225Z Timestamp: 2025-09-17T04-34-50-061Z
minimal starter - windows-latest - pnpm	Run smoke test	2025-09-17T04:34:50.0845509Z Status: ❌ FAILED
minimal starter - windows-latest - pnpm	Run smoke test	2025-09-17T04:34:50.0845686Z Exit code: 1
minimal starter - windows-latest - pnpm	Run smoke test	2025-09-17T04:34:50.0846004Z Worker name: test-project-smoke-test-obedient-macaw-3278dec6
minimal starter - windows-latest - pnpm	Run smoke test	2025-09-17T04:34:50.0846322Z Test options:
minimal starter - windows-latest - pnpm	Run smoke test	2025-09-17T04:34:50.0846501Z   - Custom path: /
minimal starter - windows-latest - pnpm	Run smoke test	2025-09-17T04:34:50.0846684Z   - Skip dev: No
minimal starter - windows-latest - pnpm	Run smoke test	2025-09-17T04:34:50.0846861Z   - Skip release: No
minimal starter - windows-latest - pnpm	Run smoke test	2025-09-17T04:34:50.0847040Z   - Skip client: No
minimal starter - windows-latest - pnpm	Run smoke test	2025-09-17T04:34:50.0847209Z Log files:
minimal starter - windows-latest - pnpm	Run smoke test	2025-09-17T04:34:50.0847423Z   - stdout: stdout-2025-09-17T04-34-50-061Z.log
minimal starter - windows-latest - pnpm	Run smoke test	2025-09-17T04:34:50.0847720Z   - stderr: stderr-2025-09-17T04-34-50-061Z.log
minimal starter - windows-latest - pnpm	Run smoke test	2025-09-17T04:34:50.0848013Z   - combined: combined-2025-09-17T04-34-50-061Z.log
minimal starter - windows-latest - pnpm	Run smoke test	2025-09-17T04:34:50.0848329Z --------------------------------------------------
minimal starter - windows-latest - pnpm	Run smoke test	2025-09-17T04:34:50.0848505Z 
minimal starter - windows-latest - pnpm	Run smoke test	2025-09-17T04:34:50.0848634Z ❌ Failed tests: 1
minimal starter - windows-latest - pnpm	Run smoke test	2025-09-17T04:34:50.0848741Z 
minimal starter - windows-latest - pnpm	Run smoke test	2025-09-17T04:34:50.0848863Z ==================================================
minimal starter - windows-latest - pnpm	Run smoke test	2025-09-17T04:34:50.0849183Z               🔍 TEST RESULTS SUMMARY              
minimal starter - windows-latest - pnpm	Run smoke test	2025-09-17T04:34:50.0849451Z ==================================================
minimal starter - windows-latest - pnpm	Run smoke test	2025-09-17T04:34:50.0849833Z ● Development Tests: ⚠️ DID NOT RUN
minimal starter - windows-latest - pnpm	Run smoke test	2025-09-17T04:34:50.0850147Z ● Production Tests: ⚠️ DID NOT RUN
minimal starter - windows-latest - pnpm	Run smoke test	2025-09-17T04:34:50.0850296Z 
minimal starter - windows-latest - pnpm	Run smoke test	2025-09-17T04:34:50.0850784Z 📝 Report saved to D:\a\sdk\sdk\smoke-test-artifacts\minimal\reports\smoke-test-report-2025-09-17T04-34-50-061Z.json
minimal starter - windows-latest - pnpm	Run smoke test	2025-09-17T04:34:50.0851164Z 
minimal starter - windows-latest - pnpm	Run smoke test	2025-09-17T04:34:50.0851277Z ==================================================
minimal starter - windows-latest - pnpm	Run smoke test	2025-09-17T04:34:50.0851585Z               🔍 FAILURE DETAILS                  
minimal starter - windows-latest - pnpm	Run smoke test	2025-09-17T04:34:50.0851854Z ==================================================
minimal starter - windows-latest - pnpm	Run smoke test	2025-09-17T04:34:50.0852163Z ----------------- DEVELOPMENT ENVIRONMENT -----------------
minimal starter - windows-latest - pnpm	Run smoke test	2025-09-17T04:34:50.0852476Z Failure #1: Development Server Process
minimal starter - windows-latest - pnpm	Run smoke test	2025-09-17T04:34:50.0852806Z Error: Command failed with exit code 1: pnpm run dev
minimal starter - windows-latest - pnpm	Run smoke test	2025-09-17T04:34:50.0853061Z        
minimal starter - windows-latest - pnpm	Run smoke test	2025-09-17T04:34:50.0853208Z        
minimal starter - windows-latest - pnpm	Run smoke test	2025-09-17T04:34:50.0854625Z        > @redwoodjs/starter-minimal@1.0.0 dev C:\Users\RUNNER~1\AppData\Local\Temp\tmp-2964-i4VM67eMVsRv\test-project-smoke-test-obedient-macaw-3278dec6
minimal starter - windows-latest - pnpm	Run smoke test	2025-09-17T04:34:50.0855705Z        > vite dev
minimal starter - windows-latest - pnpm	Run smoke test	2025-09-17T04:34:50.0855879Z        
minimal starter - windows-latest - pnpm	Run smoke test	2025-09-17T04:34:50.0856372Z        🚀 Project has no .wrangler directory yet, assuming fresh install: running `npm run dev:init`...
minimal starter - windows-latest - pnpm	Run smoke test	2025-09-17T04:34:50.0856784Z        
minimal starter - windows-latest - pnpm	Run smoke test	2025-09-17T04:34:50.0856991Z        > @redwoodjs/starter-minimal@1.0.0 dev:init
minimal starter - windows-latest - pnpm	Run smoke test	2025-09-17T04:34:50.0857256Z        > rw-scripts dev-init
minimal starter - windows-latest - pnpm	Run smoke test	2025-09-17T04:34:50.0857443Z        
minimal starter - windows-latest - pnpm	Run smoke test	2025-09-17T04:34:50.0857580Z        
minimal starter - windows-latest - pnpm	Run smoke test	2025-09-17T04:34:50.0857881Z        🔍 Scanning for 'use client' and 'use server' directives...
minimal starter - windows-latest - pnpm	Run smoke test	2025-09-17T04:34:50.0858204Z        ✅ Scan complete.
minimal starter - windows-latest - pnpm	Run smoke test	2025-09-17T04:34:50.0859957Z        file:///C:/Users/RUNNER%7E1/AppData/Local/Temp/tmp-2964-i4VM67eMVsRv/test-project-smoke-test-obedient-macaw-3278dec6/node_modules/.pnpm/rwsdk@file+..+..+..+..+..+._5ecf1a75f5c106542552d5b17e2da317/node_modules/rwsdk/dist/vite/runDirectivesScan.mjs:236\r
minimal starter - windows-latest - pnpm	Run smoke test	2025-09-17T04:34:50.0861376Z                throw new Error(`RWSDK directive scan failed:\n${e.stack}`);\r
minimal starter - windows-latest - pnpm	Run smoke test	2025-09-17T04:34:50.0861715Z                      ^\r
minimal starter - windows-latest - pnpm	Run smoke test	2025-09-17T04:34:50.0861969Z        \r
minimal starter - windows-latest - pnpm	Run smoke test	2025-09-17T04:34:50.0862659Z        Error: RWSDK directive scan failed:\r
minimal starter - windows-latest - pnpm	Run smoke test	2025-09-17T04:34:50.0865028Z        Error [ERR_UNSUPPORTED_ESM_URL_SCHEME]: Only URLs with a scheme in: file, data, and node are supported by the default ESM loader. On Windows, absolute paths must be valid file:// URLs. Received protocol 'c:'\r
minimal starter - windows-latest - pnpm	Run smoke test	2025-09-17T04:34:50.0866240Z            at throwIfUnsupportedURLScheme (node:internal/modules/esm/load:184:11)\r
minimal starter - windows-latest - pnpm	Run smoke test	2025-09-17T04:34:50.0866699Z            at defaultLoad (node:internal/modules/esm/load:82:3)\r
minimal starter - windows-latest - pnpm	Run smoke test	2025-09-17T04:34:50.0867114Z            at ModuleLoader.load (node:internal/modules/esm/loader:801:12)\r
minimal starter - windows-latest - pnpm	Run smoke test	2025-09-17T04:34:50.0867590Z            at ModuleLoader.loadAndTranslate (node:internal/modules/esm/loader:586:43)\r
minimal starter - windows-latest - pnpm	Run smoke test	2025-09-17T04:34:50.0868055Z            at #createModuleJob (node:internal/modules/esm/loader:610:36)\r
minimal starter - windows-latest - pnpm	Run smoke test	2025-09-17T04:34:50.0868492Z            at #getJobFromResolveResult (node:internal/modules/esm/loader:341:34)\r
minimal starter - windows-latest - pnpm	Run smoke test	2025-09-17T04:34:50.0869011Z            at ModuleLoader.getModuleJobForImport (node:internal/modules/esm/loader:309:41)\r
minimal starter - windows-latest - pnpm	Run smoke test	2025-09-17T04:34:50.0869568Z            at process.processTicksAndRejections (node:internal/process/task_queues:105:5)\r
minimal starter - windows-latest - pnpm	Run smoke test	2025-09-17T04:34:50.0870116Z            at async onImport.tracePromise.__proto__ (node:internal/modules/esm/loader:650:25)\r
minimal starter - windows-latest - pnpm	Run smoke test	2025-09-17T04:34:50.0871366Z            at runDirectivesScan (file:///C:/Users/RUNNER%7E1/AppData/Local/Temp/tmp-2964-i4VM67eMVsRv/test-project-smoke-test-obedient-macaw-3278dec6/node_modules/.pnpm/rwsdk@file+..+..+..+..+..+._5ecf1a75f5c106542552d5b17e2da317/node_modules/rwsdk/dist/vite/runDirectivesScan.mjs:236:15)\r
minimal starter - windows-latest - pnpm	Run smoke test	2025-09-17T04:34:50.0872554Z            at process.processTicksAndRejections (node:internal/process/task_queues:105:5)\r
minimal starter - windows-latest - pnpm	Run smoke test	2025-09-17T04:34:50.0872923Z        \r
minimal starter - windows-latest - pnpm	Run smoke test	2025-09-17T04:34:50.0873094Z        Node.js v22.19.0\r
minimal starter - windows-latest - pnpm	Run smoke test	2025-09-17T04:34:50.0873378Z        \u2009ELIFECYCLE\u2009 Command failed with exit code 1.
minimal starter - windows-latest - pnpm	Run smoke test	2025-09-17T04:34:50.0873589Z 
minimal starter - windows-latest - pnpm	Run smoke test	2025-09-17T04:34:50.0873729Z --------------------------------------------------
minimal starter - windows-latest - pnpm	Run smoke test	2025-09-17T04:34:50.0873902Z 
minimal starter - windows-latest - pnpm	Run smoke test	2025-09-17T04:34:50.0874021Z ==================================================
minimal starter - windows-latest - pnpm	Run smoke test	2025-09-17T04:34:50.0874390Z                 📊 SMOKE TEST REPORT              
minimal starter - windows-latest - pnpm	Run smoke test	2025-09-17T04:34:50.0874669Z ==================================================
minimal starter - windows-latest - pnpm	Run smoke test	2025-09-17T04:34:50.0874938Z --------------------------------------------------
minimal starter - windows-latest - pnpm	Run smoke test	2025-09-17T04:34:50.0875208Z Timestamp: 2025-09-17T04-34-50-065Z
minimal starter - windows-latest - pnpm	Run smoke test	2025-09-17T04:34:50.0875460Z Status: ❌ FAILED
minimal starter - windows-latest - pnpm	Run smoke test	2025-09-17T04:34:50.0875626Z Exit code: 1
minimal starter - windows-latest - pnpm	Run smoke test	2025-09-17T04:34:50.0875937Z Worker name: test-project-smoke-test-obedient-macaw-3278dec6
minimal starter - windows-latest - pnpm	Run smoke test	2025-09-17T04:34:50.0876235Z Test options:
minimal starter - windows-latest - pnpm	Run smoke test	2025-09-17T04:34:50.0876401Z   - Custom path: /
minimal starter - windows-latest - pnpm	Run smoke test	2025-09-17T04:34:50.0876582Z   - Skip dev: No
minimal starter - windows-latest - pnpm	Run smoke test	2025-09-17T04:34:50.0876756Z   - Skip release: No
minimal starter - windows-latest - pnpm	Run smoke test	2025-09-17T04:34:50.0876932Z   - Skip client: No
minimal starter - windows-latest - pnpm	Run smoke test	2025-09-17T04:34:50.0877276Z Log files:
minimal starter - windows-latest - pnpm	Run smoke test	2025-09-17T04:34:50.0877489Z   - stdout: stdout-2025-09-17T04-34-50-065Z.log
minimal starter - windows-latest - pnpm	Run smoke test	2025-09-17T04:34:50.0877775Z   - stderr: stderr-2025-09-17T04-34-50-065Z.log
minimal starter - windows-latest - pnpm	Run smoke test	2025-09-17T04:34:50.0878065Z   - combined: combined-2025-09-17T04-34-50-065Z.log
minimal starter - windows-latest - pnpm	Run smoke test	2025-09-17T04:34:50.0878377Z --------------------------------------------------
minimal starter - windows-latest - pnpm	Run smoke test	2025-09-17T04:34:50.0878548Z 
minimal starter - windows-latest - pnpm	Run smoke test	2025-09-17T04:34:50.0878669Z ❌ Failed tests: 1
minimal starter - windows-latest - pnpm	Run smoke test	2025-09-17T04:34:50.0878775Z 
minimal starter - windows-latest - pnpm	Run smoke test	2025-09-17T04:34:50.0878896Z ==================================================
minimal starter - windows-latest - pnpm	Run smoke test	2025-09-17T04:34:50.0879210Z               🔍 TEST RESULTS SUMMARY              
minimal starter - windows-latest - pnpm	Run smoke test	2025-09-17T04:34:50.0879479Z ==================================================
minimal starter - windows-latest - pnpm	Run smoke test	2025-09-17T04:34:50.0879880Z ● Development Tests: ⚠️ DID NOT RUN
minimal starter - windows-latest - pnpm	Run smoke test	2025-09-17T04:34:50.0880191Z ● Production Tests: ⚠️ DID NOT RUN
minimal starter - windows-latest - pnpm	Run smoke test	2025-09-17T04:34:50.0880340Z 
minimal starter - windows-latest - pnpm	Run smoke test	2025-09-17T04:34:50.0880824Z 📝 Report saved to D:\a\sdk\sdk\smoke-test-artifacts\minimal\reports\smoke-test-report-2025-09-17T04-34-50-065Z.json
minimal starter - windows-latest - pnpm	Run smoke test	2025-09-17T04:34:50.0881211Z 
minimal starter - windows-latest - pnpm	Run smoke test	2025-09-17T04:34:50.0881333Z ==================================================
minimal starter - windows-latest - pnpm	Run smoke test	2025-09-17T04:34:50.0881647Z               🔍 FAILURE DETAILS                  
minimal starter - windows-latest - pnpm	Run smoke test	2025-09-17T04:34:50.0881914Z ==================================================
minimal starter - windows-latest - pnpm	Run smoke test	2025-09-17T04:34:50.0882225Z ----------------- DEVELOPMENT ENVIRONMENT -----------------
minimal starter - windows-latest - pnpm	Run smoke test	2025-09-17T04:34:50.0882535Z Failure #1: Development Server Process
minimal starter - windows-latest - pnpm	Run smoke test	2025-09-17T04:34:50.0882852Z Error: Command failed with exit code 1: pnpm run dev
minimal starter - windows-latest - pnpm	Run smoke test	2025-09-17T04:34:50.0883105Z        
minimal starter - windows-latest - pnpm	Run smoke test	2025-09-17T04:34:50.0883249Z        
minimal starter - windows-latest - pnpm	Run smoke test	2025-09-17T04:34:50.0883784Z        > @redwoodjs/starter-minimal@1.0.0 dev C:\Users\RUNNER~1\AppData\Local\Temp\tmp-2964-i4VM67eMVsRv\test-project-smoke-test-obedient-macaw-3278dec6
minimal starter - windows-latest - pnpm	Run smoke test	2025-09-17T04:34:50.0884344Z        > vite dev
minimal starter - windows-latest - pnpm	Run smoke test	2025-09-17T04:34:50.0884505Z        
minimal starter - windows-latest - pnpm	Run smoke test	2025-09-17T04:34:50.0884936Z        🚀 Project has no .wrangler directory yet, assuming fresh install: running `npm run dev:init`...
minimal starter - windows-latest - pnpm	Run smoke test	2025-09-17T04:34:50.0885302Z        
minimal starter - windows-latest - pnpm	Run smoke test	2025-09-17T04:34:50.0885503Z        > @redwoodjs/starter-minimal@1.0.0 dev:init
minimal starter - windows-latest - pnpm	Run smoke test	2025-09-17T04:34:50.0885757Z        > rw-scripts dev-init
minimal starter - windows-latest - pnpm	Run smoke test	2025-09-17T04:34:50.0885955Z        
minimal starter - windows-latest - pnpm	Run smoke test	2025-09-17T04:34:50.0886090Z        
minimal starter - windows-latest - pnpm	Run smoke test	2025-09-17T04:34:50.0886399Z        🔍 Scanning for 'use client' and 'use server' directives...
minimal starter - windows-latest - pnpm	Run smoke test	2025-09-17T04:34:50.0886720Z        ✅ Scan complete.
minimal starter - windows-latest - pnpm	Run smoke test	2025-09-17T04:34:50.0887706Z        file:///C:/Users/RUNNER%7E1/AppData/Local/Temp/tmp-2964-i4VM67eMVsRv/test-project-smoke-test-obedient-macaw-3278dec6/node_modules/.pnpm/rwsdk@file+..+..+..+..+..+._5ecf1a75f5c106542552d5b17e2da317/node_modules/rwsdk/dist/vite/runDirectivesScan.mjs:236\r
minimal starter - windows-latest - pnpm	Run smoke test	2025-09-17T04:34:50.0888711Z                throw new Error(`RWSDK directive scan failed:\n${e.stack}`);\r
minimal starter - windows-latest - pnpm	Run smoke test	2025-09-17T04:34:50.0889018Z                      ^\r
minimal starter - windows-latest - pnpm	Run smoke test	2025-09-17T04:34:50.0889199Z        \r
minimal starter - windows-latest - pnpm	Run smoke test	2025-09-17T04:34:50.0889402Z        Error: RWSDK directive scan failed:\r
minimal starter - windows-latest - pnpm	Run smoke test	2025-09-17T04:34:50.0890181Z        Error [ERR_UNSUPPORTED_ESM_URL_SCHEME]: Only URLs with a scheme in: file, data, and node are supported by the default ESM loader. On Windows, absolute paths must be valid file:// URLs. Received protocol 'c:'\r
minimal starter - windows-latest - pnpm	Run smoke test	2025-09-17T04:34:50.0891006Z            at throwIfUnsupportedURLScheme (node:internal/modules/esm/load:184:11)\r
minimal starter - windows-latest - pnpm	Run smoke test	2025-09-17T04:34:50.0891433Z            at defaultLoad (node:internal/modules/esm/load:82:3)\r
minimal starter - windows-latest - pnpm	Run smoke test	2025-09-17T04:34:50.0891823Z            at ModuleLoader.load (node:internal/modules/esm/loader:801:12)\r
minimal starter - windows-latest - pnpm	Run smoke test	2025-09-17T04:34:50.0892301Z            at ModuleLoader.loadAndTranslate (node:internal/modules/esm/loader:586:43)\r
minimal starter - windows-latest - pnpm	Run smoke test	2025-09-17T04:34:50.0892758Z            at #createModuleJob (node:internal/modules/esm/loader:610:36)\r
minimal starter - windows-latest - pnpm	Run smoke test	2025-09-17T04:34:50.0893190Z            at #getJobFromResolveResult (node:internal/modules/esm/loader:341:34)\r
minimal starter - windows-latest - pnpm	Run smoke test	2025-09-17T04:34:50.0893699Z            at ModuleLoader.getModuleJobForImport (node:internal/modules/esm/loader:309:41)\r
minimal starter - windows-latest - pnpm	Run smoke test	2025-09-17T04:34:50.0894247Z            at process.processTicksAndRejections (node:internal/process/task_queues:105:5)\r
minimal starter - windows-latest - pnpm	Run smoke test	2025-09-17T04:34:50.0894867Z            at async onImport.tracePromise.__proto__ (node:internal/modules/esm/loader:650:25)\r
minimal starter - windows-latest - pnpm	Run smoke test	2025-09-17T04:34:50.0896102Z            at runDirectivesScan (file:///C:/Users/RUNNER%7E1/AppData/Local/Temp/tmp-2964-i4VM67eMVsRv/test-project-smoke-test-obedient-macaw-3278dec6/node_modules/.pnpm/rwsdk@file+..+..+..+..+..+._5ecf1a75f5c106542552d5b17e2da317/node_modules/rwsdk/dist/vite/runDirectivesScan.mjs:236:15)\r
minimal starter - windows-latest - pnpm	Run smoke test	2025-09-17T04:34:50.0897262Z            at process.processTicksAndRejections (node:internal/process/task_queues:105:5)\r
minimal starter - windows-latest - pnpm	Run smoke test	2025-09-17T04:34:50.0897620Z        \r
minimal starter - windows-latest - pnpm	Run smoke test	2025-09-17T04:34:50.0897782Z        Node.js v22.19.0\r
minimal starter - windows-latest - pnpm	Run smoke test	2025-09-17T04:34:50.0898125Z        \u2009ELIFECYCLE\u2009 Command failed with exit code 1.
minimal starter - windows-latest - pnpm	Run smoke test	2025-09-17T04:34:50.0898329Z 
minimal starter - windows-latest - pnpm	Run smoke test	2025-09-17T04:34:50.0898462Z --------------------------------------------------
minimal starter - windows-latest - pnpm	Run smoke test	2025-09-17T04:34:50.0898912Z ⏭️ Skipping worker and D1 database cleanup (release tests did not run)
minimal starter - windows-latest - pnpm	Run smoke test	2025-09-17T04:34:50.0899804Z 📂 Keeping temporary directory for inspection: C:\Users\RUNNER~1\AppData\Local\Temp\tmp-2964-i4VM67eMVsRv\test-project-smoke-test-obedient-macaw-3278dec6
minimal starter - windows-latest - pnpm	Run smoke test	2025-09-17T04:34:50.1010000Z  ELIFECYCLE  Command failed with exit code 1.
minimal starter - windows-latest - pnpm	Run smoke test	2025-09-17T04:34:50.2039547Z ❌ Smoke tests failed.
minimal starter - windows-latest - pnpm	Run smoke test	2025-09-17T04:34:50.2081142Z ##[error]Process completed with exit code 1.
standard starter - windows-latest - pnpm	Run smoke test	﻿2025-09-17T04:32:44.6172323Z ##[group]Run ./sdk/scripts/ci-smoke-test.sh --starter "standard" --package-manager "pnpm"
standard starter - windows-latest - pnpm	Run smoke test	2025-09-17T04:32:44.6173764Z [36;1m./sdk/scripts/ci-smoke-test.sh --starter "standard" --package-manager "pnpm"[0m
standard starter - windows-latest - pnpm	Run smoke test	2025-09-17T04:32:44.6187177Z shell: C:\Program Files\Git\bin\bash.EXE --noprofile --norc -e -o pipefail {0}
standard starter - windows-latest - pnpm	Run smoke test	2025-09-17T04:32:44.6187531Z env:
standard starter - windows-latest - pnpm	Run smoke test	2025-09-17T04:32:44.6187829Z   CLOUDFLARE_ACCOUNT_ID: ***
standard starter - windows-latest - pnpm	Run smoke test	2025-09-17T04:32:44.6188147Z   CLOUDFLARE_API_TOKEN: ***
standard starter - windows-latest - pnpm	Run smoke test	2025-09-17T04:32:44.6188353Z   CHROME_BIN: 
standard starter - windows-latest - pnpm	Run smoke test	2025-09-17T04:32:44.6188516Z ##[endgroup]
standard starter - windows-latest - pnpm	Run smoke test	2025-09-17T04:32:44.7145642Z 🚀 Starting smoke test for 'standard' starter with 'pnpm'
standard starter - windows-latest - pnpm	Run smoke test	2025-09-17T04:32:44.7389246Z 
standard starter - windows-latest - pnpm	Run smoke test	2025-09-17T04:32:44.7389900Z 📦 Building and packing SDK...
standard starter - windows-latest - pnpm	Run smoke test	2025-09-17T04:32:45.3108212Z 
standard starter - windows-latest - pnpm	Run smoke test	2025-09-17T04:32:45.3110229Z > rwsdk@1.0.0-alpha.3 build D:\a\sdk\sdk\sdk
standard starter - windows-latest - pnpm	Run smoke test	2025-09-17T04:32:45.3110762Z > tsc --build --clean && tsc
standard starter - windows-latest - pnpm	Run smoke test	2025-09-17T04:32:45.3110992Z 
standard starter - windows-latest - pnpm	Run smoke test	2025-09-17T04:32:53.2915311Z   - Created temp directory: /tmp/tmp.GKXcy8qw6x
standard starter - windows-latest - pnpm	Run smoke test	2025-09-17T04:33:01.6805118Z npm notice
standard starter - windows-latest - pnpm	Run smoke test	2025-09-17T04:33:01.6807485Z npm notice package: rwsdk@1.0.0-alpha.3
standard starter - windows-latest - pnpm	Run smoke test	2025-09-17T04:33:01.6808205Z npm notice Tarball Contents
standard starter - windows-latest - pnpm	Run smoke test	2025-09-17T04:33:01.6815513Z npm notice 4.7kB README.md
standard starter - windows-latest - pnpm	Run smoke test	2025-09-17T04:33:01.6815997Z npm notice 741B bin/rw-scripts.mjs
standard starter - windows-latest - pnpm	Run smoke test	2025-09-17T04:33:01.6816667Z npm notice 336B bin/rwsync
standard starter - windows-latest - pnpm	Run smoke test	2025-09-17T04:33:01.6817094Z npm notice 215B dist/lib/$.d.mts
standard starter - windows-latest - pnpm	Run smoke test	2025-09-17T04:33:01.6817517Z npm notice 173B dist/lib/$.mjs
standard starter - windows-latest - pnpm	Run smoke test	2025-09-17T04:33:01.6817941Z npm notice 617B dist/lib/constants.d.mts
standard starter - windows-latest - pnpm	Run smoke test	2025-09-17T04:33:01.6818363Z npm notice 1.1kB dist/lib/constants.mjs
standard starter - windows-latest - pnpm	Run smoke test	2025-09-17T04:33:01.6818873Z npm notice 86B dist/lib/findWranglerConfig.d.mts
standard starter - windows-latest - pnpm	Run smoke test	2025-09-17T04:33:01.6819432Z npm notice 457B dist/lib/findWranglerConfig.mjs
standard starter - windows-latest - pnpm	Run smoke test	2025-09-17T04:33:01.6819964Z npm notice 75B dist/lib/getShortName.d.mts
standard starter - windows-latest - pnpm	Run smoke test	2025-09-17T04:33:01.6820442Z npm notice 221B dist/lib/getShortName.mjs
standard starter - windows-latest - pnpm	Run smoke test	2025-09-17T04:33:01.6820950Z npm notice 11B dist/lib/getShortName.test.d.mts
standard starter - windows-latest - pnpm	Run smoke test	2025-09-17T04:33:01.6821335Z npm notice 1.3kB dist/lib/getShortName.test.mjs
standard starter - windows-latest - pnpm	Run smoke test	2025-09-17T04:33:01.6821878Z npm notice 647B dist/lib/getSrcPaths.d.ts
standard starter - windows-latest - pnpm	Run smoke test	2025-09-17T04:33:01.6822305Z npm notice 3.0kB dist/lib/getSrcPaths.js
standard starter - windows-latest - pnpm	Run smoke test	2025-09-17T04:33:01.6822693Z npm notice 289B dist/lib/hasPkgScript.d.mts
standard starter - windows-latest - pnpm	Run smoke test	2025-09-17T04:33:01.6823173Z npm notice 437B dist/lib/hasPkgScript.mjs
standard starter - windows-latest - pnpm	Run smoke test	2025-09-17T04:33:01.6823725Z npm notice 11B dist/lib/hasPkgScript.test.d.mts
standard starter - windows-latest - pnpm	Run smoke test	2025-09-17T04:33:01.6824187Z npm notice 1.5kB dist/lib/hasPkgScript.test.mjs
standard starter - windows-latest - pnpm	Run smoke test	2025-09-17T04:33:01.6824495Z npm notice 1.1kB dist/lib/jsonUtils.d.mts
standard starter - windows-latest - pnpm	Run smoke test	2025-09-17T04:33:01.6824770Z npm notice 6.0kB dist/lib/jsonUtils.mjs
standard starter - windows-latest - pnpm	Run smoke test	2025-09-17T04:33:01.6825075Z npm notice 11B dist/lib/jsonUtils.test.d.mts
standard starter - windows-latest - pnpm	Run smoke test	2025-09-17T04:33:01.6825390Z npm notice 4.1kB dist/lib/jsonUtils.test.mjs
standard starter - windows-latest - pnpm	Run smoke test	2025-09-17T04:33:01.6825737Z npm notice 1.7kB dist/lib/normalizeModulePath.d.mts
standard starter - windows-latest - pnpm	Run smoke test	2025-09-17T04:33:01.6826082Z npm notice 6.7kB dist/lib/normalizeModulePath.mjs
standard starter - windows-latest - pnpm	Run smoke test	2025-09-17T04:33:01.6826525Z npm notice 11B dist/lib/normalizeModulePath.test.d.mts
standard starter - windows-latest - pnpm	Run smoke test	2025-09-17T04:33:01.6827119Z npm notice 16.9kB dist/lib/normalizeModulePath.test.mjs
standard starter - windows-latest - pnpm	Run smoke test	2025-09-17T04:33:01.6827699Z npm notice 141B dist/lib/setupEnvFiles.d.mts
standard starter - windows-latest - pnpm	Run smoke test	2025-09-17T04:33:01.6828048Z npm notice 1.3kB dist/lib/setupEnvFiles.mjs
standard starter - windows-latest - pnpm	Run smoke test	2025-09-17T04:33:01.6828377Z npm notice 487B dist/lib/smokeTests/artifacts.d.mts
standard starter - windows-latest - pnpm	Run smoke test	2025-09-17T04:33:01.6828715Z npm notice 7.6kB dist/lib/smokeTests/artifacts.mjs
standard starter - windows-latest - pnpm	Run smoke test	2025-09-17T04:33:01.6829224Z npm notice 2.7kB dist/lib/smokeTests/browser.d.mts
standard starter - windows-latest - pnpm	Run smoke test	2025-09-17T04:33:01.6829740Z npm notice 56.7kB dist/lib/smokeTests/browser.mjs
standard starter - windows-latest - pnpm	Run smoke test	2025-09-17T04:33:01.6830247Z npm notice 228B dist/lib/smokeTests/cleanup.d.mts
standard starter - windows-latest - pnpm	Run smoke test	2025-09-17T04:33:01.6830645Z npm notice 10.5kB dist/lib/smokeTests/cleanup.mjs
standard starter - windows-latest - pnpm	Run smoke test	2025-09-17T04:33:01.6830987Z npm notice 456B dist/lib/smokeTests/codeUpdates.d.mts
standard starter - windows-latest - pnpm	Run smoke test	2025-09-17T04:33:01.6831342Z npm notice 16.6kB dist/lib/smokeTests/codeUpdates.mjs
standard starter - windows-latest - pnpm	Run smoke test	2025-09-17T04:33:01.6831682Z npm notice 221B dist/lib/smokeTests/constants.d.mts
standard starter - windows-latest - pnpm	Run smoke test	2025-09-17T04:33:01.6832021Z npm notice 382B dist/lib/smokeTests/constants.mjs
standard starter - windows-latest - pnpm	Run smoke test	2025-09-17T04:33:01.6834797Z npm notice 463B dist/lib/smokeTests/development.d.mts
standard starter - windows-latest - pnpm	Run smoke test	2025-09-17T04:33:01.6835181Z npm notice 13.0kB dist/lib/smokeTests/development.mjs
standard starter - windows-latest - pnpm	Run smoke test	2025-09-17T04:33:01.6835961Z npm notice 608B dist/lib/smokeTests/environment.d.mts
standard starter - windows-latest - pnpm	Run smoke test	2025-09-17T04:33:01.6836336Z npm notice 6.9kB dist/lib/smokeTests/environment.mjs
standard starter - windows-latest - pnpm	Run smoke test	2025-09-17T04:33:01.6836700Z npm notice 2.4kB dist/lib/smokeTests/release.d.mts
standard starter - windows-latest - pnpm	Run smoke test	2025-09-17T04:33:01.6837042Z npm notice 26.3kB dist/lib/smokeTests/release.mjs
standard starter - windows-latest - pnpm	Run smoke test	2025-09-17T04:33:01.6837391Z npm notice 509B dist/lib/smokeTests/reporting.d.mts
standard starter - windows-latest - pnpm	Run smoke test	2025-09-17T04:33:01.6837730Z npm notice 22.6kB dist/lib/smokeTests/reporting.mjs
standard starter - windows-latest - pnpm	Run smoke test	2025-09-17T04:33:01.6838082Z npm notice 193B dist/lib/smokeTests/runSmokeTests.d.mts
standard starter - windows-latest - pnpm	Run smoke test	2025-09-17T04:33:01.6838632Z npm notice 7.1kB dist/lib/smokeTests/runSmokeTests.mjs
standard starter - windows-latest - pnpm	Run smoke test	2025-09-17T04:33:01.6838965Z npm notice 2.2kB dist/lib/smokeTests/state.d.mts
standard starter - windows-latest - pnpm	Run smoke test	2025-09-17T04:33:01.6839284Z npm notice 2.5kB dist/lib/smokeTests/state.mjs
standard starter - windows-latest - pnpm	Run smoke test	2025-09-17T04:33:01.6839693Z npm notice 76B dist/lib/smokeTests/templates/SmokeTest.template.d.ts
standard starter - windows-latest - pnpm	Run smoke test	2025-09-17T04:33:01.6840152Z npm notice 2.2kB dist/lib/smokeTests/templates/SmokeTest.template.js
standard starter - windows-latest - pnpm	Run smoke test	2025-09-17T04:33:01.6840625Z npm notice 62B dist/lib/smokeTests/templates/SmokeTestClient.template.d.ts
standard starter - windows-latest - pnpm	Run smoke test	2025-09-17T04:33:01.6841140Z npm notice 5.2kB dist/lib/smokeTests/templates/SmokeTestClient.template.js
standard starter - windows-latest - pnpm	Run smoke test	2025-09-17T04:33:01.6841781Z npm notice 178B dist/lib/smokeTests/templates/smokeTestClientStyles.module.css.template.d.ts
standard starter - windows-latest - pnpm	Run smoke test	2025-09-17T04:33:01.6842977Z npm notice 198B dist/lib/smokeTests/templates/smokeTestClientStyles.module.css.template.js
standard starter - windows-latest - pnpm	Run smoke test	2025-09-17T04:33:01.6844005Z npm notice 65B dist/lib/smokeTests/templates/smokeTestFunctions.template.d.ts
standard starter - windows-latest - pnpm	Run smoke test	2025-09-17T04:33:01.6844624Z npm notice 673B dist/lib/smokeTests/templates/smokeTestFunctions.template.js
standard starter - windows-latest - pnpm	Run smoke test	2025-09-17T04:33:01.6845189Z npm notice 178B dist/lib/smokeTests/templates/smokeTestUrlStyles.css.template.d.ts
standard starter - windows-latest - pnpm	Run smoke test	2025-09-17T04:33:01.6845781Z npm notice 198B dist/lib/smokeTests/templates/smokeTestUrlStyles.css.template.js
standard starter - windows-latest - pnpm	Run smoke test	2025-09-17T04:33:01.6846218Z npm notice 2.5kB dist/lib/smokeTests/types.d.mts
standard starter - windows-latest - pnpm	Run smoke test	2025-09-17T04:33:01.6846649Z npm notice 11B dist/lib/smokeTests/types.mjs
standard starter - windows-latest - pnpm	Run smoke test	2025-09-17T04:33:01.6847086Z npm notice 1.1kB dist/lib/smokeTests/utils.d.mts
standard starter - windows-latest - pnpm	Run smoke test	2025-09-17T04:33:01.6847409Z npm notice 7.1kB dist/lib/smokeTests/utils.mjs
standard starter - windows-latest - pnpm	Run smoke test	2025-09-17T04:33:01.6847744Z npm notice 67B dist/lib/testUtils/stubEnvVars.d.mts
standard starter - windows-latest - pnpm	Run smoke test	2025-09-17T04:33:01.6848087Z npm notice 272B dist/lib/testUtils/stubEnvVars.mjs
standard starter - windows-latest - pnpm	Run smoke test	2025-09-17T04:33:01.6848384Z npm notice 113B dist/llms/index.d.ts
standard starter - windows-latest - pnpm	Run smoke test	2025-09-17T04:33:01.6848650Z npm notice 1.2kB dist/llms/index.js
standard starter - windows-latest - pnpm	Run smoke test	2025-09-17T04:33:01.6849081Z npm notice 6.3kB dist/llms/rules/interruptors.d.ts
standard starter - windows-latest - pnpm	Run smoke test	2025-09-17T04:33:01.6849533Z npm notice 6.3kB dist/llms/rules/interruptors.js
standard starter - windows-latest - pnpm	Run smoke test	2025-09-17T04:33:01.6849876Z npm notice 1.9kB dist/llms/rules/middleware.d.ts
standard starter - windows-latest - pnpm	Run smoke test	2025-09-17T04:33:01.6850191Z npm notice 1.9kB dist/llms/rules/middleware.js
standard starter - windows-latest - pnpm	Run smoke test	2025-09-17T04:33:01.6850490Z npm notice 3.4kB dist/llms/rules/react.d.ts
standard starter - windows-latest - pnpm	Run smoke test	2025-09-17T04:33:01.6850778Z npm notice 3.4kB dist/llms/rules/react.js
standard starter - windows-latest - pnpm	Run smoke test	2025-09-17T04:33:01.6851104Z npm notice 5.4kB dist/llms/rules/request-response.d.ts
standard starter - windows-latest - pnpm	Run smoke test	2025-09-17T04:33:01.6851462Z npm notice 5.4kB dist/llms/rules/request-response.js
standard starter - windows-latest - pnpm	Run smoke test	2025-09-17T04:33:01.6851824Z npm notice 460B dist/runtime/client/client.d.ts
standard starter - windows-latest - pnpm	Run smoke test	2025-09-17T04:33:01.6852134Z npm notice 4.2kB dist/runtime/client/client.js
standard starter - windows-latest - pnpm	Run smoke test	2025-09-17T04:33:01.6852455Z npm notice 114B dist/runtime/client/ClientOnly.d.ts
standard starter - windows-latest - pnpm	Run smoke test	2025-09-17T04:33:01.6852791Z npm notice 251B dist/runtime/client/ClientOnly.js
standard starter - windows-latest - pnpm	Run smoke test	2025-09-17T04:33:01.6853121Z npm notice 382B dist/runtime/client/navigation.d.ts
standard starter - windows-latest - pnpm	Run smoke test	2025-09-17T04:33:01.6853456Z npm notice 2.8kB dist/runtime/client/navigation.js
standard starter - windows-latest - pnpm	Run smoke test	2025-09-17T04:33:01.6853801Z npm notice 11B dist/runtime/client/navigation.test.d.ts
standard starter - windows-latest - pnpm	Run smoke test	2025-09-17T04:33:01.6854177Z npm notice 1.8kB dist/runtime/client/navigation.test.js
standard starter - windows-latest - pnpm	Run smoke test	2025-09-17T04:33:01.6854548Z npm notice 11B dist/runtime/client/setWebpackRequire.d.ts
standard starter - windows-latest - pnpm	Run smoke test	2025-09-17T04:33:01.6855573Z npm notice 113B dist/runtime/client/setWebpackRequire.js
standard starter - windows-latest - pnpm	Run smoke test	2025-09-17T04:33:01.6855911Z npm notice 691B dist/runtime/client/types.d.ts
standard starter - windows-latest - pnpm	Run smoke test	2025-09-17T04:33:01.6856220Z npm notice 11B dist/runtime/client/types.js
standard starter - windows-latest - pnpm	Run smoke test	2025-09-17T04:33:01.6856519Z npm notice 38B dist/runtime/constants.d.ts
standard starter - windows-latest - pnpm	Run smoke test	2025-09-17T04:33:01.6856810Z npm notice 85B dist/runtime/constants.js
standard starter - windows-latest - pnpm	Run smoke test	2025-09-17T04:33:01.6857102Z npm notice 54B dist/runtime/entries/auth.d.ts
standard starter - windows-latest - pnpm	Run smoke test	2025-09-17T04:33:01.6857404Z npm notice 54B dist/runtime/entries/auth.js
standard starter - windows-latest - pnpm	Run smoke test	2025-09-17T04:33:01.6857707Z npm notice 184B dist/runtime/entries/client.d.ts
standard starter - windows-latest - pnpm	Run smoke test	2025-09-17T04:33:01.6858016Z npm notice 184B dist/runtime/entries/client.js
standard starter - windows-latest - pnpm	Run smoke test	2025-09-17T04:33:01.6858329Z npm notice 73B dist/runtime/entries/clientSSR.d.ts
standard starter - windows-latest - pnpm	Run smoke test	2025-09-17T04:33:01.6858649Z npm notice 73B dist/runtime/entries/clientSSR.js
standard starter - windows-latest - pnpm	Run smoke test	2025-09-17T04:33:01.6859104Z npm notice 0B dist/runtime/entries/no-react-server.d.ts
standard starter - windows-latest - pnpm	Run smoke test	2025-09-17T04:33:01.6859471Z npm notice 93B dist/runtime/entries/no-react-server.js
standard starter - windows-latest - pnpm	Run smoke test	2025-09-17T04:33:01.6859893Z npm notice 0B dist/runtime/entries/react-server-only.d.ts
standard starter - windows-latest - pnpm	Run smoke test	2025-09-17T04:33:01.6860266Z npm notice 110B dist/runtime/entries/react-server-only.js
standard starter - windows-latest - pnpm	Run smoke test	2025-09-17T04:33:01.6860609Z npm notice 86B dist/runtime/entries/router.d.ts
standard starter - windows-latest - pnpm	Run smoke test	2025-09-17T04:33:01.6860924Z npm notice 86B dist/runtime/entries/router.js
standard starter - windows-latest - pnpm	Run smoke test	2025-09-17T04:33:01.6861218Z npm notice 55B dist/runtime/entries/ssr.d.ts
standard starter - windows-latest - pnpm	Run smoke test	2025-09-17T04:33:01.6861512Z npm notice 55B dist/runtime/entries/ssr.js
standard starter - windows-latest - pnpm	Run smoke test	2025-09-17T04:33:01.6861833Z npm notice 172B dist/runtime/entries/types/client.d.ts
standard starter - windows-latest - pnpm	Run smoke test	2025-09-17T04:33:01.6862178Z npm notice 19B dist/runtime/entries/types/client.js
standard starter - windows-latest - pnpm	Run smoke test	2025-09-17T04:33:01.6862517Z npm notice 154B dist/runtime/entries/types/shared.d.ts
standard starter - windows-latest - pnpm	Run smoke test	2025-09-17T04:33:01.6862857Z npm notice 14B dist/runtime/entries/types/shared.js
standard starter - windows-latest - pnpm	Run smoke test	2025-09-17T04:33:01.6863194Z npm notice 19B dist/runtime/entries/types/ssr.d.ts
standard starter - windows-latest - pnpm	Run smoke test	2025-09-17T04:33:01.6863520Z npm notice 19B dist/runtime/entries/types/ssr.js
standard starter - windows-latest - pnpm	Run smoke test	2025-09-17T04:33:01.6863849Z npm notice 19B dist/runtime/entries/types/worker.d.ts
standard starter - windows-latest - pnpm	Run smoke test	2025-09-17T04:33:01.6864195Z npm notice 19B dist/runtime/entries/types/worker.js
standard starter - windows-latest - pnpm	Run smoke test	2025-09-17T04:33:01.6864515Z npm notice 376B dist/runtime/entries/worker.d.ts
standard starter - windows-latest - pnpm	Run smoke test	2025-09-17T04:33:01.6864826Z npm notice 376B dist/runtime/entries/worker.js
standard starter - windows-latest - pnpm	Run smoke test	2025-09-17T04:33:01.6865111Z npm notice 158B dist/runtime/error.d.ts
standard starter - windows-latest - pnpm	Run smoke test	2025-09-17T04:33:01.6865391Z npm notice 203B dist/runtime/error.js
standard starter - windows-latest - pnpm	Run smoke test	2025-09-17T04:33:01.6865691Z npm notice 158B dist/runtime/imports/client.d.ts
standard starter - windows-latest - pnpm	Run smoke test	2025-09-17T04:33:01.6866004Z npm notice 1.3kB dist/runtime/imports/client.js
standard starter - windows-latest - pnpm	Run smoke test	2025-09-17T04:33:01.6866343Z npm notice 89B dist/runtime/imports/resolveSSRValue.d.ts
standard starter - windows-latest - pnpm	Run smoke test	2025-09-17T04:33:01.6866714Z npm notice 306B dist/runtime/imports/resolveSSRValue.js
standard starter - windows-latest - pnpm	Run smoke test	2025-09-17T04:33:01.6867045Z npm notice 229B dist/runtime/imports/ssr.d.ts
standard starter - windows-latest - pnpm	Run smoke test	2025-09-17T04:33:01.6867349Z npm notice 865B dist/runtime/imports/ssr.js
standard starter - windows-latest - pnpm	Run smoke test	2025-09-17T04:33:01.6867645Z npm notice 235B dist/runtime/imports/worker.d.ts
standard starter - windows-latest - pnpm	Run smoke test	2025-09-17T04:33:01.6867955Z npm notice 880B dist/runtime/imports/worker.js
standard starter - windows-latest - pnpm	Run smoke test	2025-09-17T04:33:01.6868267Z npm notice 27B dist/runtime/lib/auth/index.d.ts
standard starter - windows-latest - pnpm	Run smoke test	2025-09-17T04:33:01.6868570Z npm notice 27B dist/runtime/lib/auth/index.js
standard starter - windows-latest - pnpm	Run smoke test	2025-09-17T04:33:01.6868881Z npm notice 2.3kB dist/runtime/lib/auth/session.d.ts
standard starter - windows-latest - pnpm	Run smoke test	2025-09-17T04:33:01.6869212Z npm notice 6.0kB dist/runtime/lib/auth/session.js
standard starter - windows-latest - pnpm	Run smoke test	2025-09-17T04:33:01.6869533Z npm notice 218B dist/runtime/lib/db/createDb.d.ts
standard starter - windows-latest - pnpm	Run smoke test	2025-09-17T04:33:01.6869843Z npm notice 543B dist/runtime/lib/db/createDb.js
standard starter - windows-latest - pnpm	Run smoke test	2025-09-17T04:33:01.6870181Z npm notice 1.0kB dist/runtime/lib/db/DOWorkerDialect.d.ts
standard starter - windows-latest - pnpm	Run smoke test	2025-09-17T04:33:01.6870546Z npm notice 2.0kB dist/runtime/lib/db/DOWorkerDialect.js
standard starter - windows-latest - pnpm	Run smoke test	2025-09-17T04:33:01.6870874Z npm notice 186B dist/runtime/lib/db/index.d.ts
standard starter - windows-latest - pnpm	Run smoke test	2025-09-17T04:33:01.6871180Z npm notice 136B dist/runtime/lib/db/index.js
standard starter - windows-latest - pnpm	Run smoke test	2025-09-17T04:33:01.6871489Z npm notice 866B dist/runtime/lib/db/migrations.d.ts
standard starter - windows-latest - pnpm	Run smoke test	2025-09-17T04:33:01.6871822Z npm notice 1.0kB dist/runtime/lib/db/migrations.js
standard starter - windows-latest - pnpm	Run smoke test	2025-09-17T04:33:01.6872195Z npm notice 575B dist/runtime/lib/db/SqliteDurableObject.d.ts
standard starter - windows-latest - pnpm	Run smoke test	2025-09-17T04:33:01.6872681Z npm notice 2.0kB dist/runtime/lib/db/SqliteDurableObject.js
standard starter - windows-latest - pnpm	Run smoke test	2025-09-17T04:33:01.6873075Z npm notice 164B dist/runtime/lib/db/typeInference/assert.d.ts
standard starter - windows-latest - pnpm	Run smoke test	2025-09-17T04:33:01.6873471Z npm notice 11B dist/runtime/lib/db/typeInference/assert.js
standard starter - windows-latest - pnpm	Run smoke test	2025-09-17T04:33:01.6873919Z npm notice 886B dist/runtime/lib/db/typeInference/builders/alterColumn.d.ts
standard starter - windows-latest - pnpm	Run smoke test	2025-09-17T04:33:01.6874418Z npm notice 11B dist/runtime/lib/db/typeInference/builders/alterColumn.js
standard starter - windows-latest - pnpm	Run smoke test	2025-09-17T04:33:01.6874904Z npm notice 3.8kB dist/runtime/lib/db/typeInference/builders/alterTable.d.ts
standard starter - windows-latest - pnpm	Run smoke test	2025-09-17T04:33:01.6875384Z npm notice 11B dist/runtime/lib/db/typeInference/builders/alterTable.js
standard starter - windows-latest - pnpm	Run smoke test	2025-09-17T04:33:01.6875896Z npm notice 1.6kB dist/runtime/lib/db/typeInference/builders/columnDefinition.d.ts
standard starter - windows-latest - pnpm	Run smoke test	2025-09-17T04:33:01.6876512Z npm notice 11B dist/runtime/lib/db/typeInference/builders/columnDefinition.js
standard starter - windows-latest - pnpm	Run smoke test	2025-09-17T04:33:01.6877018Z npm notice 3.3kB dist/runtime/lib/db/typeInference/builders/createTable.d.ts
standard starter - windows-latest - pnpm	Run smoke test	2025-09-17T04:33:01.6877520Z npm notice 11B dist/runtime/lib/db/typeInference/builders/createTable.js
standard starter - windows-latest - pnpm	Run smoke test	2025-09-17T04:33:01.6878017Z npm notice 970B dist/runtime/lib/db/typeInference/builders/createView.d.ts
standard starter - windows-latest - pnpm	Run smoke test	2025-09-17T04:33:01.6878508Z npm notice 11B dist/runtime/lib/db/typeInference/builders/createView.js
standard starter - windows-latest - pnpm	Run smoke test	2025-09-17T04:33:01.6878990Z npm notice 428B dist/runtime/lib/db/typeInference/builders/dropTable.d.ts
standard starter - windows-latest - pnpm	Run smoke test	2025-09-17T04:33:01.6879459Z npm notice 11B dist/runtime/lib/db/typeInference/builders/dropTable.js
standard starter - windows-latest - pnpm	Run smoke test	2025-09-17T04:33:01.6879934Z npm notice 466B dist/runtime/lib/db/typeInference/builders/dropView.d.ts
standard starter - windows-latest - pnpm	Run smoke test	2025-09-17T04:33:01.6880402Z npm notice 11B dist/runtime/lib/db/typeInference/builders/dropView.js
standard starter - windows-latest - pnpm	Run smoke test	2025-09-17T04:33:01.6880863Z npm notice 1.4kB dist/runtime/lib/db/typeInference/builders/schema.d.ts
standard starter - windows-latest - pnpm	Run smoke test	2025-09-17T04:33:01.6881313Z npm notice 11B dist/runtime/lib/db/typeInference/builders/schema.js
standard starter - windows-latest - pnpm	Run smoke test	2025-09-17T04:33:01.6881742Z npm notice 2.2kB dist/runtime/lib/db/typeInference/database.d.ts
standard starter - windows-latest - pnpm	Run smoke test	2025-09-17T04:33:01.6882153Z npm notice 11B dist/runtime/lib/db/typeInference/database.js
standard starter - windows-latest - pnpm	Run smoke test	2025-09-17T04:33:01.6882649Z npm notice 11B dist/runtime/lib/db/typeInference/typetests/alterTable.typetest.d.ts
standard starter - windows-latest - pnpm	Run smoke test	2025-09-17T04:33:01.6883227Z npm notice 10.3kB dist/runtime/lib/db/typeInference/typetests/alterTable.typetest.js
standard starter - windows-latest - pnpm	Run smoke test	2025-09-17T04:33:01.6883812Z npm notice 11B dist/runtime/lib/db/typeInference/typetests/createTable.typetest.d.ts
standard starter - windows-latest - pnpm	Run smoke test	2025-09-17T04:33:01.6884392Z npm notice 1.0kB dist/runtime/lib/db/typeInference/typetests/createTable.typetest.js
standard starter - windows-latest - pnpm	Run smoke test	2025-09-17T04:33:01.6884965Z npm notice 11B dist/runtime/lib/db/typeInference/typetests/dropTable.typetest.d.ts
standard starter - windows-latest - pnpm	Run smoke test	2025-09-17T04:33:01.6885530Z npm notice 4.0kB dist/runtime/lib/db/typeInference/typetests/dropTable.typetest.js
standard starter - windows-latest - pnpm	Run smoke test	2025-09-17T04:33:01.6886030Z npm notice 86B dist/runtime/lib/db/typeInference/typetests/print.d.ts
standard starter - windows-latest - pnpm	Run smoke test	2025-09-17T04:33:01.6886496Z npm notice 11B dist/runtime/lib/db/typeInference/typetests/print.js
standard starter - windows-latest - pnpm	Run smoke test	2025-09-17T04:33:01.6886996Z npm notice 150B dist/runtime/lib/db/typeInference/typetests/testUtils.d.ts
standard starter - windows-latest - pnpm	Run smoke test	2025-09-17T04:33:01.6887497Z npm notice 11B dist/runtime/lib/db/typeInference/typetests/testUtils.js
standard starter - windows-latest - pnpm	Run smoke test	2025-09-17T04:33:01.6888032Z npm notice 11B dist/runtime/lib/db/typeInference/typetests/typeInference.typetest.d.ts
standard starter - windows-latest - pnpm	Run smoke test	2025-09-17T04:33:01.6888637Z npm notice 520B dist/runtime/lib/db/typeInference/typetests/typeInference.typetest.js
standard starter - windows-latest - pnpm	Run smoke test	2025-09-17T04:33:01.6889129Z npm notice 3.2kB dist/runtime/lib/db/typeInference/utils.d.ts
standard starter - windows-latest - pnpm	Run smoke test	2025-09-17T04:33:01.6889517Z npm notice 49B dist/runtime/lib/db/typeInference/utils.js
standard starter - windows-latest - pnpm	Run smoke test	2025-09-17T04:33:01.6890182Z npm notice 92B dist/runtime/lib/debug.d.ts
standard starter - windows-latest - pnpm	Run smoke test	2025-09-17T04:33:01.6890735Z npm notice 1.2kB dist/runtime/lib/debug.js
standard starter - windows-latest - pnpm	Run smoke test	2025-09-17T04:33:01.6891166Z npm notice 664B dist/runtime/lib/links.d.ts
standard starter - windows-latest - pnpm	Run smoke test	2025-09-17T04:33:01.6891471Z npm notice 1.4kB dist/runtime/lib/links.js
standard starter - windows-latest - pnpm	Run smoke test	2025-09-17T04:33:01.6891770Z npm notice 304B dist/runtime/lib/manifest.d.ts
standard starter - windows-latest - pnpm	Run smoke test	2025-09-17T04:33:01.6892072Z npm notice 340B dist/runtime/lib/manifest.js
standard starter - windows-latest - pnpm	Run smoke test	2025-09-17T04:33:01.6892513Z npm notice 98B dist/runtime/lib/memoizeOnId.d.ts
standard starter - windows-latest - pnpm	Run smoke test	2025-09-17T04:33:01.6892841Z npm notice 316B dist/runtime/lib/memoizeOnId.js
standard starter - windows-latest - pnpm	Run smoke test	2025-09-17T04:33:01.6893178Z npm notice 11B dist/runtime/lib/memoizeOnId.test.d.ts
standard starter - windows-latest - pnpm	Run smoke test	2025-09-17T04:33:01.6893528Z npm notice 2.2kB dist/runtime/lib/memoizeOnId.test.js
standard starter - windows-latest - pnpm	Run smoke test	2025-09-17T04:33:01.6893871Z npm notice 375B dist/runtime/lib/realtime/client.d.ts
standard starter - windows-latest - pnpm	Run smoke test	2025-09-17T04:33:01.6894377Z npm notice 7.9kB dist/runtime/lib/realtime/client.js
standard starter - windows-latest - pnpm	Run smoke test	2025-09-17T04:33:01.6894872Z npm notice 55B dist/runtime/lib/realtime/constants.d.ts
standard starter - windows-latest - pnpm	Run smoke test	2025-09-17T04:33:01.6895228Z npm notice 47B dist/runtime/lib/realtime/constants.js
standard starter - windows-latest - pnpm	Run smoke test	2025-09-17T04:33:01.6895604Z npm notice 954B dist/runtime/lib/realtime/durableObject.d.ts
standard starter - windows-latest - pnpm	Run smoke test	2025-09-17T04:33:01.6895994Z npm notice 7.8kB dist/runtime/lib/realtime/durableObject.js
standard starter - windows-latest - pnpm	Run smoke test	2025-09-17T04:33:01.6897022Z npm notice 1.4kB dist/runtime/lib/realtime/protocol.d.ts
standard starter - windows-latest - pnpm	Run smoke test	2025-09-17T04:33:01.6897421Z npm notice 5.7kB dist/runtime/lib/realtime/protocol.js
standard starter - windows-latest - pnpm	Run smoke test	2025-09-17T04:33:01.6897813Z npm notice 11B dist/runtime/lib/realtime/protocol.test.d.ts
standard starter - windows-latest - pnpm	Run smoke test	2025-09-17T04:33:01.6898204Z npm notice 4.5kB dist/runtime/lib/realtime/protocol.test.js
standard starter - windows-latest - pnpm	Run smoke test	2025-09-17T04:33:01.6898635Z npm notice 318B dist/runtime/lib/realtime/renderRealtimeClients.d.ts
standard starter - windows-latest - pnpm	Run smoke test	2025-09-17T04:33:01.6899095Z npm notice 346B dist/runtime/lib/realtime/renderRealtimeClients.js
standard starter - windows-latest - pnpm	Run smoke test	2025-09-17T04:33:01.6899496Z npm notice 237B dist/runtime/lib/realtime/shared.d.ts
standard starter - windows-latest - pnpm	Run smoke test	2025-09-17T04:33:01.6899837Z npm notice 190B dist/runtime/lib/realtime/shared.js
standard starter - windows-latest - pnpm	Run smoke test	2025-09-17T04:33:01.6900199Z npm notice 11B dist/runtime/lib/realtime/shared.test.d.ts
standard starter - windows-latest - pnpm	Run smoke test	2025-09-17T04:33:01.6900571Z npm notice 492B dist/runtime/lib/realtime/shared.test.js
standard starter - windows-latest - pnpm	Run smoke test	2025-09-17T04:33:01.6900991Z npm notice 137B dist/runtime/lib/realtime/validateUpgradeRequest.d.ts
standard starter - windows-latest - pnpm	Run smoke test	2025-09-17T04:33:01.6901449Z npm notice 961B dist/runtime/lib/realtime/validateUpgradeRequest.js
standard starter - windows-latest - pnpm	Run smoke test	2025-09-17T04:33:01.6901931Z npm notice 11B dist/runtime/lib/realtime/validateUpgradeRequest.test.d.ts
standard starter - windows-latest - pnpm	Run smoke test	2025-09-17T04:33:01.6902434Z npm notice 2.6kB dist/runtime/lib/realtime/validateUpgradeRequest.test.js
standard starter - windows-latest - pnpm	Run smoke test	2025-09-17T04:33:01.6902851Z npm notice 408B dist/runtime/lib/realtime/worker.d.ts
standard starter - windows-latest - pnpm	Run smoke test	2025-09-17T04:33:01.6903182Z npm notice 792B dist/runtime/lib/realtime/worker.js
standard starter - windows-latest - pnpm	Run smoke test	2025-09-17T04:33:01.6903503Z npm notice 3.6kB dist/runtime/lib/router.d.ts
standard starter - windows-latest - pnpm	Run smoke test	2025-09-17T04:33:01.6903804Z npm notice 11.7kB dist/runtime/lib/router.js
standard starter - windows-latest - pnpm	Run smoke test	2025-09-17T04:33:01.6904112Z npm notice 11B dist/runtime/lib/router.test.d.ts
standard starter - windows-latest - pnpm	Run smoke test	2025-09-17T04:33:01.6904431Z npm notice 3.0kB dist/runtime/lib/router.test.js
standard starter - windows-latest - pnpm	Run smoke test	2025-09-17T04:33:01.6904814Z npm notice 210B dist/runtime/lib/streams/consumeEventStream.d.ts
standard starter - windows-latest - pnpm	Run smoke test	2025-09-17T04:33:01.6905236Z npm notice 419B dist/runtime/lib/streams/consumeEventStream.js
standard starter - windows-latest - pnpm	Run smoke test	2025-09-17T04:33:01.6905627Z npm notice 107B dist/runtime/lib/turnstile/turnstile.d.ts
standard starter - windows-latest - pnpm	Run smoke test	2025-09-17T04:33:01.6906129Z npm notice 107B dist/runtime/lib/turnstile/turnstile.js
standard starter - windows-latest - pnpm	Run smoke test	2025-09-17T04:33:01.6906747Z npm notice 85B dist/runtime/lib/turnstile/TurnstileScript.d.ts
standard starter - windows-latest - pnpm	Run smoke test	2025-09-17T04:33:01.6907179Z npm notice 196B dist/runtime/lib/turnstile/TurnstileScript.js
standard starter - windows-latest - pnpm	Run smoke test	2025-09-17T04:33:01.6907580Z npm notice 157B dist/runtime/lib/turnstile/useTurnstile.d.ts
standard starter - windows-latest - pnpm	Run smoke test	2025-09-17T04:33:01.6907973Z npm notice 837B dist/runtime/lib/turnstile/useTurnstile.js
standard starter - windows-latest - pnpm	Run smoke test	2025-09-17T04:33:01.6908404Z npm notice 172B dist/runtime/lib/turnstile/verifyTurnstileToken.d.ts
standard starter - windows-latest - pnpm	Run smoke test	2025-09-17T04:33:01.6908858Z npm notice 604B dist/runtime/lib/turnstile/verifyTurnstileToken.js
standard starter - windows-latest - pnpm	Run smoke test	2025-09-17T04:33:01.6909331Z npm notice 11B dist/runtime/lib/turnstile/verifyTurnstileToken.test.d.ts
standard starter - windows-latest - pnpm	Run smoke test	2025-09-17T04:33:01.6909820Z npm notice 2.0kB dist/runtime/lib/turnstile/verifyTurnstileToken.test.js
standard starter - windows-latest - pnpm	Run smoke test	2025-09-17T04:33:01.6910194Z npm notice 50B dist/runtime/lib/utils.d.ts
standard starter - windows-latest - pnpm	Run smoke test	2025-09-17T04:33:01.6910490Z npm notice 94B dist/runtime/lib/utils.js
standard starter - windows-latest - pnpm	Run smoke test	2025-09-17T04:33:01.6910801Z npm notice 84B dist/runtime/register/client.d.ts
standard starter - windows-latest - pnpm	Run smoke test	2025-09-17T04:33:01.6911125Z npm notice 263B dist/runtime/register/client.js
standard starter - windows-latest - pnpm	Run smoke test	2025-09-17T04:33:01.6911435Z npm notice 222B dist/runtime/register/ssr.d.ts
standard starter - windows-latest - pnpm	Run smoke test	2025-09-17T04:33:01.6912336Z npm notice 1.1kB dist/runtime/register/ssr.js
standard starter - windows-latest - pnpm	Run smoke test	2025-09-17T04:33:01.6912664Z npm notice 399B dist/runtime/register/worker.d.ts
standard starter - windows-latest - pnpm	Run smoke test	2025-09-17T04:33:01.6912991Z npm notice 2.4kB dist/runtime/register/worker.js
standard starter - windows-latest - pnpm	Run smoke test	2025-09-17T04:33:01.6913356Z npm notice 65B dist/runtime/render/createClientManifest.d.ts
standard starter - windows-latest - pnpm	Run smoke test	2025-09-17T04:33:01.6913758Z npm notice 170B dist/runtime/render/createClientManifest.js
standard starter - windows-latest - pnpm	Run smoke test	2025-09-17T04:33:01.6914148Z npm notice 48B dist/runtime/render/createModuleMap.d.ts
standard starter - windows-latest - pnpm	Run smoke test	2025-09-17T04:33:01.6914511Z npm notice 292B dist/runtime/render/createModuleMap.js
standard starter - windows-latest - pnpm	Run smoke test	2025-09-17T04:33:01.6914939Z npm notice 362B dist/runtime/render/preloads.d.ts
standard starter - windows-latest - pnpm	Run smoke test	2025-09-17T04:33:01.6915547Z npm notice 1.3kB dist/runtime/render/preloads.js
standard starter - windows-latest - pnpm	Run smoke test	2025-09-17T04:33:01.6916704Z npm notice 454B dist/runtime/render/renderRscThenableToHtmlStream.d.ts
standard starter - windows-latest - pnpm	Run smoke test	2025-09-17T04:33:01.6917400Z npm notice 2.5kB dist/runtime/render/renderRscThenableToHtmlStream.js
standard starter - windows-latest - pnpm	Run smoke test	2025-09-17T04:33:01.6917829Z npm notice 163B dist/runtime/render/renderToRscStream.d.ts
standard starter - windows-latest - pnpm	Run smoke test	2025-09-17T04:33:01.6918227Z npm notice 1.8kB dist/runtime/render/renderToRscStream.js
standard starter - windows-latest - pnpm	Run smoke test	2025-09-17T04:33:01.6918609Z npm notice 475B dist/runtime/render/renderToStream.d.ts
standard starter - windows-latest - pnpm	Run smoke test	2025-09-17T04:33:01.6918977Z npm notice 1.1kB dist/runtime/render/renderToStream.js
standard starter - windows-latest - pnpm	Run smoke test	2025-09-17T04:33:01.6919330Z npm notice 312B dist/runtime/render/renderToString.d.ts
standard starter - windows-latest - pnpm	Run smoke test	2025-09-17T04:33:01.6919685Z npm notice 757B dist/runtime/render/renderToString.js
standard starter - windows-latest - pnpm	Run smoke test	2025-09-17T04:33:01.6920036Z npm notice 194B dist/runtime/render/stylesheets.d.ts
standard starter - windows-latest - pnpm	Run smoke test	2025-09-17T04:33:01.6920383Z npm notice 1.2kB dist/runtime/render/stylesheets.js
standard starter - windows-latest - pnpm	Run smoke test	2025-09-17T04:33:01.6920778Z npm notice 405B dist/runtime/render/transformRscToHtmlStream.d.ts
standard starter - windows-latest - pnpm	Run smoke test	2025-09-17T04:33:01.6921215Z npm notice 686B dist/runtime/render/transformRscToHtmlStream.js
standard starter - windows-latest - pnpm	Run smoke test	2025-09-17T04:33:01.6921598Z npm notice 433B dist/runtime/requestInfo/types.d.ts
standard starter - windows-latest - pnpm	Run smoke test	2025-09-17T04:33:01.6921929Z npm notice 11B dist/runtime/requestInfo/types.js
standard starter - windows-latest - pnpm	Run smoke test	2025-09-17T04:33:01.6922332Z npm notice 553B dist/runtime/requestInfo/worker.d.ts
standard starter - windows-latest - pnpm	Run smoke test	2025-09-17T04:33:01.6922739Z npm notice 1.4kB dist/runtime/requestInfo/worker.js
standard starter - windows-latest - pnpm	Run smoke test	2025-09-17T04:33:01.6923050Z npm notice 182B dist/runtime/script.d.ts
standard starter - windows-latest - pnpm	Run smoke test	2025-09-17T04:33:01.6923335Z npm notice 284B dist/runtime/script.js
standard starter - windows-latest - pnpm	Run smoke test	2025-09-17T04:33:01.6923613Z npm notice 175B dist/runtime/ssrBridge.d.ts
standard starter - windows-latest - pnpm	Run smoke test	2025-09-17T04:33:01.6923904Z npm notice 699B dist/runtime/ssrBridge.js
standard starter - windows-latest - pnpm	Run smoke test	2025-09-17T04:33:01.6924188Z npm notice 517B dist/runtime/worker.d.ts
standard starter - windows-latest - pnpm	Run smoke test	2025-09-17T04:33:01.6924464Z npm notice 9.2kB dist/runtime/worker.js
standard starter - windows-latest - pnpm	Run smoke test	2025-09-17T04:33:01.6924734Z npm notice 66B dist/scripts/__sdk.d.mts
standard starter - windows-latest - pnpm	Run smoke test	2025-09-17T04:33:01.6925005Z npm notice 575B dist/scripts/__sdk.mjs
standard starter - windows-latest - pnpm	Run smoke test	2025-09-17T04:33:01.6925295Z npm notice 187B dist/scripts/debug-sync.d.mts
standard starter - windows-latest - pnpm	Run smoke test	2025-09-17T04:33:01.6925611Z npm notice 14.3kB dist/scripts/debug-sync.mjs
standard starter - windows-latest - pnpm	Run smoke test	2025-09-17T04:33:01.6925912Z npm notice 52B dist/scripts/dev-init.d.mts
standard starter - windows-latest - pnpm	Run smoke test	2025-09-17T04:33:01.6926209Z npm notice 896B dist/scripts/dev-init.mjs
standard starter - windows-latest - pnpm	Run smoke test	2025-09-17T04:33:01.6926531Z npm notice 60B dist/scripts/ensure-deploy-env.d.mts
standard starter - windows-latest - pnpm	Run smoke test	2025-09-17T04:33:01.6926885Z npm notice 12.4kB dist/scripts/ensure-deploy-env.mjs
standard starter - windows-latest - pnpm	Run smoke test	2025-09-17T04:33:01.6927204Z npm notice 53B dist/scripts/ensure-env.d.mts
standard starter - windows-latest - pnpm	Run smoke test	2025-09-17T04:33:01.6927503Z npm notice 259B dist/scripts/ensure-env.mjs
standard starter - windows-latest - pnpm	Run smoke test	2025-09-17T04:33:01.6927880Z npm notice 87B dist/scripts/migrate-new.d.mts
standard starter - windows-latest - pnpm	Run smoke test	2025-09-17T04:33:01.6928243Z npm notice 2.2kB dist/scripts/migrate-new.mjs
standard starter - windows-latest - pnpm	Run smoke test	2025-09-17T04:33:01.6928536Z npm notice 11B dist/scripts/smoke-test.d.mts
standard starter - windows-latest - pnpm	Run smoke test	2025-09-17T04:33:01.6928838Z npm notice 7.0kB dist/scripts/smoke-test.mjs
standard starter - windows-latest - pnpm	Run smoke test	2025-09-17T04:33:01.6929138Z npm notice 86B dist/scripts/worker-run.d.mts
standard starter - windows-latest - pnpm	Run smoke test	2025-09-17T04:33:01.6929433Z npm notice 5.7kB dist/scripts/worker-run.mjs
standard starter - windows-latest - pnpm	Run smoke test	2025-09-17T04:33:01.6929717Z npm notice 580B dist/vite/buildApp.d.mts
standard starter - windows-latest - pnpm	Run smoke test	2025-09-17T04:33:01.6930003Z npm notice 2.3kB dist/vite/buildApp.mjs
standard starter - windows-latest - pnpm	Run smoke test	2025-09-17T04:33:01.6930322Z npm notice 361B dist/vite/checkIsUsingPrisma.d.mts
standard starter - windows-latest - pnpm	Run smoke test	2025-09-17T04:33:01.6930662Z npm notice 504B dist/vite/checkIsUsingPrisma.mjs
standard starter - windows-latest - pnpm	Run smoke test	2025-09-17T04:33:01.6931126Z npm notice 11B dist/vite/checkIsUsingPrisma.test.d.mts
standard starter - windows-latest - pnpm	Run smoke test	2025-09-17T04:33:01.6931497Z npm notice 1.0kB dist/vite/checkIsUsingPrisma.test.mjs
standard starter - windows-latest - pnpm	Run smoke test	2025-09-17T04:33:01.6931835Z npm notice 356B dist/vite/configPlugin.d.mts
standard starter - windows-latest - pnpm	Run smoke test	2025-09-17T04:33:01.6932144Z npm notice 8.3kB dist/vite/configPlugin.mjs
standard starter - windows-latest - pnpm	Run smoke test	2025-09-17T04:33:01.6932432Z npm notice 105B dist/vite/constants.d.mts
standard starter - windows-latest - pnpm	Run smoke test	2025-09-17T04:33:01.6932717Z npm notice 334B dist/vite/constants.mjs
standard starter - windows-latest - pnpm	Run smoke test	2025-09-17T04:33:01.6933064Z npm notice 721B dist/vite/createDirectiveLookupPlugin.d.mts
standard starter - windows-latest - pnpm	Run smoke test	2025-09-17T04:33:01.6933607Z npm notice 7.5kB dist/vite/createDirectiveLookupPlugin.mjs
standard starter - windows-latest - pnpm	Run smoke test	2025-09-17T04:33:01.6934029Z npm notice 11B dist/vite/createDirectiveLookupPlugin.test.d.mts
standard starter - windows-latest - pnpm	Run smoke test	2025-09-17T04:33:01.6934464Z npm notice 1.8kB dist/vite/createDirectiveLookupPlugin.test.mjs
standard starter - windows-latest - pnpm	Run smoke test	2025-09-17T04:33:01.6934942Z npm notice 395B dist/vite/createViteAwareResolver.d.mts
standard starter - windows-latest - pnpm	Run smoke test	2025-09-17T04:33:01.6935298Z npm notice 12.5kB dist/vite/createViteAwareResolver.mjs
standard starter - windows-latest - pnpm	Run smoke test	2025-09-17T04:33:01.6935646Z npm notice 220B dist/vite/devServerConstant.d.mts
standard starter - windows-latest - pnpm	Run smoke test	2025-09-17T04:33:01.6935979Z npm notice 399B dist/vite/devServerConstant.mjs
standard starter - windows-latest - pnpm	Run smoke test	2025-09-17T04:33:01.6936318Z npm notice 89B dist/vite/devServerTimingPlugin.d.mts
standard starter - windows-latest - pnpm	Run smoke test	2025-09-17T04:33:01.6936660Z npm notice 901B dist/vite/devServerTimingPlugin.mjs
standard starter - windows-latest - pnpm	Run smoke test	2025-09-17T04:33:01.6937033Z npm notice 440B dist/vite/directiveModulesDevPlugin.d.mts
standard starter - windows-latest - pnpm	Run smoke test	2025-09-17T04:33:01.6937414Z npm notice 7.7kB dist/vite/directiveModulesDevPlugin.mjs
standard starter - windows-latest - pnpm	Run smoke test	2025-09-17T04:33:01.6937810Z npm notice 11B dist/vite/directiveModulesDevPlugin.test.d.mts
standard starter - windows-latest - pnpm	Run smoke test	2025-09-17T04:33:01.6938217Z npm notice 2.7kB dist/vite/directiveModulesDevPlugin.test.mjs
standard starter - windows-latest - pnpm	Run smoke test	2025-09-17T04:33:01.6938702Z npm notice 231B dist/vite/directivesFilteringPlugin.d.mts
standard starter - windows-latest - pnpm	Run smoke test	2025-09-17T04:33:01.6939155Z npm notice 1.4kB dist/vite/directivesFilteringPlugin.mjs
standard starter - windows-latest - pnpm	Run smoke test	2025-09-17T04:33:01.6939509Z npm notice 305B dist/vite/directivesPlugin.d.mts
standard starter - windows-latest - pnpm	Run smoke test	2025-09-17T04:33:01.6939830Z npm notice 9.7kB dist/vite/directivesPlugin.mjs
standard starter - windows-latest - pnpm	Run smoke test	2025-09-17T04:33:01.6940180Z npm notice 11B dist/vite/directivesPlugin.test.d.mts
standard starter - windows-latest - pnpm	Run smoke test	2025-09-17T04:33:01.6940543Z npm notice 1.0kB dist/vite/directivesPlugin.test.mjs
standard starter - windows-latest - pnpm	Run smoke test	2025-09-17T04:33:01.6940906Z npm notice 119B dist/vite/ensureAliasArray.d.mts
standard starter - windows-latest - pnpm	Run smoke test	2025-09-17T04:33:01.6941230Z npm notice 706B dist/vite/ensureAliasArray.mjs
standard starter - windows-latest - pnpm	Run smoke test	2025-09-17T04:33:01.6941564Z npm notice 11B dist/vite/ensureAliasArray.test.d.mts
standard starter - windows-latest - pnpm	Run smoke test	2025-09-17T04:33:01.6941913Z npm notice 2.6kB dist/vite/ensureAliasArray.test.mjs
standard starter - windows-latest - pnpm	Run smoke test	2025-09-17T04:33:01.6942244Z npm notice 1.3kB dist/vite/findSpecifiers.d.mts
standard starter - windows-latest - pnpm	Run smoke test	2025-09-17T04:33:01.6942556Z npm notice 11.3kB dist/vite/findSpecifiers.mjs
standard starter - windows-latest - pnpm	Run smoke test	2025-09-17T04:33:01.6942884Z npm notice 11B dist/vite/findSpecifiers.test.d.mts
standard starter - windows-latest - pnpm	Run smoke test	2025-09-17T04:33:01.6943402Z npm notice 7.2kB dist/vite/findSpecifiers.test.mjs
standard starter - windows-latest - pnpm	Run smoke test	2025-09-17T04:33:01.6943900Z npm notice 411B dist/vite/findSsrSpecifiers.d.mts
standard starter - windows-latest - pnpm	Run smoke test	2025-09-17T04:33:01.6944326Z npm notice 2.6kB dist/vite/findSsrSpecifiers.mjs
standard starter - windows-latest - pnpm	Run smoke test	2025-09-17T04:33:01.6944929Z npm notice 11B dist/vite/findSsrSpecifiers.test.d.mts
standard starter - windows-latest - pnpm	Run smoke test	2025-09-17T04:33:01.6945373Z npm notice 3.8kB dist/vite/findSsrSpecifiers.test.mjs
standard starter - windows-latest - pnpm	Run smoke test	2025-09-17T04:33:01.6945713Z npm notice 78B dist/vite/getViteEsbuild.d.mts
standard starter - windows-latest - pnpm	Run smoke test	2025-09-17T04:33:01.6946024Z npm notice 503B dist/vite/getViteEsbuild.mjs
standard starter - windows-latest - pnpm	Run smoke test	2025-09-17T04:33:01.6946329Z npm notice 371B dist/vite/hasDirective.d.mts
standard starter - windows-latest - pnpm	Run smoke test	2025-09-17T04:33:01.6946634Z npm notice 2.0kB dist/vite/hasDirective.mjs
standard starter - windows-latest - pnpm	Run smoke test	2025-09-17T04:33:01.6946963Z npm notice 11B dist/vite/hasDirective.test.d.mts
standard starter - windows-latest - pnpm	Run smoke test	2025-09-17T04:33:01.6947284Z npm notice 3.9kB dist/vite/hasDirective.test.mjs
standard starter - windows-latest - pnpm	Run smoke test	2025-09-17T04:33:01.6947649Z npm notice 124B dist/vite/hasOwnCloudflareVitePlugin.d.mts
standard starter - windows-latest - pnpm	Run smoke test	2025-09-17T04:33:01.6948051Z npm notice 563B dist/vite/hasOwnCloudflareVitePlugin.mjs
standard starter - windows-latest - pnpm	Run smoke test	2025-09-17T04:33:01.6948426Z npm notice 119B dist/vite/hasOwnReactVitePlugin.d.mts
standard starter - windows-latest - pnpm	Run smoke test	2025-09-17T04:33:01.6948787Z npm notice 552B dist/vite/hasOwnReactVitePlugin.mjs
standard starter - windows-latest - pnpm	Run smoke test	2025-09-17T04:33:01.6949089Z npm notice 92B dist/vite/index.d.mts
standard starter - windows-latest - pnpm	Run smoke test	2025-09-17T04:33:01.6949354Z npm notice 65B dist/vite/index.mjs
standard starter - windows-latest - pnpm	Run smoke test	2025-09-17T04:33:01.6949799Z npm notice 198B dist/vite/injectVitePreamblePlugin.d.mts
standard starter - windows-latest - pnpm	Run smoke test	2025-09-17T04:33:01.6950182Z npm notice 1.0kB dist/vite/injectVitePreamblePlugin.mjs
standard starter - windows-latest - pnpm	Run smoke test	2025-09-17T04:33:01.6950753Z npm notice 132B dist/vite/invalidateCacheIfPrismaClientChanged.d.mts
standard starter - windows-latest - pnpm	Run smoke test	2025-09-17T04:33:01.6951238Z npm notice 1.2kB dist/vite/invalidateCacheIfPrismaClientChanged.mjs
standard starter - windows-latest - pnpm	Run smoke test	2025-09-17T04:33:01.6951638Z npm notice 373B dist/vite/invalidateModule.d.mts
standard starter - windows-latest - pnpm	Run smoke test	2025-09-17T04:33:01.6951965Z npm notice 1.1kB dist/vite/invalidateModule.mjs
standard starter - windows-latest - pnpm	Run smoke test	2025-09-17T04:33:01.6952262Z npm notice 61B dist/vite/isJsFile.d.mts
standard starter - windows-latest - pnpm	Run smoke test	2025-09-17T04:33:01.6952541Z npm notice 88B dist/vite/isJsFile.mjs
standard starter - windows-latest - pnpm	Run smoke test	2025-09-17T04:33:01.6952830Z npm notice 11B dist/vite/isJsFile.test.d.mts
standard starter - windows-latest - pnpm	Run smoke test	2025-09-17T04:33:01.6953130Z npm notice 996B dist/vite/isJsFile.test.mjs
standard starter - windows-latest - pnpm	Run smoke test	2025-09-17T04:33:01.6953503Z npm notice 341B dist/vite/linkerPlugin.d.mts
standard starter - windows-latest - pnpm	Run smoke test	2025-09-17T04:33:01.6953803Z npm notice 2.1kB dist/vite/linkerPlugin.mjs
standard starter - windows-latest - pnpm	Run smoke test	2025-09-17T04:33:01.6954117Z npm notice 11B dist/vite/linkerPlugin.test.d.mts
standard starter - windows-latest - pnpm	Run smoke test	2025-09-17T04:33:01.6954445Z npm notice 1.6kB dist/vite/linkerPlugin.test.mjs
standard starter - windows-latest - pnpm	Run smoke test	2025-09-17T04:33:01.6954755Z npm notice 139B dist/vite/manifestPlugin.d.mts
standard starter - windows-latest - pnpm	Run smoke test	2025-09-17T04:33:01.6955064Z npm notice 2.6kB dist/vite/manifestPlugin.mjs
standard starter - windows-latest - pnpm	Run smoke test	2025-09-17T04:33:01.6955389Z npm notice 434B dist/vite/miniflareHMRPlugin.d.mts
standard starter - windows-latest - pnpm	Run smoke test	2025-09-17T04:33:01.6955797Z npm notice 11.6kB dist/vite/miniflareHMRPlugin.mjs
standard starter - windows-latest - pnpm	Run smoke test	2025-09-17T04:33:01.6956209Z npm notice 11B dist/vite/miniflareHMRPlugin.test.d.mts
standard starter - windows-latest - pnpm	Run smoke test	2025-09-17T04:33:01.6956574Z npm notice 1.9kB dist/vite/miniflareHMRPlugin.test.mjs
standard starter - windows-latest - pnpm	Run smoke test	2025-09-17T04:33:01.6956932Z npm notice 128B dist/vite/moveStaticAssetsPlugin.d.mts
standard starter - windows-latest - pnpm	Run smoke test	2025-09-17T04:33:01.6957293Z npm notice 435B dist/vite/moveStaticAssetsPlugin.mjs
standard starter - windows-latest - pnpm	Run smoke test	2025-09-17T04:33:01.6957616Z npm notice 153B dist/vite/prismaPlugin.d.mts
standard starter - windows-latest - pnpm	Run smoke test	2025-09-17T04:33:01.6957924Z npm notice 2.0kB dist/vite/prismaPlugin.mjs
standard starter - windows-latest - pnpm	Run smoke test	2025-09-17T04:33:01.6958289Z npm notice 480B dist/vite/reactConditionsResolverPlugin.d.mts
standard starter - windows-latest - pnpm	Run smoke test	2025-09-17T04:33:01.6958707Z npm notice 8.6kB dist/vite/reactConditionsResolverPlugin.mjs
standard starter - windows-latest - pnpm	Run smoke test	2025-09-17T04:33:01.6959059Z npm notice 694B dist/vite/redwoodPlugin.d.mts
standard starter - windows-latest - pnpm	Run smoke test	2025-09-17T04:33:01.6959362Z npm notice 5.8kB dist/vite/redwoodPlugin.mjs
standard starter - windows-latest - pnpm	Run smoke test	2025-09-17T04:33:01.6959679Z npm notice 11B dist/vite/redwoodPlugin.test.d.mts
standard starter - windows-latest - pnpm	Run smoke test	2025-09-17T04:33:01.6960012Z npm notice 1.6kB dist/vite/redwoodPlugin.test.mjs
standard starter - windows-latest - pnpm	Run smoke test	2025-09-17T04:33:01.6960340Z npm notice 1.0kB dist/vite/runDirectivesScan.d.mts
standard starter - windows-latest - pnpm	Run smoke test	2025-09-17T04:33:01.6960676Z npm notice 12.1kB dist/vite/runDirectivesScan.mjs
standard starter - windows-latest - pnpm	Run smoke test	2025-09-17T04:33:01.6961021Z npm notice 11B dist/vite/runDirectivesScan.test.d.mts
standard starter - windows-latest - pnpm	Run smoke test	2025-09-17T04:33:01.6961504Z npm notice 3.6kB dist/vite/runDirectivesScan.test.mjs
standard starter - windows-latest - pnpm	Run smoke test	2025-09-17T04:33:01.6961840Z npm notice 274B dist/vite/ssrBridgePlugin.d.mts
standard starter - windows-latest - pnpm	Run smoke test	2025-09-17T04:33:01.6962163Z npm notice 7.9kB dist/vite/ssrBridgePlugin.mjs
standard starter - windows-latest - pnpm	Run smoke test	2025-09-17T04:33:01.6962523Z npm notice 378B dist/vite/transformClientComponents.d.mts
standard starter - windows-latest - pnpm	Run smoke test	2025-09-17T04:33:01.6962907Z npm notice 5.1kB dist/vite/transformClientComponents.mjs
standard starter - windows-latest - pnpm	Run smoke test	2025-09-17T04:33:01.6963303Z npm notice 11B dist/vite/transformClientComponents.test.d.mts
standard starter - windows-latest - pnpm	Run smoke test	2025-09-17T04:33:01.6963724Z npm notice 13.9kB dist/vite/transformClientComponents.test.mjs
standard starter - windows-latest - pnpm	Run smoke test	2025-09-17T04:33:01.6964141Z npm notice 432B dist/vite/transformJsxScriptTagsPlugin.d.mts
standard starter - windows-latest - pnpm	Run smoke test	2025-09-17T04:33:01.6964553Z npm notice 16.3kB dist/vite/transformJsxScriptTagsPlugin.mjs
standard starter - windows-latest - pnpm	Run smoke test	2025-09-17T04:33:01.6964973Z npm notice 11B dist/vite/transformJsxScriptTagsPlugin.test.d.mts
standard starter - windows-latest - pnpm	Run smoke test	2025-09-17T04:33:01.6965422Z npm notice 22.5kB dist/vite/transformJsxScriptTagsPlugin.test.mjs
standard starter - windows-latest - pnpm	Run smoke test	2025-09-17T04:33:01.6965835Z npm notice 658B dist/vite/transformServerFunctions.d.mts
standard starter - windows-latest - pnpm	Run smoke test	2025-09-17T04:33:01.6966210Z npm notice 14.5kB dist/vite/transformServerFunctions.mjs
standard starter - windows-latest - pnpm	Run smoke test	2025-09-17T04:33:01.6966596Z npm notice 11B dist/vite/transformServerFunctions.test.d.mts
standard starter - windows-latest - pnpm	Run smoke test	2025-09-17T04:33:01.6967359Z npm notice 2.7kB dist/vite/transformServerFunctions.test.mjs
standard starter - windows-latest - pnpm	Run smoke test	2025-09-17T04:33:01.6967748Z npm notice 193B dist/vite/useClientLookupPlugin.d.mts
standard starter - windows-latest - pnpm	Run smoke test	2025-09-17T04:33:01.6968108Z npm notice 566B dist/vite/useClientLookupPlugin.mjs
standard starter - windows-latest - pnpm	Run smoke test	2025-09-17T04:33:01.6968560Z npm notice 193B dist/vite/useServerLookupPlugin.d.mts
standard starter - windows-latest - pnpm	Run smoke test	2025-09-17T04:33:01.6968916Z npm notice 566B dist/vite/useServerLookupPlugin.mjs
standard starter - windows-latest - pnpm	Run smoke test	2025-09-17T04:33:01.6969246Z npm notice 75B dist/vite/useServerPlugin.d.mts
standard starter - windows-latest - pnpm	Run smoke test	2025-09-17T04:33:01.6969562Z npm notice 75B dist/vite/useServerPlugin.mjs
standard starter - windows-latest - pnpm	Run smoke test	2025-09-17T04:33:01.6969864Z npm notice 115B dist/vite/virtualPlugin.d.mts
standard starter - windows-latest - pnpm	Run smoke test	2025-09-17T04:33:01.6970177Z npm notice 1.1kB dist/vite/virtualPlugin.mjs
standard starter - windows-latest - pnpm	Run smoke test	2025-09-17T04:33:01.6970495Z npm notice 75B dist/vite/vitePreamblePlugin.d.mts
standard starter - windows-latest - pnpm	Run smoke test	2025-09-17T04:33:01.6970829Z npm notice 525B dist/vite/vitePreamblePlugin.mjs
standard starter - windows-latest - pnpm	Run smoke test	2025-09-17T04:33:01.6971100Z npm notice 5.7kB package.json
standard starter - windows-latest - pnpm	Run smoke test	2025-09-17T04:33:01.6971329Z npm notice Tarball Details
standard starter - windows-latest - pnpm	Run smoke test	2025-09-17T04:33:01.6971618Z npm notice name: rwsdk
standard starter - windows-latest - pnpm	Run smoke test	2025-09-17T04:33:01.6971846Z npm notice version: 1.0.0-alpha.3
standard starter - windows-latest - pnpm	Run smoke test	2025-09-17T04:33:01.6972242Z npm notice filename: rwsdk-1.0.0-alpha.3.tgz
standard starter - windows-latest - pnpm	Run smoke test	2025-09-17T04:33:01.6972852Z npm notice package size: 169.6 kB
standard starter - windows-latest - pnpm	Run smoke test	2025-09-17T04:33:01.6973420Z npm notice unpacked size: 754.8 kB
standard starter - windows-latest - pnpm	Run smoke test	2025-09-17T04:33:01.6973920Z npm notice shasum: 16c58751a2eb50113ec472c4a5e1226141fe893d
standard starter - windows-latest - pnpm	Run smoke test	2025-09-17T04:33:01.6974325Z npm notice integrity: sha512-Y6LAnHmQ5wcjZ[...]oUaNxXDjiqmww==
standard starter - windows-latest - pnpm	Run smoke test	2025-09-17T04:33:01.6974649Z npm notice total files: 386
standard starter - windows-latest - pnpm	Run smoke test	2025-09-17T04:33:01.6974847Z npm notice
standard starter - windows-latest - pnpm	Run smoke test	2025-09-17T04:33:05.1478186Z   ✅ Packed to /tmp/tmp.GKXcy8qw6x/rwsdk-1.0.0-alpha.3.tgz
standard starter - windows-latest - pnpm	Run smoke test	2025-09-17T04:33:05.1478519Z 
standard starter - windows-latest - pnpm	Run smoke test	2025-09-17T04:33:05.1478735Z 🔧 Preparing test project...
standard starter - windows-latest - pnpm	Run smoke test	2025-09-17T04:33:05.1821004Z   - Created test project directory: /tmp/tmp.GKXcy8qw6x/test-project
standard starter - windows-latest - pnpm	Run smoke test	2025-09-17T04:33:05.1821708Z   - Copying starter files...
standard starter - windows-latest - pnpm	Run smoke test	2025-09-17T04:33:12.9242795Z   - Configuring project to not use a frozen lockfile...
standard starter - windows-latest - pnpm	Run smoke test	2025-09-17T04:33:12.9293160Z   - Installing SDK from tarball...
standard starter - windows-latest - pnpm	Run smoke test	2025-09-17T04:33:13.8781571Z ! Corepack is about to download https://registry.npmjs.org/pnpm/-/pnpm-10.16.1.tgz
standard starter - windows-latest - pnpm	Run smoke test	2025-09-17T04:33:30.2284385Z  WARN  Moving @cloudflare/vite-plugin that was installed by a different package manager to "node_modules/.ignored"
standard starter - windows-latest - pnpm	Run smoke test	2025-09-17T04:33:30.2295314Z  WARN  Moving @cloudflare/workers-types that was installed by a different package manager to "node_modules/.ignored"
standard starter - windows-latest - pnpm	Run smoke test	2025-09-17T04:33:30.2299524Z  WARN  Moving @types/node that was installed by a different package manager to "node_modules/.ignored"
standard starter - windows-latest - pnpm	Run smoke test	2025-09-17T04:33:30.2310419Z  WARN  Moving @types/react that was installed by a different package manager to "node_modules/.ignored"
standard starter - windows-latest - pnpm	Run smoke test	2025-09-17T04:33:30.2313596Z  WARN  Moving @types/react-dom that was installed by a different package manager to "node_modules/.ignored"
standard starter - windows-latest - pnpm	Run smoke test	2025-09-17T04:33:30.2350029Z  WARN  Moving prisma that was installed by a different package manager to "node_modules/.ignored"
standard starter - windows-latest - pnpm	Run smoke test	2025-09-17T04:33:30.2352329Z  WARN  Moving typescript that was installed by a different package manager to "node_modules/.ignored"
standard starter - windows-latest - pnpm	Run smoke test	2025-09-17T04:33:30.2354212Z  WARN  Moving vibe-rules that was installed by a different package manager to "node_modules/.ignored"
standard starter - windows-latest - pnpm	Run smoke test	2025-09-17T04:33:30.2356485Z  WARN  Moving vite that was installed by a different package manager to "node_modules/.ignored"
standard starter - windows-latest - pnpm	Run smoke test	2025-09-17T04:33:30.2357917Z  WARN  Moving wrangler that was installed by a different package manager to "node_modules/.ignored"
standard starter - windows-latest - pnpm	Run smoke test	2025-09-17T04:33:30.2359426Z  WARN  Moving @prisma/adapter-d1 that was installed by a different package manager to "node_modules/.ignored"
standard starter - windows-latest - pnpm	Run smoke test	2025-09-17T04:33:30.2361724Z  WARN  Moving @prisma/client that was installed by a different package manager to "node_modules/.ignored"
standard starter - windows-latest - pnpm	Run smoke test	2025-09-17T04:33:30.2363467Z  WARN  Moving @simplewebauthn/browser that was installed by a different package manager to "node_modules/.ignored"
standard starter - windows-latest - pnpm	Run smoke test	2025-09-17T04:33:30.2365085Z  WARN  Moving @simplewebauthn/server that was installed by a different package manager to "node_modules/.ignored"
standard starter - windows-latest - pnpm	Run smoke test	2025-09-17T04:33:30.2367238Z  WARN  Moving react that was installed by a different package manager to "node_modules/.ignored"
standard starter - windows-latest - pnpm	Run smoke test	2025-09-17T04:33:30.2368907Z  WARN  Moving react-dom that was installed by a different package manager to "node_modules/.ignored"
standard starter - windows-latest - pnpm	Run smoke test	2025-09-17T04:33:30.2634646Z  WARN  Moving react-server-dom-webpack that was installed by a different package manager to "node_modules/.ignored"
standard starter - windows-latest - pnpm	Run smoke test	2025-09-17T04:33:30.2635959Z  WARN  Moving rwsdk that was installed by a different package manager to "node_modules/.ignored"
standard starter - windows-latest - pnpm	Run smoke test	2025-09-17T04:33:31.1619948Z Progress: resolved 1, reused 0, downloaded 0, added 0
standard starter - windows-latest - pnpm	Run smoke test	2025-09-17T04:33:32.1759888Z Progress: resolved 16, reused 0, downloaded 1, added 0
standard starter - windows-latest - pnpm	Run smoke test	2025-09-17T04:33:33.1828545Z Progress: resolved 18, reused 0, downloaded 6, added 0
standard starter - windows-latest - pnpm	Run smoke test	2025-09-17T04:33:34.1837631Z Progress: resolved 48, reused 0, downloaded 10, added 0
standard starter - windows-latest - pnpm	Run smoke test	2025-09-17T04:33:35.1956249Z Progress: resolved 98, reused 0, downloaded 16, added 0
standard starter - windows-latest - pnpm	Run smoke test	2025-09-17T04:33:36.1975448Z Progress: resolved 98, reused 0, downloaded 30, added 0
standard starter - windows-latest - pnpm	Run smoke test	2025-09-17T04:33:37.2017616Z Progress: resolved 98, reused 0, downloaded 38, added 0
standard starter - windows-latest - pnpm	Run smoke test	2025-09-17T04:33:38.2034414Z Progress: resolved 98, reused 0, downloaded 45, added 0
standard starter - windows-latest - pnpm	Run smoke test	2025-09-17T04:33:39.2038992Z Progress: resolved 98, reused 0, downloaded 55, added 0
standard starter - windows-latest - pnpm	Run smoke test	2025-09-17T04:33:40.2089027Z Progress: resolved 98, reused 0, downloaded 61, added 0
standard starter - windows-latest - pnpm	Run smoke test	2025-09-17T04:33:41.2192320Z Progress: resolved 98, reused 0, downloaded 62, added 0
standard starter - windows-latest - pnpm	Run smoke test	2025-09-17T04:33:42.2209407Z Progress: resolved 98, reused 0, downloaded 64, added 0
standard starter - windows-latest - pnpm	Run smoke test	2025-09-17T04:33:43.2322890Z Progress: resolved 98, reused 0, downloaded 71, added 0
standard starter - windows-latest - pnpm	Run smoke test	2025-09-17T04:33:44.2391037Z Progress: resolved 164, reused 0, downloaded 91, added 0
standard starter - windows-latest - pnpm	Run smoke test	2025-09-17T04:33:45.2454110Z Progress: resolved 176, reused 0, downloaded 122, added 0
standard starter - windows-latest - pnpm	Run smoke test	2025-09-17T04:33:46.2449234Z Progress: resolved 189, reused 0, downloaded 138, added 0
standard starter - windows-latest - pnpm	Run smoke test	2025-09-17T04:33:47.2462150Z Progress: resolved 273, reused 0, downloaded 149, added 0
standard starter - windows-latest - pnpm	Run smoke test	2025-09-17T04:33:48.2461406Z Progress: resolved 276, reused 0, downloaded 165, added 0
standard starter - windows-latest - pnpm	Run smoke test	2025-09-17T04:33:49.2556326Z Progress: resolved 307, reused 0, downloaded 180, added 0
standard starter - windows-latest - pnpm	Run smoke test	2025-09-17T04:33:50.2556495Z Progress: resolved 341, reused 0, downloaded 194, added 0
standard starter - windows-latest - pnpm	Run smoke test	2025-09-17T04:33:51.2563362Z Progress: resolved 344, reused 0, downloaded 212, added 0
standard starter - windows-latest - pnpm	Run smoke test	2025-09-17T04:33:52.2573618Z Progress: resolved 396, reused 0, downloaded 229, added 0
standard starter - windows-latest - pnpm	Run smoke test	2025-09-17T04:33:53.2588300Z Progress: resolved 396, reused 0, downloaded 243, added 0
standard starter - windows-latest - pnpm	Run smoke test	2025-09-17T04:33:54.2615247Z Progress: resolved 427, reused 0, downloaded 294, added 0
standard starter - windows-latest - pnpm	Run smoke test	2025-09-17T04:33:55.2703180Z Progress: resolved 446, reused 0, downloaded 313, added 0
standard starter - windows-latest - pnpm	Run smoke test	2025-09-17T04:33:56.2707008Z Progress: resolved 487, reused 0, downloaded 326, added 0
standard starter - windows-latest - pnpm	Run smoke test	2025-09-17T04:33:57.1114536Z Packages: +392
standard starter - windows-latest - pnpm	Run smoke test	2025-09-17T04:33:57.1115180Z ++++++++++++++++++++++++++++++++++++++++++++++++++++++++++++++++++++++++++++++++
standard starter - windows-latest - pnpm	Run smoke test	2025-09-17T04:33:57.2721831Z Progress: resolved 498, reused 0, downloaded 327, added 0
standard starter - windows-latest - pnpm	Run smoke test	2025-09-17T04:33:58.2781747Z Progress: resolved 498, reused 0, downloaded 336, added 0
standard starter - windows-latest - pnpm	Run smoke test	2025-09-17T04:33:59.2781769Z Progress: resolved 498, reused 0, downloaded 367, added 0
standard starter - windows-latest - pnpm	Run smoke test	2025-09-17T04:34:00.2901536Z Progress: resolved 498, reused 0, downloaded 370, added 0
standard starter - windows-latest - pnpm	Run smoke test	2025-09-17T04:34:01.2918812Z Progress: resolved 498, reused 0, downloaded 374, added 0
standard starter - windows-latest - pnpm	Run smoke test	2025-09-17T04:34:02.2918732Z Progress: resolved 498, reused 0, downloaded 384, added 0
standard starter - windows-latest - pnpm	Run smoke test	2025-09-17T04:34:03.2952891Z Progress: resolved 498, reused 0, downloaded 394, added 31
standard starter - windows-latest - pnpm	Run smoke test	2025-09-17T04:34:04.3112645Z Progress: resolved 498, reused 0, downloaded 394, added 69
standard starter - windows-latest - pnpm	Run smoke test	2025-09-17T04:34:05.3131469Z Progress: resolved 498, reused 0, downloaded 394, added 117
standard starter - windows-latest - pnpm	Run smoke test	2025-09-17T04:34:06.3203109Z Progress: resolved 498, reused 0, downloaded 394, added 121
standard starter - windows-latest - pnpm	Run smoke test	2025-09-17T04:34:07.3224339Z Progress: resolved 498, reused 0, downloaded 394, added 158
standard starter - windows-latest - pnpm	Run smoke test	2025-09-17T04:34:08.3288223Z Progress: resolved 498, reused 0, downloaded 394, added 234
standard starter - windows-latest - pnpm	Run smoke test	2025-09-17T04:34:09.3296984Z Progress: resolved 498, reused 0, downloaded 394, added 321
standard starter - windows-latest - pnpm	Run smoke test	2025-09-17T04:34:10.3308626Z Progress: resolved 498, reused 0, downloaded 394, added 323
standard starter - windows-latest - pnpm	Run smoke test	2025-09-17T04:34:11.3323925Z Progress: resolved 498, reused 0, downloaded 394, added 335
standard starter - windows-latest - pnpm	Run smoke test	2025-09-17T04:34:12.3333991Z Progress: resolved 498, reused 0, downloaded 394, added 378
standard starter - windows-latest - pnpm	Run smoke test	2025-09-17T04:34:13.4226274Z Progress: resolved 498, reused 0, downloaded 394, added 379
standard starter - windows-latest - pnpm	Run smoke test	2025-09-17T04:34:14.0477196Z Progress: resolved 498, reused 0, downloaded 394, added 392, done
standard starter - windows-latest - pnpm	Run smoke test	2025-09-17T04:34:14.6345997Z .../node_modules/@prisma/engines postinstall$ node scripts/postinstall.js
standard starter - windows-latest - pnpm	Run smoke test	2025-09-17T04:34:14.6545072Z .../esbuild@0.25.4/node_modules/esbuild postinstall$ node install.js
standard starter - windows-latest - pnpm	Run smoke test	2025-09-17T04:34:14.6613420Z .../esbuild@0.25.9/node_modules/esbuild postinstall$ node install.js
standard starter - windows-latest - pnpm	Run smoke test	2025-09-17T04:34:14.6655907Z .../sharp@0.33.5/node_modules/sharp install$ node install/check
standard starter - windows-latest - pnpm	Run smoke test	2025-09-17T04:34:14.6710663Z .../node_modules/workerd postinstall$ node install.js
standard starter - windows-latest - pnpm	Run smoke test	2025-09-17T04:34:14.7928513Z .../sharp@0.33.5/node_modules/sharp install: Done
standard starter - windows-latest - pnpm	Run smoke test	2025-09-17T04:34:14.8477562Z .../node_modules/workerd postinstall$ node install.js
standard starter - windows-latest - pnpm	Run smoke test	2025-09-17T04:34:14.9015710Z .../esbuild@0.25.4/node_modules/esbuild postinstall: Done
standard starter - windows-latest - pnpm	Run smoke test	2025-09-17T04:34:14.9148795Z .../esbuild@0.25.9/node_modules/esbuild postinstall: Done
standard starter - windows-latest - pnpm	Run smoke test	2025-09-17T04:34:14.9376132Z .../node_modules/workerd postinstall: Done
standard starter - windows-latest - pnpm	Run smoke test	2025-09-17T04:34:15.0062148Z .../node_modules/workerd postinstall: Done
standard starter - windows-latest - pnpm	Run smoke test	2025-09-17T04:34:15.7308638Z .../node_modules/@prisma/engines postinstall: Done
standard starter - windows-latest - pnpm	Run smoke test	2025-09-17T04:34:15.9084834Z .../node_modules/prisma preinstall$ node scripts/preinstall-entry.js
standard starter - windows-latest - pnpm	Run smoke test	2025-09-17T04:34:15.9760680Z .../node_modules/prisma preinstall: Done
standard starter - windows-latest - pnpm	Run smoke test	2025-09-17T04:34:16.2919855Z .../node_modules/@prisma/client postinstall$ node scripts/postinstall.js
standard starter - windows-latest - pnpm	Run smoke test	2025-09-17T04:34:17.6451231Z .../node_modules/@prisma/client postinstall: Done
standard starter - windows-latest - pnpm	Run smoke test	2025-09-17T04:34:18.5815593Z 
standard starter - windows-latest - pnpm	Run smoke test	2025-09-17T04:34:18.5816038Z dependencies:
standard starter - windows-latest - pnpm	Run smoke test	2025-09-17T04:34:18.5816579Z + @prisma/adapter-d1 6.8.2 (6.16.2 is available)
standard starter - windows-latest - pnpm	Run smoke test	2025-09-17T04:34:18.5817213Z + @prisma/client 6.8.2 (6.16.2 is available)
standard starter - windows-latest - pnpm	Run smoke test	2025-09-17T04:34:18.5817772Z + @simplewebauthn/browser 13.1.0 (13.2.0 is available)
standard starter - windows-latest - pnpm	Run smoke test	2025-09-17T04:34:18.5818428Z + @simplewebauthn/server 13.1.1 (13.2.0 is available)
standard starter - windows-latest - pnpm	Run smoke test	2025-09-17T04:34:18.5819299Z + react 19.2.0-canary-3fb190f7-20250908
standard starter - windows-latest - pnpm	Run smoke test	2025-09-17T04:34:18.5819877Z + react-dom 19.2.0-canary-3fb190f7-20250908
standard starter - windows-latest - pnpm	Run smoke test	2025-09-17T04:34:18.5820530Z + react-server-dom-webpack 19.2.0-canary-3fb190f7-20250908
standard starter - windows-latest - pnpm	Run smoke test	2025-09-17T04:34:18.5821080Z + rwsdk 1.0.0-alpha.3
standard starter - windows-latest - pnpm	Run smoke test	2025-09-17T04:34:18.5821305Z 
standard starter - windows-latest - pnpm	Run smoke test	2025-09-17T04:34:18.5821436Z devDependencies:
standard starter - windows-latest - pnpm	Run smoke test	2025-09-17T04:34:18.5822312Z + @cloudflare/vite-plugin 1.12.4 (1.13.2 is available) already in devDependencies, was not moved to dependencies.
standard starter - windows-latest - pnpm	Run smoke test	2025-09-17T04:34:18.5823751Z + @cloudflare/workers-types 4.20250913.0 (4.20250917.0 is available) already in devDependencies, was not moved to dependencies.
standard starter - windows-latest - pnpm	Run smoke test	2025-09-17T04:34:18.5825104Z + @types/node 22.14.0 (24.5.1 is available) already in devDependencies, was not moved to dependencies.
standard starter - windows-latest - pnpm	Run smoke test	2025-09-17T04:34:18.5826270Z + @types/react 19.1.2 (19.1.13 is available) already in devDependencies, was not moved to dependencies.
standard starter - windows-latest - pnpm	Run smoke test	2025-09-17T04:34:18.5827460Z + @types/react-dom 19.1.2 (19.1.9 is available) already in devDependencies, was not moved to dependencies.
standard starter - windows-latest - pnpm	Run smoke test	2025-09-17T04:34:18.5828589Z + prisma 6.8.2 (6.16.2 is available) already in devDependencies, was not moved to dependencies.
standard starter - windows-latest - pnpm	Run smoke test	2025-09-17T04:34:18.5829677Z + typescript 5.8.3 (5.9.2 is available) already in devDependencies, was not moved to dependencies.
standard starter - windows-latest - pnpm	Run smoke test	2025-09-17T04:34:18.5830646Z + vibe-rules 0.2.31 (0.3.91 is available) already in devDependencies, was not moved to dependencies.
standard starter - windows-latest - pnpm	Run smoke test	2025-09-17T04:34:18.5831217Z + vite 7.1.5 already in devDependencies, was not moved to dependencies.
standard starter - windows-latest - pnpm	Run smoke test	2025-09-17T04:34:18.5831783Z + wrangler 4.35.0 (4.37.1 is available) already in devDependencies, was not moved to dependencies.
standard starter - windows-latest - pnpm	Run smoke test	2025-09-17T04:34:18.5832093Z 
standard starter - windows-latest - pnpm	Run smoke test	2025-09-17T04:34:18.6016431Z Done in 48.8s using pnpm v10.16.1
standard starter - windows-latest - pnpm	Run smoke test	2025-09-17T04:34:18.6190087Z 
standard starter - windows-latest - pnpm	Run smoke test	2025-09-17T04:34:18.6190815Z 🔬 Running smoke tests...
standard starter - windows-latest - pnpm	Run smoke test	2025-09-17T04:34:19.1276611Z 
standard starter - windows-latest - pnpm	Run smoke test	2025-09-17T04:34:19.1277316Z > rwsdk@1.0.0-alpha.3 smoke-test D:\a\sdk\sdk\sdk
standard starter - windows-latest - pnpm	Run smoke test	2025-09-17T04:34:19.1278887Z > tsx ./src/scripts/smoke-test.mts "--path=C:/Users/RUNNER~1/AppData/Local/Temp/tmp.GKXcy8qw6x/test-project" "--no-sync" "--artifact-dir=D:/a/sdk/sdk/sdk/scripts/../../smoke-test-artifacts/standard" "--skip-style-tests" "--package-manager=pnpm"
standard starter - windows-latest - pnpm	Run smoke test	2025-09-17T04:34:19.1280983Z 
standard starter - windows-latest - pnpm	Run smoke test	2025-09-17T04:34:20.4053533Z 2025-09-17T04:34:20.390Z rwsdk:smoke Command line arguments: [
standard starter - windows-latest - pnpm	Run smoke test	2025-09-17T04:34:20.4054209Z   '--path=C:/Users/RUNNER~1/AppData/Local/Temp/tmp.GKXcy8qw6x/test-project',
standard starter - windows-latest - pnpm	Run smoke test	2025-09-17T04:34:20.4054653Z   '--no-sync',
standard starter - windows-latest - pnpm	Run smoke test	2025-09-17T04:34:20.4055080Z   '--artifact-dir=D:/a/sdk/sdk/sdk/scripts/../../smoke-test-artifacts/standard',
standard starter - windows-latest - pnpm	Run smoke test	2025-09-17T04:34:20.4055529Z   '--skip-style-tests',
standard starter - windows-latest - pnpm	Run smoke test	2025-09-17T04:34:20.4055816Z   '--package-manager=pnpm'
standard starter - windows-latest - pnpm	Run smoke test	2025-09-17T04:34:20.4056227Z ]
standard starter - windows-latest - pnpm	Run smoke test	2025-09-17T04:34:20.4056885Z 2025-09-17T04:34:20.391Z rwsdk:smoke Running in CI environment, keeping test directory by default
standard starter - windows-latest - pnpm	Run smoke test	2025-09-17T04:34:20.4059632Z 2025-09-17T04:34:20.391Z rwsdk:smoke Parsed options: {
standard starter - windows-latest - pnpm	Run smoke test	2025-09-17T04:34:20.4060140Z   skipDev: false,
standard starter - windows-latest - pnpm	Run smoke test	2025-09-17T04:34:20.4060396Z   skipRelease: false,
standard starter - windows-latest - pnpm	Run smoke test	2025-09-17T04:34:20.4060624Z   skipClient: false,
standard starter - windows-latest - pnpm	Run smoke test	2025-09-17T04:34:20.4061057Z   projectDir: 'C:/Users/RUNNER~1/AppData/Local/Temp/tmp.GKXcy8qw6x/test-project',
standard starter - windows-latest - pnpm	Run smoke test	2025-09-17T04:34:20.4061674Z   artifactDir: 'D:/a/sdk/sdk/sdk/scripts/../../smoke-test-artifacts/standard',
standard starter - windows-latest - pnpm	Run smoke test	2025-09-17T04:34:20.4062087Z   keep: true,
standard starter - windows-latest - pnpm	Run smoke test	2025-09-17T04:34:20.4062288Z   headless: true,
standard starter - windows-latest - pnpm	Run smoke test	2025-09-17T04:34:20.4062492Z   ci: false,
standard starter - windows-latest - pnpm	Run smoke test	2025-09-17T04:34:20.4062683Z   bail: false,
standard starter - windows-latest - pnpm	Run smoke test	2025-09-17T04:34:20.4062979Z   copyProject: false,
standard starter - windows-latest - pnpm	Run smoke test	2025-09-17T04:34:20.4063291Z   realtime: false,
standard starter - windows-latest - pnpm	Run smoke test	2025-09-17T04:34:20.4063544Z   skipHmr: false,
standard starter - windows-latest - pnpm	Run smoke test	2025-09-17T04:34:20.4063755Z   skipStyleTests: true,
standard starter - windows-latest - pnpm	Run smoke test	2025-09-17T04:34:20.4063999Z   packageManager: 'pnpm',
standard starter - windows-latest - pnpm	Run smoke test	2025-09-17T04:34:20.4064236Z   sync: false
standard starter - windows-latest - pnpm	Run smoke test	2025-09-17T04:34:20.4064435Z }
standard starter - windows-latest - pnpm	Run smoke test	2025-09-17T04:34:20.4064807Z 2025-09-17T04:34:20.391Z rwsdk:smoke Starting smoke test with options: {
standard starter - windows-latest - pnpm	Run smoke test	2025-09-17T04:34:20.4065184Z   skipDev: false,
standard starter - windows-latest - pnpm	Run smoke test	2025-09-17T04:34:20.4065401Z   skipRelease: false,
standard starter - windows-latest - pnpm	Run smoke test	2025-09-17T04:34:20.4065631Z   skipClient: false,
standard starter - windows-latest - pnpm	Run smoke test	2025-09-17T04:34:20.4066046Z   projectDir: 'C:/Users/RUNNER~1/AppData/Local/Temp/tmp.GKXcy8qw6x/test-project',
standard starter - windows-latest - pnpm	Run smoke test	2025-09-17T04:34:20.4066651Z   artifactDir: 'D:/a/sdk/sdk/sdk/scripts/../../smoke-test-artifacts/standard',
standard starter - windows-latest - pnpm	Run smoke test	2025-09-17T04:34:20.4067058Z   keep: true,
standard starter - windows-latest - pnpm	Run smoke test	2025-09-17T04:34:20.4067260Z   headless: true,
standard starter - windows-latest - pnpm	Run smoke test	2025-09-17T04:34:20.4067456Z   ci: false,
standard starter - windows-latest - pnpm	Run smoke test	2025-09-17T04:34:20.4067652Z   bail: false,
standard starter - windows-latest - pnpm	Run smoke test	2025-09-17T04:34:20.4067857Z   copyProject: false,
standard starter - windows-latest - pnpm	Run smoke test	2025-09-17T04:34:20.4068141Z   realtime: false,
standard starter - windows-latest - pnpm	Run smoke test	2025-09-17T04:34:20.4068429Z   skipHmr: false,
standard starter - windows-latest - pnpm	Run smoke test	2025-09-17T04:34:20.4068712Z   skipStyleTests: true,
standard starter - windows-latest - pnpm	Run smoke test	2025-09-17T04:34:20.4069058Z   packageManager: 'pnpm',
standard starter - windows-latest - pnpm	Run smoke test	2025-09-17T04:34:20.4069351Z   sync: false
standard starter - windows-latest - pnpm	Run smoke test	2025-09-17T04:34:20.4069544Z }
standard starter - windows-latest - pnpm	Run smoke test	2025-09-17T04:34:20.4070184Z 2025-09-17T04:34:20.392Z rwsdk:smoke Setting up artifacts directory: D:/a/sdk/sdk/sdk/scripts/../../smoke-test-artifacts/standard
standard starter - windows-latest - pnpm	Run smoke test	2025-09-17T04:34:20.4071293Z 📁 Setting up artifacts directory: D:/a/sdk/sdk/sdk/scripts/../../smoke-test-artifacts/standard
standard starter - windows-latest - pnpm	Run smoke test	2025-09-17T04:34:20.4079561Z 2025-09-17T04:34:20.393Z rwsdk:smoke Artifacts directory already exists, removing it
standard starter - windows-latest - pnpm	Run smoke test	2025-09-17T04:34:20.4080523Z 🧹 Cleaning existing artifacts directory
standard starter - windows-latest - pnpm	Run smoke test	2025-09-17T04:34:20.4094369Z 2025-09-17T04:34:20.394Z rwsdk:smoke Created artifacts directory: D:/a/sdk/sdk/sdk/scripts/../../smoke-test-artifacts/standard
standard starter - windows-latest - pnpm	Run smoke test	2025-09-17T04:34:20.4096976Z 2025-09-17T04:34:20.395Z rwsdk:smoke Created artifacts subdirectory: D:\a\sdk\sdk\smoke-test-artifacts\standard\screenshots
standard starter - windows-latest - pnpm	Run smoke test	2025-09-17T04:34:20.4099771Z 2025-09-17T04:34:20.395Z rwsdk:smoke Created artifacts subdirectory: D:\a\sdk\sdk\smoke-test-artifacts\standard\reports
standard starter - windows-latest - pnpm	Run smoke test	2025-09-17T04:34:20.4103261Z 2025-09-17T04:34:20.395Z rwsdk:smoke Created artifacts subdirectory: D:\a\sdk\sdk\smoke-test-artifacts\standard\logs
standard starter - windows-latest - pnpm	Run smoke test	2025-09-17T04:34:20.4103971Z ✅ Artifacts directory structure created
standard starter - windows-latest - pnpm	Run smoke test	2025-09-17T04:34:20.4115384Z 2025-09-17T04:34:20.397Z rwsdk:smoke Log directory permissions verified
standard starter - windows-latest - pnpm	Run smoke test	2025-09-17T04:34:20.4125304Z 📝 Log files created in D:\a\sdk\sdk\smoke-test-artifacts\standard\logs
standard starter - windows-latest - pnpm	Run smoke test	2025-09-17T04:34:20.4126064Z 2025-09-17T04:34:20.398Z rwsdk:smoke Initialized log capturing to artifact files
standard starter - windows-latest - pnpm	Run smoke test	2025-09-17T04:34:20.4126747Z 🔍 Preparing browser for testing...
standard starter - windows-latest - pnpm	Run smoke test	2025-09-17T04:34:20.4129852Z 2025-09-17T04:34:20.398Z rwsdk:smoke Detecting platform
standard starter - windows-latest - pnpm	Run smoke test	2025-09-17T04:34:20.4130445Z Finding Chrome executable...
standard starter - windows-latest - pnpm	Run smoke test	2025-09-17T04:34:20.4131473Z 2025-09-17T04:34:20.398Z rwsdk:smoke Detected platform: win64
standard starter - windows-latest - pnpm	Run smoke test	2025-09-17T04:34:20.4137779Z 2025-09-17T04:34:20.399Z rwsdk:smoke Using cache directory: C:\Users\RUNNER~1\AppData\Local\Temp\redwoodjs-smoke-test-cache
standard starter - windows-latest - pnpm	Run smoke test	2025-09-17T04:34:20.4138492Z 2025-09-17T04:34:20.399Z rwsdk:smoke Using browser type: chrome-headless-shell
standard starter - windows-latest - pnpm	Run smoke test	2025-09-17T04:34:20.4139797Z 2025-09-17T04:34:20.399Z rwsdk:smoke Resolving Chrome buildId for stable channel
standard starter - windows-latest - pnpm	Run smoke test	2025-09-17T04:34:20.5242417Z 2025-09-17T04:34:20.509Z rwsdk:smoke Resolved buildId: 140.0.7339.82
standard starter - windows-latest - pnpm	Run smoke test	2025-09-17T04:34:20.5243387Z 2025-09-17T04:34:20.509Z rwsdk:smoke Attempting to find existing Chrome installation
standard starter - windows-latest - pnpm	Run smoke test	2025-09-17T04:34:20.5260239Z No Chrome installation found. Installing Chrome...
standard starter - windows-latest - pnpm	Run smoke test	2025-09-17T04:34:20.5260834Z Downloading Chrome (this may take a few minutes)...
standard starter - windows-latest - pnpm	Run smoke test	2025-09-17T04:34:24.9526073Z ✅ Chrome installation completed successfully
standard starter - windows-latest - pnpm	Run smoke test	2025-09-17T04:34:24.9528049Z Installed and using Chrome at: C:\Users\RUNNER~1\AppData\Local\Temp\redwoodjs-smoke-test-cache\chrome-headless-shell\win64-140.0.7339.82\chrome-headless-shell-win64\chrome-headless-shell.exe
standard starter - windows-latest - pnpm	Run smoke test	2025-09-17T04:34:24.9529271Z 2025-09-17T04:34:24.938Z rwsdk:smoke Setting up test environment
standard starter - windows-latest - pnpm	Run smoke test	2025-09-17T04:34:24.9530577Z ✅ Browser ready at: C:\Users\RUNNER~1\AppData\Local\Temp\redwoodjs-smoke-test-cache\chrome-headless-shell\win64-140.0.7339.82\chrome-headless-shell-win64\chrome-headless-shell.exe
standard starter - windows-latest - pnpm	Run smoke test	2025-09-17T04:34:24.9534360Z 2025-09-17T04:34:24.938Z rwsdk:smoke Setting up test environment with options: {
standard starter - windows-latest - pnpm	Run smoke test	2025-09-17T04:34:24.9534804Z   skipDev: false,
standard starter - windows-latest - pnpm	Run smoke test	2025-09-17T04:34:24.9535029Z   skipRelease: false,
standard starter - windows-latest - pnpm	Run smoke test	2025-09-17T04:34:24.9535223Z   skipClient: false,
standard starter - windows-latest - pnpm	Run smoke test	2025-09-17T04:34:24.9535596Z   projectDir: 'C:/Users/RUNNER~1/AppData/Local/Temp/tmp.GKXcy8qw6x/test-project',
standard starter - windows-latest - pnpm	Run smoke test	2025-09-17T04:34:24.9536112Z   artifactDir: 'D:/a/sdk/sdk/sdk/scripts/../../smoke-test-artifacts/standard',
standard starter - windows-latest - pnpm	Run smoke test	2025-09-17T04:34:24.9536466Z   keep: true,
standard starter - windows-latest - pnpm	Run smoke test	2025-09-17T04:34:24.9536633Z   headless: true,
standard starter - windows-latest - pnpm	Run smoke test	2025-09-17T04:34:24.9536809Z   ci: false,
standard starter - windows-latest - pnpm	Run smoke test	2025-09-17T04:34:24.9536970Z   bail: false,
standard starter - windows-latest - pnpm	Run smoke test	2025-09-17T04:34:24.9537142Z   copyProject: false,
standard starter - windows-latest - pnpm	Run smoke test	2025-09-17T04:34:24.9537324Z   realtime: false,
standard starter - windows-latest - pnpm	Run smoke test	2025-09-17T04:34:24.9537498Z   skipHmr: false,
standard starter - windows-latest - pnpm	Run smoke test	2025-09-17T04:34:24.9537678Z   skipStyleTests: true,
standard starter - windows-latest - pnpm	Run smoke test	2025-09-17T04:34:24.9537889Z   packageManager: 'pnpm',
standard starter - windows-latest - pnpm	Run smoke test	2025-09-17T04:34:24.9538078Z   sync: false
standard starter - windows-latest - pnpm	Run smoke test	2025-09-17T04:34:24.9538254Z }
standard starter - windows-latest - pnpm	Run smoke test	2025-09-17T04:34:24.9541604Z 2025-09-17T04:34:24.939Z rwsdk:smoke Current working directory: D:\a\sdk\sdk\sdk
standard starter - windows-latest - pnpm	Run smoke test	2025-09-17T04:34:24.9542369Z 2025-09-17T04:34:24.939Z rwsdk:smoke Project directory specified: C:/Users/RUNNER~1/AppData/Local/Temp/tmp.GKXcy8qw6x/test-project
standard starter - windows-latest - pnpm	Run smoke test	2025-09-17T04:34:24.9544117Z 2025-09-17T04:34:24.939Z rwsdk:smoke Creating temporary directory for project
standard starter - windows-latest - pnpm	Run smoke test	2025-09-17T04:34:24.9558340Z Copying project from C:/Users/RUNNER~1/AppData/Local/Temp/tmp.GKXcy8qw6x/test-project to C:\Users\RUNNER~1\AppData\Local\Temp\tmp-2308-PwpTFBpErKGk\test-project-smoke-test-fixed-worm-f18386c8
standard starter - windows-latest - pnpm	Run smoke test	2025-09-17T04:34:24.9562529Z 2025-09-17T04:34:24.941Z rwsdk:smoke Found .gitignore file at C:\Users\RUNNER~1\AppData\Local\Temp\tmp.GKXcy8qw6x\test-project\.gitignore
standard starter - windows-latest - pnpm	Run smoke test	2025-09-17T04:34:24.9584788Z 2025-09-17T04:34:24.943Z rwsdk:smoke Starting copy process with ignored patterns
standard starter - windows-latest - pnpm	Run smoke test	2025-09-17T04:34:25.0283214Z 2025-09-17T04:34:25.013Z rwsdk:smoke Project copy completed successfully
standard starter - windows-latest - pnpm	Run smoke test	2025-09-17T04:34:25.0285977Z 📦 Installing project dependencies in C:\Users\RUNNER~1\AppData\Local\Temp\tmp-2308-PwpTFBpErKGk\test-project-smoke-test-fixed-worm-f18386c8 using pnpm...
standard starter - windows-latest - pnpm	Run smoke test	2025-09-17T04:34:25.0286754Z 2025-09-17T04:34:25.014Z rwsdk:smoke Running pnpm install
standard starter - windows-latest - pnpm	Run smoke test	2025-09-17T04:34:43.0192406Z ✅ Dependencies installed successfully
standard starter - windows-latest - pnpm	Run smoke test	2025-09-17T04:34:43.0193450Z 2025-09-17T04:34:43.004Z rwsdk:smoke pnpm install output: Lockfile is up to date, resolution step is skipped
standard starter - windows-latest - pnpm	Run smoke test	2025-09-17T04:34:43.0194406Z Progress: resolved 1, reused 0, downloaded 0, added 0
standard starter - windows-latest - pnpm	Run smoke test	2025-09-17T04:34:43.0194880Z Packages: +392
standard starter - windows-latest - pnpm	Run smoke test	2025-09-17T04:34:43.0195379Z ++++++++++++++++++++++++++++++++++++++++++++++++++++++++++++++++++++++++++++++++
standard starter - windows-latest - pnpm	Run smoke test	2025-09-17T04:34:43.0195998Z Progress: resolved 392, reused 392, downloaded 0, added 0
standard starter - windows-latest - pnpm	Run smoke test	2025-09-17T04:34:43.0196850Z Progress: resolved 392, reused 392, downloaded 0, added 11
standard starter - windows-latest - pnpm	Run smoke test	2025-09-17T04:34:43.0197557Z Progress: resolved 392, reused 392, downloaded 0, added 18
standard starter - windows-latest - pnpm	Run smoke test	2025-09-17T04:34:43.0198197Z Progress: resolved 392, reused 392, downloaded 0, added 55
standard starter - windows-latest - pnpm	Run smoke test	2025-09-17T04:34:43.0199089Z Progress: resolved 392, reused 392, downloaded 0, added 85
standard starter - windows-latest - pnpm	Run smoke test	2025-09-17T04:34:43.0199971Z Progress: resolved 392, reused 392, downloaded 0, added 95
standard starter - windows-latest - pnpm	Run smoke test	2025-09-17T04:34:43.0201321Z Progress: resolved 392, reused 392, downloaded 0, added 120
standard starter - windows-latest - pnpm	Run smoke test	2025-09-17T04:34:43.0202073Z Progress: resolved 392, reused 392, downloaded 0, added 136
standard starter - windows-latest - pnpm	Run smoke test	2025-09-17T04:34:43.0202779Z Progress: resolved 392, reused 392, downloaded 0, added 202
standard starter - windows-latest - pnpm	Run smoke test	2025-09-17T04:34:43.0203471Z Progress: resolved 392, reused 392, downloaded 0, added 315
standard starter - windows-latest - pnpm	Run smoke test	2025-09-17T04:34:43.0204165Z Progress: resolved 392, reused 392, downloaded 0, added 343
standard starter - windows-latest - pnpm	Run smoke test	2025-09-17T04:34:43.0204837Z Progress: resolved 392, reused 392, downloaded 0, added 348
standard starter - windows-latest - pnpm	Run smoke test	2025-09-17T04:34:43.0205537Z Progress: resolved 392, reused 392, downloaded 0, added 355
standard starter - windows-latest - pnpm	Run smoke test	2025-09-17T04:34:43.0206512Z Progress: resolved 392, reused 392, downloaded 0, added 356
standard starter - windows-latest - pnpm	Run smoke test	2025-09-17T04:34:43.0207298Z Progress: resolved 392, reused 392, downloaded 0, added 392, done
standard starter - windows-latest - pnpm	Run smoke test	2025-09-17T04:34:43.0208090Z .../sharp@0.33.5/node_modules/sharp install$ node install/check
standard starter - windows-latest - pnpm	Run smoke test	2025-09-17T04:34:43.0208618Z .../node_modules/workerd postinstall$ node install.js
standard starter - windows-latest - pnpm	Run smoke test	2025-09-17T04:34:43.0209053Z .../esbuild@0.25.9/node_modules/esbuild postinstall$ node install.js
standard starter - windows-latest - pnpm	Run smoke test	2025-09-17T04:34:43.0209488Z .../node_modules/workerd postinstall$ node install.js
standard starter - windows-latest - pnpm	Run smoke test	2025-09-17T04:34:43.0209908Z .../esbuild@0.25.4/node_modules/esbuild postinstall$ node install.js
standard starter - windows-latest - pnpm	Run smoke test	2025-09-17T04:34:43.0210303Z .../sharp@0.33.5/node_modules/sharp install: Done
standard starter - windows-latest - pnpm	Run smoke test	2025-09-17T04:34:43.0210625Z .../node_modules/workerd postinstall: Done
standard starter - windows-latest - pnpm	Run smoke test	2025-09-17T04:34:43.0210982Z .../esbuild@0.25.9/node_modules/esbuild postinstall: Done
standard starter - windows-latest - pnpm	Run smoke test	2025-09-17T04:34:43.0211325Z .../node_modules/workerd postinstall: Done
standard starter - windows-latest - pnpm	Run smoke test	2025-09-17T04:34:43.0211673Z .../esbuild@0.25.4/node_modules/esbuild postinstall: Done
standard starter - windows-latest - pnpm	Run smoke test	2025-09-17T04:34:43.0212020Z 
standard starter - windows-latest - pnpm	Run smoke test	2025-09-17T04:34:43.0212164Z dependencies:
standard starter - windows-latest - pnpm	Run smoke test	2025-09-17T04:34:43.0212511Z + @prisma/adapter-d1 6.8.2
standard starter - windows-latest - pnpm	Run smoke test	2025-09-17T04:34:43.0212929Z + @prisma/client 6.8.2
standard starter - windows-latest - pnpm	Run smoke test	2025-09-17T04:34:43.0213355Z + @simplewebauthn/browser 13.1.0
standard starter - windows-latest - pnpm	Run smoke test	2025-09-17T04:34:43.0213809Z + @simplewebauthn/server 13.1.1
standard starter - windows-latest - pnpm	Run smoke test	2025-09-17T04:34:43.0214273Z + react 19.2.0-canary-3fb190f7-20250908
standard starter - windows-latest - pnpm	Run smoke test	2025-09-17T04:34:43.0214594Z + react-dom 19.2.0-canary-3fb190f7-20250908
standard starter - windows-latest - pnpm	Run smoke test	2025-09-17T04:34:43.0214962Z + react-server-dom-webpack 19.2.0-canary-3fb190f7-20250908
standard starter - windows-latest - pnpm	Run smoke test	2025-09-17T04:34:43.0215266Z + rwsdk 1.0.0-alpha.3
standard starter - windows-latest - pnpm	Run smoke test	2025-09-17T04:34:43.0215391Z 
standard starter - windows-latest - pnpm	Run smoke test	2025-09-17T04:34:43.0215472Z devDependencies:
standard starter - windows-latest - pnpm	Run smoke test	2025-09-17T04:34:43.0215704Z + @cloudflare/vite-plugin 1.12.4
standard starter - windows-latest - pnpm	Run smoke test	2025-09-17T04:34:43.0215980Z + @cloudflare/workers-types 4.20250913.0
standard starter - windows-latest - pnpm	Run smoke test	2025-09-17T04:34:43.0216225Z + @types/node 22.14.0
standard starter - windows-latest - pnpm	Run smoke test	2025-09-17T04:34:43.0216421Z + @types/react 19.1.2
standard starter - windows-latest - pnpm	Run smoke test	2025-09-17T04:34:43.0216625Z + @types/react-dom 19.1.2
standard starter - windows-latest - pnpm	Run smoke test	2025-09-17T04:34:43.0216823Z + prisma 6.8.2
standard starter - windows-latest - pnpm	Run smoke test	2025-09-17T04:34:43.0217001Z + typescript 5.8.3
standard starter - windows-latest - pnpm	Run smoke test	2025-09-17T04:34:43.0217190Z + vibe-rules 0.2.31
standard starter - windows-latest - pnpm	Run smoke test	2025-09-17T04:34:43.0217367Z + vite 7.1.5
standard starter - windows-latest - pnpm	Run smoke test	2025-09-17T04:34:43.0217550Z + wrangler 4.35.0
standard starter - windows-latest - pnpm	Run smoke test	2025-09-17T04:34:43.0217655Z 
standard starter - windows-latest - pnpm	Run smoke test	2025-09-17T04:34:43.0217661Z 
standard starter - windows-latest - pnpm	Run smoke test	2025-09-17T04:34:43.0218209Z > @redwoodjs/starter-standard@1.0.0 prepare C:\Users\RUNNER~1\AppData\Local\Temp\tmp-2308-PwpTFBpErKGk\test-project-smoke-test-fixed-worm-f18386c8
standard starter - windows-latest - pnpm	Run smoke test	2025-09-17T04:34:43.0219511Z > vibe-rules install cursor
standard starter - windows-latest - pnpm	Run smoke test	2025-09-17T04:34:43.0219725Z 
standard starter - windows-latest - pnpm	Run smoke test	2025-09-17T04:34:43.0219970Z Installing rules from all dependencies in package.json for cursor...
standard starter - windows-latest - pnpm	Run smoke test	2025-09-17T04:34:43.0220440Z Found 18 dependencies. Checking for rules to install for cursor...
standard starter - windows-latest - pnpm	Run smoke test	2025-09-17T04:34:43.0220854Z Attempting to install rules from @prisma/adapter-d1...
standard starter - windows-latest - pnpm	Run smoke test	2025-09-17T04:34:43.0221211Z Attempting to install rules from @prisma/client...
standard starter - windows-latest - pnpm	Run smoke test	2025-09-17T04:34:43.0221592Z Attempting to install rules from @simplewebauthn/browser...
standard starter - windows-latest - pnpm	Run smoke test	2025-09-17T04:34:43.0222612Z Attempting to install rules from @simplewebauthn/server...
standard starter - windows-latest - pnpm	Run smoke test	2025-09-17T04:34:43.0223251Z Attempting to install rules from react...
standard starter - windows-latest - pnpm	Run smoke test	2025-09-17T04:34:43.0223789Z Attempting to install rules from react-dom...
standard starter - windows-latest - pnpm	Run smoke test	2025-09-17T04:34:43.0224725Z Attempting to install rules from react-server-dom-webpack...
standard starter - windows-latest - pnpm	Run smoke test	2025-09-17T04:34:43.0225110Z Attempting to install rules from rwsdk...
standard starter - windows-latest - pnpm	Run smoke test	2025-09-17T04:34:43.0225937Z Deleted existing rule file: C:\Users\RUNNER~1\AppData\Local\Temp\tmp-2308-PwpTFBpErKGk\test-project-smoke-test-fixed-worm-f18386c8\.cursor\rules\rwsdk_rwsdk-interruptors.mdc
standard starter - windows-latest - pnpm	Run smoke test	2025-09-17T04:34:43.0227137Z Deleted existing rule file: C:\Users\RUNNER~1\AppData\Local\Temp\tmp-2308-PwpTFBpErKGk\test-project-smoke-test-fixed-worm-f18386c8\.cursor\rules\rwsdk_rwsdk-middleware.mdc
standard starter - windows-latest - pnpm	Run smoke test	2025-09-17T04:34:43.0228633Z Deleted existing rule file: C:\Users\RUNNER~1\AppData\Local\Temp\tmp-2308-PwpTFBpErKGk\test-project-smoke-test-fixed-worm-f18386c8\.cursor\rules\rwsdk_rwsdk-react.mdc
standard starter - windows-latest - pnpm	Run smoke test	2025-09-17T04:34:43.0230719Z Deleted existing rule file: C:\Users\RUNNER~1\AppData\Local\Temp\tmp-2308-PwpTFBpErKGk\test-project-smoke-test-fixed-worm-f18386c8\.cursor\rules\rwsdk_rwsdk-request-response.mdc
standard starter - windows-latest - pnpm	Run smoke test	2025-09-17T04:34:43.0231985Z Cleared 4 existing rule file(s) matching prefix "rwsdk_" in C:\Users\RUNNER~1\AppData\Local\Temp\tmp-2308-PwpTFBpErKGk\test-project-smoke-test-fixed-worm-f18386c8\.cursor\rules.
standard starter - windows-latest - pnpm	Run smoke test	2025-09-17T04:34:43.0232684Z Applying 4 rule(s) from rwsdk to cursor...
standard starter - windows-latest - pnpm	Run smoke test	2025-09-17T04:34:43.0233378Z Ensured directory exists: C:\Users\RUNNER~1\AppData\Local\Temp\tmp-2308-PwpTFBpErKGk\test-project-smoke-test-fixed-worm-f18386c8\.cursor\rules
standard starter - windows-latest - pnpm	Run smoke test	2025-09-17T04:34:43.0234184Z Rule "rwsdk_rwsdk-interruptors" has globs: worker.tsx, src/app/**/routes.ts, src/app/**/*/routes.ts
standard starter - windows-latest - pnpm	Run smoke test	2025-09-17T04:34:43.0234694Z Rule "rwsdk_rwsdk-interruptors" has alwaysApply: false
standard starter - windows-latest - pnpm	Run smoke test	2025-09-17T04:34:43.0235401Z Ensured directory exists: C:\Users\RUNNER~1\AppData\Local\Temp\tmp-2308-PwpTFBpErKGk\test-project-smoke-test-fixed-worm-f18386c8\.cursor\rules
standard starter - windows-latest - pnpm	Run smoke test	2025-09-17T04:34:43.0236698Z Rule "rwsdk_rwsdk-interruptors" from rwsdk applied successfully for cursor at C:\Users\RUNNER~1\AppData\Local\Temp\tmp-2308-PwpTFBpErKGk\test-project-smoke-test-fixed-worm-f18386c8\.cursor\rules\rwsdk_rwsdk-interruptors.mdc
standard starter - windows-latest - pnpm	Run smoke test	2025-09-17T04:34:43.0237958Z Ensured directory exists: C:\Users\RUNNER~1\AppData\Local\Temp\tmp-2308-PwpTFBpErKGk\test-project-smoke-test-fixed-worm-f18386c8\.cursor\rules
standard starter - windows-latest - pnpm	Run smoke test	2025-09-17T04:34:43.0238712Z Rule "rwsdk_rwsdk-middleware" has globs: worker.tsx, middleware.ts, middleware.tsx
standard starter - windows-latest - pnpm	Run smoke test	2025-09-17T04:34:43.0239177Z Rule "rwsdk_rwsdk-middleware" has alwaysApply: false
standard starter - windows-latest - pnpm	Run smoke test	2025-09-17T04:34:43.0239887Z Ensured directory exists: C:\Users\RUNNER~1\AppData\Local\Temp\tmp-2308-PwpTFBpErKGk\test-project-smoke-test-fixed-worm-f18386c8\.cursor\rules
standard starter - windows-latest - pnpm	Run smoke test	2025-09-17T04:34:43.0241160Z Rule "rwsdk_rwsdk-middleware" from rwsdk applied successfully for cursor at C:\Users\RUNNER~1\AppData\Local\Temp\tmp-2308-PwpTFBpErKGk\test-project-smoke-test-fixed-worm-f18386c8\.cursor\rules\rwsdk_rwsdk-middleware.mdc
standard starter - windows-latest - pnpm	Run smoke test	2025-09-17T04:34:43.0242369Z Ensured directory exists: C:\Users\RUNNER~1\AppData\Local\Temp\tmp-2308-PwpTFBpErKGk\test-project-smoke-test-fixed-worm-f18386c8\.cursor\rules
standard starter - windows-latest - pnpm	Run smoke test	2025-09-17T04:34:43.0243053Z Rule "rwsdk_rwsdk-react" has globs: src/app/**/*/*.tsx, Document.tsx
standard starter - windows-latest - pnpm	Run smoke test	2025-09-17T04:34:43.0243438Z Rule "rwsdk_rwsdk-react" has alwaysApply: false
standard starter - windows-latest - pnpm	Run smoke test	2025-09-17T04:34:43.0244129Z Ensured directory exists: C:\Users\RUNNER~1\AppData\Local\Temp\tmp-2308-PwpTFBpErKGk\test-project-smoke-test-fixed-worm-f18386c8\.cursor\rules
standard starter - windows-latest - pnpm	Run smoke test	2025-09-17T04:34:43.0245545Z Rule "rwsdk_rwsdk-react" from rwsdk applied successfully for cursor at C:\Users\RUNNER~1\AppData\Local\Temp\tmp-2308-PwpTFBpErKGk\test-project-smoke-test-fixed-worm-f18386c8\.cursor\rules\rwsdk_rwsdk-react.mdc
standard starter - windows-latest - pnpm	Run smoke test	2025-09-17T04:34:43.0246724Z Ensured directory exists: C:\Users\RUNNER~1\AppData\Local\Temp\tmp-2308-PwpTFBpErKGk\test-project-smoke-test-fixed-worm-f18386c8\.cursor\rules
standard starter - windows-latest - pnpm	Run smoke test	2025-09-17T04:34:43.0247540Z Rule "rwsdk_rwsdk-request-response" has globs: worker.tsc, src/app/**/routes.ts, src/app/**/*/routes.ts
standard starter - windows-latest - pnpm	Run smoke test	2025-09-17T04:34:43.0248077Z Rule "rwsdk_rwsdk-request-response" has alwaysApply: false
standard starter - windows-latest - pnpm	Run smoke test	2025-09-17T04:34:43.0248807Z Ensured directory exists: C:\Users\RUNNER~1\AppData\Local\Temp\tmp-2308-PwpTFBpErKGk\test-project-smoke-test-fixed-worm-f18386c8\.cursor\rules
standard starter - windows-latest - pnpm	Run smoke test	2025-09-17T04:34:43.0250231Z Rule "rwsdk_rwsdk-request-response" from rwsdk applied successfully for cursor at C:\Users\RUNNER~1\AppData\Local\Temp\tmp-2308-PwpTFBpErKGk\test-project-smoke-test-fixed-worm-f18386c8\.cursor\rules\rwsdk_rwsdk-request-response.mdc
standard starter - windows-latest - pnpm	Run smoke test	2025-09-17T04:34:43.0251211Z Attempting to install rules from @cloudflare/vite-plugin...
standard starter - windows-latest - pnpm	Run smoke test	2025-09-17T04:34:43.0251633Z Attempting to install rules from @cloudflare/workers-types...
standard starter - windows-latest - pnpm	Run smoke test	2025-09-17T04:34:43.0252003Z Attempting to install rules from @types/node...
standard starter - windows-latest - pnpm	Run smoke test	2025-09-17T04:34:43.0252337Z Attempting to install rules from @types/react...
standard starter - windows-latest - pnpm	Run smoke test	2025-09-17T04:34:43.0252687Z Attempting to install rules from @types/react-dom...
standard starter - windows-latest - pnpm	Run smoke test	2025-09-17T04:34:43.0253020Z Attempting to install rules from prisma...
standard starter - windows-latest - pnpm	Run smoke test	2025-09-17T04:34:43.0253325Z Attempting to install rules from typescript...
standard starter - windows-latest - pnpm	Run smoke test	2025-09-17T04:34:43.0253643Z Attempting to install rules from vibe-rules...
standard starter - windows-latest - pnpm	Run smoke test	2025-09-17T04:34:43.0253947Z Attempting to install rules from vite...
standard starter - windows-latest - pnpm	Run smoke test	2025-09-17T04:34:43.0254254Z Attempting to install rules from wrangler...
standard starter - windows-latest - pnpm	Run smoke test	2025-09-17T04:34:43.0254549Z Finished checking all dependencies.
standard starter - windows-latest - pnpm	Run smoke test	2025-09-17T04:34:43.0254832Z Done in 17.8s using pnpm v10.16.1
standard starter - windows-latest - pnpm	Run smoke test	2025-09-17T04:34:43.0255551Z 2025-09-17T04:34:43.004Z rwsdk:smoke Target directory: C:\Users\RUNNER~1\AppData\Local\Temp\tmp-2308-PwpTFBpErKGk\test-project-smoke-test-fixed-worm-f18386c8
standard starter - windows-latest - pnpm	Run smoke test	2025-09-17T04:34:43.0256273Z 2025-09-17T04:34:43.004Z rwsdk:smoke Creating smoke test components
standard starter - windows-latest - pnpm	Run smoke test	2025-09-17T04:34:43.0257174Z 2025-09-17T04:34:43.005Z rwsdk:smoke Creating components directory: C:\Users\RUNNER~1\AppData\Local\Temp\tmp-2308-PwpTFBpErKGk\test-project-smoke-test-fixed-worm-f18386c8\src\app\components
standard starter - windows-latest - pnpm	Run smoke test	2025-09-17T04:34:43.0258815Z 2025-09-17T04:34:43.005Z rwsdk:smoke Creating __smokeTestFunctions.ts at: C:\Users\RUNNER~1\AppData\Local\Temp\tmp-2308-PwpTFBpErKGk\test-project-smoke-test-fixed-worm-f18386c8\src\app\components\__smokeTestFunctions.ts
standard starter - windows-latest - pnpm	Run smoke test	2025-09-17T04:34:43.0260227Z 2025-09-17T04:34:43.005Z rwsdk:smoke Creating __SmokeTest.tsx at: C:\Users\RUNNER~1\AppData\Local\Temp\tmp-2308-PwpTFBpErKGk\test-project-smoke-test-fixed-worm-f18386c8\src\app\components\__SmokeTest.tsx
standard starter - windows-latest - pnpm	Run smoke test	2025-09-17T04:34:43.0261075Z 2025-09-17T04:34:43.005Z rwsdk:smoke Writing SmokeTestFunctions file
standard starter - windows-latest - pnpm	Run smoke test	2025-09-17T04:34:43.0261580Z 2025-09-17T04:34:43.006Z rwsdk:smoke Writing SmokeTest component file
standard starter - windows-latest - pnpm	Run smoke test	2025-09-17T04:34:43.0262068Z 2025-09-17T04:34:43.007Z rwsdk:smoke Creating smoke test stylesheets in project...
standard starter - windows-latest - pnpm	Run smoke test	2025-09-17T04:34:43.0263213Z 2025-09-17T04:34:43.008Z rwsdk:smoke Creating smokeTestClientStyles.module.css at: C:\Users\RUNNER~1\AppData\Local\Temp\tmp-2308-PwpTFBpErKGk\test-project-smoke-test-fixed-worm-f18386c8\src\app\components\smokeTestClientStyles.module.css
standard starter - windows-latest - pnpm	Run smoke test	2025-09-17T04:34:43.0264142Z Creating smoke test components in project...
standard starter - windows-latest - pnpm	Run smoke test	2025-09-17T04:34:43.0275245Z 2025-09-17T04:34:43.012Z rwsdk:smoke Creating smokeTestUrlStyles.css at: C:\Users\RUNNER~1\AppData\Local\Temp\tmp-2308-PwpTFBpErKGk\test-project-smoke-test-fixed-worm-f18386c8\src\app\smokeTestUrlStyles.css
standard starter - windows-latest - pnpm	Run smoke test	2025-09-17T04:34:43.0292783Z 2025-09-17T04:34:43.014Z rwsdk:smoke Modifying Document.tsx to include URL stylesheet at: C:\Users\RUNNER~1\AppData\Local\Temp\tmp-2308-PwpTFBpErKGk\test-project-smoke-test-fixed-worm-f18386c8\src\app\Document.tsx
standard starter - windows-latest - pnpm	Run smoke test	2025-09-17T04:34:43.0307432Z 2025-09-17T04:34:43.016Z rwsdk:smoke Successfully modified Document.tsx with CSS URL import pattern
standard starter - windows-latest - pnpm	Run smoke test	2025-09-17T04:34:43.0308240Z 2025-09-17T04:34:43.016Z rwsdk:smoke Smoke test stylesheets created successfully
standard starter - windows-latest - pnpm	Run smoke test	2025-09-17T04:34:43.0309467Z 2025-09-17T04:34:43.016Z rwsdk:smoke Creating __SmokeTestClient.tsx at: C:\Users\RUNNER~1\AppData\Local\Temp\tmp-2308-PwpTFBpErKGk\test-project-smoke-test-fixed-worm-f18386c8\src\app\components\__SmokeTestClient.tsx
standard starter - windows-latest - pnpm	Run smoke test	2025-09-17T04:34:43.0310873Z 2025-09-17T04:34:43.016Z rwsdk:smoke Writing SmokeTestClient component file
standard starter - windows-latest - pnpm	Run smoke test	2025-09-17T04:34:43.0317730Z 2025-09-17T04:34:43.017Z rwsdk:smoke Created client-side smoke test component
standard starter - windows-latest - pnpm	Run smoke test	2025-09-17T04:34:43.0321957Z 2025-09-17T04:34:43.017Z rwsdk:smoke Modifying worker.tsx and wrangler.jsonc for realtime support
standard starter - windows-latest - pnpm	Run smoke test	2025-09-17T04:34:43.0324504Z 2025-09-17T04:34:43.017Z rwsdk:smoke Found worker.tsx, checking for realtime code
standard starter - windows-latest - pnpm	Run smoke test	2025-09-17T04:34:43.0328584Z 2025-09-17T04:34:43.018Z rwsdk:smoke Need to modify worker.tsx for realtime and smoke test support
standard starter - windows-latest - pnpm	Run smoke test	2025-09-17T04:34:43.0330542Z 2025-09-17T04:34:43.018Z rwsdk:smoke Added SmokeTest import to the beginning of the file
standard starter - windows-latest - pnpm	Run smoke test	2025-09-17T04:34:43.0332004Z 2025-09-17T04:34:43.018Z rwsdk:smoke Added realtimeRoute to defineApp
standard starter - windows-latest - pnpm	Run smoke test	2025-09-17T04:34:43.0333323Z 2025-09-17T04:34:43.018Z rwsdk:smoke Added smoke test route to defineApp
standard starter - windows-latest - pnpm	Run smoke test	2025-09-17T04:34:43.0340755Z 2025-09-17T04:34:43.019Z rwsdk:smoke Successfully modified worker.tsx
standard starter - windows-latest - pnpm	Run smoke test	2025-09-17T04:34:43.0342940Z 2025-09-17T04:34:43.019Z rwsdk:smoke Found wrangler.jsonc, checking for realtime durable objects
standard starter - windows-latest - pnpm	Run smoke test	2025-09-17T04:34:43.0364511Z 2025-09-17T04:34:43.021Z rwsdk:smoke Need to modify wrangler.jsonc for realtime support
standard starter - windows-latest - pnpm	Run smoke test	2025-09-17T04:34:43.0365553Z 2025-09-17T04:34:43.021Z rwsdk:smoke Added REALTIME_DURABLE_OBJECT to durable_objects bindings
standard starter - windows-latest - pnpm	Run smoke test	2025-09-17T04:34:43.0366310Z 2025-09-17T04:34:43.022Z rwsdk:smoke Added RealtimeDurableObject to existing migration
standard starter - windows-latest - pnpm	Run smoke test	2025-09-17T04:34:43.0374296Z 2025-09-17T04:34:43.022Z rwsdk:smoke Successfully modified wrangler.jsonc
standard starter - windows-latest - pnpm	Run smoke test	2025-09-17T04:34:43.0375744Z 2025-09-17T04:34:43.022Z rwsdk:smoke Smoke test components created successfully
standard starter - windows-latest - pnpm	Run smoke test	2025-09-17T04:34:43.0376426Z Created smoke test components:
standard starter - windows-latest - pnpm	Run smoke test	2025-09-17T04:34:43.0377527Z - C:\Users\RUNNER~1\AppData\Local\Temp\tmp-2308-PwpTFBpErKGk\test-project-smoke-test-fixed-worm-f18386c8\src\app\components\__smokeTestFunctions.ts
standard starter - windows-latest - pnpm	Run smoke test	2025-09-17T04:34:43.0378333Z 2025-09-17T04:34:43.023Z rwsdk:smoke Starting development server
standard starter - windows-latest - pnpm	Run smoke test	2025-09-17T04:34:43.0379087Z - C:\Users\RUNNER~1\AppData\Local\Temp\tmp-2308-PwpTFBpErKGk\test-project-smoke-test-fixed-worm-f18386c8\src\app\components\__SmokeTest.tsx
standard starter - windows-latest - pnpm	Run smoke test	2025-09-17T04:34:43.0380101Z - C:\Users\RUNNER~1\AppData\Local\Temp\tmp-2308-PwpTFBpErKGk\test-project-smoke-test-fixed-worm-f18386c8\src\app\components\__SmokeTestClient.tsx
standard starter - windows-latest - pnpm	Run smoke test	2025-09-17T04:34:43.0381294Z - C:\Users\RUNNER~1\AppData\Local\Temp\tmp-2308-PwpTFBpErKGk\test-project-smoke-test-fixed-worm-f18386c8\src\app\components\smokeTestClientStyles.module.css
standard starter - windows-latest - pnpm	Run smoke test	2025-09-17T04:34:43.0382460Z - C:\Users\RUNNER~1\AppData\Local\Temp\tmp-2308-PwpTFBpErKGk\test-project-smoke-test-fixed-worm-f18386c8\src\app\smokeTestUrlStyles.css
standard starter - windows-latest - pnpm	Run smoke test	2025-09-17T04:34:43.0383252Z 🚀 Starting development server...
standard starter - windows-latest - pnpm	Run smoke test	2025-09-17T04:34:43.0394276Z 2025-09-17T04:34:43.024Z rwsdk:smoke Running in CI mode, disabling colors for dev server output
standard starter - windows-latest - pnpm	Run smoke test	2025-09-17T04:34:43.0517849Z 2025-09-17T04:34:43.037Z rwsdk:smoke Development server process spawned in directory: C:\Users\RUNNER~1\AppData\Local\Temp\tmp-2308-PwpTFBpErKGk\test-project-smoke-test-fixed-worm-f18386c8
standard starter - windows-latest - pnpm	Run smoke test	2025-09-17T04:34:43.0518925Z 2025-09-17T04:34:43.037Z rwsdk:smoke Setting up stream listeners. Available streams: all=true, stdout=true, stderr=true
standard starter - windows-latest - pnpm	Run smoke test	2025-09-17T04:34:43.4410161Z 
standard starter - windows-latest - pnpm	Run smoke test	2025-09-17T04:34:43.4411804Z > @redwoodjs/starter-standard@1.0.0 dev C:\Users\RUNNER~1\AppData\Local\Temp\tmp-2308-PwpTFBpErKGk\test-project-smoke-test-fixed-worm-f18386c8
standard starter - windows-latest - pnpm	Run smoke test	2025-09-17T04:34:43.4414426Z > vite dev
standard starter - windows-latest - pnpm	Run smoke test	2025-09-17T04:34:43.4414602Z 
standard starter - windows-latest - pnpm	Run smoke test	2025-09-17T04:34:43.4414613Z 
standard starter - windows-latest - pnpm	Run smoke test	2025-09-17T04:34:43.4416504Z 2025-09-17T04:34:43.426Z rwsdk:smoke Received output from all: \n> @redwoodjs/starter-standard@1.0.0 dev C:\Users\RUNNER~1\AppData\Local\Temp\tmp-2308-PwpTFBpErKGk\test-project-smoke-test-fixed-worm-f18386c8\n> vite dev\n\n
standard starter - windows-latest - pnpm	Run smoke test	2025-09-17T04:34:43.4419581Z 2025-09-17T04:34:43.426Z rwsdk:smoke Testing pattern Local:\s*(?:\u001b\[\d+m)?(https?:\/\/localhost:\d+) against output: \n> @redwoodjs/starter-standard@1.0.0 dev C:\Users\RUNNER~1\AppData\Local\Temp\tmp-2308-PwpTFBpErKGk\test-project-smoke-test-fixed-worm-f18386c8\n> vite dev\n\n
standard starter - windows-latest - pnpm	Run smoke test	2025-09-17T04:34:43.4423511Z 2025-09-17T04:34:43.426Z rwsdk:smoke Testing pattern [➜→]\s*Local:\s*(?:\u001b\[\d+m)?(https?:\/\/localhost:\d+) against output: \n> @redwoodjs/starter-standard@1.0.0 dev C:\Users\RUNNER~1\AppData\Local\Temp\tmp-2308-PwpTFBpErKGk\test-project-smoke-test-fixed-worm-f18386c8\n> vite dev\n\n
standard starter - windows-latest - pnpm	Run smoke test	2025-09-17T04:34:43.4427233Z 2025-09-17T04:34:43.427Z rwsdk:smoke Testing pattern [\u27A1\u2192\u279C]\s*Local:\s*(?:\u001b\[\d+m)?(https?:\/\/localhost:\d+) against output: \n> @redwoodjs/starter-standard@1.0.0 dev C:\Users\RUNNER~1\AppData\Local\Temp\tmp-2308-PwpTFBpErKGk\test-project-smoke-test-fixed-worm-f18386c8\n> vite dev\n\n
standard starter - windows-latest - pnpm	Run smoke test	2025-09-17T04:34:43.4430412Z 2025-09-17T04:34:43.427Z rwsdk:smoke Testing pattern (https?:\/\/localhost:\d+) against output: \n> @redwoodjs/starter-standard@1.0.0 dev C:\Users\RUNNER~1\AppData\Local\Temp\tmp-2308-PwpTFBpErKGk\test-project-smoke-test-fixed-worm-f18386c8\n> vite dev\n\n
standard starter - windows-latest - pnpm	Run smoke test	2025-09-17T04:34:43.4433154Z 2025-09-17T04:34:43.427Z rwsdk:smoke Testing pattern localhost:(\d+) against output: \n> @redwoodjs/starter-standard@1.0.0 dev C:\Users\RUNNER~1\AppData\Local\Temp\tmp-2308-PwpTFBpErKGk\test-project-smoke-test-fixed-worm-f18386c8\n> vite dev\n\n
standard starter - windows-latest - pnpm	Run smoke test	2025-09-17T04:34:43.4436823Z 2025-09-17T04:34:43.427Z rwsdk:smoke Testing pattern server.*ready.*localhost:(\d+) against output: \n> @redwoodjs/starter-standard@1.0.0 dev C:\Users\RUNNER~1\AppData\Local\Temp\tmp-2308-PwpTFBpErKGk\test-project-smoke-test-fixed-worm-f18386c8\n> vite dev\n\n
standard starter - windows-latest - pnpm	Run smoke test	2025-09-17T04:34:43.4439889Z 2025-09-17T04:34:43.427Z rwsdk:smoke Testing pattern dev server.*localhost:(\d+) against output: \n> @redwoodjs/starter-standard@1.0.0 dev C:\Users\RUNNER~1\AppData\Local\Temp\tmp-2308-PwpTFBpErKGk\test-project-smoke-test-fixed-worm-f18386c8\n> vite dev\n\n
standard starter - windows-latest - pnpm	Run smoke test	2025-09-17T04:34:43.4442601Z 2025-09-17T04:34:43.427Z rwsdk:smoke Potential URL pattern found but not matched: > @redwoodjs/starter-standard@1.0.0 dev C:\Users\RUNNER~1\AppData\Local\Temp\tmp-2308-PwpTFBpErKGk\test-project-smoke-test-fixed-worm-f18386c8
standard starter - windows-latest - pnpm	Run smoke test	2025-09-17T04:34:43.4443912Z > vite dev
standard starter - windows-latest - pnpm	Run smoke test	2025-09-17T04:34:43.4445369Z 2025-09-17T04:34:43.427Z rwsdk:smoke Received output from stdout: \n> @redwoodjs/starter-standard@1.0.0 dev C:\Users\RUNNER~1\AppData\Local\Temp\tmp-2308-PwpTFBpErKGk\test-project-smoke-test-fixed-worm-f18386c8\n> vite dev\n\n
standard starter - windows-latest - pnpm	Run smoke test	2025-09-17T04:34:43.4448272Z 2025-09-17T04:34:43.427Z rwsdk:smoke Testing pattern Local:\s*(?:\u001b\[\d+m)?(https?:\/\/localhost:\d+) against output: \n> @redwoodjs/starter-standard@1.0.0 dev C:\Users\RUNNER~1\AppData\Local\Temp\tmp-2308-PwpTFBpErKGk\test-project-smoke-test-fixed-worm-f18386c8\n> vite dev\n\n
standard starter - windows-latest - pnpm	Run smoke test	2025-09-17T04:34:43.4451898Z 2025-09-17T04:34:43.428Z rwsdk:smoke Testing pattern [➜→]\s*Local:\s*(?:\u001b\[\d+m)?(https?:\/\/localhost:\d+) against output: \n> @redwoodjs/starter-standard@1.0.0 dev C:\Users\RUNNER~1\AppData\Local\Temp\tmp-2308-PwpTFBpErKGk\test-project-smoke-test-fixed-worm-f18386c8\n> vite dev\n\n
standard starter - windows-latest - pnpm	Run smoke test	2025-09-17T04:34:43.4455283Z 2025-09-17T04:34:43.428Z rwsdk:smoke Testing pattern [\u27A1\u2192\u279C]\s*Local:\s*(?:\u001b\[\d+m)?(https?:\/\/localhost:\d+) against output: \n> @redwoodjs/starter-standard@1.0.0 dev C:\Users\RUNNER~1\AppData\Local\Temp\tmp-2308-PwpTFBpErKGk\test-project-smoke-test-fixed-worm-f18386c8\n> vite dev\n\n
standard starter - windows-latest - pnpm	Run smoke test	2025-09-17T04:34:43.4458576Z 2025-09-17T04:34:43.428Z rwsdk:smoke Testing pattern (https?:\/\/localhost:\d+) against output: \n> @redwoodjs/starter-standard@1.0.0 dev C:\Users\RUNNER~1\AppData\Local\Temp\tmp-2308-PwpTFBpErKGk\test-project-smoke-test-fixed-worm-f18386c8\n> vite dev\n\n
standard starter - windows-latest - pnpm	Run smoke test	2025-09-17T04:34:43.4461705Z 2025-09-17T04:34:43.428Z rwsdk:smoke Testing pattern localhost:(\d+) against output: \n> @redwoodjs/starter-standard@1.0.0 dev C:\Users\RUNNER~1\AppData\Local\Temp\tmp-2308-PwpTFBpErKGk\test-project-smoke-test-fixed-worm-f18386c8\n> vite dev\n\n
standard starter - windows-latest - pnpm	Run smoke test	2025-09-17T04:34:43.4464523Z 2025-09-17T04:34:43.428Z rwsdk:smoke Testing pattern server.*ready.*localhost:(\d+) against output: \n> @redwoodjs/starter-standard@1.0.0 dev C:\Users\RUNNER~1\AppData\Local\Temp\tmp-2308-PwpTFBpErKGk\test-project-smoke-test-fixed-worm-f18386c8\n> vite dev\n\n
standard starter - windows-latest - pnpm	Run smoke test	2025-09-17T04:34:43.4479115Z 2025-09-17T04:34:43.428Z rwsdk:smoke Testing pattern dev server.*localhost:(\d+) against output: \n> @redwoodjs/starter-standard@1.0.0 dev C:\Users\RUNNER~1\AppData\Local\Temp\tmp-2308-PwpTFBpErKGk\test-project-smoke-test-fixed-worm-f18386c8\n> vite dev\n\n
standard starter - windows-latest - pnpm	Run smoke test	2025-09-17T04:34:43.4481874Z 2025-09-17T04:34:43.428Z rwsdk:smoke Potential URL pattern found but not matched: > @redwoodjs/starter-standard@1.0.0 dev C:\Users\RUNNER~1\AppData\Local\Temp\tmp-2308-PwpTFBpErKGk\test-project-smoke-test-fixed-worm-f18386c8
standard starter - windows-latest - pnpm	Run smoke test	2025-09-17T04:34:43.4483155Z > vite dev
standard starter - windows-latest - pnpm	Run smoke test	2025-09-17T04:34:43.4483322Z 
standard starter - windows-latest - pnpm	Run smoke test	2025-09-17T04:34:43.4484200Z > @redwoodjs/starter-standard@1.0.0 dev C:\Users\RUNNER~1\AppData\Local\Temp\tmp-2308-PwpTFBpErKGk\test-project-smoke-test-fixed-worm-f18386c8
standard starter - windows-latest - pnpm	Run smoke test	2025-09-17T04:34:43.4485121Z > vite dev
standard starter - windows-latest - pnpm	Run smoke test	2025-09-17T04:34:43.4485294Z 
standard starter - windows-latest - pnpm	Run smoke test	2025-09-17T04:34:43.4485306Z 
standard starter - windows-latest - pnpm	Run smoke test	2025-09-17T04:34:43.5600311Z 2025-09-17T04:34:43.545Z rwsdk:smoke Checking accumulated output for URL patterns: \n> @redwoodjs/starter-standard@1.0.0 dev C:\Users\RUNNER~1\AppData\Local\Temp\tmp-2308-PwpTFBpErKGk\test-project-smoke-test-fixed-worm-f18386c8\n> vite dev\n\n\n> @redwoodjs/starter-standard@1.0.0 dev C:\Users\RUNNER~1\AppData\Local\Temp\tmp-2308-PwpTFBpErKGk\test-project-smoke-test-fixed-worm-f18386c8\n> vite dev\n\n
standard starter - windows-latest - pnpm	Run smoke test	2025-09-17T04:34:44.0751654Z 2025-09-17T04:34:44.060Z rwsdk:smoke Checking accumulated output for URL patterns: \n> @redwoodjs/starter-standard@1.0.0 dev C:\Users\RUNNER~1\AppData\Local\Temp\tmp-2308-PwpTFBpErKGk\test-project-smoke-test-fixed-worm-f18386c8\n> vite dev\n\n\n> @redwoodjs/starter-standard@1.0.0 dev C:\Users\RUNNER~1\AppData\Local\Temp\tmp-2308-PwpTFBpErKGk\test-project-smoke-test-fixed-worm-f18386c8\n> vite dev\n\n
standard starter - windows-latest - pnpm	Run smoke test	2025-09-17T04:34:44.5753440Z 2025-09-17T04:34:44.560Z rwsdk:smoke Checking accumulated output for URL patterns: \n> @redwoodjs/starter-standard@1.0.0 dev C:\Users\RUNNER~1\AppData\Local\Temp\tmp-2308-PwpTFBpErKGk\test-project-smoke-test-fixed-worm-f18386c8\n> vite dev\n\n\n> @redwoodjs/starter-standard@1.0.0 dev C:\Users\RUNNER~1\AppData\Local\Temp\tmp-2308-PwpTFBpErKGk\test-project-smoke-test-fixed-worm-f18386c8\n> vite dev\n\n
standard starter - windows-latest - pnpm	Run smoke test	2025-09-17T04:34:45.0911434Z 2025-09-17T04:34:45.076Z rwsdk:smoke Checking accumulated output for URL patterns: \n> @redwoodjs/starter-standard@1.0.0 dev C:\Users\RUNNER~1\AppData\Local\Temp\tmp-2308-PwpTFBpErKGk\test-project-smoke-test-fixed-worm-f18386c8\n> vite dev\n\n\n> @redwoodjs/starter-standard@1.0.0 dev C:\Users\RUNNER~1\AppData\Local\Temp\tmp-2308-PwpTFBpErKGk\test-project-smoke-test-fixed-worm-f18386c8\n> vite dev\n\n
standard starter - windows-latest - pnpm	Run smoke test	2025-09-17T04:34:45.3114418Z 🚀 Project has no .wrangler directory yet, assuming fresh install: running `npm run dev:init`...
standard starter - windows-latest - pnpm	Run smoke test	2025-09-17T04:34:45.3115035Z 
standard starter - windows-latest - pnpm	Run smoke test	2025-09-17T04:34:45.3115837Z 2025-09-17T04:34:45.296Z rwsdk:smoke Received output from all: 🚀 Project has no .wrangler directory yet, assuming fresh install: running `npm run dev:init`...\n
standard starter - windows-latest - pnpm	Run smoke test	2025-09-17T04:34:45.3117701Z 2025-09-17T04:34:45.297Z rwsdk:smoke Testing pattern Local:\s*(?:\u001b\[\d+m)?(https?:\/\/localhost:\d+) against output: 🚀 Project has no .wrangler directory yet, assuming fresh install: running `npm run dev:init`...\n
standard starter - windows-latest - pnpm	Run smoke test	2025-09-17T04:34:45.3119670Z 2025-09-17T04:34:45.297Z rwsdk:smoke Testing pattern [➜→]\s*Local:\s*(?:\u001b\[\d+m)?(https?:\/\/localhost:\d+) against output: 🚀 Project has no .wrangler directory yet, assuming fresh install: running `npm run dev:init`...\n
standard starter - windows-latest - pnpm	Run smoke test	2025-09-17T04:34:45.3121900Z 2025-09-17T04:34:45.297Z rwsdk:smoke Testing pattern [\u27A1\u2192\u279C]\s*Local:\s*(?:\u001b\[\d+m)?(https?:\/\/localhost:\d+) against output: 🚀 Project has no .wrangler directory yet, assuming fresh install: running `npm run dev:init`...\n
standard starter - windows-latest - pnpm	Run smoke test	2025-09-17T04:34:45.3123946Z 2025-09-17T04:34:45.297Z rwsdk:smoke Testing pattern (https?:\/\/localhost:\d+) against output: 🚀 Project has no .wrangler directory yet, assuming fresh install: running `npm run dev:init`...\n
standard starter - windows-latest - pnpm	Run smoke test	2025-09-17T04:34:45.3125836Z 2025-09-17T04:34:45.297Z rwsdk:smoke Testing pattern localhost:(\d+) against output: 🚀 Project has no .wrangler directory yet, assuming fresh install: running `npm run dev:init`...\n
standard starter - windows-latest - pnpm	Run smoke test	2025-09-17T04:34:45.3128165Z 2025-09-17T04:34:45.297Z rwsdk:smoke Testing pattern server.*ready.*localhost:(\d+) against output: 🚀 Project has no .wrangler directory yet, assuming fresh install: running `npm run dev:init`...\n
standard starter - windows-latest - pnpm	Run smoke test	2025-09-17T04:34:45.3130626Z 2025-09-17T04:34:45.298Z rwsdk:smoke Testing pattern dev server.*localhost:(\d+) against output: 🚀 Project has no .wrangler directory yet, assuming fresh install: running `npm run dev:init`...\n
standard starter - windows-latest - pnpm	Run smoke test	2025-09-17T04:34:45.3132327Z 🚀 Project has no .wrangler directory yet, assuming fresh install: running `npm run dev:init`...
standard starter - windows-latest - pnpm	Run smoke test	2025-09-17T04:34:45.3135956Z 2025-09-17T04:34:45.298Z rwsdk:smoke Received output from stdout: 🚀 Project has no .wrangler directory yet, assuming fresh install: running `npm run dev:init`...\n
standard starter - windows-latest - pnpm	Run smoke test	2025-09-17T04:34:45.3136852Z 
standard starter - windows-latest - pnpm	Run smoke test	2025-09-17T04:34:45.3138332Z 2025-09-17T04:34:45.298Z rwsdk:smoke Testing pattern Local:\s*(?:\u001b\[\d+m)?(https?:\/\/localhost:\d+) against output: 🚀 Project has no .wrangler directory yet, assuming fresh install: running `npm run dev:init`...\n
standard starter - windows-latest - pnpm	Run smoke test	2025-09-17T04:34:45.3140953Z 2025-09-17T04:34:45.298Z rwsdk:smoke Testing pattern [➜→]\s*Local:\s*(?:\u001b\[\d+m)?(https?:\/\/localhost:\d+) against output: 🚀 Project has no .wrangler directory yet, assuming fresh install: running `npm run dev:init`...\n
standard starter - windows-latest - pnpm	Run smoke test	2025-09-17T04:34:45.3143646Z 2025-09-17T04:34:45.298Z rwsdk:smoke Testing pattern [\u27A1\u2192\u279C]\s*Local:\s*(?:\u001b\[\d+m)?(https?:\/\/localhost:\d+) against output: 🚀 Project has no .wrangler directory yet, assuming fresh install: running `npm run dev:init`...\n
standard starter - windows-latest - pnpm	Run smoke test	2025-09-17T04:34:45.3146158Z 2025-09-17T04:34:45.298Z rwsdk:smoke Testing pattern (https?:\/\/localhost:\d+) against output: 🚀 Project has no .wrangler directory yet, assuming fresh install: running `npm run dev:init`...\n
standard starter - windows-latest - pnpm	Run smoke test	2025-09-17T04:34:45.3148373Z 2025-09-17T04:34:45.298Z rwsdk:smoke Testing pattern localhost:(\d+) against output: 🚀 Project has no .wrangler directory yet, assuming fresh install: running `npm run dev:init`...\n
standard starter - windows-latest - pnpm	Run smoke test	2025-09-17T04:34:45.3150663Z 2025-09-17T04:34:45.298Z rwsdk:smoke Testing pattern server.*ready.*localhost:(\d+) against output: 🚀 Project has no .wrangler directory yet, assuming fresh install: running `npm run dev:init`...\n
standard starter - windows-latest - pnpm	Run smoke test	2025-09-17T04:34:45.3153015Z 2025-09-17T04:34:45.298Z rwsdk:smoke Testing pattern dev server.*localhost:(\d+) against output: 🚀 Project has no .wrangler directory yet, assuming fresh install: running `npm run dev:init`...\n
standard starter - windows-latest - pnpm	Run smoke test	2025-09-17T04:34:45.5937462Z 2025-09-17T04:34:45.578Z rwsdk:smoke Checking accumulated output for URL patterns: \n> @redwoodjs/starter-standard@1.0.0 dev C:\Users\RUNNER~1\AppData\Local\Temp\tmp-2308-PwpTFBpErKGk\test-project-smoke-test-fixed-worm-f18386c8\n> vite dev\n\n\n> @redwoodjs/starter-standard@1.0.0 dev C:\Users\RUNNER~1\AppData\Local\Temp\tmp-2308-PwpTFBpErKGk\test-project-smoke-test-fixed-worm-f18386c8\n> vite dev\n\n🚀 Project has no .wrangler directory yet, assuming fresh install: running `npm run dev:init`...\n🚀 Project has no .wrangler directory yet, assuming fresh install: running `npm run dev:init`...\n
standard starter - windows-latest - pnpm	Run smoke test	2025-09-17T04:34:45.6033332Z 
standard starter - windows-latest - pnpm	Run smoke test	2025-09-17T04:34:45.6033910Z > @redwoodjs/starter-standard@1.0.0 dev:init
standard starter - windows-latest - pnpm	Run smoke test	2025-09-17T04:34:45.6035191Z > rw-scripts dev-init
standard starter - windows-latest - pnpm	Run smoke test	2025-09-17T04:34:45.6035440Z 
standard starter - windows-latest - pnpm	Run smoke test	2025-09-17T04:34:45.6035452Z 
standard starter - windows-latest - pnpm	Run smoke test	2025-09-17T04:34:45.6036344Z 2025-09-17T04:34:45.588Z rwsdk:smoke Received output from all: \n> @redwoodjs/starter-standard@1.0.0 dev:init\n> rw-scripts dev-init\n\n
standard starter - windows-latest - pnpm	Run smoke test	2025-09-17T04:34:45.6038259Z 2025-09-17T04:34:45.588Z rwsdk:smoke Testing pattern Local:\s*(?:\u001b\[\d+m)?(https?:\/\/localhost:\d+) against output: \n> @redwoodjs/starter-standard@1.0.0 dev:init\n> rw-scripts dev-init\n\n
standard starter - windows-latest - pnpm	Run smoke test	2025-09-17T04:34:45.6040719Z 2025-09-17T04:34:45.588Z rwsdk:smoke Testing pattern [➜→]\s*Local:\s*(?:\u001b\[\d+m)?(https?:\/\/localhost:\d+) against output: \n> @redwoodjs/starter-standard@1.0.0 dev:init\n> rw-scripts dev-init\n\n
standard starter - windows-latest - pnpm	Run smoke test	2025-09-17T04:34:45.6042591Z 2025-09-17T04:34:45.589Z rwsdk:smoke Testing pattern [\u27A1\u2192\u279C]\s*Local:\s*(?:\u001b\[\d+m)?(https?:\/\/localhost:\d+) against output: \n> @redwoodjs/starter-standard@1.0.0 dev:init\n> rw-scripts dev-init\n\n
standard starter - windows-latest - pnpm	Run smoke test	2025-09-17T04:34:45.6044403Z 2025-09-17T04:34:45.589Z rwsdk:smoke Testing pattern (https?:\/\/localhost:\d+) against output: \n> @redwoodjs/starter-standard@1.0.0 dev:init\n> rw-scripts dev-init\n\n
standard starter - windows-latest - pnpm	Run smoke test	2025-09-17T04:34:45.6045669Z 2025-09-17T04:34:45.589Z rwsdk:smoke Testing pattern localhost:(\d+) against output: \n> @redwoodjs/starter-standard@1.0.0 dev:init\n> rw-scripts dev-init\n\n
standard starter - windows-latest - pnpm	Run smoke test	2025-09-17T04:34:45.6046728Z 2025-09-17T04:34:45.589Z rwsdk:smoke Testing pattern server.*ready.*localhost:(\d+) against output: \n> @redwoodjs/starter-standard@1.0.0 dev:init\n> rw-scripts dev-init\n\n
standard starter - windows-latest - pnpm	Run smoke test	2025-09-17T04:34:45.6047784Z 2025-09-17T04:34:45.589Z rwsdk:smoke Testing pattern dev server.*localhost:(\d+) against output: \n> @redwoodjs/starter-standard@1.0.0 dev:init\n> rw-scripts dev-init\n\n
standard starter - windows-latest - pnpm	Run smoke test	2025-09-17T04:34:45.6048730Z 2025-09-17T04:34:45.589Z rwsdk:smoke Received output from stdout: \n> @redwoodjs/starter-standard@1.0.0 dev:init\n> rw-scripts dev-init\n\n
standard starter - windows-latest - pnpm	Run smoke test	2025-09-17T04:34:45.6049778Z 2025-09-17T04:34:45.589Z rwsdk:smoke Testing pattern Local:\s*(?:\u001b\[\d+m)?(https?:\/\/localhost:\d+) against output: \n> @redwoodjs/starter-standard@1.0.0 dev:init\n> rw-scripts dev-init\n\n
standard starter - windows-latest - pnpm	Run smoke test	2025-09-17T04:34:45.6051148Z 2025-09-17T04:34:45.589Z rwsdk:smoke Testing pattern [➜→]\s*Local:\s*(?:\u001b\[\d+m)?(https?:\/\/localhost:\d+) against output: \n> @redwoodjs/starter-standard@1.0.0 dev:init\n> rw-scripts dev-init\n\n
standard starter - windows-latest - pnpm	Run smoke test	2025-09-17T04:34:45.6052366Z 2025-09-17T04:34:45.589Z rwsdk:smoke Testing pattern [\u27A1\u2192\u279C]\s*Local:\s*(?:\u001b\[\d+m)?(https?:\/\/localhost:\d+) against output: \n> @redwoodjs/starter-standard@1.0.0 dev:init\n> rw-scripts dev-init\n\n
standard starter - windows-latest - pnpm	Run smoke test	2025-09-17T04:34:45.6053525Z 2025-09-17T04:34:45.589Z rwsdk:smoke Testing pattern (https?:\/\/localhost:\d+) against output: \n> @redwoodjs/starter-standard@1.0.0 dev:init\n> rw-scripts dev-init\n\n
standard starter - windows-latest - pnpm	Run smoke test	2025-09-17T04:34:45.6054571Z 2025-09-17T04:34:45.589Z rwsdk:smoke Testing pattern localhost:(\d+) against output: \n> @redwoodjs/starter-standard@1.0.0 dev:init\n> rw-scripts dev-init\n\n
standard starter - windows-latest - pnpm	Run smoke test	2025-09-17T04:34:45.6055626Z 2025-09-17T04:34:45.589Z rwsdk:smoke Testing pattern server.*ready.*localhost:(\d+) against output: \n> @redwoodjs/starter-standard@1.0.0 dev:init\n> rw-scripts dev-init\n\n
standard starter - windows-latest - pnpm	Run smoke test	2025-09-17T04:34:45.6056729Z 2025-09-17T04:34:45.589Z rwsdk:smoke Testing pattern dev server.*localhost:(\d+) against output: \n> @redwoodjs/starter-standard@1.0.0 dev:init\n> rw-scripts dev-init\n\n
standard starter - windows-latest - pnpm	Run smoke test	2025-09-17T04:34:45.6057249Z 
standard starter - windows-latest - pnpm	Run smoke test	2025-09-17T04:34:45.6057395Z > @redwoodjs/starter-standard@1.0.0 dev:init
standard starter - windows-latest - pnpm	Run smoke test	2025-09-17T04:34:45.6057672Z > rw-scripts dev-init
standard starter - windows-latest - pnpm	Run smoke test	2025-09-17T04:34:45.6057794Z 
standard starter - windows-latest - pnpm	Run smoke test	2025-09-17T04:34:45.6057800Z 
standard starter - windows-latest - pnpm	Run smoke test	2025-09-17T04:34:46.1093603Z 2025-09-17T04:34:46.094Z rwsdk:smoke Checking accumulated output for URL patterns: \n> @redwoodjs/starter-standard@1.0.0 dev C:\Users\RUNNER~1\AppData\Local\Temp\tmp-2308-PwpTFBpErKGk\test-project-smoke-test-fixed-worm-f18386c8\n> vite dev\n\n\n> @redwoodjs/starter-standard@1.0.0 dev C:\Users\RUNNER~1\AppData\Local\Temp\tmp-2308-PwpTFBpErKGk\test-project-smoke-test-fixed-worm-f18386c8\n> vite dev\n\n🚀 Project has no .wrangler directory yet, assuming fresh install: running `npm run dev:init`...\n🚀 Project has no .wrangler directory yet, assuming fresh install: running `npm run dev:init`...\n\n> @redwoodjs/starter-standard@1.0.0 dev:init\n> rw-scripts dev-init\n\n\n> @redwoodjs/starter-standard@1.0.0 dev:init\n> rw-scripts dev-init\n\n
standard starter - windows-latest - pnpm	Run smoke test	2025-09-17T04:34:46.6093552Z 2025-09-17T04:34:46.594Z rwsdk:smoke Checking accumulated output for URL patterns: \n> @redwoodjs/starter-standard@1.0.0 dev C:\Users\RUNNER~1\AppData\Local\Temp\tmp-2308-PwpTFBpErKGk\test-project-smoke-test-fixed-worm-f18386c8\n> vite dev\n\n\n> @redwoodjs/starter-standard@1.0.0 dev C:\Users\RUNNER~1\AppData\Local\Temp\tmp-2308-PwpTFBpErKGk\test-project-smoke-test-fixed-worm-f18386c8\n> vite dev\n\n🚀 Project has no .wrangler directory yet, assuming fresh install: running `npm run dev:init`...\n🚀 Project has no .wrangler directory yet, assuming fresh install: running `npm run dev:init`...\n\n> @redwoodjs/starter-standard@1.0.0 dev:init\n> rw-scripts dev-init\n\n\n> @redwoodjs/starter-standard@1.0.0 dev:init\n> rw-scripts dev-init\n\n
standard starter - windows-latest - pnpm	Run smoke test	2025-09-17T04:34:47.1103773Z 2025-09-17T04:34:47.095Z rwsdk:smoke Checking accumulated output for URL patterns: \n> @redwoodjs/starter-standard@1.0.0 dev C:\Users\RUNNER~1\AppData\Local\Temp\tmp-2308-PwpTFBpErKGk\test-project-smoke-test-fixed-worm-f18386c8\n> vite dev\n\n\n> @redwoodjs/starter-standard@1.0.0 dev C:\Users\RUNNER~1\AppData\Local\Temp\tmp-2308-PwpTFBpErKGk\test-project-smoke-test-fixed-worm-f18386c8\n> vite dev\n\n🚀 Project has no .wrangler directory yet, assuming fresh install: running `npm run dev:init`...\n🚀 Project has no .wrangler directory yet, assuming fresh install: running `npm run dev:init`...\n\n> @redwoodjs/starter-standard@1.0.0 dev:init\n> rw-scripts dev-init\n\n\n> @redwoodjs/starter-standard@1.0.0 dev:init\n> rw-scripts dev-init\n\n
standard starter - windows-latest - pnpm	Run smoke test	2025-09-17T04:34:47.2221900Z 
standard starter - windows-latest - pnpm	Run smoke test	2025-09-17T04:34:47.2223318Z 🔍 Scanning for 'use client' and 'use server' directives...
standard starter - windows-latest - pnpm	Run smoke test	2025-09-17T04:34:47.2223878Z 
standard starter - windows-latest - pnpm	Run smoke test	2025-09-17T04:34:47.2224912Z 2025-09-17T04:34:47.207Z rwsdk:smoke Received output from all: \n🔍 Scanning for 'use client' and 'use server' directives...\n
standard starter - windows-latest - pnpm	Run smoke test	2025-09-17T04:34:47.2226728Z 2025-09-17T04:34:47.207Z rwsdk:smoke Testing pattern Local:\s*(?:\u001b\[\d+m)?(https?:\/\/localhost:\d+) against output: \n🔍 Scanning for 'use client' and 'use server' directives...\n
standard starter - windows-latest - pnpm	Run smoke test	2025-09-17T04:34:47.2228770Z 2025-09-17T04:34:47.207Z rwsdk:smoke Testing pattern [➜→]\s*Local:\s*(?:\u001b\[\d+m)?(https?:\/\/localhost:\d+) against output: \n🔍 Scanning for 'use client' and 'use server' directives...\n
standard starter - windows-latest - pnpm	Run smoke test	2025-09-17T04:34:47.2230928Z 2025-09-17T04:34:47.207Z rwsdk:smoke Testing pattern [\u27A1\u2192\u279C]\s*Local:\s*(?:\u001b\[\d+m)?(https?:\/\/localhost:\d+) against output: \n🔍 Scanning for 'use client' and 'use server' directives...\n
standard starter - windows-latest - pnpm	Run smoke test	2025-09-17T04:34:47.2232879Z 2025-09-17T04:34:47.207Z rwsdk:smoke Testing pattern (https?:\/\/localhost:\d+) against output: \n🔍 Scanning for 'use client' and 'use server' directives...\n
standard starter - windows-latest - pnpm	Run smoke test	2025-09-17T04:34:47.2234323Z 2025-09-17T04:34:47.207Z rwsdk:smoke Testing pattern localhost:(\d+) against output: \n🔍 Scanning for 'use client' and 'use server' directives...\n
standard starter - windows-latest - pnpm	Run smoke test	2025-09-17T04:34:47.2236518Z 2025-09-17T04:34:47.208Z rwsdk:smoke Testing pattern server.*ready.*localhost:(\d+) against output: \n🔍 Scanning for 'use client' and 'use server' directives...\n
standard starter - windows-latest - pnpm	Run smoke test	2025-09-17T04:34:47.2237697Z 2025-09-17T04:34:47.208Z rwsdk:smoke Testing pattern dev server.*localhost:(\d+) against output: \n🔍 Scanning for 'use client' and 'use server' directives...\n
standard starter - windows-latest - pnpm	Run smoke test	2025-09-17T04:34:47.2238743Z 2025-09-17T04:34:47.208Z rwsdk:smoke Potential URL pattern found but not matched: 🔍 Scanning for 'use client' and 'use server' directives...
standard starter - windows-latest - pnpm	Run smoke test	2025-09-17T04:34:47.2239701Z 2025-09-17T04:34:47.208Z rwsdk:smoke Received output from stdout: \n🔍 Scanning for 'use client' and 'use server' directives...\n
standard starter - windows-latest - pnpm	Run smoke test	2025-09-17T04:34:47.2240827Z 2025-09-17T04:34:47.208Z rwsdk:smoke Testing pattern Local:\s*(?:\u001b\[\d+m)?(https?:\/\/localhost:\d+) against output: \n🔍 Scanning for 'use client' and 'use server' directives...\n
standard starter - windows-latest - pnpm	Run smoke test	2025-09-17T04:34:47.2242238Z 2025-09-17T04:34:47.208Z rwsdk:smoke Testing pattern [➜→]\s*Local:\s*(?:\u001b\[\d+m)?(https?:\/\/localhost:\d+) against output: \n🔍 Scanning for 'use client' and 'use server' directives...\n
standard starter - windows-latest - pnpm	Run smoke test	2025-09-17T04:34:47.2242758Z 
standard starter - windows-latest - pnpm	Run smoke test	2025-09-17T04:34:47.2243010Z 🔍 Scanning for 'use client' and 'use server' directives...
standard starter - windows-latest - pnpm	Run smoke test	2025-09-17T04:34:47.2243244Z 
standard starter - windows-latest - pnpm	Run smoke test	2025-09-17T04:34:47.2244027Z 2025-09-17T04:34:47.208Z rwsdk:smoke Testing pattern [\u27A1\u2192\u279C]\s*Local:\s*(?:\u001b\[\d+m)?(https?:\/\/localhost:\d+) against output: \n🔍 Scanning for 'use client' and 'use server' directives...\n
standard starter - windows-latest - pnpm	Run smoke test	2025-09-17T04:34:47.2245191Z 2025-09-17T04:34:47.208Z rwsdk:smoke Testing pattern (https?:\/\/localhost:\d+) against output: \n🔍 Scanning for 'use client' and 'use server' directives...\n
standard starter - windows-latest - pnpm	Run smoke test	2025-09-17T04:34:47.2246360Z 2025-09-17T04:34:47.208Z rwsdk:smoke Testing pattern localhost:(\d+) against output: \n🔍 Scanning for 'use client' and 'use server' directives...\n
standard starter - windows-latest - pnpm	Run smoke test	2025-09-17T04:34:47.2247428Z 2025-09-17T04:34:47.208Z rwsdk:smoke Testing pattern server.*ready.*localhost:(\d+) against output: \n🔍 Scanning for 'use client' and 'use server' directives...\n
standard starter - windows-latest - pnpm	Run smoke test	2025-09-17T04:34:47.2248505Z 2025-09-17T04:34:47.208Z rwsdk:smoke Testing pattern dev server.*localhost:(\d+) against output: \n🔍 Scanning for 'use client' and 'use server' directives...\n
standard starter - windows-latest - pnpm	Run smoke test	2025-09-17T04:34:47.2249515Z 2025-09-17T04:34:47.208Z rwsdk:smoke Potential URL pattern found but not matched: 🔍 Scanning for 'use client' and 'use server' directives...
standard starter - windows-latest - pnpm	Run smoke test	2025-09-17T04:34:47.2263972Z ✅ Scan complete.
standard starter - windows-latest - pnpm	Run smoke test	2025-09-17T04:34:47.2264226Z 
standard starter - windows-latest - pnpm	Run smoke test	2025-09-17T04:34:47.2264878Z 2025-09-17T04:34:47.211Z rwsdk:smoke Received output from all: ✅ Scan complete.\n
standard starter - windows-latest - pnpm	Run smoke test	2025-09-17T04:34:47.2267795Z 2025-09-17T04:34:47.211Z rwsdk:smoke Testing pattern Local:\s*(?:\u001b\[\d+m)?(https?:\/\/localhost:\d+) against output: ✅ Scan complete.\n
standard starter - windows-latest - pnpm	Run smoke test	2025-09-17T04:34:47.2269971Z 2025-09-17T04:34:47.211Z rwsdk:smoke Testing pattern [➜→]\s*Local:\s*(?:\u001b\[\d+m)?(https?:\/\/localhost:\d+) against output: ✅ Scan complete.\n
standard starter - windows-latest - pnpm	Run smoke test	2025-09-17T04:34:47.2274899Z 2025-09-17T04:34:47.211Z rwsdk:smoke Testing pattern [\u27A1\u2192\u279C]\s*Local:\s*(?:\u001b\[\d+m)?(https?:\/\/localhost:\d+) against output: ✅ Scan complete.\n
standard starter - windows-latest - pnpm	Run smoke test	2025-09-17T04:34:47.2276629Z 2025-09-17T04:34:47.212Z rwsdk:smoke Testing pattern (https?:\/\/localhost:\d+) against output: ✅ Scan complete.\n
standard starter - windows-latest - pnpm	Run smoke test	2025-09-17T04:34:47.2278232Z 2025-09-17T04:34:47.212Z rwsdk:smoke Testing pattern localhost:(\d+) against output: ✅ Scan complete.\n
standard starter - windows-latest - pnpm	Run smoke test	2025-09-17T04:34:47.2279759Z 2025-09-17T04:34:47.212Z rwsdk:smoke Testing pattern server.*ready.*localhost:(\d+) against output: ✅ Scan complete.\n
standard starter - windows-latest - pnpm	Run smoke test	2025-09-17T04:34:47.2281209Z 2025-09-17T04:34:47.212Z rwsdk:smoke Testing pattern dev server.*localhost:(\d+) against output: ✅ Scan complete.\n
standard starter - windows-latest - pnpm	Run smoke test	2025-09-17T04:34:47.2282410Z 2025-09-17T04:34:47.212Z rwsdk:smoke Received output from stdout: ✅ Scan complete.\n
standard starter - windows-latest - pnpm	Run smoke test	2025-09-17T04:34:47.2283735Z 2025-09-17T04:34:47.212Z rwsdk:smoke Testing pattern Local:\s*(?:\u001b\[\d+m)?(https?:\/\/localhost:\d+) against output: ✅ Scan complete.\n
standard starter - windows-latest - pnpm	Run smoke test	2025-09-17T04:34:47.2284622Z ✅ Scan complete.
standard starter - windows-latest - pnpm	Run smoke test	2025-09-17T04:34:47.2284834Z 
standard starter - windows-latest - pnpm	Run smoke test	2025-09-17T04:34:47.2287820Z 2025-09-17T04:34:47.212Z rwsdk:smoke Testing pattern [➜→]\s*Local:\s*(?:\u001b\[\d+m)?(https?:\/\/localhost:\d+) against output: ✅ Scan complete.\n
standard starter - windows-latest - pnpm	Run smoke test	2025-09-17T04:34:47.2290017Z 2025-09-17T04:34:47.212Z rwsdk:smoke Testing pattern [\u27A1\u2192\u279C]\s*Local:\s*(?:\u001b\[\d+m)?(https?:\/\/localhost:\d+) against output: ✅ Scan complete.\n
standard starter - windows-latest - pnpm	Run smoke test	2025-09-17T04:34:47.2291697Z 2025-09-17T04:34:47.212Z rwsdk:smoke Testing pattern (https?:\/\/localhost:\d+) against output: ✅ Scan complete.\n
standard starter - windows-latest - pnpm	Run smoke test	2025-09-17T04:34:47.2294024Z 2025-09-17T04:34:47.212Z rwsdk:smoke Testing pattern localhost:(\d+) against output: ✅ Scan complete.\n
standard starter - windows-latest - pnpm	Run smoke test	2025-09-17T04:34:47.2296106Z 2025-09-17T04:34:47.212Z rwsdk:smoke Testing pattern server.*ready.*localhost:(\d+) against output: ✅ Scan complete.\n
standard starter - windows-latest - pnpm	Run smoke test	2025-09-17T04:34:47.2299072Z 2025-09-17T04:34:47.212Z rwsdk:smoke Testing pattern dev server.*localhost:(\d+) against output: ✅ Scan complete.\n
standard starter - windows-latest - pnpm	Run smoke test	2025-09-17T04:34:47.2303820Z 2025-09-17T04:34:47.214Z rwsdk:smoke Received output from all: file:///C:/Users/RUNNER%7E1/AppData/Local/Temp/tmp-2308-PwpTFBpErKGk/test-project-smoke-test-fixed-worm-f18386c8/node_modules/.pnpm/rwsdk@file+..+..+..+..+..+._3bb38cb4d9e593c67b9e24aa163543fe/node_modules/rwsdk/dist/vite/runDirectivesScan.mjs:236
standard starter - windows-latest - pnpm	Run smoke test	2025-09-17T04:34:47.2305969Z \n        throw new Error(`RWSDK directive scan failed:\n${e.stack}`);
standard starter - windows-latest - pnpm	Run smoke test	2025-09-17T04:34:47.2306471Z \n              ^
standard starter - windows-latest - pnpm	Run smoke test	2025-09-17T04:34:47.2306736Z \n
standard starter - windows-latest - pnpm	Run smoke test	2025-09-17T04:34:47.2307047Z \nError: RWSDK directive scan failed:
standard starter - windows-latest - pnpm	Run smoke test	2025-09-17T04:34:47.2308458Z \nError [ERR_UNSUPPORTED_ESM_URL_SCHEME]: Only URLs with a scheme in: file, data, and node are supported by the default ESM loader. On Windows, absolute paths must be valid file:// URLs. Received protocol 'c:'
standard starter - windows-latest - pnpm	Run smoke test	2025-09-17T04:34:47.2310130Z \n    at throwIfUnsupportedURLScheme (node:internal/modules/esm/load:184:11)
standard starter - windows-latest - pnpm	Run smoke test	2025-09-17T04:34:47.2310883Z \n    at defaultLoad (node:internal/modules/esm/load:82:3)
standard starter - windows-latest - pnpm	Run smoke test	2025-09-17T04:34:47.2311547Z \n    at ModuleLoader.load (node:internal/modules/esm/loader:801:12)
standard starter - windows-latest - pnpm	Run smoke test	2025-09-17T04:34:47.2312334Z \n    at ModuleLoader.loadAndTranslate (node:internal/modules/esm/loader:586:43)
standard starter - windows-latest - pnpm	Run smoke test	2025-09-17T04:34:47.2313085Z \n    at #createModuleJob (node:internal/modules/esm/loader:610:36)
standard starter - windows-latest - pnpm	Run smoke test	2025-09-17T04:34:47.2313821Z \n    at #getJobFromResolveResult (node:internal/modules/esm/loader:341:34)
standard starter - windows-latest - pnpm	Run smoke test	2025-09-17T04:34:47.2314697Z \n    at ModuleLoader.getModuleJobForImport (node:internal/modules/esm/loader:309:41)
standard starter - windows-latest - pnpm	Run smoke test	2025-09-17T04:34:47.2315627Z \n    at process.processTicksAndRejections (node:internal/process/task_queues:105:5)
standard starter - windows-latest - pnpm	Run smoke test	2025-09-17T04:34:47.2316559Z \n    at async onImport.tracePromise.__proto__ (node:internal/modules/esm/loader:650:25)
standard starter - windows-latest - pnpm	Run smoke test	2025-09-17T04:34:47.2318650Z \n    at runDirectivesScan (file:///C:/Users/RUNNER%7E1/AppData/Local/Temp/tmp-2308-PwpTFBpErKGk/test-project-smoke-test-fixed-worm-f18386c8/node_modules/.pnpm/rwsdk@file+..+..+..+..+..+._3bb38cb4d9e593c67b9e24aa163543fe/node_modules/rwsdk/dist/vite/runDirectivesScan.mjs:236:15)
standard starter - windows-latest - pnpm	Run smoke test	2025-09-17T04:34:47.2320554Z \n    at process.processTicksAndRejections (node:internal/process/task_queues:105:5)
standard starter - windows-latest - pnpm	Run smoke test	2025-09-17T04:34:47.2321141Z \n
standard starter - windows-latest - pnpm	Run smoke test	2025-09-17T04:34:47.2321400Z \nNode.js v22.19.0
standard starter - windows-latest - pnpm	Run smoke test	2025-09-17T04:34:47.2321653Z \n
standard starter - windows-latest - pnpm	Run smoke test	2025-09-17T04:34:47.2323860Z 2025-09-17T04:34:47.214Z rwsdk:smoke Testing pattern Local:\s*(?:\u001b\[\d+m)?(https?:\/\/localhost:\d+) against output: file:///C:/Users/RUNNER%7E1/AppData/Local/Temp/tmp-2308-PwpTFBpErKGk/test-project-smoke-test-fixed-worm-f18386c8/node_modules/.pnpm/rwsdk@file+..+..+..+..+..+._3bb38cb4d9e593c67b9e24aa163543fe/node_modules/rwsdk/dist/vite/runDirectivesScan.mjs:236
standard starter - windows-latest - pnpm	Run smoke test	2025-09-17T04:34:47.2325944Z \n        throw new Error(`RWSDK directive scan failed:\n${e.stack}`);
standard starter - windows-latest - pnpm	Run smoke test	2025-09-17T04:34:47.2326414Z \n              ^
standard starter - windows-latest - pnpm	Run smoke test	2025-09-17T04:34:47.2326665Z \n
standard starter - windows-latest - pnpm	Run smoke test	2025-09-17T04:34:47.2326989Z \nError: RWSDK directive scan failed:
standard starter - windows-latest - pnpm	Run smoke test	2025-09-17T04:34:47.2328379Z \nError [ERR_UNSUPPORTED_ESM_URL_SCHEME]: Only URLs with a scheme in: file, data, and node are supported by the default ESM loader. On Windows, absolute paths must be valid file:// URLs. Received protocol 'c:'
standard starter - windows-latest - pnpm	Run smoke test	2025-09-17T04:34:47.2329767Z \n    at throwIfUnsupportedURLScheme (node:internal/modules/esm/load:184:11)
standard starter - windows-latest - pnpm	Run smoke test	2025-09-17T04:34:47.2330498Z \n    at defaultLoad (node:internal/modules/esm/load:82:3)
standard starter - windows-latest - pnpm	Run smoke test	2025-09-17T04:34:47.2331168Z \n    at ModuleLoader.load (node:internal/modules/esm/loader:801:12)
standard starter - windows-latest - pnpm	Run smoke test	2025-09-17T04:34:47.2331973Z \n    at ModuleLoader.loadAndTranslate (node:internal/modules/esm/loader:586:43)
standard starter - windows-latest - pnpm	Run smoke test	2025-09-17T04:34:47.2332749Z \n    at #createModuleJob (node:internal/modules/esm/loader:610:36)
standard starter - windows-latest - pnpm	Run smoke test	2025-09-17T04:34:47.2333510Z \n    at #getJobFromResolveResult (node:internal/modules/esm/loader:341:34)
standard starter - windows-latest - pnpm	Run smoke test	2025-09-17T04:34:47.2334382Z \n    at ModuleLoader.getModuleJobForImport (node:internal/modules/esm/loader:309:41)
standard starter - windows-latest - pnpm	Run smoke test	2025-09-17T04:34:47.2335532Z \n    at process.processTicksAndRejections (node:internal/process/task_queues:105:5)
standard starter - windows-latest - pnpm	Run smoke test	2025-09-17T04:34:47.2336518Z \n    at async onImport.tracePromise.__proto__ (node:internal/modules/esm/loader:650:25)
standard starter - windows-latest - pnpm	Run smoke test	2025-09-17T04:34:47.2338783Z \n    at runDirectivesScan (file:///C:/Users/RUNNER%7E1/AppData/Local/Temp/tmp-2308-PwpTFBpErKGk/test-project-smoke-test-fixed-worm-f18386c8/node_modules/.pnpm/rwsdk@file+..+..+..+..+..+._3bb38cb4d9e593c67b9e24aa163543fe/node_modules/rwsdk/dist/vite/runDirectivesScan.mjs:236:15)
standard starter - windows-latest - pnpm	Run smoke test	2025-09-17T04:34:47.2340736Z \n    at process.processTicksAndRejections (node:internal/process/task_queues:105:5)
standard starter - windows-latest - pnpm	Run smoke test	2025-09-17T04:34:47.2341323Z \n
standard starter - windows-latest - pnpm	Run smoke test	2025-09-17T04:34:47.2341584Z \nNode.js v22.19.0
standard starter - windows-latest - pnpm	Run smoke test	2025-09-17T04:34:47.2341843Z \n
standard starter - windows-latest - pnpm	Run smoke test	2025-09-17T04:34:47.2343662Z file:///C:/Users/RUNNER%7E1/AppData/Local/Temp/tmp-2308-PwpTFBpErKGk/test-project-smoke-test-fixed-worm-f18386c8/node_modules/.pnpm/rwsdk@file+..+..+..+..+..+._3bb38cb4d9e593c67b9e24aa163543fe/node_modules/rwsdk/dist/vite/runDirectivesScan.mjs:236
standard starter - windows-latest - pnpm	Run smoke test	2025-09-17T04:34:47.2347483Z 2025-09-17T04:34:47.214Z rwsdk:smoke Testing pattern [➜→]\s*Local:\s*(?:\u001b\[\d+m)?(https?:\/\/localhost:\d+) against output: file:///C:/Users/RUNNER%7E1/AppData/Local/Temp/tmp-2308-PwpTFBpErKGk/test-project-smoke-test-fixed-worm-f18386c8/node_modules/.pnpm/rwsdk@file+..+..+..+..+..+._3bb38cb4d9e593c67b9e24aa163543fe/node_modules/rwsdk/dist/vite/runDirectivesScan.mjs:236
standard starter - windows-latest - pnpm	Run smoke test	2025-09-17T04:34:47.2348844Z \n        throw new Error(`RWSDK directive scan failed:\n${e.stack}`);
standard starter - windows-latest - pnpm	Run smoke test	2025-09-17T04:34:47.2349151Z \n              ^
standard starter - windows-latest - pnpm	Run smoke test	2025-09-17T04:34:47.2349324Z \n
standard starter - windows-latest - pnpm	Run smoke test	2025-09-17T04:34:47.2349524Z \nError: RWSDK directive scan failed:
standard starter - windows-latest - pnpm	Run smoke test	2025-09-17T04:34:47.2350386Z \nError [ERR_UNSUPPORTED_ESM_URL_SCHEME]: Only URLs with a scheme in: file, data, and node are supported by the default ESM loader. On Windows, absolute paths must be valid file:// URLs. Received protocol 'c:'
standard starter - windows-latest - pnpm	Run smoke test	2025-09-17T04:34:47.2351267Z \n    at throwIfUnsupportedURLScheme (node:internal/modules/esm/load:184:11)
standard starter - windows-latest - pnpm	Run smoke test	2025-09-17T04:34:47.2351731Z \n    at defaultLoad (node:internal/modules/esm/load:82:3)
standard starter - windows-latest - pnpm	Run smoke test	2025-09-17T04:34:47.2352426Z \n    at ModuleLoader.load (node:internal/modules/esm/loader:801:12)
standard starter - windows-latest - pnpm	Run smoke test	2025-09-17T04:34:47.2352982Z \n    at ModuleLoader.loadAndTranslate (node:internal/modules/esm/loader:586:43)
standard starter - windows-latest - pnpm	Run smoke test	2025-09-17T04:34:47.2353466Z \n    at #createModuleJob (node:internal/modules/esm/loader:610:36)
standard starter - windows-latest - pnpm	Run smoke test	2025-09-17T04:34:47.2353931Z \n    at #getJobFromResolveResult (node:internal/modules/esm/loader:341:34)
standard starter - windows-latest - pnpm	Run smoke test	2025-09-17T04:34:47.2354466Z \n    at ModuleLoader.getModuleJobForImport (node:internal/modules/esm/loader:309:41)
standard starter - windows-latest - pnpm	Run smoke test	2025-09-17T04:34:47.2355466Z \n    at process.processTicksAndRejections (node:internal/process/task_queues:105:5)
standard starter - windows-latest - pnpm	Run smoke test	2025-09-17T04:34:47.2356535Z \n    at async onImport.tracePromise.__proto__ (node:internal/modules/esm/loader:650:25)
standard starter - windows-latest - pnpm	Run smoke test	2025-09-17T04:34:47.2358995Z \n    at runDirectivesScan (file:///C:/Users/RUNNER%7E1/AppData/Local/Temp/tmp-2308-PwpTFBpErKGk/test-project-smoke-test-fixed-worm-f18386c8/node_modules/.pnpm/rwsdk@file+..+..+..+..+..+._3bb38cb4d9e593c67b9e24aa163543fe/node_modules/rwsdk/dist/vite/runDirectivesScan.mjs:236:15)
standard starter - windows-latest - pnpm	Run smoke test	2025-09-17T04:34:47.2361175Z \n    at process.processTicksAndRejections (node:internal/process/task_queues:105:5)
standard starter - windows-latest - pnpm	Run smoke test	2025-09-17T04:34:47.2361840Z \n
standard starter - windows-latest - pnpm	Run smoke test	2025-09-17T04:34:47.2362137Z \nNode.js v22.19.0
standard starter - windows-latest - pnpm	Run smoke test	2025-09-17T04:34:47.2362445Z \n
standard starter - windows-latest - pnpm	Run smoke test	2025-09-17T04:34:47.2365081Z 2025-09-17T04:34:47.214Z rwsdk:smoke Testing pattern [\u27A1\u2192\u279C]\s*Local:\s*(?:\u001b\[\d+m)?(https?:\/\/localhost:\d+) against output: file:///C:/Users/RUNNER%7E1/AppData/Local/Temp/tmp-2308-PwpTFBpErKGk/test-project-smoke-test-fixed-worm-f18386c8/node_modules/.pnpm/rwsdk@file+..+..+..+..+..+._3bb38cb4d9e593c67b9e24aa163543fe/node_modules/rwsdk/dist/vite/runDirectivesScan.mjs:236
standard starter - windows-latest - pnpm	Run smoke test	2025-09-17T04:34:47.2366522Z \n        throw new Error(`RWSDK directive scan failed:\n${e.stack}`);
standard starter - windows-latest - pnpm	Run smoke test	2025-09-17T04:34:47.2366826Z \n              ^
standard starter - windows-latest - pnpm	Run smoke test	2025-09-17T04:34:47.2366994Z \n
standard starter - windows-latest - pnpm	Run smoke test	2025-09-17T04:34:47.2367204Z \nError: RWSDK directive scan failed:
standard starter - windows-latest - pnpm	Run smoke test	2025-09-17T04:34:47.2368291Z \nError [ERR_UNSUPPORTED_ESM_URL_SCHEME]: Only URLs with a scheme in: file, data, and node are supported by the default ESM loader. On Windows, absolute paths must be valid file:// URLs. Received protocol 'c:'
standard starter - windows-latest - pnpm	Run smoke test	2025-09-17T04:34:47.2369171Z \n    at throwIfUnsupportedURLScheme (node:internal/modules/esm/load:184:11)
standard starter - windows-latest - pnpm	Run smoke test	2025-09-17T04:34:47.2369628Z \n    at defaultLoad (node:internal/modules/esm/load:82:3)
standard starter - windows-latest - pnpm	Run smoke test	2025-09-17T04:34:47.2370048Z \n    at ModuleLoader.load (node:internal/modules/esm/loader:801:12)
standard starter - windows-latest - pnpm	Run smoke test	2025-09-17T04:34:47.2370545Z \n    at ModuleLoader.loadAndTranslate (node:internal/modules/esm/loader:586:43)
standard starter - windows-latest - pnpm	Run smoke test	2025-09-17T04:34:47.2371025Z \n    at #createModuleJob (node:internal/modules/esm/loader:610:36)
standard starter - windows-latest - pnpm	Run smoke test	2025-09-17T04:34:47.2371594Z \n    at #getJobFromResolveResult (node:internal/modules/esm/loader:341:34)
standard starter - windows-latest - pnpm	Run smoke test	2025-09-17T04:34:47.2372137Z \n    at ModuleLoader.getModuleJobForImport (node:internal/modules/esm/loader:309:41)
standard starter - windows-latest - pnpm	Run smoke test	2025-09-17T04:34:47.2372718Z \n    at process.processTicksAndRejections (node:internal/process/task_queues:105:5)
standard starter - windows-latest - pnpm	Run smoke test	2025-09-17T04:34:47.2373306Z \n    at async onImport.tracePromise.__proto__ (node:internal/modules/esm/loader:650:25)
standard starter - windows-latest - pnpm	Run smoke test	2025-09-17T04:34:47.2374633Z \n    at runDirectivesScan (file:///C:/Users/RUNNER%7E1/AppData/Local/Temp/tmp-2308-PwpTFBpErKGk/test-project-smoke-test-fixed-worm-f18386c8/node_modules/.pnpm/rwsdk@file+..+..+..+..+..+._3bb38cb4d9e593c67b9e24aa163543fe/node_modules/rwsdk/dist/vite/runDirectivesScan.mjs:236:15)
standard starter - windows-latest - pnpm	Run smoke test	2025-09-17T04:34:47.2375836Z \n    at process.processTicksAndRejections (node:internal/process/task_queues:105:5)
standard starter - windows-latest - pnpm	Run smoke test	2025-09-17T04:34:47.2376198Z \n
standard starter - windows-latest - pnpm	Run smoke test	2025-09-17T04:34:47.2376369Z \nNode.js v22.19.0
standard starter - windows-latest - pnpm	Run smoke test	2025-09-17T04:34:47.2376629Z \n
standard starter - windows-latest - pnpm	Run smoke test	2025-09-17T04:34:47.2378087Z 2025-09-17T04:34:47.214Z rwsdk:smoke Testing pattern (https?:\/\/localhost:\d+) against output: file:///C:/Users/RUNNER%7E1/AppData/Local/Temp/tmp-2308-PwpTFBpErKGk/test-project-smoke-test-fixed-worm-f18386c8/node_modules/.pnpm/rwsdk@file+..+..+..+..+..+._3bb38cb4d9e593c67b9e24aa163543fe/node_modules/rwsdk/dist/vite/runDirectivesScan.mjs:236
standard starter - windows-latest - pnpm	Run smoke test	2025-09-17T04:34:47.2379355Z \n        throw new Error(`RWSDK directive scan failed:\n${e.stack}`);
standard starter - windows-latest - pnpm	Run smoke test	2025-09-17T04:34:47.2379672Z \n              ^
standard starter - windows-latest - pnpm	Run smoke test	2025-09-17T04:34:47.2379838Z \n
standard starter - windows-latest - pnpm	Run smoke test	2025-09-17T04:34:47.2380073Z \nError: RWSDK directive scan failed:
standard starter - windows-latest - pnpm	Run smoke test	2025-09-17T04:34:47.2381160Z \nError [ERR_UNSUPPORTED_ESM_URL_SCHEME]: Only URLs with a scheme in: file, data, and node are supported by the default ESM loader. On Windows, absolute paths must be valid file:// URLs. Received protocol 'c:'
standard starter - windows-latest - pnpm	Run smoke test	2025-09-17T04:34:47.2382027Z \n    at throwIfUnsupportedURLScheme (node:internal/modules/esm/load:184:11)
standard starter - windows-latest - pnpm	Run smoke test	2025-09-17T04:34:47.2382607Z \n    at defaultLoad (node:internal/modules/esm/load:82:3)
standard starter - windows-latest - pnpm	Run smoke test	2025-09-17T04:34:47.2383160Z \n    at ModuleLoader.load (node:internal/modules/esm/loader:801:12)
standard starter - windows-latest - pnpm	Run smoke test	2025-09-17T04:34:47.2383660Z \n    at ModuleLoader.loadAndTranslate (node:internal/modules/esm/loader:586:43)
standard starter - windows-latest - pnpm	Run smoke test	2025-09-17T04:34:47.2384133Z \n    at #createModuleJob (node:internal/modules/esm/loader:610:36)
standard starter - windows-latest - pnpm	Run smoke test	2025-09-17T04:34:47.2384602Z \n    at #getJobFromResolveResult (node:internal/modules/esm/loader:341:34)
standard starter - windows-latest - pnpm	Run smoke test	2025-09-17T04:34:47.2385140Z \n    at ModuleLoader.getModuleJobForImport (node:internal/modules/esm/loader:309:41)
standard starter - windows-latest - pnpm	Run smoke test	2025-09-17T04:34:47.2385719Z \n    at process.processTicksAndRejections (node:internal/process/task_queues:105:5)
standard starter - windows-latest - pnpm	Run smoke test	2025-09-17T04:34:47.2386285Z \n    at async onImport.tracePromise.__proto__ (node:internal/modules/esm/loader:650:25)
standard starter - windows-latest - pnpm	Run smoke test	2025-09-17T04:34:47.2387603Z \n    at runDirectivesScan (file:///C:/Users/RUNNER%7E1/AppData/Local/Temp/tmp-2308-PwpTFBpErKGk/test-project-smoke-test-fixed-worm-f18386c8/node_modules/.pnpm/rwsdk@file+..+..+..+..+..+._3bb38cb4d9e593c67b9e24aa163543fe/node_modules/rwsdk/dist/vite/runDirectivesScan.mjs:236:15)
standard starter - windows-latest - pnpm	Run smoke test	2025-09-17T04:34:47.2388774Z \n    at process.processTicksAndRejections (node:internal/process/task_queues:105:5)
standard starter - windows-latest - pnpm	Run smoke test	2025-09-17T04:34:47.2389129Z \n
standard starter - windows-latest - pnpm	Run smoke test	2025-09-17T04:34:47.2389290Z \nNode.js v22.19.0
standard starter - windows-latest - pnpm	Run smoke test	2025-09-17T04:34:47.2389576Z \n
standard starter - windows-latest - pnpm	Run smoke test	2025-09-17T04:34:47.2390862Z 2025-09-17T04:34:47.214Z rwsdk:smoke Testing pattern localhost:(\d+) against output: file:///C:/Users/RUNNER%7E1/AppData/Local/Temp/tmp-2308-PwpTFBpErKGk/test-project-smoke-test-fixed-worm-f18386c8/node_modules/.pnpm/rwsdk@file+..+..+..+..+..+._3bb38cb4d9e593c67b9e24aa163543fe/node_modules/rwsdk/dist/vite/runDirectivesScan.mjs:236
standard starter - windows-latest - pnpm	Run smoke test	2025-09-17T04:34:47.2392076Z \n        throw new Error(`RWSDK directive scan failed:\n${e.stack}`);
standard starter - windows-latest - pnpm	Run smoke test	2025-09-17T04:34:47.2392369Z \n              ^
standard starter - windows-latest - pnpm	Run smoke test	2025-09-17T04:34:47.2392529Z \n
standard starter - windows-latest - pnpm	Run smoke test	2025-09-17T04:34:47.2392717Z \nError: RWSDK directive scan failed:
standard starter - windows-latest - pnpm	Run smoke test	2025-09-17T04:34:47.2393553Z \nError [ERR_UNSUPPORTED_ESM_URL_SCHEME]: Only URLs with a scheme in: file, data, and node are supported by the default ESM loader. On Windows, absolute paths must be valid file:// URLs. Received protocol 'c:'
standard starter - windows-latest - pnpm	Run smoke test	2025-09-17T04:34:47.2394490Z \n    at throwIfUnsupportedURLScheme (node:internal/modules/esm/load:184:11)
standard starter - windows-latest - pnpm	Run smoke test	2025-09-17T04:34:47.2394934Z \n    at defaultLoad (node:internal/modules/esm/load:82:3)
standard starter - windows-latest - pnpm	Run smoke test	2025-09-17T04:34:47.2395349Z \n    at ModuleLoader.load (node:internal/modules/esm/loader:801:12)
standard starter - windows-latest - pnpm	Run smoke test	2025-09-17T04:34:47.2395998Z \n    at ModuleLoader.loadAndTranslate (node:internal/modules/esm/loader:586:43)
standard starter - windows-latest - pnpm	Run smoke test	2025-09-17T04:34:47.2396487Z \n    at #createModuleJob (node:internal/modules/esm/loader:610:36)
standard starter - windows-latest - pnpm	Run smoke test	2025-09-17T04:34:47.2396950Z \n    at #getJobFromResolveResult (node:internal/modules/esm/loader:341:34)
standard starter - windows-latest - pnpm	Run smoke test	2025-09-17T04:34:47.2397484Z \n    at ModuleLoader.getModuleJobForImport (node:internal/modules/esm/loader:309:41)
standard starter - windows-latest - pnpm	Run smoke test	2025-09-17T04:34:47.2398065Z \n    at process.processTicksAndRejections (node:internal/process/task_queues:105:5)
standard starter - windows-latest - pnpm	Run smoke test	2025-09-17T04:34:47.2398634Z \n    at async onImport.tracePromise.__proto__ (node:internal/modules/esm/loader:650:25)
standard starter - windows-latest - pnpm	Run smoke test	2025-09-17T04:34:47.2400217Z \n    at runDirectivesScan (file:///C:/Users/RUNNER%7E1/AppData/Local/Temp/tmp-2308-PwpTFBpErKGk/test-project-smoke-test-fixed-worm-f18386c8/node_modules/.pnpm/rwsdk@file+..+..+..+..+..+._3bb38cb4d9e593c67b9e24aa163543fe/node_modules/rwsdk/dist/vite/runDirectivesScan.mjs:236:15)
standard starter - windows-latest - pnpm	Run smoke test	2025-09-17T04:34:47.2401668Z \n    at process.processTicksAndRejections (node:internal/process/task_queues:105:5)
standard starter - windows-latest - pnpm	Run smoke test	2025-09-17T04:34:47.2402035Z \n
standard starter - windows-latest - pnpm	Run smoke test	2025-09-17T04:34:47.2402199Z \nNode.js v22.19.0
standard starter - windows-latest - pnpm	Run smoke test	2025-09-17T04:34:47.2402367Z \n
standard starter - windows-latest - pnpm	Run smoke test	2025-09-17T04:34:47.2403718Z 2025-09-17T04:34:47.214Z rwsdk:smoke Testing pattern server.*ready.*localhost:(\d+) against output: file:///C:/Users/RUNNER%7E1/AppData/Local/Temp/tmp-2308-PwpTFBpErKGk/test-project-smoke-test-fixed-worm-f18386c8/node_modules/.pnpm/rwsdk@file+..+..+..+..+..+._3bb38cb4d9e593c67b9e24aa163543fe/node_modules/rwsdk/dist/vite/runDirectivesScan.mjs:236
standard starter - windows-latest - pnpm	Run smoke test	2025-09-17T04:34:47.2405000Z \n        throw new Error(`RWSDK directive scan failed:\n${e.stack}`);
standard starter - windows-latest - pnpm	Run smoke test	2025-09-17T04:34:47.2405293Z \n              ^
standard starter - windows-latest - pnpm	Run smoke test	2025-09-17T04:34:47.2405458Z \n
standard starter - windows-latest - pnpm	Run smoke test	2025-09-17T04:34:47.2405662Z \nError: RWSDK directive scan failed:
standard starter - windows-latest - pnpm	Run smoke test	2025-09-17T04:34:47.2406519Z \nError [ERR_UNSUPPORTED_ESM_URL_SCHEME]: Only URLs with a scheme in: file, data, and node are supported by the default ESM loader. On Windows, absolute paths must be valid file:// URLs. Received protocol 'c:'
standard starter - windows-latest - pnpm	Run smoke test	2025-09-17T04:34:47.2407369Z \n    at throwIfUnsupportedURLScheme (node:internal/modules/esm/load:184:11)
standard starter - windows-latest - pnpm	Run smoke test	2025-09-17T04:34:47.2407818Z \n    at defaultLoad (node:internal/modules/esm/load:82:3)
standard starter - windows-latest - pnpm	Run smoke test	2025-09-17T04:34:47.2408224Z \n    at ModuleLoader.load (node:internal/modules/esm/loader:801:12)
standard starter - windows-latest - pnpm	Run smoke test	2025-09-17T04:34:47.2408715Z \n    at ModuleLoader.loadAndTranslate (node:internal/modules/esm/loader:586:43)
standard starter - windows-latest - pnpm	Run smoke test	2025-09-17T04:34:47.2409187Z \n    at #createModuleJob (node:internal/modules/esm/loader:610:36)
standard starter - windows-latest - pnpm	Run smoke test	2025-09-17T04:34:47.2409646Z \n    at #getJobFromResolveResult (node:internal/modules/esm/loader:341:34)
standard starter - windows-latest - pnpm	Run smoke test	2025-09-17T04:34:47.2410189Z \n    at ModuleLoader.getModuleJobForImport (node:internal/modules/esm/loader:309:41)
standard starter - windows-latest - pnpm	Run smoke test	2025-09-17T04:34:47.2410764Z \n    at process.processTicksAndRejections (node:internal/process/task_queues:105:5)
standard starter - windows-latest - pnpm	Run smoke test	2025-09-17T04:34:47.2411464Z \n    at async onImport.tracePromise.__proto__ (node:internal/modules/esm/loader:650:25)
standard starter - windows-latest - pnpm	Run smoke test	2025-09-17T04:34:47.2412802Z \n    at runDirectivesScan (file:///C:/Users/RUNNER%7E1/AppData/Local/Temp/tmp-2308-PwpTFBpErKGk/test-project-smoke-test-fixed-worm-f18386c8/node_modules/.pnpm/rwsdk@file+..+..+..+..+..+._3bb38cb4d9e593c67b9e24aa163543fe/node_modules/rwsdk/dist/vite/runDirectivesScan.mjs:236:15)
standard starter - windows-latest - pnpm	Run smoke test	2025-09-17T04:34:47.2414154Z \n    at process.processTicksAndRejections (node:internal/process/task_queues:105:5)
standard starter - windows-latest - pnpm	Run smoke test	2025-09-17T04:34:47.2414523Z \n
standard starter - windows-latest - pnpm	Run smoke test	2025-09-17T04:34:47.2414689Z \nNode.js v22.19.0
standard starter - windows-latest - pnpm	Run smoke test	2025-09-17T04:34:47.2414853Z \n
standard starter - windows-latest - pnpm	Run smoke test	2025-09-17T04:34:47.2416182Z 2025-09-17T04:34:47.214Z rwsdk:smoke Testing pattern dev server.*localhost:(\d+) against output: file:///C:/Users/RUNNER%7E1/AppData/Local/Temp/tmp-2308-PwpTFBpErKGk/test-project-smoke-test-fixed-worm-f18386c8/node_modules/.pnpm/rwsdk@file+..+..+..+..+..+._3bb38cb4d9e593c67b9e24aa163543fe/node_modules/rwsdk/dist/vite/runDirectivesScan.mjs:236
standard starter - windows-latest - pnpm	Run smoke test	2025-09-17T04:34:47.2417827Z \n        throw new Error(`RWSDK directive scan failed:\n${e.stack}`);
standard starter - windows-latest - pnpm	Run smoke test	2025-09-17T04:34:47.2418131Z \n              ^
standard starter - windows-latest - pnpm	Run smoke test	2025-09-17T04:34:47.2418298Z \n
standard starter - windows-latest - pnpm	Run smoke test	2025-09-17T04:34:47.2418495Z \nError: RWSDK directive scan failed:
standard starter - windows-latest - pnpm	Run smoke test	2025-09-17T04:34:47.2419346Z \nError [ERR_UNSUPPORTED_ESM_URL_SCHEME]: Only URLs with a scheme in: file, data, and node are supported by the default ESM loader. On Windows, absolute paths must be valid file:// URLs. Received protocol 'c:'
standard starter - windows-latest - pnpm	Run smoke test	2025-09-17T04:34:47.2420206Z \n    at throwIfUnsupportedURLScheme (node:internal/modules/esm/load:184:11)
standard starter - windows-latest - pnpm	Run smoke test	2025-09-17T04:34:47.2420654Z \n    at defaultLoad (node:internal/modules/esm/load:82:3)
standard starter - windows-latest - pnpm	Run smoke test	2025-09-17T04:34:47.2421057Z \n    at ModuleLoader.load (node:internal/modules/esm/loader:801:12)
standard starter - windows-latest - pnpm	Run smoke test	2025-09-17T04:34:47.2421544Z \n    at ModuleLoader.loadAndTranslate (node:internal/modules/esm/loader:586:43)
standard starter - windows-latest - pnpm	Run smoke test	2025-09-17T04:34:47.2422026Z \n    at #createModuleJob (node:internal/modules/esm/loader:610:36)
standard starter - windows-latest - pnpm	Run smoke test	2025-09-17T04:34:47.2422489Z \n    at #getJobFromResolveResult (node:internal/modules/esm/loader:341:34)
standard starter - windows-latest - pnpm	Run smoke test	2025-09-17T04:34:47.2423027Z \n    at ModuleLoader.getModuleJobForImport (node:internal/modules/esm/loader:309:41)
standard starter - windows-latest - pnpm	Run smoke test	2025-09-17T04:34:47.2423604Z \n    at process.processTicksAndRejections (node:internal/process/task_queues:105:5)
standard starter - windows-latest - pnpm	Run smoke test	2025-09-17T04:34:47.2424167Z \n    at async onImport.tracePromise.__proto__ (node:internal/modules/esm/loader:650:25)
standard starter - windows-latest - pnpm	Run smoke test	2025-09-17T04:34:47.2425494Z \n    at runDirectivesScan (file:///C:/Users/RUNNER%7E1/AppData/Local/Temp/tmp-2308-PwpTFBpErKGk/test-project-smoke-test-fixed-worm-f18386c8/node_modules/.pnpm/rwsdk@file+..+..+..+..+..+._3bb38cb4d9e593c67b9e24aa163543fe/node_modules/rwsdk/dist/vite/runDirectivesScan.mjs:236:15)
standard starter - windows-latest - pnpm	Run smoke test	2025-09-17T04:34:47.2426661Z \n    at process.processTicksAndRejections (node:internal/process/task_queues:105:5)
standard starter - windows-latest - pnpm	Run smoke test	2025-09-17T04:34:47.2427021Z \n
standard starter - windows-latest - pnpm	Run smoke test	2025-09-17T04:34:47.2427175Z \nNode.js v22.19.0
standard starter - windows-latest - pnpm	Run smoke test	2025-09-17T04:34:47.2427345Z \n
standard starter - windows-latest - pnpm	Run smoke test	2025-09-17T04:34:47.2428618Z 2025-09-17T04:34:47.214Z rwsdk:smoke Potential URL pattern found but not matched: file:///C:/Users/RUNNER%7E1/AppData/Local/Temp/tmp-2308-PwpTFBpErKGk/test-project-smoke-test-fixed-worm-f18386c8/node_modules/.pnpm/rwsdk@file+..+..+..+..+..+._3bb38cb4d9e593c67b9e24aa163543fe/node_modules/rwsdk/dist/vite/runDirectivesScan.mjs:236
standard starter - windows-latest - pnpm	Run smoke test	2025-09-17T04:34:47.2429809Z         throw new Error(`RWSDK directive scan failed:\n${e.stack}`);
standard starter - windows-latest - pnpm	Run smoke test	2025-09-17T04:34:47.2430101Z               ^
standard starter - windows-latest - pnpm	Run smoke test	2025-09-17T04:34:47.2430202Z 
standard starter - windows-latest - pnpm	Run smoke test	2025-09-17T04:34:47.2430322Z Error: RWSDK directive scan failed:
standard starter - windows-latest - pnpm	Run smoke test	2025-09-17T04:34:47.2431167Z Error [ERR_UNSUPPORTED_ESM_URL_SCHEME]: Only URLs with a scheme in: file, data, and node are supported by the default ESM loader. On Windows, absolute paths must be valid file:// URLs. Received protocol 'c:'
standard starter - windows-latest - pnpm	Run smoke test	2025-09-17T04:34:47.2431991Z     at throwIfUnsupportedURLScheme (node:internal/modules/esm/load:184:11)
standard starter - windows-latest - pnpm	Run smoke test	2025-09-17T04:34:47.2432413Z     at defaultLoad (node:internal/modules/esm/load:82:3)
standard starter - windows-latest - pnpm	Run smoke test	2025-09-17T04:34:47.2432778Z     at ModuleLoader.load (node:internal/modules/esm/loader:801:12)
standard starter - windows-latest - pnpm	Run smoke test	2025-09-17T04:34:47.2433325Z     at ModuleLoader.loadAndTranslate (node:internal/modules/esm/loader:586:43)
standard starter - windows-latest - pnpm	Run smoke test	2025-09-17T04:34:47.2433769Z     at #createModuleJob (node:internal/modules/esm/loader:610:36)
standard starter - windows-latest - pnpm	Run smoke test	2025-09-17T04:34:47.2434201Z     at #getJobFromResolveResult (node:internal/modules/esm/loader:341:34)
standard starter - windows-latest - pnpm	Run smoke test	2025-09-17T04:34:47.2434700Z     at ModuleLoader.getModuleJobForImport (node:internal/modules/esm/loader:309:41)
standard starter - windows-latest - pnpm	Run smoke test	2025-09-17T04:34:47.2435236Z     at process.processTicksAndRejections (node:internal/process/task_queues:105:5)
standard starter - windows-latest - pnpm	Run smoke test	2025-09-17T04:34:47.2435770Z     at async onImport.tracePromise.__proto__ (node:internal/modules/esm/loader:650:25)
standard starter - windows-latest - pnpm	Run smoke test	2025-09-17T04:34:47.2436991Z     at runDirectivesScan (file:///C:/Users/RUNNER%7E1/AppData/Local/Temp/tmp-2308-PwpTFBpErKGk/test-project-smoke-test-fixed-worm-f18386c8/node_modules/.pnpm/rwsdk@file+..+..+..+..+..+._3bb38cb4d9e593c67b9e24aa163543fe/node_modules/rwsdk/dist/vite/runDirectivesScan.mjs:236:15)
standard starter - windows-latest - pnpm	Run smoke test	2025-09-17T04:34:47.2438752Z     at process.processTicksAndRejections (node:internal/process/task_queues:105:5)
standard starter - windows-latest - pnpm	Run smoke test	2025-09-17T04:34:47.2439058Z 
standard starter - windows-latest - pnpm	Run smoke test	2025-09-17T04:34:47.2439139Z Node.js v22.19.0
standard starter - windows-latest - pnpm	Run smoke test	2025-09-17T04:34:47.2440426Z 2025-09-17T04:34:47.214Z rwsdk:smoke Received output from stderr: file:///C:/Users/RUNNER%7E1/AppData/Local/Temp/tmp-2308-PwpTFBpErKGk/test-project-smoke-test-fixed-worm-f18386c8/node_modules/.pnpm/rwsdk@file+..+..+..+..+..+._3bb38cb4d9e593c67b9e24aa163543fe/node_modules/rwsdk/dist/vite/runDirectivesScan.mjs:236
standard starter - windows-latest - pnpm	Run smoke test	2025-09-17T04:34:47.2441615Z \n        throw new Error(`RWSDK directive scan failed:\n${e.stack}`);
standard starter - windows-latest - pnpm	Run smoke test	2025-09-17T04:34:47.2441907Z \n              ^
standard starter - windows-latest - pnpm	Run smoke test	2025-09-17T04:34:47.2442076Z \n
standard starter - windows-latest - pnpm	Run smoke test	2025-09-17T04:34:47.2442280Z \nError: RWSDK directive scan failed:
standard starter - windows-latest - pnpm	Run smoke test	2025-09-17T04:34:47.2443129Z \nError [ERR_UNSUPPORTED_ESM_URL_SCHEME]: Only URLs with a scheme in: file, data, and node are supported by the default ESM loader. On Windows, absolute paths must be valid file:// URLs. Received protocol 'c:'
standard starter - windows-latest - pnpm	Run smoke test	2025-09-17T04:34:47.2443994Z \n    at throwIfUnsupportedURLScheme (node:internal/modules/esm/load:184:11)
standard starter - windows-latest - pnpm	Run smoke test	2025-09-17T04:34:47.2444445Z \n    at defaultLoad (node:internal/modules/esm/load:82:3)
standard starter - windows-latest - pnpm	Run smoke test	2025-09-17T04:34:47.2444854Z \n    at ModuleLoader.load (node:internal/modules/esm/loader:801:12)
standard starter - windows-latest - pnpm	Run smoke test	2025-09-17T04:34:47.2445341Z \n    at ModuleLoader.loadAndTranslate (node:internal/modules/esm/loader:586:43)
standard starter - windows-latest - pnpm	Run smoke test	2025-09-17T04:34:47.2445811Z \n    at #createModuleJob (node:internal/modules/esm/loader:610:36)
standard starter - windows-latest - pnpm	Run smoke test	2025-09-17T04:34:47.2446273Z \n    at #getJobFromResolveResult (node:internal/modules/esm/loader:341:34)
standard starter - windows-latest - pnpm	Run smoke test	2025-09-17T04:34:47.2446813Z \n    at ModuleLoader.getModuleJobForImport (node:internal/modules/esm/loader:309:41)
standard starter - windows-latest - pnpm	Run smoke test	2025-09-17T04:34:47.2447395Z \n    at process.processTicksAndRejections (node:internal/process/task_queues:105:5)
standard starter - windows-latest - pnpm	Run smoke test	2025-09-17T04:34:47.2447966Z \n    at async onImport.tracePromise.__proto__ (node:internal/modules/esm/loader:650:25)
standard starter - windows-latest - pnpm	Run smoke test	2025-09-17T04:34:47.2449608Z \n    at runDirectivesScan (file:///C:/Users/RUNNER%7E1/AppData/Local/Temp/tmp-2308-PwpTFBpErKGk/test-project-smoke-test-fixed-worm-f18386c8/node_modules/.pnpm/rwsdk@file+..+..+..+..+..+._3bb38cb4d9e593c67b9e24aa163543fe/node_modules/rwsdk/dist/vite/runDirectivesScan.mjs:236:15)
standard starter - windows-latest - pnpm	Run smoke test	2025-09-17T04:34:47.2450831Z \n    at process.processTicksAndRejections (node:internal/process/task_queues:105:5)
standard starter - windows-latest - pnpm	Run smoke test	2025-09-17T04:34:47.2451194Z \n
standard starter - windows-latest - pnpm	Run smoke test	2025-09-17T04:34:47.2451360Z \nNode.js v22.19.0
standard starter - windows-latest - pnpm	Run smoke test	2025-09-17T04:34:47.2451519Z \n
standard starter - windows-latest - pnpm	Run smoke test	2025-09-17T04:34:47.2452922Z 2025-09-17T04:34:47.215Z rwsdk:smoke Testing pattern Local:\s*(?:\u001b\[\d+m)?(https?:\/\/localhost:\d+) against output: file:///C:/Users/RUNNER%7E1/AppData/Local/Temp/tmp-2308-PwpTFBpErKGk/test-project-smoke-test-fixed-worm-f18386c8/node_modules/.pnpm/rwsdk@file+..+..+..+..+..+._3bb38cb4d9e593c67b9e24aa163543fe/node_modules/rwsdk/dist/vite/runDirectivesScan.mjs:236
standard starter - windows-latest - pnpm	Run smoke test	2025-09-17T04:34:47.2454233Z \n        throw new Error(`RWSDK directive scan failed:\n${e.stack}`);
standard starter - windows-latest - pnpm	Run smoke test	2025-09-17T04:34:47.2454532Z \n              ^
standard starter - windows-latest - pnpm	Run smoke test	2025-09-17T04:34:47.2454806Z \n
standard starter - windows-latest - pnpm	Run smoke test	2025-09-17T04:34:47.2455001Z \nError: RWSDK directive scan failed:
standard starter - windows-latest - pnpm	Run smoke test	2025-09-17T04:34:47.2455857Z \nError [ERR_UNSUPPORTED_ESM_URL_SCHEME]: Only URLs with a scheme in: file, data, and node are supported by the default ESM loader. On Windows, absolute paths must be valid file:// URLs. Received protocol 'c:'
standard starter - windows-latest - pnpm	Run smoke test	2025-09-17T04:34:47.2456714Z \n    at throwIfUnsupportedURLScheme (node:internal/modules/esm/load:184:11)
standard starter - windows-latest - pnpm	Run smoke test	2025-09-17T04:34:47.2457163Z \n    at defaultLoad (node:internal/modules/esm/load:82:3)
standard starter - windows-latest - pnpm	Run smoke test	2025-09-17T04:34:47.2457560Z \n    at ModuleLoader.load (node:internal/modules/esm/loader:801:12)
standard starter - windows-latest - pnpm	Run smoke test	2025-09-17T04:34:47.2458054Z \n    at ModuleLoader.loadAndTranslate (node:internal/modules/esm/loader:586:43)
standard starter - windows-latest - pnpm	Run smoke test	2025-09-17T04:34:47.2458537Z \n    at #createModuleJob (node:internal/modules/esm/loader:610:36)
standard starter - windows-latest - pnpm	Run smoke test	2025-09-17T04:34:47.2459070Z \n    at #getJobFromResolveResult (node:internal/modules/esm/loader:341:34)
standard starter - windows-latest - pnpm	Run smoke test	2025-09-17T04:34:47.2459609Z \n    at ModuleLoader.getModuleJobForImport (node:internal/modules/esm/loader:309:41)
standard starter - windows-latest - pnpm	Run smoke test	2025-09-17T04:34:47.2460191Z \n    at process.processTicksAndRejections (node:internal/process/task_queues:105:5)
standard starter - windows-latest - pnpm	Run smoke test	2025-09-17T04:34:47.2460764Z \n    at async onImport.tracePromise.__proto__ (node:internal/modules/esm/loader:650:25)
standard starter - windows-latest - pnpm	Run smoke test	2025-09-17T04:34:47.2462263Z \n    at runDirectivesScan (file:///C:/Users/RUNNER%7E1/AppData/Local/Temp/tmp-2308-PwpTFBpErKGk/test-project-smoke-test-fixed-worm-f18386c8/node_modules/.pnpm/rwsdk@file+..+..+..+..+..+._3bb38cb4d9e593c67b9e24aa163543fe/node_modules/rwsdk/dist/vite/runDirectivesScan.mjs:236:15)
standard starter - windows-latest - pnpm	Run smoke test	2025-09-17T04:34:47.2463457Z \n    at process.processTicksAndRejections (node:internal/process/task_queues:105:5)
standard starter - windows-latest - pnpm	Run smoke test	2025-09-17T04:34:47.2463815Z \n
standard starter - windows-latest - pnpm	Run smoke test	2025-09-17T04:34:47.2463973Z \nNode.js v22.19.0
standard starter - windows-latest - pnpm	Run smoke test	2025-09-17T04:34:47.2464149Z \n
standard starter - windows-latest - pnpm	Run smoke test	2025-09-17T04:34:47.2466162Z 2025-09-17T04:34:47.215Z rwsdk:smoke Testing pattern [➜→]\s*Local:\s*(?:\u001b\[\d+m)?(https?:\/\/localhost:\d+) against output: file:///C:/Users/RUNNER%7E1/AppData/Local/Temp/tmp-2308-PwpTFBpErKGk/test-project-smoke-test-fixed-worm-f18386c8/node_modules/.pnpm/rwsdk@file+..+..+..+..+..+._3bb38cb4d9e593c67b9e24aa163543fe/node_modules/rwsdk/dist/vite/runDirectivesScan.mjs:236
standard starter - windows-latest - pnpm	Run smoke test	2025-09-17T04:34:47.2467518Z \n        throw new Error(`RWSDK directive scan failed:\n${e.stack}`);
standard starter - windows-latest - pnpm	Run smoke test	2025-09-17T04:34:47.2467818Z \n              ^
standard starter - windows-latest - pnpm	Run smoke test	2025-09-17T04:34:47.2468020Z \n
standard starter - windows-latest - pnpm	Run smoke test	2025-09-17T04:34:47.2468224Z \nError: RWSDK directive scan failed:
standard starter - windows-latest - pnpm	Run smoke test	2025-09-17T04:34:47.2469084Z \nError [ERR_UNSUPPORTED_ESM_URL_SCHEME]: Only URLs with a scheme in: file, data, and node are supported by the default ESM loader. On Windows, absolute paths must be valid file:// URLs. Received protocol 'c:'
standard starter - windows-latest - pnpm	Run smoke test	2025-09-17T04:34:47.2469946Z \n    at throwIfUnsupportedURLScheme (node:internal/modules/esm/load:184:11)
standard starter - windows-latest - pnpm	Run smoke test	2025-09-17T04:34:47.2470390Z \n    at defaultLoad (node:internal/modules/esm/load:82:3)
standard starter - windows-latest - pnpm	Run smoke test	2025-09-17T04:34:47.2470799Z \n    at ModuleLoader.load (node:internal/modules/esm/loader:801:12)
standard starter - windows-latest - pnpm	Run smoke test	2025-09-17T04:34:47.2471294Z \n    at ModuleLoader.loadAndTranslate (node:internal/modules/esm/loader:586:43)
standard starter - windows-latest - pnpm	Run smoke test	2025-09-17T04:34:47.2471781Z \n    at #createModuleJob (node:internal/modules/esm/loader:610:36)
standard starter - windows-latest - pnpm	Run smoke test	2025-09-17T04:34:47.2472236Z \n    at #getJobFromResolveResult (node:internal/modules/esm/loader:341:34)
standard starter - windows-latest - pnpm	Run smoke test	2025-09-17T04:34:47.2472778Z \n    at ModuleLoader.getModuleJobForImport (node:internal/modules/esm/loader:309:41)
standard starter - windows-latest - pnpm	Run smoke test	2025-09-17T04:34:47.2473361Z \n    at process.processTicksAndRejections (node:internal/process/task_queues:105:5)
standard starter - windows-latest - pnpm	Run smoke test	2025-09-17T04:34:47.2473930Z \n    at async onImport.tracePromise.__proto__ (node:internal/modules/esm/loader:650:25)
standard starter - windows-latest - pnpm	Run smoke test	2025-09-17T04:34:47.2475250Z \n    at runDirectivesScan (file:///C:/Users/RUNNER%7E1/AppData/Local/Temp/tmp-2308-PwpTFBpErKGk/test-project-smoke-test-fixed-worm-f18386c8/node_modules/.pnpm/rwsdk@file+..+..+..+..+..+._3bb38cb4d9e593c67b9e24aa163543fe/node_modules/rwsdk/dist/vite/runDirectivesScan.mjs:236:15)
standard starter - windows-latest - pnpm	Run smoke test	2025-09-17T04:34:47.2476440Z \n    at process.processTicksAndRejections (node:internal/process/task_queues:105:5)
standard starter - windows-latest - pnpm	Run smoke test	2025-09-17T04:34:47.2476913Z \n
standard starter - windows-latest - pnpm	Run smoke test	2025-09-17T04:34:47.2477071Z \nNode.js v22.19.0
standard starter - windows-latest - pnpm	Run smoke test	2025-09-17T04:34:47.2477238Z \n
standard starter - windows-latest - pnpm	Run smoke test	2025-09-17T04:34:47.2478696Z 2025-09-17T04:34:47.215Z rwsdk:smoke Testing pattern [\u27A1\u2192\u279C]\s*Local:\s*(?:\u001b\[\d+m)?(https?:\/\/localhost:\d+) against output: file:///C:/Users/RUNNER%7E1/AppData/Local/Temp/tmp-2308-PwpTFBpErKGk/test-project-smoke-test-fixed-worm-f18386c8/node_modules/.pnpm/rwsdk@file+..+..+..+..+..+._3bb38cb4d9e593c67b9e24aa163543fe/node_modules/rwsdk/dist/vite/runDirectivesScan.mjs:236
standard starter - windows-latest - pnpm	Run smoke test	2025-09-17T04:34:47.2480212Z \n        throw new Error(`RWSDK directive scan failed:\n${e.stack}`);
standard starter - windows-latest - pnpm	Run smoke test	2025-09-17T04:34:47.2480517Z \n              ^
standard starter - windows-latest - pnpm	Run smoke test	2025-09-17T04:34:47.2480681Z \n
standard starter - windows-latest - pnpm	Run smoke test	2025-09-17T04:34:47.2480876Z \nError: RWSDK directive scan failed:
standard starter - windows-latest - pnpm	Run smoke test	2025-09-17T04:34:47.2481815Z \nError [ERR_UNSUPPORTED_ESM_URL_SCHEME]: Only URLs with a scheme in: file, data, and node are supported by the default ESM loader. On Windows, absolute paths must be valid file:// URLs. Received protocol 'c:'
standard starter - windows-latest - pnpm	Run smoke test	2025-09-17T04:34:47.2482831Z \n    at throwIfUnsupportedURLScheme (node:internal/modules/esm/load:184:11)
standard starter - windows-latest - pnpm	Run smoke test	2025-09-17T04:34:47.2483417Z \n    at defaultLoad (node:internal/modules/esm/load:82:3)
standard starter - windows-latest - pnpm	Run smoke test	2025-09-17T04:34:47.2483834Z \n    at ModuleLoader.load (node:internal/modules/esm/loader:801:12)
standard starter - windows-latest - pnpm	Run smoke test	2025-09-17T04:34:47.2484320Z \n    at ModuleLoader.loadAndTranslate (node:internal/modules/esm/loader:586:43)
standard starter - windows-latest - pnpm	Run smoke test	2025-09-17T04:34:47.2484936Z \n    at #createModuleJob (node:internal/modules/esm/loader:610:36)
standard starter - windows-latest - pnpm	Run smoke test	2025-09-17T04:34:47.2485409Z \n    at #getJobFromResolveResult (node:internal/modules/esm/loader:341:34)
standard starter - windows-latest - pnpm	Run smoke test	2025-09-17T04:34:47.2485951Z \n    at ModuleLoader.getModuleJobForImport (node:internal/modules/esm/loader:309:41)
standard starter - windows-latest - pnpm	Run smoke test	2025-09-17T04:34:47.2486541Z \n    at process.processTicksAndRejections (node:internal/process/task_queues:105:5)
standard starter - windows-latest - pnpm	Run smoke test	2025-09-17T04:34:47.2487109Z \n    at async onImport.tracePromise.__proto__ (node:internal/modules/esm/loader:650:25)
standard starter - windows-latest - pnpm	Run smoke test	2025-09-17T04:34:47.2488436Z \n    at runDirectivesScan (file:///C:/Users/RUNNER%7E1/AppData/Local/Temp/tmp-2308-PwpTFBpErKGk/test-project-smoke-test-fixed-worm-f18386c8/node_modules/.pnpm/rwsdk@file+..+..+..+..+..+._3bb38cb4d9e593c67b9e24aa163543fe/node_modules/rwsdk/dist/vite/runDirectivesScan.mjs:236:15)
standard starter - windows-latest - pnpm	Run smoke test	2025-09-17T04:34:47.2489624Z \n    at process.processTicksAndRejections (node:internal/process/task_queues:105:5)
standard starter - windows-latest - pnpm	Run smoke test	2025-09-17T04:34:47.2489980Z \n
standard starter - windows-latest - pnpm	Run smoke test	2025-09-17T04:34:47.2490144Z \nNode.js v22.19.0
standard starter - windows-latest - pnpm	Run smoke test	2025-09-17T04:34:47.2490307Z \n
standard starter - windows-latest - pnpm	Run smoke test	2025-09-17T04:34:47.2491637Z 2025-09-17T04:34:47.215Z rwsdk:smoke Testing pattern (https?:\/\/localhost:\d+) against output: file:///C:/Users/RUNNER%7E1/AppData/Local/Temp/tmp-2308-PwpTFBpErKGk/test-project-smoke-test-fixed-worm-f18386c8/node_modules/.pnpm/rwsdk@file+..+..+..+..+..+._3bb38cb4d9e593c67b9e24aa163543fe/node_modules/rwsdk/dist/vite/runDirectivesScan.mjs:236
standard starter - windows-latest - pnpm	Run smoke test	2025-09-17T04:34:47.2492899Z \n        throw new Error(`RWSDK directive scan failed:\n${e.stack}`);
standard starter - windows-latest - pnpm	Run smoke test	2025-09-17T04:34:47.2493196Z \n              ^
standard starter - windows-latest - pnpm	Run smoke test	2025-09-17T04:34:47.2493358Z \n
standard starter - windows-latest - pnpm	Run smoke test	2025-09-17T04:34:47.2493555Z \nError: RWSDK directive scan failed:
standard starter - windows-latest - pnpm	Run smoke test	2025-09-17T04:34:47.2494402Z \nError [ERR_UNSUPPORTED_ESM_URL_SCHEME]: Only URLs with a scheme in: file, data, and node are supported by the default ESM loader. On Windows, absolute paths must be valid file:// URLs. Received protocol 'c:'
standard starter - windows-latest - pnpm	Run smoke test	2025-09-17T04:34:47.2495255Z \n    at throwIfUnsupportedURLScheme (node:internal/modules/esm/load:184:11)
standard starter - windows-latest - pnpm	Run smoke test	2025-09-17T04:34:47.2495703Z \n    at defaultLoad (node:internal/modules/esm/load:82:3)
standard starter - windows-latest - pnpm	Run smoke test	2025-09-17T04:34:47.2496169Z \n    at ModuleLoader.load (node:internal/modules/esm/loader:801:12)
standard starter - windows-latest - pnpm	Run smoke test	2025-09-17T04:34:47.2496719Z \n    at ModuleLoader.loadAndTranslate (node:internal/modules/esm/loader:586:43)
standard starter - windows-latest - pnpm	Run smoke test	2025-09-17T04:34:47.2497229Z \n    at #createModuleJob (node:internal/modules/esm/loader:610:36)
standard starter - windows-latest - pnpm	Run smoke test	2025-09-17T04:34:47.2497810Z \n    at #getJobFromResolveResult (node:internal/modules/esm/loader:341:34)
standard starter - windows-latest - pnpm	Run smoke test	2025-09-17T04:34:47.2498580Z \n    at ModuleLoader.getModuleJobForImport (node:internal/modules/esm/loader:309:41)
standard starter - windows-latest - pnpm	Run smoke test	2025-09-17T04:34:47.2499334Z \n    at process.processTicksAndRejections (node:internal/process/task_queues:105:5)
standard starter - windows-latest - pnpm	Run smoke test	2025-09-17T04:34:47.2499947Z \n    at async onImport.tracePromise.__proto__ (node:internal/modules/esm/loader:650:25)
standard starter - windows-latest - pnpm	Run smoke test	2025-09-17T04:34:47.2557578Z \n    at runDirectivesScan (file:///C:/Users/RUNNER%7E1/AppData/Local/Temp/tmp-2308-PwpTFBpErKGk/test-project-smoke-test-fixed-worm-f18386c8/node_modules/.pnpm/rwsdk@file+..+..+..+..+..+._3bb38cb4d9e593c67b9e24aa163543fe/node_modules/rwsdk/dist/vite/runDirectivesScan.mjs:236:15)
standard starter - windows-latest - pnpm	Run smoke test	2025-09-17T04:34:47.2559053Z \n    at process.processTicksAndRejections (node:internal/process/task_queues:105:5)
standard starter - windows-latest - pnpm	Run smoke test	2025-09-17T04:34:47.2559447Z \n
standard starter - windows-latest - pnpm	Run smoke test	2025-09-17T04:34:47.2559612Z \nNode.js v22.19.0
standard starter - windows-latest - pnpm	Run smoke test	2025-09-17T04:34:47.2559970Z \n
standard starter - windows-latest - pnpm	Run smoke test	2025-09-17T04:34:47.2561298Z 2025-09-17T04:34:47.215Z rwsdk:smoke Testing pattern localhost:(\d+) against output: file:///C:/Users/RUNNER%7E1/AppData/Local/Temp/tmp-2308-PwpTFBpErKGk/test-project-smoke-test-fixed-worm-f18386c8/node_modules/.pnpm/rwsdk@file+..+..+..+..+..+._3bb38cb4d9e593c67b9e24aa163543fe/node_modules/rwsdk/dist/vite/runDirectivesScan.mjs:236
standard starter - windows-latest - pnpm	Run smoke test	2025-09-17T04:34:47.2562541Z \n        throw new Error(`RWSDK directive scan failed:\n${e.stack}`);
standard starter - windows-latest - pnpm	Run smoke test	2025-09-17T04:34:47.2562836Z \n              ^
standard starter - windows-latest - pnpm	Run smoke test	2025-09-17T04:34:47.2562994Z \n
standard starter - windows-latest - pnpm	Run smoke test	2025-09-17T04:34:47.2563198Z \nError: RWSDK directive scan failed:
standard starter - windows-latest - pnpm	Run smoke test	2025-09-17T04:34:47.2564063Z \nError [ERR_UNSUPPORTED_ESM_URL_SCHEME]: Only URLs with a scheme in: file, data, and node are supported by the default ESM loader. On Windows, absolute paths must be valid file:// URLs. Received protocol 'c:'
standard starter - windows-latest - pnpm	Run smoke test	2025-09-17T04:34:47.2564929Z \n    at throwIfUnsupportedURLScheme (node:internal/modules/esm/load:184:11)
standard starter - windows-latest - pnpm	Run smoke test	2025-09-17T04:34:47.2565381Z \n    at defaultLoad (node:internal/modules/esm/load:82:3)
standard starter - windows-latest - pnpm	Run smoke test	2025-09-17T04:34:47.2565806Z \n    at ModuleLoader.load (node:internal/modules/esm/loader:801:12)
standard starter - windows-latest - pnpm	Run smoke test	2025-09-17T04:34:47.2566295Z \n    at ModuleLoader.loadAndTranslate (node:internal/modules/esm/loader:586:43)
standard starter - windows-latest - pnpm	Run smoke test	2025-09-17T04:34:47.2566776Z \n    at #createModuleJob (node:internal/modules/esm/loader:610:36)
standard starter - windows-latest - pnpm	Run smoke test	2025-09-17T04:34:47.2567239Z \n    at #getJobFromResolveResult (node:internal/modules/esm/loader:341:34)
standard starter - windows-latest - pnpm	Run smoke test	2025-09-17T04:34:47.2567781Z \n    at ModuleLoader.getModuleJobForImport (node:internal/modules/esm/loader:309:41)
standard starter - windows-latest - pnpm	Run smoke test	2025-09-17T04:34:47.2568357Z \n    at process.processTicksAndRejections (node:internal/process/task_queues:105:5)
standard starter - windows-latest - pnpm	Run smoke test	2025-09-17T04:34:47.2568928Z \n    at async onImport.tracePromise.__proto__ (node:internal/modules/esm/loader:650:25)
standard starter - windows-latest - pnpm	Run smoke test	2025-09-17T04:34:47.2570249Z \n    at runDirectivesScan (file:///C:/Users/RUNNER%7E1/AppData/Local/Temp/tmp-2308-PwpTFBpErKGk/test-project-smoke-test-fixed-worm-f18386c8/node_modules/.pnpm/rwsdk@file+..+..+..+..+..+._3bb38cb4d9e593c67b9e24aa163543fe/node_modules/rwsdk/dist/vite/runDirectivesScan.mjs:236:15)
standard starter - windows-latest - pnpm	Run smoke test	2025-09-17T04:34:47.2571466Z \n    at process.processTicksAndRejections (node:internal/process/task_queues:105:5)
standard starter - windows-latest - pnpm	Run smoke test	2025-09-17T04:34:47.2571965Z \n
standard starter - windows-latest - pnpm	Run smoke test	2025-09-17T04:34:47.2572131Z \nNode.js v22.19.0
standard starter - windows-latest - pnpm	Run smoke test	2025-09-17T04:34:47.2572297Z \n
standard starter - windows-latest - pnpm	Run smoke test	2025-09-17T04:34:47.2573631Z 2025-09-17T04:34:47.215Z rwsdk:smoke Testing pattern server.*ready.*localhost:(\d+) against output: file:///C:/Users/RUNNER%7E1/AppData/Local/Temp/tmp-2308-PwpTFBpErKGk/test-project-smoke-test-fixed-worm-f18386c8/node_modules/.pnpm/rwsdk@file+..+..+..+..+..+._3bb38cb4d9e593c67b9e24aa163543fe/node_modules/rwsdk/dist/vite/runDirectivesScan.mjs:236
standard starter - windows-latest - pnpm	Run smoke test	2025-09-17T04:34:47.2574901Z \n        throw new Error(`RWSDK directive scan failed:\n${e.stack}`);
standard starter - windows-latest - pnpm	Run smoke test	2025-09-17T04:34:47.2575195Z \n              ^
standard starter - windows-latest - pnpm	Run smoke test	2025-09-17T04:34:47.2575357Z \n
standard starter - windows-latest - pnpm	Run smoke test	2025-09-17T04:34:47.2575557Z \nError: RWSDK directive scan failed:
standard starter - windows-latest - pnpm	Run smoke test	2025-09-17T04:34:47.2576408Z \nError [ERR_UNSUPPORTED_ESM_URL_SCHEME]: Only URLs with a scheme in: file, data, and node are supported by the default ESM loader. On Windows, absolute paths must be valid file:// URLs. Received protocol 'c:'
standard starter - windows-latest - pnpm	Run smoke test	2025-09-17T04:34:47.2577261Z \n    at throwIfUnsupportedURLScheme (node:internal/modules/esm/load:184:11)
standard starter - windows-latest - pnpm	Run smoke test	2025-09-17T04:34:47.2577830Z \n    at defaultLoad (node:internal/modules/esm/load:82:3)
standard starter - windows-latest - pnpm	Run smoke test	2025-09-17T04:34:47.2578237Z \n    at ModuleLoader.load (node:internal/modules/esm/loader:801:12)
standard starter - windows-latest - pnpm	Run smoke test	2025-09-17T04:34:47.2578722Z \n    at ModuleLoader.loadAndTranslate (node:internal/modules/esm/loader:586:43)
standard starter - windows-latest - pnpm	Run smoke test	2025-09-17T04:34:47.2579195Z \n    at #createModuleJob (node:internal/modules/esm/loader:610:36)
standard starter - windows-latest - pnpm	Run smoke test	2025-09-17T04:34:47.2579646Z \n    at #getJobFromResolveResult (node:internal/modules/esm/loader:341:34)
standard starter - windows-latest - pnpm	Run smoke test	2025-09-17T04:34:47.2580183Z \n    at ModuleLoader.getModuleJobForImport (node:internal/modules/esm/loader:309:41)
standard starter - windows-latest - pnpm	Run smoke test	2025-09-17T04:34:47.2580770Z \n    at process.processTicksAndRejections (node:internal/process/task_queues:105:5)
standard starter - windows-latest - pnpm	Run smoke test	2025-09-17T04:34:47.2581422Z \n    at async onImport.tracePromise.__proto__ (node:internal/modules/esm/loader:650:25)
standard starter - windows-latest - pnpm	Run smoke test	2025-09-17T04:34:47.2582796Z \n    at runDirectivesScan (file:///C:/Users/RUNNER%7E1/AppData/Local/Temp/tmp-2308-PwpTFBpErKGk/test-project-smoke-test-fixed-worm-f18386c8/node_modules/.pnpm/rwsdk@file+..+..+..+..+..+._3bb38cb4d9e593c67b9e24aa163543fe/node_modules/rwsdk/dist/vite/runDirectivesScan.mjs:236:15)
standard starter - windows-latest - pnpm	Run smoke test	2025-09-17T04:34:47.2583972Z \n    at process.processTicksAndRejections (node:internal/process/task_queues:105:5)
standard starter - windows-latest - pnpm	Run smoke test	2025-09-17T04:34:47.2584325Z \n
standard starter - windows-latest - pnpm	Run smoke test	2025-09-17T04:34:47.2584479Z \nNode.js v22.19.0
standard starter - windows-latest - pnpm	Run smoke test	2025-09-17T04:34:47.2584641Z \n
standard starter - windows-latest - pnpm	Run smoke test	2025-09-17T04:34:47.2585969Z 2025-09-17T04:34:47.215Z rwsdk:smoke Testing pattern dev server.*localhost:(\d+) against output: file:///C:/Users/RUNNER%7E1/AppData/Local/Temp/tmp-2308-PwpTFBpErKGk/test-project-smoke-test-fixed-worm-f18386c8/node_modules/.pnpm/rwsdk@file+..+..+..+..+..+._3bb38cb4d9e593c67b9e24aa163543fe/node_modules/rwsdk/dist/vite/runDirectivesScan.mjs:236
standard starter - windows-latest - pnpm	Run smoke test	2025-09-17T04:34:47.2587224Z \n        throw new Error(`RWSDK directive scan failed:\n${e.stack}`);
standard starter - windows-latest - pnpm	Run smoke test	2025-09-17T04:34:47.2587515Z \n              ^
standard starter - windows-latest - pnpm	Run smoke test	2025-09-17T04:34:47.2587672Z \n
standard starter - windows-latest - pnpm	Run smoke test	2025-09-17T04:34:47.2587866Z \nError: RWSDK directive scan failed:
standard starter - windows-latest - pnpm	Run smoke test	2025-09-17T04:34:47.2588706Z \nError [ERR_UNSUPPORTED_ESM_URL_SCHEME]: Only URLs with a scheme in: file, data, and node are supported by the default ESM loader. On Windows, absolute paths must be valid file:// URLs. Received protocol 'c:'
standard starter - windows-latest - pnpm	Run smoke test	2025-09-17T04:34:47.2589548Z \n    at throwIfUnsupportedURLScheme (node:internal/modules/esm/load:184:11)
standard starter - windows-latest - pnpm	Run smoke test	2025-09-17T04:34:47.2590155Z \n    at defaultLoad (node:internal/modules/esm/load:82:3)
standard starter - windows-latest - pnpm	Run smoke test	2025-09-17T04:34:47.2590590Z \n    at ModuleLoader.load (node:internal/modules/esm/loader:801:12)
standard starter - windows-latest - pnpm	Run smoke test	2025-09-17T04:34:47.2591077Z \n    at ModuleLoader.loadAndTranslate (node:internal/modules/esm/loader:586:43)
standard starter - windows-latest - pnpm	Run smoke test	2025-09-17T04:34:47.2591548Z \n    at #createModuleJob (node:internal/modules/esm/loader:610:36)
standard starter - windows-latest - pnpm	Run smoke test	2025-09-17T04:34:47.2592007Z \n    at #getJobFromResolveResult (node:internal/modules/esm/loader:341:34)
standard starter - windows-latest - pnpm	Run smoke test	2025-09-17T04:34:47.2592532Z \n    at ModuleLoader.getModuleJobForImport (node:internal/modules/esm/loader:309:41)
standard starter - windows-latest - pnpm	Run smoke test	2025-09-17T04:34:47.2593103Z \n    at process.processTicksAndRejections (node:internal/process/task_queues:105:5)
standard starter - windows-latest - pnpm	Run smoke test	2025-09-17T04:34:47.2593673Z \n    at async onImport.tracePromise.__proto__ (node:internal/modules/esm/loader:650:25)
standard starter - windows-latest - pnpm	Run smoke test	2025-09-17T04:34:47.2594988Z \n    at runDirectivesScan (file:///C:/Users/RUNNER%7E1/AppData/Local/Temp/tmp-2308-PwpTFBpErKGk/test-project-smoke-test-fixed-worm-f18386c8/node_modules/.pnpm/rwsdk@file+..+..+..+..+..+._3bb38cb4d9e593c67b9e24aa163543fe/node_modules/rwsdk/dist/vite/runDirectivesScan.mjs:236:15)
standard starter - windows-latest - pnpm	Run smoke test	2025-09-17T04:34:47.2596165Z \n    at process.processTicksAndRejections (node:internal/process/task_queues:105:5)
standard starter - windows-latest - pnpm	Run smoke test	2025-09-17T04:34:47.2596519Z \n
standard starter - windows-latest - pnpm	Run smoke test	2025-09-17T04:34:47.2596678Z \nNode.js v22.19.0
standard starter - windows-latest - pnpm	Run smoke test	2025-09-17T04:34:47.2596840Z \n
standard starter - windows-latest - pnpm	Run smoke test	2025-09-17T04:34:47.2598124Z 2025-09-17T04:34:47.215Z rwsdk:smoke Potential URL pattern found but not matched: file:///C:/Users/RUNNER%7E1/AppData/Local/Temp/tmp-2308-PwpTFBpErKGk/test-project-smoke-test-fixed-worm-f18386c8/node_modules/.pnpm/rwsdk@file+..+..+..+..+..+._3bb38cb4d9e593c67b9e24aa163543fe/node_modules/rwsdk/dist/vite/runDirectivesScan.mjs:236
standard starter - windows-latest - pnpm	Run smoke test	2025-09-17T04:34:47.2600063Z         throw new Error(`RWSDK directive scan failed:\n${e.stack}`);
standard starter - windows-latest - pnpm	Run smoke test	2025-09-17T04:34:47.2600344Z               ^
standard starter - windows-latest - pnpm	Run smoke test	2025-09-17T04:34:47.2600453Z 
standard starter - windows-latest - pnpm	Run smoke test	2025-09-17T04:34:47.2600574Z Error: RWSDK directive scan failed:
standard starter - windows-latest - pnpm	Run smoke test	2025-09-17T04:34:47.2601423Z Error [ERR_UNSUPPORTED_ESM_URL_SCHEME]: Only URLs with a scheme in: file, data, and node are supported by the default ESM loader. On Windows, absolute paths must be valid file:// URLs. Received protocol 'c:'
standard starter - windows-latest - pnpm	Run smoke test	2025-09-17T04:34:47.2602239Z     at throwIfUnsupportedURLScheme (node:internal/modules/esm/load:184:11)
standard starter - windows-latest - pnpm	Run smoke test	2025-09-17T04:34:47.2602649Z     at defaultLoad (node:internal/modules/esm/load:82:3)
standard starter - windows-latest - pnpm	Run smoke test	2025-09-17T04:34:47.2603013Z     at ModuleLoader.load (node:internal/modules/esm/loader:801:12)
standard starter - windows-latest - pnpm	Run smoke test	2025-09-17T04:34:47.2603560Z     at ModuleLoader.loadAndTranslate (node:internal/modules/esm/loader:586:43)
standard starter - windows-latest - pnpm	Run smoke test	2025-09-17T04:34:47.2603995Z     at #createModuleJob (node:internal/modules/esm/loader:610:36)
standard starter - windows-latest - pnpm	Run smoke test	2025-09-17T04:34:47.2604424Z     at #getJobFromResolveResult (node:internal/modules/esm/loader:341:34)
standard starter - windows-latest - pnpm	Run smoke test	2025-09-17T04:34:47.2604921Z     at ModuleLoader.getModuleJobForImport (node:internal/modules/esm/loader:309:41)
standard starter - windows-latest - pnpm	Run smoke test	2025-09-17T04:34:47.2605460Z     at process.processTicksAndRejections (node:internal/process/task_queues:105:5)
standard starter - windows-latest - pnpm	Run smoke test	2025-09-17T04:34:47.2605986Z     at async onImport.tracePromise.__proto__ (node:internal/modules/esm/loader:650:25)
standard starter - windows-latest - pnpm	Run smoke test	2025-09-17T04:34:47.2607207Z     at runDirectivesScan (file:///C:/Users/RUNNER%7E1/AppData/Local/Temp/tmp-2308-PwpTFBpErKGk/test-project-smoke-test-fixed-worm-f18386c8/node_modules/.pnpm/rwsdk@file+..+..+..+..+..+._3bb38cb4d9e593c67b9e24aa163543fe/node_modules/rwsdk/dist/vite/runDirectivesScan.mjs:236:15)
standard starter - windows-latest - pnpm	Run smoke test	2025-09-17T04:34:47.2608355Z     at process.processTicksAndRejections (node:internal/process/task_queues:105:5)
standard starter - windows-latest - pnpm	Run smoke test	2025-09-17T04:34:47.2608658Z 
standard starter - windows-latest - pnpm	Run smoke test	2025-09-17T04:34:47.2608731Z Node.js v22.19.0
standard starter - windows-latest - pnpm	Run smoke test	2025-09-17T04:34:47.2609025Z         throw new Error(`RWSDK directive scan failed:\n${e.stack}`);
standard starter - windows-latest - pnpm	Run smoke test	2025-09-17T04:34:47.2609421Z               ^
standard starter - windows-latest - pnpm	Run smoke test	2025-09-17T04:34:47.2609599Z 
standard starter - windows-latest - pnpm	Run smoke test	2025-09-17T04:34:47.2609743Z Error: RWSDK directive scan failed:
standard starter - windows-latest - pnpm	Run smoke test	2025-09-17T04:34:47.2610601Z Error [ERR_UNSUPPORTED_ESM_URL_SCHEME]: Only URLs with a scheme in: file, data, and node are supported by the default ESM loader. On Windows, absolute paths must be valid file:// URLs. Received protocol 'c:'
standard starter - windows-latest - pnpm	Run smoke test	2025-09-17T04:34:47.2611415Z     at throwIfUnsupportedURLScheme (node:internal/modules/esm/load:184:11)
standard starter - windows-latest - pnpm	Run smoke test	2025-09-17T04:34:47.2611838Z     at defaultLoad (node:internal/modules/esm/load:82:3)
standard starter - windows-latest - pnpm	Run smoke test	2025-09-17T04:34:47.2612207Z     at ModuleLoader.load (node:internal/modules/esm/loader:801:12)
standard starter - windows-latest - pnpm	Run smoke test	2025-09-17T04:34:47.2612652Z     at ModuleLoader.loadAndTranslate (node:internal/modules/esm/loader:586:43)
standard starter - windows-latest - pnpm	Run smoke test	2025-09-17T04:34:47.2613100Z     at #createModuleJob (node:internal/modules/esm/loader:610:36)
standard starter - windows-latest - pnpm	Run smoke test	2025-09-17T04:34:47.2613518Z     at #getJobFromResolveResult (node:internal/modules/esm/loader:341:34)
standard starter - windows-latest - pnpm	Run smoke test	2025-09-17T04:34:47.2614021Z     at ModuleLoader.getModuleJobForImport (node:internal/modules/esm/loader:309:41)
standard starter - windows-latest - pnpm	Run smoke test	2025-09-17T04:34:47.2614556Z     at process.processTicksAndRejections (node:internal/process/task_queues:105:5)
standard starter - windows-latest - pnpm	Run smoke test	2025-09-17T04:34:47.2615075Z     at async onImport.tracePromise.__proto__ (node:internal/modules/esm/loader:650:25)
standard starter - windows-latest - pnpm	Run smoke test	2025-09-17T04:34:47.2616285Z     at runDirectivesScan (file:///C:/Users/RUNNER%7E1/AppData/Local/Temp/tmp-2308-PwpTFBpErKGk/test-project-smoke-test-fixed-worm-f18386c8/node_modules/.pnpm/rwsdk@file+..+..+..+..+..+._3bb38cb4d9e593c67b9e24aa163543fe/node_modules/rwsdk/dist/vite/runDirectivesScan.mjs:236:15)
standard starter - windows-latest - pnpm	Run smoke test	2025-09-17T04:34:47.2617412Z     at process.processTicksAndRejections (node:internal/process/task_queues:105:5)
standard starter - windows-latest - pnpm	Run smoke test	2025-09-17T04:34:47.2617709Z 
standard starter - windows-latest - pnpm	Run smoke test	2025-09-17T04:34:47.2617777Z Node.js v22.19.0
standard starter - windows-latest - pnpm	Run smoke test	2025-09-17T04:34:47.2617880Z 
standard starter - windows-latest - pnpm	Run smoke test	2025-09-17T04:34:47.2618800Z file:///C:/Users/RUNNER%7E1/AppData/Local/Temp/tmp-2308-PwpTFBpErKGk/test-project-smoke-test-fixed-worm-f18386c8/node_modules/.pnpm/rwsdk@file+..+..+..+..+..+._3bb38cb4d9e593c67b9e24aa163543fe/node_modules/rwsdk/dist/vite/runDirectivesScan.mjs:236
standard starter - windows-latest - pnpm	Run smoke test	2025-09-17T04:34:47.2619876Z         throw new Error(`RWSDK directive scan failed:\n${e.stack}`);
standard starter - windows-latest - pnpm	Run smoke test	2025-09-17T04:34:47.2620154Z               ^
standard starter - windows-latest - pnpm	Run smoke test	2025-09-17T04:34:47.2620259Z 
standard starter - windows-latest - pnpm	Run smoke test	2025-09-17T04:34:47.2620375Z Error: RWSDK directive scan failed:
standard starter - windows-latest - pnpm	Run smoke test	2025-09-17T04:34:47.2621207Z Error [ERR_UNSUPPORTED_ESM_URL_SCHEME]: Only URLs with a scheme in: file, data, and node are supported by the default ESM loader. On Windows, absolute paths must be valid file:// URLs. Received protocol 'c:'
standard starter - windows-latest - pnpm	Run smoke test	2025-09-17T04:34:47.2622015Z     at throwIfUnsupportedURLScheme (node:internal/modules/esm/load:184:11)
standard starter - windows-latest - pnpm	Run smoke test	2025-09-17T04:34:47.2622422Z     at defaultLoad (node:internal/modules/esm/load:82:3)
standard starter - windows-latest - pnpm	Run smoke test	2025-09-17T04:34:47.2622854Z     at ModuleLoader.load (node:internal/modules/esm/loader:801:12)
standard starter - windows-latest - pnpm	Run smoke test	2025-09-17T04:34:47.2623296Z     at ModuleLoader.loadAndTranslate (node:internal/modules/esm/loader:586:43)
standard starter - windows-latest - pnpm	Run smoke test	2025-09-17T04:34:47.2623736Z     at #createModuleJob (node:internal/modules/esm/loader:610:36)
standard starter - windows-latest - pnpm	Run smoke test	2025-09-17T04:34:47.2624154Z     at #getJobFromResolveResult (node:internal/modules/esm/loader:341:34)
standard starter - windows-latest - pnpm	Run smoke test	2025-09-17T04:34:47.2624652Z     at ModuleLoader.getModuleJobForImport (node:internal/modules/esm/loader:309:41)
standard starter - windows-latest - pnpm	Run smoke test	2025-09-17T04:34:47.2625177Z     at process.processTicksAndRejections (node:internal/process/task_queues:105:5)
standard starter - windows-latest - pnpm	Run smoke test	2025-09-17T04:34:47.2625700Z     at async onImport.tracePromise.__proto__ (node:internal/modules/esm/loader:650:25)
standard starter - windows-latest - pnpm	Run smoke test	2025-09-17T04:34:47.2626900Z     at runDirectivesScan (file:///C:/Users/RUNNER%7E1/AppData/Local/Temp/tmp-2308-PwpTFBpErKGk/test-project-smoke-test-fixed-worm-f18386c8/node_modules/.pnpm/rwsdk@file+..+..+..+..+..+._3bb38cb4d9e593c67b9e24aa163543fe/node_modules/rwsdk/dist/vite/runDirectivesScan.mjs:236:15)
standard starter - windows-latest - pnpm	Run smoke test	2025-09-17T04:34:47.2628203Z     at process.processTicksAndRejections (node:internal/process/task_queues:105:5)
standard starter - windows-latest - pnpm	Run smoke test	2025-09-17T04:34:47.2628500Z 
standard starter - windows-latest - pnpm	Run smoke test	2025-09-17T04:34:47.2628575Z Node.js v22.19.0
standard starter - windows-latest - pnpm	Run smoke test	2025-09-17T04:34:47.2628685Z 
standard starter - windows-latest - pnpm	Run smoke test	2025-09-17T04:34:47.6139404Z 2025-09-17T04:34:47.598Z rwsdk:smoke Checking accumulated output for URL patterns: \n> @redwoodjs/starter-standard@1.0.0 dev C:\Users\RUNNER~1\AppData\Local\Temp\tmp-2308-PwpTFBpErKGk\test-project-smoke-test-fixed-worm-f18386c8\n> vite dev\n\n\n> @redwoodjs/starter-standard@1.0.0 dev C:\Users\RUNNER~1\AppData\Local\Temp\tmp-2308-PwpTFBpErKGk\test-project-smoke-test-fixed-worm-f18386c8\n> vite dev\n\n🚀 Project has no .wrangler directory yet, assuming fresh install: running `npm run dev:init`...\n🚀 Project has no .wrangler directory yet, assuming fresh install: running `npm run dev:init`...\n\n> @redwoodjs/starter-standard@1.0.0 dev:init\n> rw-scripts dev-init\n\n\n> @redwoodjs/starter-standard@1.0.0 dev:init\n> rw-scripts dev-init\n\n\n🔍 Scanning for 'use client' and 'use server' directives...\n\n🔍 Scanning for 'use client' and 'use server' directives...\n✅ Scan complete.\n✅ Scan complete.\nfile:///C:/Users/RUNNER%7E1/AppData/Local/Temp/tmp-2308-PwpTFBpErKGk/test-project-smoke-test-fixed-worm-f18386c8/node_modules/.pnpm/rwsdk@file+..+..+..+..+..+._3bb38cb4d9e593c67b9e24aa163543fe/node_modules/rwsdk/dist/vite/runDirectivesScan.mjs:236
standard starter - windows-latest - pnpm	Run smoke test	2025-09-17T04:34:47.6143565Z \n        throw new Error(`RWSDK directive scan failed:\n${e.stack}`);
standard starter - windows-latest - pnpm	Run smoke test	2025-09-17T04:34:47.6143878Z \n              ^
standard starter - windows-latest - pnpm	Run smoke test	2025-09-17T04:34:47.6144049Z \n
standard starter - windows-latest - pnpm	Run smoke test	2025-09-17T04:34:47.6144251Z \nError: RWSDK directive scan failed:
standard starter - windows-latest - pnpm	Run smoke test	2025-09-17T04:34:47.6145109Z \nError [ERR_UNSUPPORTED_ESM_URL_SCHEME]: Only URLs with a scheme in: file, data, and node are supported by the default ESM loader. On Windows, absolute paths must be valid file:// URLs. Received protocol 'c:'
standard starter - windows-latest - pnpm	Run smoke test	2025-09-17T04:34:47.6145971Z \n    at throwIfUnsupportedURLScheme (node:internal/modules/esm/load:184:11)
standard starter - windows-latest - pnpm	Run smoke test	2025-09-17T04:34:47.6146429Z \n    at defaultLoad (node:internal/modules/esm/load:82:3)
standard starter - windows-latest - pnpm	Run smoke test	2025-09-17T04:34:47.6146840Z \n    at ModuleLoader.load (node:internal/modules/esm/loader:801:12)
standard starter - windows-latest - pnpm	Run smoke test	2025-09-17T04:34:47.6147464Z \n    at ModuleLoader.loadAndTranslate (node:internal/modules/esm/loader:586:43)
standard starter - windows-latest - pnpm	Run smoke test	2025-09-17T04:34:47.6148249Z \n    at #createModuleJob (node:internal/modules/esm/loader:610:36)
standard starter - windows-latest - pnpm	Run smoke test	2025-09-17T04:34:47.6148729Z \n    at #getJobFromResolveResult (node:internal/modules/esm/loader:341:34)
standard starter - windows-latest - pnpm	Run smoke test	2025-09-17T04:34:47.6149273Z \n    at ModuleLoader.getModuleJobForImport (node:internal/modules/esm/loader:309:41)
standard starter - windows-latest - pnpm	Run smoke test	2025-09-17T04:34:47.6149855Z \n    at process.processTicksAndRejections (node:internal/process/task_queues:105:5)
standard starter - windows-latest - pnpm	Run smoke test	2025-09-17T04:34:47.6150430Z \n    at async onImport.tracePromise.__proto__ (node:internal/modules/esm/loader:650:25)
standard starter - windows-latest - pnpm	Run smoke test	2025-09-17T04:34:47.6151782Z \n    at runDirectivesScan (file:///C:/Users/RUNNER%7E1/AppData/Local/Temp/tmp-2308-PwpTFBpErKGk/test-project-smoke-test-fixed-worm-f18386c8/node_modules/.pnpm/rwsdk@file+..+..+..+..+..+._3bb38cb4d9e593c67b9e24aa163543fe/node_modules/rwsdk/dist/vite/runDirectivesScan.mjs:236:15)
standard starter - windows-latest - pnpm	Run smoke test	2025-09-17T04:34:47.6153095Z \n    at process.processTicksAndRejections (node:internal/process/task_queues:105:5)
standard starter - windows-latest - pnpm	Run smoke test	2025-09-17T04:34:47.6153458Z \n
standard starter - windows-latest - pnpm	Run smoke test	2025-09-17T04:34:47.6153618Z \nNode.js v22.19.0
standard starter - windows-latest - pnpm	Run smoke test	2025-09-17T04:34:47.6154659Z \nfile:///C:/Users/RUNNER%7E1/AppData/Local/Temp/tmp-2308-PwpTFBpErKGk/test-project-smoke-test-fixed-worm-f18386c8/node_modules/.pnpm/rwsdk@file+..+..+..+..+..+._3bb38cb4d9e593c67b9e24aa163543fe/node_modules/rwsdk/dist/vite/runDirectivesScan.mjs:236
standard starter - windows-latest - pnpm	Run smoke test	2025-09-17T04:34:47.6155664Z \n        throw new Error(`RWSDK directive scan failed:\n${e.stack}`);
standard starter - windows-latest - pnpm	Run smoke test	2025-09-17T04:34:47.6155954Z \n              ^
standard starter - windows-latest - pnpm	Run smoke test	2025-09-17T04:34:47.6156110Z \n
standard starter - windows-latest - pnpm	Run smoke test	2025-09-17T04:34:47.6156308Z \nError: RWSDK directive scan failed:
standard starter - windows-latest - pnpm	Run smoke test	2025-09-17T04:34:47.6157157Z \nError [ERR_UNSUPPORTED_ESM_URL_SCHEME]: Only URLs with a scheme in: file, data, and node are supported by the default ESM loader. On Windows, absolute paths must be valid file:// URLs. Received protocol 'c:'
standard starter - windows-latest - pnpm	Run smoke test	2025-09-17T04:34:47.6158014Z \n    at throwIfUnsupportedURLScheme (node:internal/modules/esm/load:184:11)
standard starter - windows-latest - pnpm	Run smoke test	2025-09-17T04:34:47.6158451Z \n    at defaultLoad (node:internal/modules/esm/load:82:3)
standard starter - windows-latest - pnpm	Run smoke test	2025-09-17T04:34:47.6158864Z \n    at ModuleLoader.load (node:internal/modules/esm/loader:801:12)
standard starter - windows-latest - pnpm	Run smoke test	2025-09-17T04:34:47.6159353Z \n    at ModuleLoader.loadAndTranslate (node:internal/modules/esm/loader:586:43)
standard starter - windows-latest - pnpm	Run smoke test	2025-09-17T04:34:47.6159825Z \n    at #createModuleJob (node:internal/modules/esm/loader:610:36)
standard starter - windows-latest - pnpm	Run smoke test	2025-09-17T04:34:47.6160284Z \n    at #getJobFromResolveResult (node:internal/modules/esm/loader:341:34)
standard starter - windows-latest - pnpm	Run smoke test	2025-09-17T04:34:47.6160808Z \n    at ModuleLoader.getModuleJobForImport (node:internal/modules/esm/loader:309:41)
standard starter - windows-latest - pnpm	Run smoke test	2025-09-17T04:34:47.6161382Z \n    at process.processTicksAndRejections (node:internal/process/task_queues:105:5)
standard starter - windows-latest - pnpm	Run smoke test	2025-09-17T04:34:47.6161951Z \n    at async onImport.tracePromise.__proto__ (node:internal/modules/esm/loader:650:25)
standard starter - windows-latest - pnpm	Run smoke test	2025-09-17T04:34:47.6163266Z \n    at runDirectivesScan (file:///C:/Users/RUNNER%7E1/AppData/Local/Temp/tmp-2308-PwpTFBpErKGk/test-project-smoke-test-fixed-worm-f18386c8/node_modules/.pnpm/rwsdk@file+..+..+..+..+..+._3bb38cb4d9e593c67b9e24aa163543fe/node_modules/rwsdk/dist/vite/runDirectivesScan.mjs:236:15)
standard starter - windows-latest - pnpm	Run smoke test	2025-09-17T04:34:47.6164432Z \n    at process.processTicksAndRejections (node:internal/process/task_queues:105:5)
standard starter - windows-latest - pnpm	Run smoke test	2025-09-17T04:34:47.6164774Z \n
standard starter - windows-latest - pnpm	Run smoke test	2025-09-17T04:34:47.6164931Z \nNode.js v22.19.0
standard starter - windows-latest - pnpm	Run smoke test	2025-09-17T04:34:47.6165095Z \n
standard starter - windows-latest - pnpm	Run smoke test	2025-09-17T04:34:48.1144180Z 2025-09-17T04:34:48.098Z rwsdk:smoke Checking accumulated output for URL patterns: \n> @redwoodjs/starter-standard@1.0.0 dev C:\Users\RUNNER~1\AppData\Local\Temp\tmp-2308-PwpTFBpErKGk\test-project-smoke-test-fixed-worm-f18386c8\n> vite dev\n\n\n> @redwoodjs/starter-standard@1.0.0 dev C:\Users\RUNNER~1\AppData\Local\Temp\tmp-2308-PwpTFBpErKGk\test-project-smoke-test-fixed-worm-f18386c8\n> vite dev\n\n🚀 Project has no .wrangler directory yet, assuming fresh install: running `npm run dev:init`...\n🚀 Project has no .wrangler directory yet, assuming fresh install: running `npm run dev:init`...\n\n> @redwoodjs/starter-standard@1.0.0 dev:init\n> rw-scripts dev-init\n\n\n> @redwoodjs/starter-standard@1.0.0 dev:init\n> rw-scripts dev-init\n\n\n🔍 Scanning for 'use client' and 'use server' directives...\n\n🔍 Scanning for 'use client' and 'use server' directives...\n✅ Scan complete.\n✅ Scan complete.\nfile:///C:/Users/RUNNER%7E1/AppData/Local/Temp/tmp-2308-PwpTFBpErKGk/test-project-smoke-test-fixed-worm-f18386c8/node_modules/.pnpm/rwsdk@file+..+..+..+..+..+._3bb38cb4d9e593c67b9e24aa163543fe/node_modules/rwsdk/dist/vite/runDirectivesScan.mjs:236
standard starter - windows-latest - pnpm	Run smoke test	2025-09-17T04:34:48.1148573Z \n        throw new Error(`RWSDK directive scan failed:\n${e.stack}`);
standard starter - windows-latest - pnpm	Run smoke test	2025-09-17T04:34:48.1148909Z \n              ^
standard starter - windows-latest - pnpm	Run smoke test	2025-09-17T04:34:48.1149091Z \n
standard starter - windows-latest - pnpm	Run smoke test	2025-09-17T04:34:48.1149313Z \nError: RWSDK directive scan failed:
standard starter - windows-latest - pnpm	Run smoke test	2025-09-17T04:34:48.1150241Z \nError [ERR_UNSUPPORTED_ESM_URL_SCHEME]: Only URLs with a scheme in: file, data, and node are supported by the default ESM loader. On Windows, absolute paths must be valid file:// URLs. Received protocol 'c:'
standard starter - windows-latest - pnpm	Run smoke test	2025-09-17T04:34:48.1151326Z \n    at throwIfUnsupportedURLScheme (node:internal/modules/esm/load:184:11)
standard starter - windows-latest - pnpm	Run smoke test	2025-09-17T04:34:48.1151789Z \n    at defaultLoad (node:internal/modules/esm/load:82:3)
standard starter - windows-latest - pnpm	Run smoke test	2025-09-17T04:34:48.1152207Z \n    at ModuleLoader.load (node:internal/modules/esm/loader:801:12)
standard starter - windows-latest - pnpm	Run smoke test	2025-09-17T04:34:48.1152701Z \n    at ModuleLoader.loadAndTranslate (node:internal/modules/esm/loader:586:43)
standard starter - windows-latest - pnpm	Run smoke test	2025-09-17T04:34:48.1153172Z \n    at #createModuleJob (node:internal/modules/esm/loader:610:36)
standard starter - windows-latest - pnpm	Run smoke test	2025-09-17T04:34:48.1153636Z \n    at #getJobFromResolveResult (node:internal/modules/esm/loader:341:34)
standard starter - windows-latest - pnpm	Run smoke test	2025-09-17T04:34:48.1154173Z \n    at ModuleLoader.getModuleJobForImport (node:internal/modules/esm/loader:309:41)
standard starter - windows-latest - pnpm	Run smoke test	2025-09-17T04:34:48.1154760Z \n    at process.processTicksAndRejections (node:internal/process/task_queues:105:5)
standard starter - windows-latest - pnpm	Run smoke test	2025-09-17T04:34:48.1155333Z \n    at async onImport.tracePromise.__proto__ (node:internal/modules/esm/loader:650:25)
standard starter - windows-latest - pnpm	Run smoke test	2025-09-17T04:34:48.1156667Z \n    at runDirectivesScan (file:///C:/Users/RUNNER%7E1/AppData/Local/Temp/tmp-2308-PwpTFBpErKGk/test-project-smoke-test-fixed-worm-f18386c8/node_modules/.pnpm/rwsdk@file+..+..+..+..+..+._3bb38cb4d9e593c67b9e24aa163543fe/node_modules/rwsdk/dist/vite/runDirectivesScan.mjs:236:15)
standard starter - windows-latest - pnpm	Run smoke test	2025-09-17T04:34:48.1157849Z \n    at process.processTicksAndRejections (node:internal/process/task_queues:105:5)
standard starter - windows-latest - pnpm	Run smoke test	2025-09-17T04:34:48.1158201Z \n
standard starter - windows-latest - pnpm	Run smoke test	2025-09-17T04:34:48.1158361Z \nNode.js v22.19.0
standard starter - windows-latest - pnpm	Run smoke test	2025-09-17T04:34:48.1159400Z \nfile:///C:/Users/RUNNER%7E1/AppData/Local/Temp/tmp-2308-PwpTFBpErKGk/test-project-smoke-test-fixed-worm-f18386c8/node_modules/.pnpm/rwsdk@file+..+..+..+..+..+._3bb38cb4d9e593c67b9e24aa163543fe/node_modules/rwsdk/dist/vite/runDirectivesScan.mjs:236
standard starter - windows-latest - pnpm	Run smoke test	2025-09-17T04:34:48.1160400Z \n        throw new Error(`RWSDK directive scan failed:\n${e.stack}`);
standard starter - windows-latest - pnpm	Run smoke test	2025-09-17T04:34:48.1160694Z \n              ^
standard starter - windows-latest - pnpm	Run smoke test	2025-09-17T04:34:48.1160847Z \n
standard starter - windows-latest - pnpm	Run smoke test	2025-09-17T04:34:48.1161044Z \nError: RWSDK directive scan failed:
standard starter - windows-latest - pnpm	Run smoke test	2025-09-17T04:34:48.1161886Z \nError [ERR_UNSUPPORTED_ESM_URL_SCHEME]: Only URLs with a scheme in: file, data, and node are supported by the default ESM loader. On Windows, absolute paths must be valid file:// URLs. Received protocol 'c:'
standard starter - windows-latest - pnpm	Run smoke test	2025-09-17T04:34:48.1162733Z \n    at throwIfUnsupportedURLScheme (node:internal/modules/esm/load:184:11)
standard starter - windows-latest - pnpm	Run smoke test	2025-09-17T04:34:48.1163162Z \n    at defaultLoad (node:internal/modules/esm/load:82:3)
standard starter - windows-latest - pnpm	Run smoke test	2025-09-17T04:34:48.1163561Z \n    at ModuleLoader.load (node:internal/modules/esm/loader:801:12)
standard starter - windows-latest - pnpm	Run smoke test	2025-09-17T04:34:48.1164041Z \n    at ModuleLoader.loadAndTranslate (node:internal/modules/esm/loader:586:43)
standard starter - windows-latest - pnpm	Run smoke test	2025-09-17T04:34:48.1164511Z \n    at #createModuleJob (node:internal/modules/esm/loader:610:36)
standard starter - windows-latest - pnpm	Run smoke test	2025-09-17T04:34:48.1164957Z \n    at #getJobFromResolveResult (node:internal/modules/esm/loader:341:34)
standard starter - windows-latest - pnpm	Run smoke test	2025-09-17T04:34:48.1165632Z \n    at ModuleLoader.getModuleJobForImport (node:internal/modules/esm/loader:309:41)
standard starter - windows-latest - pnpm	Run smoke test	2025-09-17T04:34:48.1166301Z \n    at process.processTicksAndRejections (node:internal/process/task_queues:105:5)
standard starter - windows-latest - pnpm	Run smoke test	2025-09-17T04:34:48.1166876Z \n    at async onImport.tracePromise.__proto__ (node:internal/modules/esm/loader:650:25)
standard starter - windows-latest - pnpm	Run smoke test	2025-09-17T04:34:48.1168306Z \n    at runDirectivesScan (file:///C:/Users/RUNNER%7E1/AppData/Local/Temp/tmp-2308-PwpTFBpErKGk/test-project-smoke-test-fixed-worm-f18386c8/node_modules/.pnpm/rwsdk@file+..+..+..+..+..+._3bb38cb4d9e593c67b9e24aa163543fe/node_modules/rwsdk/dist/vite/runDirectivesScan.mjs:236:15)
standard starter - windows-latest - pnpm	Run smoke test	2025-09-17T04:34:48.1169469Z \n    at process.processTicksAndRejections (node:internal/process/task_queues:105:5)
standard starter - windows-latest - pnpm	Run smoke test	2025-09-17T04:34:48.1169843Z \n
standard starter - windows-latest - pnpm	Run smoke test	2025-09-17T04:34:48.1170124Z \nNode.js v22.19.0
standard starter - windows-latest - pnpm	Run smoke test	2025-09-17T04:34:48.1170307Z \n
standard starter - windows-latest - pnpm	Run smoke test	2025-09-17T04:34:48.6157568Z 2025-09-17T04:34:48.600Z rwsdk:smoke Checking accumulated output for URL patterns: \n> @redwoodjs/starter-standard@1.0.0 dev C:\Users\RUNNER~1\AppData\Local\Temp\tmp-2308-PwpTFBpErKGk\test-project-smoke-test-fixed-worm-f18386c8\n> vite dev\n\n\n> @redwoodjs/starter-standard@1.0.0 dev C:\Users\RUNNER~1\AppData\Local\Temp\tmp-2308-PwpTFBpErKGk\test-project-smoke-test-fixed-worm-f18386c8\n> vite dev\n\n🚀 Project has no .wrangler directory yet, assuming fresh install: running `npm run dev:init`...\n🚀 Project has no .wrangler directory yet, assuming fresh install: running `npm run dev:init`...\n\n> @redwoodjs/starter-standard@1.0.0 dev:init\n> rw-scripts dev-init\n\n\n> @redwoodjs/starter-standard@1.0.0 dev:init\n> rw-scripts dev-init\n\n\n🔍 Scanning for 'use client' and 'use server' directives...\n\n🔍 Scanning for 'use client' and 'use server' directives...\n✅ Scan complete.\n✅ Scan complete.\nfile:///C:/Users/RUNNER%7E1/AppData/Local/Temp/tmp-2308-PwpTFBpErKGk/test-project-smoke-test-fixed-worm-f18386c8/node_modules/.pnpm/rwsdk@file+..+..+..+..+..+._3bb38cb4d9e593c67b9e24aa163543fe/node_modules/rwsdk/dist/vite/runDirectivesScan.mjs:236
standard starter - windows-latest - pnpm	Run smoke test	2025-09-17T04:34:48.6162036Z \n        throw new Error(`RWSDK directive scan failed:\n${e.stack}`);
standard starter - windows-latest - pnpm	Run smoke test	2025-09-17T04:34:48.6162345Z \n              ^
standard starter - windows-latest - pnpm	Run smoke test	2025-09-17T04:34:48.6162520Z \n
standard starter - windows-latest - pnpm	Run smoke test	2025-09-17T04:34:48.6162729Z \nError: RWSDK directive scan failed:
standard starter - windows-latest - pnpm	Run smoke test	2025-09-17T04:34:48.6163611Z \nError [ERR_UNSUPPORTED_ESM_URL_SCHEME]: Only URLs with a scheme in: file, data, and node are supported by the default ESM loader. On Windows, absolute paths must be valid file:// URLs. Received protocol 'c:'
standard starter - windows-latest - pnpm	Run smoke test	2025-09-17T04:34:48.6164478Z \n    at throwIfUnsupportedURLScheme (node:internal/modules/esm/load:184:11)
standard starter - windows-latest - pnpm	Run smoke test	2025-09-17T04:34:48.6164925Z \n    at defaultLoad (node:internal/modules/esm/load:82:3)
standard starter - windows-latest - pnpm	Run smoke test	2025-09-17T04:34:48.6165339Z \n    at ModuleLoader.load (node:internal/modules/esm/loader:801:12)
standard starter - windows-latest - pnpm	Run smoke test	2025-09-17T04:34:48.6165829Z \n    at ModuleLoader.loadAndTranslate (node:internal/modules/esm/loader:586:43)
standard starter - windows-latest - pnpm	Run smoke test	2025-09-17T04:34:48.6166305Z \n    at #createModuleJob (node:internal/modules/esm/loader:610:36)
standard starter - windows-latest - pnpm	Run smoke test	2025-09-17T04:34:48.6166766Z \n    at #getJobFromResolveResult (node:internal/modules/esm/loader:341:34)
standard starter - windows-latest - pnpm	Run smoke test	2025-09-17T04:34:48.6167304Z \n    at ModuleLoader.getModuleJobForImport (node:internal/modules/esm/loader:309:41)
standard starter - windows-latest - pnpm	Run smoke test	2025-09-17T04:34:48.6167880Z \n    at process.processTicksAndRejections (node:internal/process/task_queues:105:5)
standard starter - windows-latest - pnpm	Run smoke test	2025-09-17T04:34:48.6168452Z \n    at async onImport.tracePromise.__proto__ (node:internal/modules/esm/loader:650:25)
standard starter - windows-latest - pnpm	Run smoke test	2025-09-17T04:34:48.6169776Z \n    at runDirectivesScan (file:///C:/Users/RUNNER%7E1/AppData/Local/Temp/tmp-2308-PwpTFBpErKGk/test-project-smoke-test-fixed-worm-f18386c8/node_modules/.pnpm/rwsdk@file+..+..+..+..+..+._3bb38cb4d9e593c67b9e24aa163543fe/node_modules/rwsdk/dist/vite/runDirectivesScan.mjs:236:15)
standard starter - windows-latest - pnpm	Run smoke test	2025-09-17T04:34:48.6170966Z \n    at process.processTicksAndRejections (node:internal/process/task_queues:105:5)
standard starter - windows-latest - pnpm	Run smoke test	2025-09-17T04:34:48.6171326Z \n
standard starter - windows-latest - pnpm	Run smoke test	2025-09-17T04:34:48.6171481Z \nNode.js v22.19.0
standard starter - windows-latest - pnpm	Run smoke test	2025-09-17T04:34:48.6172521Z \nfile:///C:/Users/RUNNER%7E1/AppData/Local/Temp/tmp-2308-PwpTFBpErKGk/test-project-smoke-test-fixed-worm-f18386c8/node_modules/.pnpm/rwsdk@file+..+..+..+..+..+._3bb38cb4d9e593c67b9e24aa163543fe/node_modules/rwsdk/dist/vite/runDirectivesScan.mjs:236
standard starter - windows-latest - pnpm	Run smoke test	2025-09-17T04:34:48.6173538Z \n        throw new Error(`RWSDK directive scan failed:\n${e.stack}`);
standard starter - windows-latest - pnpm	Run smoke test	2025-09-17T04:34:48.6173962Z \n              ^
standard starter - windows-latest - pnpm	Run smoke test	2025-09-17T04:34:48.6174116Z \n
standard starter - windows-latest - pnpm	Run smoke test	2025-09-17T04:34:48.6174314Z \nError: RWSDK directive scan failed:
standard starter - windows-latest - pnpm	Run smoke test	2025-09-17T04:34:48.6175155Z \nError [ERR_UNSUPPORTED_ESM_URL_SCHEME]: Only URLs with a scheme in: file, data, and node are supported by the default ESM loader. On Windows, absolute paths must be valid file:// URLs. Received protocol 'c:'
standard starter - windows-latest - pnpm	Run smoke test	2025-09-17T04:34:48.6176003Z \n    at throwIfUnsupportedURLScheme (node:internal/modules/esm/load:184:11)
standard starter - windows-latest - pnpm	Run smoke test	2025-09-17T04:34:48.6176439Z \n    at defaultLoad (node:internal/modules/esm/load:82:3)
standard starter - windows-latest - pnpm	Run smoke test	2025-09-17T04:34:48.6176842Z \n    at ModuleLoader.load (node:internal/modules/esm/loader:801:12)
standard starter - windows-latest - pnpm	Run smoke test	2025-09-17T04:34:48.6177324Z \n    at ModuleLoader.loadAndTranslate (node:internal/modules/esm/loader:586:43)
standard starter - windows-latest - pnpm	Run smoke test	2025-09-17T04:34:48.6177884Z \n    at #createModuleJob (node:internal/modules/esm/loader:610:36)
standard starter - windows-latest - pnpm	Run smoke test	2025-09-17T04:34:48.6178338Z \n    at #getJobFromResolveResult (node:internal/modules/esm/loader:341:34)
standard starter - windows-latest - pnpm	Run smoke test	2025-09-17T04:34:48.6178871Z \n    at ModuleLoader.getModuleJobForImport (node:internal/modules/esm/loader:309:41)
standard starter - windows-latest - pnpm	Run smoke test	2025-09-17T04:34:48.6179447Z \n    at process.processTicksAndRejections (node:internal/process/task_queues:105:5)
standard starter - windows-latest - pnpm	Run smoke test	2025-09-17T04:34:48.6180029Z \n    at async onImport.tracePromise.__proto__ (node:internal/modules/esm/loader:650:25)
standard starter - windows-latest - pnpm	Run smoke test	2025-09-17T04:34:48.6181590Z \n    at runDirectivesScan (file:///C:/Users/RUNNER%7E1/AppData/Local/Temp/tmp-2308-PwpTFBpErKGk/test-project-smoke-test-fixed-worm-f18386c8/node_modules/.pnpm/rwsdk@file+..+..+..+..+..+._3bb38cb4d9e593c67b9e24aa163543fe/node_modules/rwsdk/dist/vite/runDirectivesScan.mjs:236:15)
standard starter - windows-latest - pnpm	Run smoke test	2025-09-17T04:34:48.6182773Z \n    at process.processTicksAndRejections (node:internal/process/task_queues:105:5)
standard starter - windows-latest - pnpm	Run smoke test	2025-09-17T04:34:48.6183134Z \n
standard starter - windows-latest - pnpm	Run smoke test	2025-09-17T04:34:48.6183293Z \nNode.js v22.19.0
standard starter - windows-latest - pnpm	Run smoke test	2025-09-17T04:34:48.6183459Z \n
standard starter - windows-latest - pnpm	Run smoke test	2025-09-17T04:34:48.8447372Z  ELIFECYCLE  Command failed with exit code 1.
standard starter - windows-latest - pnpm	Run smoke test	2025-09-17T04:34:48.8449045Z 2025-09-17T04:34:48.830Z rwsdk:smoke Received output from all:  ELIFECYCLE  Command failed with exit code 1.\n
standard starter - windows-latest - pnpm	Run smoke test	2025-09-17T04:34:48.8451448Z 2025-09-17T04:34:48.830Z rwsdk:smoke Testing pattern Local:\s*(?:\u001b\[\d+m)?(https?:\/\/localhost:\d+) against output:  ELIFECYCLE  Command failed with exit code 1.\n
standard starter - windows-latest - pnpm	Run smoke test	2025-09-17T04:34:48.8454130Z 2025-09-17T04:34:48.830Z rwsdk:smoke Testing pattern [➜→]\s*Local:\s*(?:\u001b\[\d+m)?(https?:\/\/localhost:\d+) against output:  ELIFECYCLE  Command failed with exit code 1.\n
standard starter - windows-latest - pnpm	Run smoke test	2025-09-17T04:34:48.8455128Z 
standard starter - windows-latest - pnpm	Run smoke test	2025-09-17T04:34:48.8456528Z 2025-09-17T04:34:48.830Z rwsdk:smoke Testing pattern [\u27A1\u2192\u279C]\s*Local:\s*(?:\u001b\[\d+m)?(https?:\/\/localhost:\d+) against output:  ELIFECYCLE  Command failed with exit code 1.\n
standard starter - windows-latest - pnpm	Run smoke test	2025-09-17T04:34:48.8457803Z 2025-09-17T04:34:48.830Z rwsdk:smoke Testing pattern (https?:\/\/localhost:\d+) against output:  ELIFECYCLE  Command failed with exit code 1.\n
standard starter - windows-latest - pnpm	Run smoke test	2025-09-17T04:34:48.8458851Z 2025-09-17T04:34:48.830Z rwsdk:smoke Testing pattern localhost:(\d+) against output:  ELIFECYCLE  Command failed with exit code 1.\n
standard starter - windows-latest - pnpm	Run smoke test	2025-09-17T04:34:48.8459914Z 2025-09-17T04:34:48.830Z rwsdk:smoke Testing pattern server.*ready.*localhost:(\d+) against output:  ELIFECYCLE  Command failed with exit code 1.\n
standard starter - windows-latest - pnpm	Run smoke test	2025-09-17T04:34:48.8460980Z 2025-09-17T04:34:48.830Z rwsdk:smoke Testing pattern dev server.*localhost:(\d+) against output:  ELIFECYCLE  Command failed with exit code 1.\n
standard starter - windows-latest - pnpm	Run smoke test	2025-09-17T04:34:48.8461915Z 2025-09-17T04:34:48.830Z rwsdk:smoke Received output from stdout:  ELIFECYCLE  Command failed with exit code 1.\n
standard starter - windows-latest - pnpm	Run smoke test	2025-09-17T04:34:48.8462960Z 2025-09-17T04:34:48.830Z rwsdk:smoke Testing pattern Local:\s*(?:\u001b\[\d+m)?(https?:\/\/localhost:\d+) against output:  ELIFECYCLE  Command failed with exit code 1.\n
standard starter - windows-latest - pnpm	Run smoke test	2025-09-17T04:34:48.8464146Z 2025-09-17T04:34:48.830Z rwsdk:smoke Testing pattern [➜→]\s*Local:\s*(?:\u001b\[\d+m)?(https?:\/\/localhost:\d+) against output:  ELIFECYCLE  Command failed with exit code 1.\n
standard starter - windows-latest - pnpm	Run smoke test	2025-09-17T04:34:48.8465402Z 2025-09-17T04:34:48.830Z rwsdk:smoke Testing pattern [\u27A1\u2192\u279C]\s*Local:\s*(?:\u001b\[\d+m)?(https?:\/\/localhost:\d+) against output:  ELIFECYCLE  Command failed with exit code 1.\n
standard starter - windows-latest - pnpm	Run smoke test	2025-09-17T04:34:48.8466720Z 2025-09-17T04:34:48.830Z rwsdk:smoke Testing pattern (https?:\/\/localhost:\d+) against output:  ELIFECYCLE  Command failed with exit code 1.\n
standard starter - windows-latest - pnpm	Run smoke test	2025-09-17T04:34:48.8467650Z 2025-09-17T04:34:48.830Z rwsdk:smoke Testing pattern localhost:(\d+) against output:  ELIFECYCLE  Command failed with exit code 1.\n
standard starter - windows-latest - pnpm	Run smoke test	2025-09-17T04:34:48.8468613Z 2025-09-17T04:34:48.830Z rwsdk:smoke Testing pattern server.*ready.*localhost:(\d+) against output:  ELIFECYCLE  Command failed with exit code 1.\n
standard starter - windows-latest - pnpm	Run smoke test	2025-09-17T04:34:48.8469589Z 2025-09-17T04:34:48.830Z rwsdk:smoke Testing pattern dev server.*localhost:(\d+) against output:  ELIFECYCLE  Command failed with exit code 1.\n
standard starter - windows-latest - pnpm	Run smoke test	2025-09-17T04:34:48.8470356Z  ELIFECYCLE  Command failed with exit code 1.
standard starter - windows-latest - pnpm	Run smoke test	2025-09-17T04:34:48.8470546Z 
standard starter - windows-latest - pnpm	Run smoke test	2025-09-17T04:34:49.1175605Z 2025-09-17T04:34:49.101Z rwsdk:smoke Checking accumulated output for URL patterns: \n> @redwoodjs/starter-standard@1.0.0 dev C:\Users\RUNNER~1\AppData\Local\Temp\tmp-2308-PwpTFBpErKGk\test-project-smoke-test-fixed-worm-f18386c8\n> vite dev\n\n\n> @redwoodjs/starter-standard@1.0.0 dev C:\Users\RUNNER~1\AppData\Local\Temp\tmp-2308-PwpTFBpErKGk\test-project-smoke-test-fixed-worm-f18386c8\n> vite dev\n\n🚀 Project has no .wrangler directory yet, assuming fresh install: running `npm run dev:init`...\n🚀 Project has no .wrangler directory yet, assuming fresh install: running `npm run dev:init`...\n\n> @redwoodjs/starter-standard@1.0.0 dev:init\n> rw-scripts dev-init\n\n\n> @redwoodjs/starter-standard@1.0.0 dev:init\n> rw-scripts dev-init\n\n\n🔍 Scanning for 'use client' and 'use server' directives...\n\n🔍 Scanning for 'use client' and 'use server' directives...\n✅ Scan complete.\n✅ Scan complete.\nfile:///C:/Users/RUNNER%7E1/AppData/Local/Temp/tmp-2308-PwpTFBpErKGk/test-project-smoke-test-fixed-worm-f18386c8/node_modules/.pnpm/rwsdk@file+..+..+..+..+..+._3bb38cb4d9e593c67b9e24aa163543fe/node_modules/rwsdk/dist/vite/runDirectivesScan.mjs:236
standard starter - windows-latest - pnpm	Run smoke test	2025-09-17T04:34:49.1180063Z \n        throw new Error(`RWSDK directive scan failed:\n${e.stack}`);
standard starter - windows-latest - pnpm	Run smoke test	2025-09-17T04:34:49.1180410Z \n              ^
standard starter - windows-latest - pnpm	Run smoke test	2025-09-17T04:34:49.1180590Z \n
standard starter - windows-latest - pnpm	Run smoke test	2025-09-17T04:34:49.1180797Z \nError: RWSDK directive scan failed:
standard starter - windows-latest - pnpm	Run smoke test	2025-09-17T04:34:49.1181665Z \nError [ERR_UNSUPPORTED_ESM_URL_SCHEME]: Only URLs with a scheme in: file, data, and node are supported by the default ESM loader. On Windows, absolute paths must be valid file:// URLs. Received protocol 'c:'
standard starter - windows-latest - pnpm	Run smoke test	2025-09-17T04:34:49.1182535Z \n    at throwIfUnsupportedURLScheme (node:internal/modules/esm/load:184:11)
standard starter - windows-latest - pnpm	Run smoke test	2025-09-17T04:34:49.1182973Z \n    at defaultLoad (node:internal/modules/esm/load:82:3)
standard starter - windows-latest - pnpm	Run smoke test	2025-09-17T04:34:49.1183396Z \n    at ModuleLoader.load (node:internal/modules/esm/loader:801:12)
standard starter - windows-latest - pnpm	Run smoke test	2025-09-17T04:34:49.1183883Z \n    at ModuleLoader.loadAndTranslate (node:internal/modules/esm/loader:586:43)
standard starter - windows-latest - pnpm	Run smoke test	2025-09-17T04:34:49.1184366Z \n    at #createModuleJob (node:internal/modules/esm/loader:610:36)
standard starter - windows-latest - pnpm	Run smoke test	2025-09-17T04:34:49.1184837Z \n    at #getJobFromResolveResult (node:internal/modules/esm/loader:341:34)
standard starter - windows-latest - pnpm	Run smoke test	2025-09-17T04:34:49.1185395Z \n    at ModuleLoader.getModuleJobForImport (node:internal/modules/esm/loader:309:41)
standard starter - windows-latest - pnpm	Run smoke test	2025-09-17T04:34:49.1185987Z \n    at process.processTicksAndRejections (node:internal/process/task_queues:105:5)
standard starter - windows-latest - pnpm	Run smoke test	2025-09-17T04:34:49.1186557Z \n    at async onImport.tracePromise.__proto__ (node:internal/modules/esm/loader:650:25)
standard starter - windows-latest - pnpm	Run smoke test	2025-09-17T04:34:49.1187893Z \n    at runDirectivesScan (file:///C:/Users/RUNNER%7E1/AppData/Local/Temp/tmp-2308-PwpTFBpErKGk/test-project-smoke-test-fixed-worm-f18386c8/node_modules/.pnpm/rwsdk@file+..+..+..+..+..+._3bb38cb4d9e593c67b9e24aa163543fe/node_modules/rwsdk/dist/vite/runDirectivesScan.mjs:236:15)
standard starter - windows-latest - pnpm	Run smoke test	2025-09-17T04:34:49.1189065Z \n    at process.processTicksAndRejections (node:internal/process/task_queues:105:5)
standard starter - windows-latest - pnpm	Run smoke test	2025-09-17T04:34:49.1189420Z \n
standard starter - windows-latest - pnpm	Run smoke test	2025-09-17T04:34:49.1189580Z \nNode.js v22.19.0
standard starter - windows-latest - pnpm	Run smoke test	2025-09-17T04:34:49.1190838Z \nfile:///C:/Users/RUNNER%7E1/AppData/Local/Temp/tmp-2308-PwpTFBpErKGk/test-project-smoke-test-fixed-worm-f18386c8/node_modules/.pnpm/rwsdk@file+..+..+..+..+..+._3bb38cb4d9e593c67b9e24aa163543fe/node_modules/rwsdk/dist/vite/runDirectivesScan.mjs:236
standard starter - windows-latest - pnpm	Run smoke test	2025-09-17T04:34:49.1191841Z \n        throw new Error(`RWSDK directive scan failed:\n${e.stack}`);
standard starter - windows-latest - pnpm	Run smoke test	2025-09-17T04:34:49.1192124Z \n              ^
standard starter - windows-latest - pnpm	Run smoke test	2025-09-17T04:34:49.1192281Z \n
standard starter - windows-latest - pnpm	Run smoke test	2025-09-17T04:34:49.1192474Z \nError: RWSDK directive scan failed:
standard starter - windows-latest - pnpm	Run smoke test	2025-09-17T04:34:49.1193313Z \nError [ERR_UNSUPPORTED_ESM_URL_SCHEME]: Only URLs with a scheme in: file, data, and node are supported by the default ESM loader. On Windows, absolute paths must be valid file:// URLs. Received protocol 'c:'
standard starter - windows-latest - pnpm	Run smoke test	2025-09-17T04:34:49.1194278Z \n    at throwIfUnsupportedURLScheme (node:internal/modules/esm/load:184:11)
standard starter - windows-latest - pnpm	Run smoke test	2025-09-17T04:34:49.1194712Z \n    at defaultLoad (node:internal/modules/esm/load:82:3)
standard starter - windows-latest - pnpm	Run smoke test	2025-09-17T04:34:49.1195108Z \n    at ModuleLoader.load (node:internal/modules/esm/loader:801:12)
standard starter - windows-latest - pnpm	Run smoke test	2025-09-17T04:34:49.1195591Z \n    at ModuleLoader.loadAndTranslate (node:internal/modules/esm/loader:586:43)
standard starter - windows-latest - pnpm	Run smoke test	2025-09-17T04:34:49.1196058Z \n    at #createModuleJob (node:internal/modules/esm/loader:610:36)
standard starter - windows-latest - pnpm	Run smoke test	2025-09-17T04:34:49.1196503Z \n    at #getJobFromResolveResult (node:internal/modules/esm/loader:341:34)
standard starter - windows-latest - pnpm	Run smoke test	2025-09-17T04:34:49.1197035Z \n    at ModuleLoader.getModuleJobForImport (node:internal/modules/esm/loader:309:41)
standard starter - windows-latest - pnpm	Run smoke test	2025-09-17T04:34:49.1197601Z \n    at process.processTicksAndRejections (node:internal/process/task_queues:105:5)
standard starter - windows-latest - pnpm	Run smoke test	2025-09-17T04:34:49.1198160Z \n    at async onImport.tracePromise.__proto__ (node:internal/modules/esm/loader:650:25)
standard starter - windows-latest - pnpm	Run smoke test	2025-09-17T04:34:49.1199463Z \n    at runDirectivesScan (file:///C:/Users/RUNNER%7E1/AppData/Local/Temp/tmp-2308-PwpTFBpErKGk/test-project-smoke-test-fixed-worm-f18386c8/node_modules/.pnpm/rwsdk@file+..+..+..+..+..+._3bb38cb4d9e593c67b9e24aa163543fe/node_modules/rwsdk/dist/vite/runDirectivesScan.mjs:236:15)
standard starter - windows-latest - pnpm	Run smoke test	2025-09-17T04:34:49.1200639Z \n    at process.processTicksAndRejections (node:internal/process/task_queues:105:5)
standard starter - windows-latest - pnpm	Run smoke test	2025-09-17T04:34:49.1200986Z \n
standard starter - windows-latest - pnpm	Run smoke test	2025-09-17T04:34:49.1201136Z \nNode.js v22.19.0
standard starter - windows-latest - pnpm	Run smoke test	2025-09-17T04:34:49.1201743Z \n ELIFECYCLE  Command failed with exit code 1.\n ELIFECYCLE  Command failed with exit code 1.\n
standard starter - windows-latest - pnpm	Run smoke test	2025-09-17T04:34:49.1453524Z ❌ Smoke test failed: Command failed with exit code 1: pnpm run dev
standard starter - windows-latest - pnpm	Run smoke test	2025-09-17T04:34:49.1453986Z 
standard starter - windows-latest - pnpm	Run smoke test	2025-09-17T04:34:49.1454000Z 
standard starter - windows-latest - pnpm	Run smoke test	2025-09-17T04:34:49.1454665Z > @redwoodjs/starter-standard@1.0.0 dev C:\Users\RUNNER~1\AppData\Local\Temp\tmp-2308-PwpTFBpErKGk\test-project-smoke-test-fixed-worm-f18386c8
standard starter - windows-latest - pnpm	Run smoke test	2025-09-17T04:34:49.1455362Z > vite dev
standard starter - windows-latest - pnpm	Run smoke test	2025-09-17T04:34:49.1455492Z 
standard starter - windows-latest - pnpm	Run smoke test	2025-09-17T04:34:49.1456027Z 🚀 Project has no .wrangler directory yet, assuming fresh install: running `npm run dev:init`...
standard starter - windows-latest - pnpm	Run smoke test	2025-09-17T04:34:49.1456458Z 
standard starter - windows-latest - pnpm	Run smoke test	2025-09-17T04:34:49.1456641Z > @redwoodjs/starter-standard@1.0.0 dev:init
standard starter - windows-latest - pnpm	Run smoke test	2025-09-17T04:34:49.1456969Z > rw-scripts dev-init
standard starter - windows-latest - pnpm	Run smoke test	2025-09-17T04:34:49.1457138Z 
standard starter - windows-latest - pnpm	Run smoke test	2025-09-17T04:34:49.1457145Z 
standard starter - windows-latest - pnpm	Run smoke test	2025-09-17T04:34:49.1457456Z 🔍 Scanning for 'use client' and 'use server' directives...
standard starter - windows-latest - pnpm	Run smoke test	2025-09-17T04:34:49.1457862Z ✅ Scan complete.
standard starter - windows-latest - pnpm	Run smoke test	2025-09-17T04:34:49.1459189Z file:///C:/Users/RUNNER%7E1/AppData/Local/Temp/tmp-2308-PwpTFBpErKGk/test-project-smoke-test-fixed-worm-f18386c8/node_modules/.pnpm/rwsdk@file+..+..+..+..+..+._3bb38cb4d9e593c67b9e24aa163543fe/node_modules/rwsdk/dist/vite/runDirectivesScan.mjs:236\r
standard starter - windows-latest - pnpm	Run smoke test	2025-09-17T04:34:49.1460410Z         throw new Error(`RWSDK directive scan failed:\n${e.stack}`);\r
standard starter - windows-latest - pnpm	Run smoke test	2025-09-17T04:34:49.1460703Z               ^\r
standard starter - windows-latest - pnpm	Run smoke test	2025-09-17T04:34:49.1460866Z \r
standard starter - windows-latest - pnpm	Run smoke test	2025-09-17T04:34:49.1461070Z Error: RWSDK directive scan failed:\r
standard starter - windows-latest - pnpm	Run smoke test	2025-09-17T04:34:49.1461923Z Error [ERR_UNSUPPORTED_ESM_URL_SCHEME]: Only URLs with a scheme in: file, data, and node are supported by the default ESM loader. On Windows, absolute paths must be valid file:// URLs. Received protocol 'c:'\r
standard starter - windows-latest - pnpm	Run smoke test	2025-09-17T04:34:49.1462760Z     at throwIfUnsupportedURLScheme (node:internal/modules/esm/load:184:11)\r
standard starter - windows-latest - pnpm	Run smoke test	2025-09-17T04:34:49.1463647Z     at defaultLoad (node:internal/modules/esm/load:82:3)\r
standard starter - windows-latest - pnpm	Run smoke test	2025-09-17T04:34:49.1464524Z     at ModuleLoader.load (node:internal/modules/esm/loader:801:12)\r
standard starter - windows-latest - pnpm	Run smoke test	2025-09-17T04:34:49.1465354Z     at ModuleLoader.loadAndTranslate (node:internal/modules/esm/loader:586:43)\r
standard starter - windows-latest - pnpm	Run smoke test	2025-09-17T04:34:49.1467150Z     at #createModuleJob (node:internal/modules/esm/loader:610:36)\r
standard starter - windows-latest - pnpm	Run smoke test	2025-09-17T04:34:49.1468249Z     at #getJobFromResolveResult (node:internal/modules/esm/loader:341:34)\r
standard starter - windows-latest - pnpm	Run smoke test	2025-09-17T04:34:49.1469133Z     at ModuleLoader.getModuleJobForImport (node:internal/modules/esm/loader:309:41)\r
standard starter - windows-latest - pnpm	Run smoke test	2025-09-17T04:34:49.1470815Z     at process.processTicksAndRejections (node:internal/process/task_queues:105:5)\r
standard starter - windows-latest - pnpm	Run smoke test	2025-09-17T04:34:49.1472832Z     at async onImport.tracePromise.__proto__ (node:internal/modules/esm/loader:650:25)\r
standard starter - windows-latest - pnpm	Run smoke test	2025-09-17T04:34:49.1474929Z     at runDirectivesScan (file:///C:/Users/RUNNER%7E1/AppData/Local/Temp/tmp-2308-PwpTFBpErKGk/test-project-smoke-test-fixed-worm-f18386c8/node_modules/.pnpm/rwsdk@file+..+..+..+..+..+._3bb38cb4d9e593c67b9e24aa163543fe/node_modules/rwsdk/dist/vite/runDirectivesScan.mjs:236:15)\r
standard starter - windows-latest - pnpm	Run smoke test	2025-09-17T04:34:49.1478002Z     at process.processTicksAndRejections (node:internal/process/task_queues:105:5)\r
standard starter - windows-latest - pnpm	Run smoke test	2025-09-17T04:34:49.1478697Z \r
standard starter - windows-latest - pnpm	Run smoke test	2025-09-17T04:34:49.1478991Z Node.js v22.19.0\r
standard starter - windows-latest - pnpm	Run smoke test	2025-09-17T04:34:49.1479493Z \u2009ELIFECYCLE\u2009 Command failed with exit code 1.
standard starter - windows-latest - pnpm	Run smoke test	2025-09-17T04:34:49.1480589Z 2025-09-17T04:34:49.131Z rwsdk:smoke Test failed with error: ExecaError: Command failed with exit code 1: pnpm run dev
standard starter - windows-latest - pnpm	Run smoke test	2025-09-17T04:34:49.1481266Z 
standard starter - windows-latest - pnpm	Run smoke test	2025-09-17T04:34:49.1481283Z 
standard starter - windows-latest - pnpm	Run smoke test	2025-09-17T04:34:49.1482201Z > @redwoodjs/starter-standard@1.0.0 dev C:\Users\RUNNER~1\AppData\Local\Temp\tmp-2308-PwpTFBpErKGk\test-project-smoke-test-fixed-worm-f18386c8
standard starter - windows-latest - pnpm	Run smoke test	2025-09-17T04:34:49.1483248Z > vite dev
standard starter - windows-latest - pnpm	Run smoke test	2025-09-17T04:34:49.1483419Z 
standard starter - windows-latest - pnpm	Run smoke test	2025-09-17T04:34:49.1484206Z 🚀 Project has no .wrangler directory yet, assuming fresh install: running `npm run dev:init`...
standard starter - windows-latest - pnpm	Run smoke test	2025-09-17T04:34:49.1484797Z 
standard starter - windows-latest - pnpm	Run smoke test	2025-09-17T04:34:49.1485060Z > @redwoodjs/starter-standard@1.0.0 dev:init
standard starter - windows-latest - pnpm	Run smoke test	2025-09-17T04:34:49.1485520Z > rw-scripts dev-init
standard starter - windows-latest - pnpm	Run smoke test	2025-09-17T04:34:49.1485741Z 
standard starter - windows-latest - pnpm	Run smoke test	2025-09-17T04:34:49.1485752Z 
standard starter - windows-latest - pnpm	Run smoke test	2025-09-17T04:34:49.1486239Z 🔍 Scanning for 'use client' and 'use server' directives...
standard starter - windows-latest - pnpm	Run smoke test	2025-09-17T04:34:49.1486862Z ✅ Scan complete.
standard starter - windows-latest - pnpm	Run smoke test	2025-09-17T04:34:49.1488722Z file:///C:/Users/RUNNER%7E1/AppData/Local/Temp/tmp-2308-PwpTFBpErKGk/test-project-smoke-test-fixed-worm-f18386c8/node_modules/.pnpm/rwsdk@file+..+..+..+..+..+._3bb38cb4d9e593c67b9e24aa163543fe/node_modules/rwsdk/dist/vite/runDirectivesScan.mjs:236\r
standard starter - windows-latest - pnpm	Run smoke test	2025-09-17T04:34:49.1490877Z         throw new Error(`RWSDK directive scan failed:\n${e.stack}`);\r
standard starter - windows-latest - pnpm	Run smoke test	2025-09-17T04:34:49.1491438Z               ^\r
standard starter - windows-latest - pnpm	Run smoke test	2025-09-17T04:34:49.1491736Z \r
standard starter - windows-latest - pnpm	Run smoke test	2025-09-17T04:34:49.1492099Z Error: RWSDK directive scan failed:\r
standard starter - windows-latest - pnpm	Run smoke test	2025-09-17T04:34:49.1493083Z Error [ERR_UNSUPPORTED_ESM_URL_SCHEME]: Only URLs with a scheme in: file, data, and node are supported by the default ESM loader. On Windows, absolute paths must be valid file:// URLs. Received protocol 'c:'\r
standard starter - windows-latest - pnpm	Run smoke test	2025-09-17T04:34:49.1493943Z     at throwIfUnsupportedURLScheme (node:internal/modules/esm/load:184:11)\r
standard starter - windows-latest - pnpm	Run smoke test	2025-09-17T04:34:49.1494378Z     at defaultLoad (node:internal/modules/esm/load:82:3)\r
standard starter - windows-latest - pnpm	Run smoke test	2025-09-17T04:34:49.1494764Z     at ModuleLoader.load (node:internal/modules/esm/loader:801:12)\r
standard starter - windows-latest - pnpm	Run smoke test	2025-09-17T04:34:49.1495224Z     at ModuleLoader.loadAndTranslate (node:internal/modules/esm/loader:586:43)\r
standard starter - windows-latest - pnpm	Run smoke test	2025-09-17T04:34:49.1495685Z     at #createModuleJob (node:internal/modules/esm/loader:610:36)\r
standard starter - windows-latest - pnpm	Run smoke test	2025-09-17T04:34:49.1496114Z     at #getJobFromResolveResult (node:internal/modules/esm/loader:341:34)\r
standard starter - windows-latest - pnpm	Run smoke test	2025-09-17T04:34:49.1496623Z     at ModuleLoader.getModuleJobForImport (node:internal/modules/esm/loader:309:41)\r
standard starter - windows-latest - pnpm	Run smoke test	2025-09-17T04:34:49.1497184Z     at process.processTicksAndRejections (node:internal/process/task_queues:105:5)\r
standard starter - windows-latest - pnpm	Run smoke test	2025-09-17T04:34:49.1497870Z     at async onImport.tracePromise.__proto__ (node:internal/modules/esm/loader:650:25)\r
standard starter - windows-latest - pnpm	Run smoke test	2025-09-17T04:34:49.1499755Z     at runDirectivesScan (file:///C:/Users/RUNNER%7E1/AppData/Local/Temp/tmp-2308-PwpTFBpErKGk/test-project-smoke-test-fixed-worm-f18386c8/node_modules/.pnpm/rwsdk@file+..+..+..+..+..+._3bb38cb4d9e593c67b9e24aa163543fe/node_modules/rwsdk/dist/vite/runDirectivesScan.mjs:236:15)\r
standard starter - windows-latest - pnpm	Run smoke test	2025-09-17T04:34:49.1501365Z     at process.processTicksAndRejections (node:internal/process/task_queues:105:5)\r
standard starter - windows-latest - pnpm	Run smoke test	2025-09-17T04:34:49.1501833Z \r
standard starter - windows-latest - pnpm	Run smoke test	2025-09-17T04:34:49.1502000Z Node.js v22.19.0\r
standard starter - windows-latest - pnpm	Run smoke test	2025-09-17T04:34:49.1502286Z \u2009ELIFECYCLE\u2009 Command failed with exit code 1.
standard starter - windows-latest - pnpm	Run smoke test	2025-09-17T04:34:49.1503175Z     at getFinalError (file:///D:/a/sdk/sdk/node_modules/.pnpm/execa@9.5.2/node_modules/execa/lib/return/final-error.js:6:9)
standard starter - windows-latest - pnpm	Run smoke test	2025-09-17T04:34:49.1504529Z     at makeError (file:///D:/a/sdk/sdk/node_modules/.pnpm/execa@9.5.2/node_modules/execa/lib/return/result.js:108:16)
standard starter - windows-latest - pnpm	Run smoke test	2025-09-17T04:34:49.1505604Z     at getAsyncResult (file:///D:/a/sdk/sdk/node_modules/.pnpm/execa@9.5.2/node_modules/execa/lib/methods/main-async.js:167:4)
standard starter - windows-latest - pnpm	Run smoke test	2025-09-17T04:34:49.1506668Z     at handlePromise (file:///D:/a/sdk/sdk/node_modules/.pnpm/execa@9.5.2/node_modules/execa/lib/methods/main-async.js:150:17) {
standard starter - windows-latest - pnpm	Run smoke test	2025-09-17T04:34:49.1507566Z   shortMessage: 'Command failed with exit code 1: pnpm run dev',
standard starter - windows-latest - pnpm	Run smoke test	2025-09-17T04:34:49.1508042Z   command: 'pnpm run dev',
standard starter - windows-latest - pnpm	Run smoke test	2025-09-17T04:34:49.1508407Z   escapedCommand: 'pnpm run dev',
standard starter - windows-latest - pnpm	Run smoke test	2025-09-17T04:34:49.1509230Z   cwd: 'C:\\Users\\RUNNER~1\\AppData\\Local\\Temp\\tmp-2308-PwpTFBpErKGk\\test-project-smoke-test-fixed-worm-f18386c8',
standard starter - windows-latest - pnpm	Run smoke test	2025-09-17T04:34:49.1509941Z   durationMs: 6104.8594,
standard starter - windows-latest - pnpm	Run smoke test	2025-09-17T04:34:49.1510246Z   failed: true,
standard starter - windows-latest - pnpm	Run smoke test	2025-09-17T04:34:49.1510506Z   timedOut: false,
standard starter - windows-latest - pnpm	Run smoke test	2025-09-17T04:34:49.1510709Z   isCanceled: false,
standard starter - windows-latest - pnpm	Run smoke test	2025-09-17T04:34:49.1510922Z   isGracefullyCanceled: false,
standard starter - windows-latest - pnpm	Run smoke test	2025-09-17T04:34:49.1511242Z   isTerminated: false,
standard starter - windows-latest - pnpm	Run smoke test	2025-09-17T04:34:49.1511486Z   isMaxBuffer: false,
standard starter - windows-latest - pnpm	Run smoke test	2025-09-17T04:34:49.1511795Z   isForcefullyTerminated: false,
standard starter - windows-latest - pnpm	Run smoke test	2025-09-17T04:34:49.1512136Z   exitCode: 1,
standard starter - windows-latest - pnpm	Run smoke test	2025-09-17T04:34:49.1512423Z   stdout: '\n' +
standard starter - windows-latest - pnpm	Run smoke test	2025-09-17T04:34:49.1513162Z     '> @redwoodjs/starter-standard@1.0.0 dev C:\\Users\\RUNNER~1\\AppData\\Local\\Temp\\tmp-2308-PwpTFBpErKGk\\test-project-smoke-test-fixed-worm-f18386c8\n' +
standard starter - windows-latest - pnpm	Run smoke test	2025-09-17T04:34:49.1513731Z     '> vite dev\n' +
standard starter - windows-latest - pnpm	Run smoke test	2025-09-17T04:34:49.1513901Z     '\n' +
standard starter - windows-latest - pnpm	Run smoke test	2025-09-17T04:34:49.1514448Z     '🚀 Project has no .wrangler directory yet, assuming fresh install: running `npm run dev:init`...\n' +
standard starter - windows-latest - pnpm	Run smoke test	2025-09-17T04:34:49.1514845Z     '\n' +
standard starter - windows-latest - pnpm	Run smoke test	2025-09-17T04:34:49.1515069Z     '> @redwoodjs/starter-standard@1.0.0 dev:init\n' +
standard starter - windows-latest - pnpm	Run smoke test	2025-09-17T04:34:49.1515350Z     '> rw-scripts dev-init\n' +
standard starter - windows-latest - pnpm	Run smoke test	2025-09-17T04:34:49.1515671Z     '\n' +
standard starter - windows-latest - pnpm	Run smoke test	2025-09-17T04:34:49.1515957Z     '\n' +
standard starter - windows-latest - pnpm	Run smoke test	2025-09-17T04:34:49.1516499Z     "🔍 Scanning for 'use client' and 'use server' directives...\n" +
standard starter - windows-latest - pnpm	Run smoke test	2025-09-17T04:34:49.1516876Z     '✅ Scan complete.\n' +
standard starter - windows-latest - pnpm	Run smoke test	2025-09-17T04:34:49.1517282Z     ' ELIFECYCLE  Command failed with exit code 1.',
standard starter - windows-latest - pnpm	Run smoke test	2025-09-17T04:34:49.1519013Z   stderr: 'file:///C:/Users/RUNNER%7E1/AppData/Local/Temp/tmp-2308-PwpTFBpErKGk/test-project-smoke-test-fixed-worm-f18386c8/node_modules/.pnpm/rwsdk@file+..+..+..+..+..+._3bb38cb4d9e593c67b9e24aa163543fe/node_modules/rwsdk/dist/vite/runDirectivesScan.mjs:236\r\n' +
standard starter - windows-latest - pnpm	Run smoke test	2025-09-17T04:34:49.1520593Z     '        throw new Error(`RWSDK directive scan failed:\\n${e.stack}`);\r\n' +
standard starter - windows-latest - pnpm	Run smoke test	2025-09-17T04:34:49.1521103Z     '              ^\r\n' +
standard starter - windows-latest - pnpm	Run smoke test	2025-09-17T04:34:49.1521420Z     '\r\n' +
standard starter - windows-latest - pnpm	Run smoke test	2025-09-17T04:34:49.1521747Z     'Error: RWSDK directive scan failed:\r\n' +
standard starter - windows-latest - pnpm	Run smoke test	2025-09-17T04:34:49.1522951Z     "Error [ERR_UNSUPPORTED_ESM_URL_SCHEME]: Only URLs with a scheme in: file, data, and node are supported by the default ESM loader. On Windows, absolute paths must be valid file:// URLs. Received protocol 'c:'\r\n" +
standard starter - windows-latest - pnpm	Run smoke test	2025-09-17T04:34:49.1524164Z     '    at throwIfUnsupportedURLScheme (node:internal/modules/esm/load:184:11)\r\n' +
standard starter - windows-latest - pnpm	Run smoke test	2025-09-17T04:34:49.1524829Z     '    at defaultLoad (node:internal/modules/esm/load:82:3)\r\n' +
standard starter - windows-latest - pnpm	Run smoke test	2025-09-17T04:34:49.1525433Z     '    at ModuleLoader.load (node:internal/modules/esm/loader:801:12)\r\n' +
standard starter - windows-latest - pnpm	Run smoke test	2025-09-17T04:34:49.1525930Z     '    at ModuleLoader.loadAndTranslate (node:internal/modules/esm/loader:586:43)\r\n' +
standard starter - windows-latest - pnpm	Run smoke test	2025-09-17T04:34:49.1527130Z     '    at #createModuleJob (node:internal/modules/esm/loader:610:36)\r\n' +
standard starter - windows-latest - pnpm	Run smoke test	2025-09-17T04:34:49.1528145Z     '    at #getJobFromResolveResult (node:internal/modules/esm/loader:341:34)\r\n' +
standard starter - windows-latest - pnpm	Run smoke test	2025-09-17T04:34:49.1529049Z     '    at ModuleLoader.getModuleJobForImport (node:internal/modules/esm/loader:309:41)\r\n' +
standard starter - windows-latest - pnpm	Run smoke test	2025-09-17T04:34:49.1529667Z     '    at process.processTicksAndRejections (node:internal/process/task_queues:105:5)\r\n' +
standard starter - windows-latest - pnpm	Run smoke test	2025-09-17T04:34:49.1530398Z     '    at async onImport.tracePromise.__proto__ (node:internal/modules/esm/loader:650:25)\r\n' +
standard starter - windows-latest - pnpm	Run smoke test	2025-09-17T04:34:49.1531670Z     '    at runDirectivesScan (file:///C:/Users/RUNNER%7E1/AppData/Local/Temp/tmp-2308-PwpTFBpErKGk/test-project-smoke-test-fixed-worm-f18386c8/node_modules/.pnpm/rwsdk@file+..+..+..+..+..+._3bb38cb4d9e593c67b9e24aa163543fe/node_modules/rwsdk/dist/vite/runDirectivesScan.mjs:236:15)\r\n' +
standard starter - windows-latest - pnpm	Run smoke test	2025-09-17T04:34:49.1533164Z     '    at process.processTicksAndRejections (node:internal/process/task_queues:105:5)\r\n' +
standard starter - windows-latest - pnpm	Run smoke test	2025-09-17T04:34:49.1533800Z     '\r\n' +
standard starter - windows-latest - pnpm	Run smoke test	2025-09-17T04:34:49.1534088Z     'Node.js v22.19.0',
standard starter - windows-latest - pnpm	Run smoke test	2025-09-17T04:34:49.1534420Z   all: '\n' +
standard starter - windows-latest - pnpm	Run smoke test	2025-09-17T04:34:49.1535119Z     '> @redwoodjs/starter-standard@1.0.0 dev C:\\Users\\RUNNER~1\\AppData\\Local\\Temp\\tmp-2308-PwpTFBpErKGk\\test-project-smoke-test-fixed-worm-f18386c8\n' +
standard starter - windows-latest - pnpm	Run smoke test	2025-09-17T04:34:49.1536444Z     '> vite dev\n' +
standard starter - windows-latest - pnpm	Run smoke test	2025-09-17T04:34:49.1536750Z     '\n' +
standard starter - windows-latest - pnpm	Run smoke test	2025-09-17T04:34:49.1537434Z     '🚀 Project has no .wrangler directory yet, assuming fresh install: running `npm run dev:init`...\n' +
standard starter - windows-latest - pnpm	Run smoke test	2025-09-17T04:34:49.1538090Z     '\n' +
standard starter - windows-latest - pnpm	Run smoke test	2025-09-17T04:34:49.1538418Z     '> @redwoodjs/starter-standard@1.0.0 dev:init\n' +
standard starter - windows-latest - pnpm	Run smoke test	2025-09-17T04:34:49.1538873Z     '> rw-scripts dev-init\n' +
standard starter - windows-latest - pnpm	Run smoke test	2025-09-17T04:34:49.1539190Z     '\n' +
standard starter - windows-latest - pnpm	Run smoke test	2025-09-17T04:34:49.1539412Z     '\n' +
standard starter - windows-latest - pnpm	Run smoke test	2025-09-17T04:34:49.1539870Z     "🔍 Scanning for 'use client' and 'use server' directives...\n" +
standard starter - windows-latest - pnpm	Run smoke test	2025-09-17T04:34:49.1540440Z     '✅ Scan complete.\n' +
standard starter - windows-latest - pnpm	Run smoke test	2025-09-17T04:34:49.1542066Z     'file:///C:/Users/RUNNER%7E1/AppData/Local/Temp/tmp-2308-PwpTFBpErKGk/test-project-smoke-test-fixed-worm-f18386c8/node_modules/.pnpm/rwsdk@file+..+..+..+..+..+._3bb38cb4d9e593c67b9e24aa163543fe/node_modules/rwsdk/dist/vite/runDirectivesScan.mjs:236\r\n' +
standard starter - windows-latest - pnpm	Run smoke test	2025-09-17T04:34:49.1543572Z     '        throw new Error(`RWSDK directive scan failed:\\n${e.stack}`);\r\n' +
standard starter - windows-latest - pnpm	Run smoke test	2025-09-17T04:34:49.1544064Z     '              ^\r\n' +
standard starter - windows-latest - pnpm	Run smoke test	2025-09-17T04:34:49.1544396Z     '\r\n' +
standard starter - windows-latest - pnpm	Run smoke test	2025-09-17T04:34:49.1544750Z     'Error: RWSDK directive scan failed:\r\n' +
standard starter - windows-latest - pnpm	Run smoke test	2025-09-17T04:34:49.1545998Z     "Error [ERR_UNSUPPORTED_ESM_URL_SCHEME]: Only URLs with a scheme in: file, data, and node are supported by the default ESM loader. On Windows, absolute paths must be valid file:// URLs. Received protocol 'c:'\r\n" +
standard starter - windows-latest - pnpm	Run smoke test	2025-09-17T04:34:49.1547217Z     '    at throwIfUnsupportedURLScheme (node:internal/modules/esm/load:184:11)\r\n' +
standard starter - windows-latest - pnpm	Run smoke test	2025-09-17T04:34:49.1547873Z     '    at defaultLoad (node:internal/modules/esm/load:82:3)\r\n' +
standard starter - windows-latest - pnpm	Run smoke test	2025-09-17T04:34:49.1548300Z     '    at ModuleLoader.load (node:internal/modules/esm/loader:801:12)\r\n' +
standard starter - windows-latest - pnpm	Run smoke test	2025-09-17T04:34:49.1548782Z     '    at ModuleLoader.loadAndTranslate (node:internal/modules/esm/loader:586:43)\r\n' +
standard starter - windows-latest - pnpm	Run smoke test	2025-09-17T04:34:49.1549267Z     '    at #createModuleJob (node:internal/modules/esm/loader:610:36)\r\n' +
standard starter - windows-latest - pnpm	Run smoke test	2025-09-17T04:34:49.1549732Z     '    at #getJobFromResolveResult (node:internal/modules/esm/loader:341:34)\r\n' +
standard starter - windows-latest - pnpm	Run smoke test	2025-09-17T04:34:49.1550279Z     '    at ModuleLoader.getModuleJobForImport (node:internal/modules/esm/loader:309:41)\r\n' +
standard starter - windows-latest - pnpm	Run smoke test	2025-09-17T04:34:49.1550861Z     '    at process.processTicksAndRejections (node:internal/process/task_queues:105:5)\r\n' +
standard starter - windows-latest - pnpm	Run smoke test	2025-09-17T04:34:49.1551604Z     '    at async onImport.tracePromise.__proto__ (node:internal/modules/esm/loader:650:25)\r\n' +
standard starter - windows-latest - pnpm	Run smoke test	2025-09-17T04:34:49.1553429Z     '    at runDirectivesScan (file:///C:/Users/RUNNER%7E1/AppData/Local/Temp/tmp-2308-PwpTFBpErKGk/test-project-smoke-test-fixed-worm-f18386c8/node_modules/.pnpm/rwsdk@file+..+..+..+..+..+._3bb38cb4d9e593c67b9e24aa163543fe/node_modules/rwsdk/dist/vite/runDirectivesScan.mjs:236:15)\r\n' +
standard starter - windows-latest - pnpm	Run smoke test	2025-09-17T04:34:49.1554958Z     '    at process.processTicksAndRejections (node:internal/process/task_queues:105:5)\r\n' +
standard starter - windows-latest - pnpm	Run smoke test	2025-09-17T04:34:49.1555347Z     '\r\n' +
standard starter - windows-latest - pnpm	Run smoke test	2025-09-17T04:34:49.1555592Z     'Node.js v22.19.0\r\n' +
standard starter - windows-latest - pnpm	Run smoke test	2025-09-17T04:34:49.1556154Z     ' ELIFECYCLE  Command failed with exit code 1.',
standard starter - windows-latest - pnpm	Run smoke test	2025-09-17T04:34:49.1556522Z   stdio: [
standard starter - windows-latest - pnpm	Run smoke test	2025-09-17T04:34:49.1557502Z     undefined,
standard starter - windows-latest - pnpm	Run smoke test	2025-09-17T04:34:49.1557759Z     '\n' +
standard starter - windows-latest - pnpm	Run smoke test	2025-09-17T04:34:49.1558686Z       '> @redwoodjs/starter-standard@1.0.0 dev C:\\Users\\RUNNER~1\\AppData\\Local\\Temp\\tmp-2308-PwpTFBpErKGk\\test-project-smoke-test-fixed-worm-f18386c8\n' +
standard starter - windows-latest - pnpm	Run smoke test	2025-09-17T04:34:49.1559665Z       '> vite dev\n' +
standard starter - windows-latest - pnpm	Run smoke test	2025-09-17T04:34:49.1559977Z       '\n' +
standard starter - windows-latest - pnpm	Run smoke test	2025-09-17T04:34:49.1560836Z       '🚀 Project has no .wrangler directory yet, assuming fresh install: running `npm run dev:init`...\n' +
standard starter - windows-latest - pnpm	Run smoke test	2025-09-17T04:34:49.1561549Z       '\n' +
standard starter - windows-latest - pnpm	Run smoke test	2025-09-17T04:34:49.1562470Z       '> @redwoodjs/starter-standard@1.0.0 dev:init\n' +
standard starter - windows-latest - pnpm	Run smoke test	2025-09-17T04:34:49.1563258Z       '> rw-scripts dev-init\n' +
standard starter - windows-latest - pnpm	Run smoke test	2025-09-17T04:34:49.1564137Z       '\n' +
standard starter - windows-latest - pnpm	Run smoke test	2025-09-17T04:34:49.1564442Z       '\n' +
standard starter - windows-latest - pnpm	Run smoke test	2025-09-17T04:34:49.1565094Z       "🔍 Scanning for 'use client' and 'use server' directives...\n" +
standard starter - windows-latest - pnpm	Run smoke test	2025-09-17T04:34:49.1565730Z       '✅ Scan complete.\n' +
standard starter - windows-latest - pnpm	Run smoke test	2025-09-17T04:34:49.1566323Z       ' ELIFECYCLE  Command failed with exit code 1.',
standard starter - windows-latest - pnpm	Run smoke test	2025-09-17T04:34:49.1568231Z     'file:///C:/Users/RUNNER%7E1/AppData/Local/Temp/tmp-2308-PwpTFBpErKGk/test-project-smoke-test-fixed-worm-f18386c8/node_modules/.pnpm/rwsdk@file+..+..+..+..+..+._3bb38cb4d9e593c67b9e24aa163543fe/node_modules/rwsdk/dist/vite/runDirectivesScan.mjs:236\r\n' +
standard starter - windows-latest - pnpm	Run smoke test	2025-09-17T04:34:49.1570115Z       '        throw new Error(`RWSDK directive scan failed:\\n${e.stack}`);\r\n' +
standard starter - windows-latest - pnpm	Run smoke test	2025-09-17T04:34:49.1570706Z       '              ^\r\n' +
standard starter - windows-latest - pnpm	Run smoke test	2025-09-17T04:34:49.1571130Z       '\r\n' +
standard starter - windows-latest - pnpm	Run smoke test	2025-09-17T04:34:49.1571511Z       'Error: RWSDK directive scan failed:\r\n' +
standard starter - windows-latest - pnpm	Run smoke test	2025-09-17T04:34:49.1572973Z       "Error [ERR_UNSUPPORTED_ESM_URL_SCHEME]: Only URLs with a scheme in: file, data, and node are supported by the default ESM loader. On Windows, absolute paths must be valid file:// URLs. Received protocol 'c:'\r\n" +
standard starter - windows-latest - pnpm	Run smoke test	2025-09-17T04:34:49.1574527Z       '    at throwIfUnsupportedURLScheme (node:internal/modules/esm/load:184:11)\r\n' +
standard starter - windows-latest - pnpm	Run smoke test	2025-09-17T04:34:49.1575354Z       '    at defaultLoad (node:internal/modules/esm/load:82:3)\r\n' +
standard starter - windows-latest - pnpm	Run smoke test	2025-09-17T04:34:49.1576130Z       '    at ModuleLoader.load (node:internal/modules/esm/loader:801:12)\r\n' +
standard starter - windows-latest - pnpm	Run smoke test	2025-09-17T04:34:49.1577022Z       '    at ModuleLoader.loadAndTranslate (node:internal/modules/esm/loader:586:43)\r\n' +
standard starter - windows-latest - pnpm	Run smoke test	2025-09-17T04:34:49.1577915Z       '    at #createModuleJob (node:internal/modules/esm/loader:610:36)\r\n' +
standard starter - windows-latest - pnpm	Run smoke test	2025-09-17T04:34:49.1578591Z       '    at #getJobFromResolveResult (node:internal/modules/esm/loader:341:34)\r\n' +
standard starter - windows-latest - pnpm	Run smoke test	2025-09-17T04:34:49.1579149Z       '    at ModuleLoader.getModuleJobForImport (node:internal/modules/esm/loader:309:41)\r\n' +
standard starter - windows-latest - pnpm	Run smoke test	2025-09-17T04:34:49.1579747Z       '    at process.processTicksAndRejections (node:internal/process/task_queues:105:5)\r\n' +
standard starter - windows-latest - pnpm	Run smoke test	2025-09-17T04:34:49.1580328Z       '    at async onImport.tracePromise.__proto__ (node:internal/modules/esm/loader:650:25)\r\n' +
standard starter - windows-latest - pnpm	Run smoke test	2025-09-17T04:34:49.1581593Z       '    at runDirectivesScan (file:///C:/Users/RUNNER%7E1/AppData/Local/Temp/tmp-2308-PwpTFBpErKGk/test-project-smoke-test-fixed-worm-f18386c8/node_modules/.pnpm/rwsdk@file+..+..+..+..+..+._3bb38cb4d9e593c67b9e24aa163543fe/node_modules/rwsdk/dist/vite/runDirectivesScan.mjs:236:15)\r\n' +
standard starter - windows-latest - pnpm	Run smoke test	2025-09-17T04:34:49.1582872Z       '    at process.processTicksAndRejections (node:internal/process/task_queues:105:5)\r\n' +
standard starter - windows-latest - pnpm	Run smoke test	2025-09-17T04:34:49.1583443Z       '\r\n' +
standard starter - windows-latest - pnpm	Run smoke test	2025-09-17T04:34:49.1583618Z       'Node.js v22.19.0'
standard starter - windows-latest - pnpm	Run smoke test	2025-09-17T04:34:49.1583802Z   ],
standard starter - windows-latest - pnpm	Run smoke test	2025-09-17T04:34:49.1583950Z   ipcOutput: [],
standard starter - windows-latest - pnpm	Run smoke test	2025-09-17T04:34:49.1584126Z   pipedFrom: []
standard starter - windows-latest - pnpm	Run smoke test	2025-09-17T04:34:49.1584286Z }
standard starter - windows-latest - pnpm	Run smoke test	2025-09-17T04:34:49.1584642Z 2025-09-17T04:34:49.132Z rwsdk:smoke Ensured artifact directories exist before teardown
standard starter - windows-latest - pnpm	Run smoke test	2025-09-17T04:34:49.1585232Z 2025-09-17T04:34:49.136Z rwsdk:smoke Starting teardown process with exit code: 1
standard starter - windows-latest - pnpm	Run smoke test	2025-09-17T04:34:49.1585662Z 2025-09-17T04:34:49.140Z rwsdk:smoke Cleaning up resources
standard starter - windows-latest - pnpm	Run smoke test	2025-09-17T04:34:49.1586200Z 2025-09-17T04:34:49.140Z rwsdk:smoke Skipping worker and D1 database cleanup because release tests did not run
standard starter - windows-latest - pnpm	Run smoke test	2025-09-17T04:34:49.1587002Z 2025-09-17T04:34:49.140Z rwsdk:smoke Resource cleanup completed
standard starter - windows-latest - pnpm	Run smoke test	2025-09-17T04:34:49.1587615Z 2025-09-17T04:34:49.140Z rwsdk:smoke Log capturing stopped
standard starter - windows-latest - pnpm	Run smoke test	2025-09-17T04:34:49.1588092Z 2025-09-17T04:34:49.141Z rwsdk:smoke Resource cleanup completed successfully
standard starter - windows-latest - pnpm	Run smoke test	2025-09-17T04:34:49.1590992Z 2025-09-17T04:34:49.141Z rwsdk:smoke Log capturing stopped during teardown
standard starter - windows-latest - pnpm	Run smoke test	2025-09-17T04:34:49.1591983Z 
standard starter - windows-latest - pnpm	Run smoke test	2025-09-17T04:34:49.1592407Z ==================================================
standard starter - windows-latest - pnpm	Run smoke test	2025-09-17T04:34:49.1593654Z                 📊 SMOKE TEST REPORT              
standard starter - windows-latest - pnpm	Run smoke test	2025-09-17T04:34:49.1594157Z ==================================================
standard starter - windows-latest - pnpm	Run smoke test	2025-09-17T04:34:49.1594657Z --------------------------------------------------
standard starter - windows-latest - pnpm	Run smoke test	2025-09-17T04:34:49.1594988Z Timestamp: 2025-09-17T04-34-49-133Z
standard starter - windows-latest - pnpm	Run smoke test	2025-09-17T04:34:49.1595287Z Status: ❌ FAILED
standard starter - windows-latest - pnpm	Run smoke test	2025-09-17T04:34:49.1595461Z Exit code: 1
standard starter - windows-latest - pnpm	Run smoke test	2025-09-17T04:34:49.1595754Z Worker name: test-project-smoke-test-fixed-worm-f18386c8
standard starter - windows-latest - pnpm	Run smoke test	2025-09-17T04:34:49.1596074Z Test options:
standard starter - windows-latest - pnpm	Run smoke test	2025-09-17T04:34:49.1596252Z   - Custom path: /
standard starter - windows-latest - pnpm	Run smoke test	2025-09-17T04:34:49.1596430Z   - Skip dev: No
standard starter - windows-latest - pnpm	Run smoke test	2025-09-17T04:34:49.1596601Z   - Skip release: No
standard starter - windows-latest - pnpm	Run smoke test	2025-09-17T04:34:49.1596785Z   - Skip client: No
standard starter - windows-latest - pnpm	Run smoke test	2025-09-17T04:34:49.1596962Z Log files:
standard starter - windows-latest - pnpm	Run smoke test	2025-09-17T04:34:49.1597172Z   - stdout: stdout-2025-09-17T04-34-49-133Z.log
standard starter - windows-latest - pnpm	Run smoke test	2025-09-17T04:34:49.1597463Z   - stderr: stderr-2025-09-17T04-34-49-133Z.log
standard starter - windows-latest - pnpm	Run smoke test	2025-09-17T04:34:49.1597758Z   - combined: combined-2025-09-17T04-34-49-133Z.log
standard starter - windows-latest - pnpm	Run smoke test	2025-09-17T04:34:49.1598075Z --------------------------------------------------
standard starter - windows-latest - pnpm	Run smoke test	2025-09-17T04:34:49.1598246Z 
standard starter - windows-latest - pnpm	Run smoke test	2025-09-17T04:34:49.1598378Z ❌ Failed tests: 1
standard starter - windows-latest - pnpm	Run smoke test	2025-09-17T04:34:49.1598488Z 
standard starter - windows-latest - pnpm	Run smoke test	2025-09-17T04:34:49.1598604Z ==================================================
standard starter - windows-latest - pnpm	Run smoke test	2025-09-17T04:34:49.1598928Z               🔍 TEST RESULTS SUMMARY              
standard starter - windows-latest - pnpm	Run smoke test	2025-09-17T04:34:49.1599212Z ==================================================
standard starter - windows-latest - pnpm	Run smoke test	2025-09-17T04:34:49.1599590Z ● Development Tests: ⚠️ DID NOT RUN
standard starter - windows-latest - pnpm	Run smoke test	2025-09-17T04:34:49.1599912Z ● Production Tests: ⚠️ DID NOT RUN
standard starter - windows-latest - pnpm	Run smoke test	2025-09-17T04:34:49.1600072Z 
standard starter - windows-latest - pnpm	Run smoke test	2025-09-17T04:34:49.1600564Z 📝 Report saved to D:\a\sdk\sdk\smoke-test-artifacts\standard\reports\smoke-test-report-2025-09-17T04-34-49-133Z.json
standard starter - windows-latest - pnpm	Run smoke test	2025-09-17T04:34:49.1600964Z 
standard starter - windows-latest - pnpm	Run smoke test	2025-09-17T04:34:49.1601080Z ==================================================
standard starter - windows-latest - pnpm	Run smoke test	2025-09-17T04:34:49.1601392Z               🔍 FAILURE DETAILS                  
standard starter - windows-latest - pnpm	Run smoke test	2025-09-17T04:34:49.1601667Z ==================================================
standard starter - windows-latest - pnpm	Run smoke test	2025-09-17T04:34:49.1601979Z ----------------- DEVELOPMENT ENVIRONMENT -----------------
standard starter - windows-latest - pnpm	Run smoke test	2025-09-17T04:34:49.1602313Z Failure #1: Development Server Process
standard starter - windows-latest - pnpm	Run smoke test	2025-09-17T04:34:49.1602641Z Error: Command failed with exit code 1: pnpm run dev
standard starter - windows-latest - pnpm	Run smoke test	2025-09-17T04:34:49.1602899Z        
standard starter - windows-latest - pnpm	Run smoke test	2025-09-17T04:34:49.1603035Z        
standard starter - windows-latest - pnpm	Run smoke test	2025-09-17T04:34:49.1603576Z        > @redwoodjs/starter-standard@1.0.0 dev C:\Users\RUNNER~1\AppData\Local\Temp\tmp-2308-PwpTFBpErKGk\test-project-smoke-test-fixed-worm-f18386c8
standard starter - windows-latest - pnpm	Run smoke test	2025-09-17T04:34:49.1605469Z        > vite dev
standard starter - windows-latest - pnpm	Run smoke test	2025-09-17T04:34:49.1605805Z        
standard starter - windows-latest - pnpm	Run smoke test	2025-09-17T04:34:49.1606575Z        🚀 Project has no .wrangler directory yet, assuming fresh install: running `npm run dev:init`...
standard starter - windows-latest - pnpm	Run smoke test	2025-09-17T04:34:49.1607185Z        
standard starter - windows-latest - pnpm	Run smoke test	2025-09-17T04:34:49.1607741Z        > @redwoodjs/starter-standard@1.0.0 dev:init
standard starter - windows-latest - pnpm	Run smoke test	2025-09-17T04:34:49.1608157Z        > rw-scripts dev-init
standard starter - windows-latest - pnpm	Run smoke test	2025-09-17T04:34:49.1608484Z        
standard starter - windows-latest - pnpm	Run smoke test	2025-09-17T04:34:49.1608710Z        
standard starter - windows-latest - pnpm	Run smoke test	2025-09-17T04:34:49.1609238Z        🔍 Scanning for 'use client' and 'use server' directives...
standard starter - windows-latest - pnpm	Run smoke test	2025-09-17T04:34:49.1609793Z        ✅ Scan complete.
standard starter - windows-latest - pnpm	Run smoke test	2025-09-17T04:34:49.1611410Z        file:///C:/Users/RUNNER%7E1/AppData/Local/Temp/tmp-2308-PwpTFBpErKGk/test-project-smoke-test-fixed-worm-f18386c8/node_modules/.pnpm/rwsdk@file+..+..+..+..+..+._3bb38cb4d9e593c67b9e24aa163543fe/node_modules/rwsdk/dist/vite/runDirectivesScan.mjs:236\r
standard starter - windows-latest - pnpm	Run smoke test	2025-09-17T04:34:49.1613158Z                throw new Error(`RWSDK directive scan failed:\n${e.stack}`);\r
standard starter - windows-latest - pnpm	Run smoke test	2025-09-17T04:34:49.1613910Z                      ^\r
standard starter - windows-latest - pnpm	Run smoke test	2025-09-17T04:34:49.1614227Z        \r
standard starter - windows-latest - pnpm	Run smoke test	2025-09-17T04:34:49.1614558Z        Error: RWSDK directive scan failed:\r
standard starter - windows-latest - pnpm	Run smoke test	2025-09-17T04:34:49.1616482Z        Error [ERR_UNSUPPORTED_ESM_URL_SCHEME]: Only URLs with a scheme in: file, data, and node are supported by the default ESM loader. On Windows, absolute paths must be valid file:// URLs. Received protocol 'c:'\r
standard starter - windows-latest - pnpm	Run smoke test	2025-09-17T04:34:49.1618335Z            at throwIfUnsupportedURLScheme (node:internal/modules/esm/load:184:11)\r
standard starter - windows-latest - pnpm	Run smoke test	2025-09-17T04:34:49.1619047Z            at defaultLoad (node:internal/modules/esm/load:82:3)\r
standard starter - windows-latest - pnpm	Run smoke test	2025-09-17T04:34:49.1619676Z            at ModuleLoader.load (node:internal/modules/esm/loader:801:12)\r
standard starter - windows-latest - pnpm	Run smoke test	2025-09-17T04:34:49.1620400Z            at ModuleLoader.loadAndTranslate (node:internal/modules/esm/loader:586:43)\r
standard starter - windows-latest - pnpm	Run smoke test	2025-09-17T04:34:49.1621121Z            at #createModuleJob (node:internal/modules/esm/loader:610:36)\r
standard starter - windows-latest - pnpm	Run smoke test	2025-09-17T04:34:49.1621794Z            at #getJobFromResolveResult (node:internal/modules/esm/loader:341:34)\r
standard starter - windows-latest - pnpm	Run smoke test	2025-09-17T04:34:49.1622594Z            at ModuleLoader.getModuleJobForImport (node:internal/modules/esm/loader:309:41)\r
standard starter - windows-latest - pnpm	Run smoke test	2025-09-17T04:34:49.1623443Z            at process.processTicksAndRejections (node:internal/process/task_queues:105:5)\r
standard starter - windows-latest - pnpm	Run smoke test	2025-09-17T04:34:49.1624288Z            at async onImport.tracePromise.__proto__ (node:internal/modules/esm/loader:650:25)\r
standard starter - windows-latest - pnpm	Run smoke test	2025-09-17T04:34:49.1626184Z            at runDirectivesScan (file:///C:/Users/RUNNER%7E1/AppData/Local/Temp/tmp-2308-PwpTFBpErKGk/test-project-smoke-test-fixed-worm-f18386c8/node_modules/.pnpm/rwsdk@file+..+..+..+..+..+._3bb38cb4d9e593c67b9e24aa163543fe/node_modules/rwsdk/dist/vite/runDirectivesScan.mjs:236:15)\r
standard starter - windows-latest - pnpm	Run smoke test	2025-09-17T04:34:49.1628033Z            at process.processTicksAndRejections (node:internal/process/task_queues:105:5)\r
standard starter - windows-latest - pnpm	Run smoke test	2025-09-17T04:34:49.1628599Z        \r
standard starter - windows-latest - pnpm	Run smoke test	2025-09-17T04:34:49.1628844Z        Node.js v22.19.0\r
standard starter - windows-latest - pnpm	Run smoke test	2025-09-17T04:34:49.1629275Z        \u2009ELIFECYCLE\u2009 Command failed with exit code 1.
standard starter - windows-latest - pnpm	Run smoke test	2025-09-17T04:34:49.1629616Z 
standard starter - windows-latest - pnpm	Run smoke test	2025-09-17T04:34:49.1629821Z --------------------------------------------------
standard starter - windows-latest - pnpm	Run smoke test	2025-09-17T04:34:49.1630089Z 
standard starter - windows-latest - pnpm	Run smoke test	2025-09-17T04:34:49.1630269Z ==================================================
standard starter - windows-latest - pnpm	Run smoke test	2025-09-17T04:34:49.1630841Z                 📊 SMOKE TEST REPORT              
standard starter - windows-latest - pnpm	Run smoke test	2025-09-17T04:34:49.1631282Z ==================================================
standard starter - windows-latest - pnpm	Run smoke test	2025-09-17T04:34:49.1631865Z --------------------------------------------------
standard starter - windows-latest - pnpm	Run smoke test	2025-09-17T04:34:49.1632278Z Timestamp: 2025-09-17T04-34-49-137Z
standard starter - windows-latest - pnpm	Run smoke test	2025-09-17T04:34:49.1632676Z Status: ❌ FAILED
standard starter - windows-latest - pnpm	Run smoke test	2025-09-17T04:34:49.1632932Z Exit code: 1
standard starter - windows-latest - pnpm	Run smoke test	2025-09-17T04:34:49.1633358Z Worker name: test-project-smoke-test-fixed-worm-f18386c8
standard starter - windows-latest - pnpm	Run smoke test	2025-09-17T04:34:49.1633791Z Test options:
standard starter - windows-latest - pnpm	Run smoke test	2025-09-17T04:34:49.1634044Z   - Custom path: /
standard starter - windows-latest - pnpm	Run smoke test	2025-09-17T04:34:49.1634308Z   - Skip dev: No
standard starter - windows-latest - pnpm	Run smoke test	2025-09-17T04:34:49.1634561Z   - Skip release: No
standard starter - windows-latest - pnpm	Run smoke test	2025-09-17T04:34:49.1634835Z   - Skip client: No
standard starter - windows-latest - pnpm	Run smoke test	2025-09-17T04:34:49.1635085Z Log files:
standard starter - windows-latest - pnpm	Run smoke test	2025-09-17T04:34:49.1635393Z   - stdout: stdout-2025-09-17T04-34-49-137Z.log
standard starter - windows-latest - pnpm	Run smoke test	2025-09-17T04:34:49.1635847Z   - stderr: stderr-2025-09-17T04-34-49-137Z.log
standard starter - windows-latest - pnpm	Run smoke test	2025-09-17T04:34:49.1636297Z   - combined: combined-2025-09-17T04-34-49-137Z.log
standard starter - windows-latest - pnpm	Run smoke test	2025-09-17T04:34:49.1636769Z --------------------------------------------------
standard starter - windows-latest - pnpm	Run smoke test	2025-09-17T04:34:49.1637218Z 
standard starter - windows-latest - pnpm	Run smoke test	2025-09-17T04:34:49.1637412Z ❌ Failed tests: 1
standard starter - windows-latest - pnpm	Run smoke test	2025-09-17T04:34:49.1637574Z 
standard starter - windows-latest - pnpm	Run smoke test	2025-09-17T04:34:49.1637746Z ==================================================
standard starter - windows-latest - pnpm	Run smoke test	2025-09-17T04:34:49.1638234Z               🔍 TEST RESULTS SUMMARY              
standard starter - windows-latest - pnpm	Run smoke test	2025-09-17T04:34:49.1638665Z ==================================================
standard starter - windows-latest - pnpm	Run smoke test	2025-09-17T04:34:49.1639153Z ● Development Tests: ⚠️ DID NOT RUN
standard starter - windows-latest - pnpm	Run smoke test	2025-09-17T04:34:49.1639616Z ● Production Tests: ⚠️ DID NOT RUN
standard starter - windows-latest - pnpm	Run smoke test	2025-09-17T04:34:49.1639863Z 
standard starter - windows-latest - pnpm	Run smoke test	2025-09-17T04:34:49.1640682Z 📝 Report saved to D:\a\sdk\sdk\smoke-test-artifacts\standard\reports\smoke-test-report-2025-09-17T04-34-49-137Z.json
standard starter - windows-latest - pnpm	Run smoke test	2025-09-17T04:34:49.1641325Z 
standard starter - windows-latest - pnpm	Run smoke test	2025-09-17T04:34:49.1641520Z ==================================================
standard starter - windows-latest - pnpm	Run smoke test	2025-09-17T04:34:49.1642172Z               🔍 FAILURE DETAILS                  
standard starter - windows-latest - pnpm	Run smoke test	2025-09-17T04:34:49.1642631Z ==================================================
standard starter - windows-latest - pnpm	Run smoke test	2025-09-17T04:34:49.1643126Z ----------------- DEVELOPMENT ENVIRONMENT -----------------
standard starter - windows-latest - pnpm	Run smoke test	2025-09-17T04:34:49.1643642Z Failure #1: Development Server Process
standard starter - windows-latest - pnpm	Run smoke test	2025-09-17T04:34:49.1644126Z Error: Command failed with exit code 1: pnpm run dev
standard starter - windows-latest - pnpm	Run smoke test	2025-09-17T04:34:49.1644512Z        
standard starter - windows-latest - pnpm	Run smoke test	2025-09-17T04:34:49.1644714Z        
standard starter - windows-latest - pnpm	Run smoke test	2025-09-17T04:34:49.1645544Z        > @redwoodjs/starter-standard@1.0.0 dev C:\Users\RUNNER~1\AppData\Local\Temp\tmp-2308-PwpTFBpErKGk\test-project-smoke-test-fixed-worm-f18386c8
standard starter - windows-latest - pnpm	Run smoke test	2025-09-17T04:34:49.1646376Z        > vite dev
standard starter - windows-latest - pnpm	Run smoke test	2025-09-17T04:34:49.1646618Z        
standard starter - windows-latest - pnpm	Run smoke test	2025-09-17T04:34:49.1647280Z        🚀 Project has no .wrangler directory yet, assuming fresh install: running `npm run dev:init`...
standard starter - windows-latest - pnpm	Run smoke test	2025-09-17T04:34:49.1647857Z        
standard starter - windows-latest - pnpm	Run smoke test	2025-09-17T04:34:49.1648152Z        > @redwoodjs/starter-standard@1.0.0 dev:init
standard starter - windows-latest - pnpm	Run smoke test	2025-09-17T04:34:49.1648554Z        > rw-scripts dev-init
standard starter - windows-latest - pnpm	Run smoke test	2025-09-17T04:34:49.1648829Z        
standard starter - windows-latest - pnpm	Run smoke test	2025-09-17T04:34:49.1649037Z        
standard starter - windows-latest - pnpm	Run smoke test	2025-09-17T04:34:49.1649492Z        🔍 Scanning for 'use client' and 'use server' directives...
standard starter - windows-latest - pnpm	Run smoke test	2025-09-17T04:34:49.1649984Z        ✅ Scan complete.
standard starter - windows-latest - pnpm	Run smoke test	2025-09-17T04:34:49.1651497Z        file:///C:/Users/RUNNER%7E1/AppData/Local/Temp/tmp-2308-PwpTFBpErKGk/test-project-smoke-test-fixed-worm-f18386c8/node_modules/.pnpm/rwsdk@file+..+..+..+..+..+._3bb38cb4d9e593c67b9e24aa163543fe/node_modules/rwsdk/dist/vite/runDirectivesScan.mjs:236\r
standard starter - windows-latest - pnpm	Run smoke test	2025-09-17T04:34:49.1653044Z                throw new Error(`RWSDK directive scan failed:\n${e.stack}`);\r
standard starter - windows-latest - pnpm	Run smoke test	2025-09-17T04:34:49.1653498Z                      ^\r
standard starter - windows-latest - pnpm	Run smoke test	2025-09-17T04:34:49.1653763Z        \r
standard starter - windows-latest - pnpm	Run smoke test	2025-09-17T04:34:49.1654048Z        Error: RWSDK directive scan failed:\r
standard starter - windows-latest - pnpm	Run smoke test	2025-09-17T04:34:49.1655262Z        Error [ERR_UNSUPPORTED_ESM_URL_SCHEME]: Only URLs with a scheme in: file, data, and node are supported by the default ESM loader. On Windows, absolute paths must be valid file:// URLs. Received protocol 'c:'\r
standard starter - windows-latest - pnpm	Run smoke test	2025-09-17T04:34:49.1656580Z            at throwIfUnsupportedURLScheme (node:internal/modules/esm/load:184:11)\r
standard starter - windows-latest - pnpm	Run smoke test	2025-09-17T04:34:49.1657244Z            at defaultLoad (node:internal/modules/esm/load:82:3)\r
standard starter - windows-latest - pnpm	Run smoke test	2025-09-17T04:34:49.1657851Z            at ModuleLoader.load (node:internal/modules/esm/loader:801:12)\r
standard starter - windows-latest - pnpm	Run smoke test	2025-09-17T04:34:49.1658568Z            at ModuleLoader.loadAndTranslate (node:internal/modules/esm/loader:586:43)\r
standard starter - windows-latest - pnpm	Run smoke test	2025-09-17T04:34:49.1659278Z            at #createModuleJob (node:internal/modules/esm/loader:610:36)\r
standard starter - windows-latest - pnpm	Run smoke test	2025-09-17T04:34:49.1659958Z            at #getJobFromResolveResult (node:internal/modules/esm/loader:341:34)\r
standard starter - windows-latest - pnpm	Run smoke test	2025-09-17T04:34:49.1660785Z            at ModuleLoader.getModuleJobForImport (node:internal/modules/esm/loader:309:41)\r
standard starter - windows-latest - pnpm	Run smoke test	2025-09-17T04:34:49.1661660Z            at process.processTicksAndRejections (node:internal/process/task_queues:105:5)\r
standard starter - windows-latest - pnpm	Run smoke test	2025-09-17T04:34:49.1662504Z            at async onImport.tracePromise.__proto__ (node:internal/modules/esm/loader:650:25)\r
standard starter - windows-latest - pnpm	Run smoke test	2025-09-17T04:34:49.1664524Z            at runDirectivesScan (file:///C:/Users/RUNNER%7E1/AppData/Local/Temp/tmp-2308-PwpTFBpErKGk/test-project-smoke-test-fixed-worm-f18386c8/node_modules/.pnpm/rwsdk@file+..+..+..+..+..+._3bb38cb4d9e593c67b9e24aa163543fe/node_modules/rwsdk/dist/vite/runDirectivesScan.mjs:236:15)\r
standard starter - windows-latest - pnpm	Run smoke test	2025-09-17T04:34:49.1666542Z            at process.processTicksAndRejections (node:internal/process/task_queues:105:5)\r
standard starter - windows-latest - pnpm	Run smoke test	2025-09-17T04:34:49.1667128Z        \r
standard starter - windows-latest - pnpm	Run smoke test	2025-09-17T04:34:49.1667366Z        Node.js v22.19.0\r
standard starter - windows-latest - pnpm	Run smoke test	2025-09-17T04:34:49.1667802Z        \u2009ELIFECYCLE\u2009 Command failed with exit code 1.
standard starter - windows-latest - pnpm	Run smoke test	2025-09-17T04:34:49.1668136Z 
standard starter - windows-latest - pnpm	Run smoke test	2025-09-17T04:34:49.1668333Z --------------------------------------------------
standard starter - windows-latest - pnpm	Run smoke test	2025-09-17T04:34:49.1669085Z ⏭️ Skipping worker and D1 database cleanup (release tests did not run)
standard starter - windows-latest - pnpm	Run smoke test	2025-09-17T04:34:49.1670534Z 📂 Keeping temporary directory for inspection: C:\Users\RUNNER~1\AppData\Local\Temp\tmp-2308-PwpTFBpErKGk\test-project-smoke-test-fixed-worm-f18386c8
standard starter - windows-latest - pnpm	Run smoke test	2025-09-17T04:34:49.1777656Z  ELIFECYCLE  Command failed with exit code 1.
standard starter - windows-latest - pnpm	Run smoke test	2025-09-17T04:34:49.2732115Z ❌ Smoke tests failed.
standard starter - windows-latest - pnpm	Run smoke test	2025-09-17T04:34:49.2774437Z ##[error]Process completed with exit code 1.
